08-21 14:33:41.613  4558  4558 D DSDPConnection: [DSDP]StatusReceiver::WFD Connected: false ExternalDevice: 0
08-21 14:33:41.613  4558  4558 W DsdpExternalView: dismissDsdpPopup()
08-21 14:33:41.613  4558  4558 D DsdpStatus: setIsExternalDeviceConnected() connected : false
08-21 14:33:41.615  3599  3599 I chatty  : uid=10018(com.lge.smartcover) com.android.systemui expire 18 lines
08-21 14:33:41.637 25430 25430 I chatty  : uid=1000(system) com.lge.wifisettings expire 14 lines
08-21 14:33:41.730  1567 10493 I chatty  : uid=1000(system) AudioTrack expire 10 lines
08-21 14:33:42.603 14281 14281 I chatty  : uid=1010(wifi) /system/bin/wpa_supplicant expire 4334 lines
08-21 14:33:42.648   707   707 I MSM-irqbalance: Decided to move IRQ137 from CPU1 to CPU3
08-21 14:33:43.527  6415  6415 I chatty  : uid=10018(com.lge.smartcover) expire 6 lines
08-21 14:33:47.357  1567 27248 I chatty  : uid=1000 system_server expire 9 lines
08-21 14:33:47.390  4558  4558 D DSDPConnection: HDMICable or WFD ConnectedEvent [com.lge.systemservice.core.wfdmanager.WFD_STATE_CHANGED]
08-21 14:33:47.390  4558  4558 D DSDPConnection: [DSDP]StatusReceiver::WFD Connected: false ExternalDevice: 0
08-21 14:33:47.390  4558  4558 W DsdpExternalView: dismissDsdpPopup()
08-21 14:33:47.390  4558  4558 D DsdpStatus: setIsExternalDeviceConnected() connected : false
08-21 14:33:47.393 27249 27249 I dhcpcd  : version 5.5.6 starting
08-21 14:33:47.518 27249 27249 I dhcpcd  : p2p-wlan0-0: broadcasting for a lease
08-21 14:33:47.764  4558  4558 D DSDPConnection: HDMICable or WFD ConnectedEvent [com.lge.systemservice.core.wfdmanager.WFD_STATE_CHANGED]
08-21 14:33:47.764  4558  4558 D DSDPConnection: [DSDP]StatusReceiver::WFD Connected: false ExternalDevice: 0
08-21 14:33:47.764  4558  4558 W DsdpExternalView: dismissDsdpPopup()
08-21 14:33:47.764  4558  4558 D DsdpStatus: setIsExternalDeviceConnected() connected : false
08-21 14:33:47.788  4223  4223 I chatty  : uid=1000(system) com.lge.wifi.p2p expire 11 lines
08-21 14:33:47.815  1567  1567 I chatty  : uid=1000 system_server expire 10 lines
08-21 14:33:47.824  4634  4634 I chatty  : uid=1000(system) com.lge.leccp expire 10 lines
08-21 14:33:47.840  4634  4732 I chatty  : uid=1000(system) ScannerManagerT expire 11 lines
08-21 14:33:47.841  4634  4744 I chatty  : uid=1000(system) ModuleManagerTh expire 12 lines
08-21 14:33:49.184 27249 27249 E dhcpcd  : p2p-wlan0-0: send_raw_packet: No such file or directory
08-21 14:33:51.619  4251  4251 D PhoneInterfaceManager: [PhoneIntfMgr] mSigLevel = 1
08-21 14:33:51.628  4251  4926 D PhoneInterfaceManager: [PhoneIntfMgr] getDataEnabled: subId=1 phoneId=0
08-21 14:33:51.633  4251  4926 D PhoneInterfaceManager: [PhoneIntfMgr] getDataEnabled: subId=1 retVal=true
08-21 14:33:51.635  3599  4063 I [SystemUI]NetworkController: onReceive: intent=Intent { act=android.intent.action.SIG_STR flg=0x20000010 (has extras) }
08-21 14:33:51.898  4223 14333 I chatty  : uid=1000(system) P2pExtMonWorker expire 86 lines
08-21 14:33:53.634  3599  3599 D KeyguardUpdateMonitor: Intent.ACTION_BATTERYEX_CHANGED EXTRA_CHARGING_CURRENT : 0 / EXTRA_HVDCP_TYPE : false
08-21 14:33:53.634  3599  3599 I [SystemUI]LGPowerUI: onReceive = com.lge.android.intent.action.BATTERYEX
08-21 14:33:53.634  3599  3599 I [SystemUI]LGPowerUI: levelEx = 96, plugTypeEx = 2, WirelessAlignment = 0, chargingCurrent = 0, orientation = PORTRAIT
08-21 14:33:53.634  3599  3599 I [SystemUI]LGPowerUI: On Skip Timer : true
08-21 14:33:53.657  3599  3599 D KeyguardUpdateMonitor: Intent.ACTION_BATTERY_CHANGED status : 2 ,plugged : 2 ,level : 96 ,temperature : 317
08-21 14:33:53.662  4558  4558 D InCallUIReceiver: onReceive: Intent { act=android.intent.action.BATTERY_CHANGED flg=0x60000010 (has extras) }
08-21 14:33:53.662  4558  4558 D InCallUIReceiver: [batteryChangedReceivedIntentHandling] level : 96
08-21 14:33:53.668  3599  3599 I [SystemUI]LGPowerUI: onReceive = android.intent.action.BATTERY_CHANGED
08-21 14:33:53.668  3599  3599 I [SystemUI]LGPowerUI: level = 96, plugType = 2, plugged = true, mCharging = true, temperature = 328
08-21 14:33:53.669  4251  4251 D PhoneApp: onReceive: android.intent.action.BATTERY_CHANGED
08-21 14:33:53.673  3599  3599 D [SystemUI]LGBatteryMeterView: updateBatteryIcon: typeChanged=false, type=CHARGE, level=96
08-21 14:33:53.675  3599  3599 D [SystemUI]LGBatteryMeterView: updateBatteryIcon: typeChanged=false, type=CHARGE, level=96
08-21 14:33:53.676  3599  3599 D [SystemUI]LGBatteryMeterView: updateBatteryIcon: typeChanged=false, type=CHARGE, level=96
08-21 14:33:55.434  3599  4063 D [SystemUI]1: onSignalStrengthsChanged signalStrength=SignalStrength: 99 0 -120 -160 -120 -1 -1 19 -108 -12 32 2147483647 2147483647 gsm|lte 0 0 2147483647 2147483647 level=2
08-21 14:33:55.434  3599  4063 D [SystemUI]MobileSignalController: updateTelephonySignalStrength: hasService=true ss=SignalStrength: 99 0 -120 -160 -120 -1 -1 19 -108 -12 32 2147483647 2147483647 gsm|lte 0 0 2147483647 2147483647
08-21 14:33:55.438  4251  4251 D PhoneInterfaceManager: [PhoneIntfMgr] mSigLevel = 2
08-21 14:33:55.439  3599  4063 D 1       : Change in state from: connected=true,enabled=true,level=1,inetCondition=1,iconGroup=IconGroup(Default),activityIn=false,activityOut=false,rssi=0,lastModified=08-21 02:33:51,dataSim=true,networkName=Claro BR,networkNameData=Claro BR,dataConnected=true,isDefault=true,isEmergency=false,airplaneMode=false,carrierNetworkChangeMode=false,activity=0,isSimIcon=false,networkIcon=LTE,selectedSim=false,twoStage=false,voiceRatType=0,dataRatType=0,voiceLevel=0,dataLevel=0,hasVoiceService=false,hasDataService=false,mCBInfo=null,isDataEnabled=false
08-21 14:33:55.439  3599  4063 D 1       : 	to: connected=true,enabled=true,level=2,inetCondition=1,iconGroup=IconGroup(Default),activityIn=false,activityOut=false,rssi=0,lastModified=08-21 02:33:51,dataSim=true,networkName=Claro BR,networkNameData=Claro BR,dataConnected=true,isDefault=true,isEmergency=false,airplaneMode=false,carrierNetworkChangeMode=false,activity=0,isSimIcon=false,networkIcon=LTE,selectedSim=false,twoStage=false,voiceRatType=0,dataRatType=0,voiceLevel=0,dataLevel=0,hasVoiceService=false,hasDataService=false,mCBInfo=null,isDataEnabled=false
08-21 14:33:55.450  4251  4747 D PhoneInterfaceManager: [PhoneIntfMgr] getDataEnabled: subId=1 phoneId=0
08-21 14:33:55.450  4251  4747 D PhoneInterfaceManager: [PhoneIntfMgr] getDataEnabled: subId=1 retVal=true
08-21 14:33:55.451  3599  4063 D TelephonyManager: getDataEnabled: retVal=true
08-21 14:33:55.451  3599  4063 I [SystemUI]NetworkController: onReceive: intent=Intent { act=android.intent.action.SIG_STR flg=0x20000010 (has extras) }
08-21 14:34:00.048  4793  4793 D [ConciergeService]: onStartCommand(). Type : 11
08-21 14:34:00.065  3599  3599 I [SystemUI]TimeTickManager: setTimeTickHandler, called onTimeChanged() nextTick: 59968
08-21 14:34:00.065  3599  3599 I KeyguardUpdateMonitor: called onTimeUpdated()
08-21 14:34:00.065  3599  3599 I [SystemUI]Clock: called onTimeUpdated()
08-21 14:34:00.072  3599  3599 I LgeClockWidgetControlView: called onTimeUpdated()
08-21 14:34:00.072  3599  3599 I [SystemUI]DateView: called onTimeUpdated()
08-21 14:34:00.073  3599  3599 I [SystemUI]DateView: called onTimeUpdated()
08-21 14:34:00.074  3599  3599 D KeyguardUpdateMonitor: handleTimeUpdate
08-21 14:34:03.314 14281 14281 I chatty  : uid=1010(wifi) /system/bin/wpa_supplicant expire 5684 lines
08-21 14:34:08.378  4634  4732 I chatty  : uid=1000(system) ScannerManagerT expire 10 lines
08-21 14:34:13.307  4634  4744 I chatty  : uid=1000(system) ModuleManagerTh expire 12 lines
08-21 14:34:27.700   707   707 I MSM-irqbalance: Decided to move IRQ216 from CPU1 to CPU3
08-21 14:34:27.713  4223 14333 I chatty  : uid=1000(system) P2pExtMonWorker expire 65 lines
08-21 14:34:27.872  4223  4223 I chatty  : uid=1000(system) com.lge.wifi.p2p expire 10 lines
08-21 14:34:27.889  4634  4732 I chatty  : uid=1000(system) ScannerManagerT expire 10 lines
08-21 14:34:30.685  4479 27293 I CAPP_DB_LOG: opened database address/path : 0x7f6a51bc00, /data/user/0/com.google.android.gms/databases/phenotype.db
08-21 14:34:30.688  4479 27293 I CAPP_DB_LOG:   database address : 0x7f6a51bc00, pragma journal_mode = PERSIST
08-21 14:34:30.688  4479 27293 I CAPP_DB_LOG:   database address : 0x7f6a51bc00, pragma journal_size_limit = 524288
08-21 14:34:30.688  4479 27293 I CAPP_DB_LOG:   database address : 0x7f6a51bc00, pragma wal_autocheckpoint = 100
08-21 14:34:31.390  4479  4479 I CAPP_DB_LOG: closed database address/path : 0x7f6a51bc00, /data/user/0/com.google.android.gms/databases/phenotype.db
08-21 14:34:34.041 14281 14281 I chatty  : uid=1010(wifi) /system/bin/wpa_supplicant expire 3611 lines
08-21 14:34:38.486  4634  4634 I chatty  : uid=1000(system) com.lge.leccp expire 10 lines
08-21 14:34:46.540  1567  3161 I chatty  : uid=1000 system_server expire 12 lines
08-21 14:34:52.831  1567  1567 I chatty  : uid=1000 system_server expire 10 lines
08-21 14:34:53.636  3599  3599 D KeyguardUpdateMonitor: Intent.ACTION_BATTERYEX_CHANGED EXTRA_CHARGING_CURRENT : 0 / EXTRA_HVDCP_TYPE : false
08-21 14:34:53.636  3599  3599 I [SystemUI]LGPowerUI: onReceive = com.lge.android.intent.action.BATTERYEX
08-21 14:34:53.637  3599  3599 I [SystemUI]LGPowerUI: levelEx = 96, plugTypeEx = 2, WirelessAlignment = 0, chargingCurrent = 0, orientation = PORTRAIT
08-21 14:34:53.637  3599  3599 I [SystemUI]LGPowerUI: On Skip Timer : true
08-21 14:34:53.644  3599  3599 D KeyguardUpdateMonitor: Intent.ACTION_BATTERY_CHANGED status : 2 ,plugged : 2 ,level : 96 ,temperature : 317
08-21 14:34:53.645  3599  3599 I [SystemUI]LGPowerUI: onReceive = android.intent.action.BATTERY_CHANGED
08-21 14:34:53.645  3599  3599 I [SystemUI]LGPowerUI: level = 96, plugType = 2, plugged = true, mCharging = true, temperature = 328
08-21 14:34:53.651  4558  4558 D InCallUIReceiver: onReceive: Intent { act=android.intent.action.BATTERY_CHANGED flg=0x60000010 (has extras) }
08-21 14:34:53.651  4558  4558 D InCallUIReceiver: [batteryChangedReceivedIntentHandling] level : 96
08-21 14:34:53.656  4251  4251 D PhoneApp: onReceive: android.intent.action.BATTERY_CHANGED
08-21 14:34:53.657  3599  3599 D [SystemUI]LGBatteryMeterView: updateBatteryIcon: typeChanged=false, type=CHARGE, level=96
08-21 14:34:53.658  3599  3599 D [SystemUI]LGBatteryMeterView: updateBatteryIcon: typeChanged=false, type=CHARGE, level=96
08-21 14:34:53.659  3599  3599 D [SystemUI]LGBatteryMeterView: updateBatteryIcon: typeChanged=false, type=CHARGE, level=96
08-21 14:34:54.168  4223 14333 I chatty  : uid=1000(system) P2pExtMonWorker expire 39 lines
08-21 14:34:54.588 14281 14281 I chatty  : uid=1010(wifi) /system/bin/wpa_supplicant expire 3896 lines
08-21 14:35:00.043  4793  4793 D [ConciergeService]: onStartCommand(). Type : 11
08-21 14:35:00.047  3599  3599 I [SystemUI]TimeTickManager: setTimeTickHandler, called onTimeChanged() nextTick: 59986
08-21 14:35:00.047  3599  3599 I KeyguardUpdateMonitor: called onTimeUpdated()
08-21 14:35:00.047  3599  3599 I [SystemUI]Clock: called onTimeUpdated()
08-21 14:35:00.051  3599  3599 I LgeClockWidgetControlView: called onTimeUpdated()
08-21 14:35:00.051  3599  3599 I [SystemUI]DateView: called onTimeUpdated()
08-21 14:35:00.052  3599  3599 I [SystemUI]DateView: called onTimeUpdated()
08-21 14:35:00.053  3599  3599 D KeyguardUpdateMonitor: handleTimeUpdate
08-21 14:35:01.958  4634  4732 I chatty  : uid=1000(system) ScannerManagerT expire 10 lines
08-21 14:35:08.377  3599  4063 D [SystemUI]1: onSignalStrengthsChanged signalStrength=SignalStrength: 99 0 -120 -160 -120 -1 -1 20 -107 -12 50 2147483647 2147483647 gsm|lte 0 0 2147483647 2147483647 level=2
08-21 14:35:08.377  3599  4063 D [SystemUI]MobileSignalController: updateTelephonySignalStrength: hasService=true ss=SignalStrength: 99 0 -120 -160 -120 -1 -1 20 -107 -12 50 2147483647 2147483647 gsm|lte 0 0 2147483647 2147483647
08-21 14:35:08.379  4251  4251 D PhoneInterfaceManager: [PhoneIntfMgr] mSigLevel = 2
08-21 14:35:08.380  3599  4063 I [SystemUI]NetworkController: onReceive: intent=Intent { act=android.intent.action.SIG_STR flg=0x20000010 (has extras) }
08-21 14:35:08.465  4223 14333 I chatty  : uid=1000(system) P2pExtMonWorker expire 31 lines
08-21 14:35:12.744   707   707 I MSM-irqbalance: Decided to move IRQ163 from CPU0 to CPU3
08-21 14:35:13.152  3599  4063 D [SystemUI]1: onDataActivity: direction=3
08-21 14:35:13.154  3599  4063 D 1       : Change in state from: connected=true,enabled=true,level=2,inetCondition=1,iconGroup=IconGroup(Default),activityIn=false,activityOut=false,rssi=0,lastModified=08-21 02:33:55,dataSim=true,networkName=Claro BR,networkNameData=Claro BR,dataConnected=true,isDefault=true,isEmergency=false,airplaneMode=false,carrierNetworkChangeMode=false,activity=0,isSimIcon=false,networkIcon=LTE,selectedSim=false,twoStage=false,voiceRatType=0,dataRatType=0,voiceLevel=0,dataLevel=0,hasVoiceService=false,hasDataService=false,mCBInfo=null,isDataEnabled=false
08-21 14:35:13.154  3599  4063 D 1       : 	to: connected=true,enabled=true,level=2,inetCondition=1,iconGroup=IconGroup(Default),activityIn=true,activityOut=true,rssi=0,lastModified=08-21 02:33:55,dataSim=true,networkName=Claro BR,networkNameData=Claro BR,dataConnected=true,isDefault=true,isEmergency=false,airplaneMode=false,carrierNetworkChangeMode=false,activity=3,isSimIcon=false,networkIcon=LTE,selectedSim=false,twoStage=false,voiceRatType=0,dataRatType=0,voiceLevel=0,dataLevel=0,hasVoiceService=false,hasDataService=false,mCBInfo=null,isDataEnabled=false
08-21 14:35:13.158  4251  4268 D PhoneInterfaceManager: [PhoneIntfMgr] getDataEnabled: subId=1 phoneId=0
08-21 14:35:13.158  4251  4268 D PhoneInterfaceManager: [PhoneIntfMgr] getDataEnabled: subId=1 retVal=true
08-21 14:35:13.159  3599  4063 D TelephonyManager: getDataEnabled: retVal=true
08-21 14:35:13.159  3599  4063 D [SystemUI]MobileSignalController: updateTelephonySignalStrength: hasService=true ss=SignalStrength: 99 0 -120 -160 -120 -1 -1 20 -107 -12 50 2147483647 2147483647 gsm|lte 0 0 2147483647 2147483647
08-21 14:35:14.170  3599  4063 D [SystemUI]1: onDataActivity: direction=0
08-21 14:35:14.171  3599  4063 D 1       : Change in state from: connected=true,enabled=true,level=2,inetCondition=1,iconGroup=IconGroup(Default),activityIn=true,activityOut=true,rssi=0,lastModified=08-21 02:35:13,dataSim=true,networkName=Claro BR,networkNameData=Claro BR,dataConnected=true,isDefault=true,isEmergency=false,airplaneMode=false,carrierNetworkChangeMode=false,activity=3,isSimIcon=false,networkIcon=LTE,selectedSim=false,twoStage=false,voiceRatType=0,dataRatType=0,voiceLevel=0,dataLevel=0,hasVoiceService=false,hasDataService=false,mCBInfo=null,isDataEnabled=false
08-21 14:35:14.171  3599  4063 D 1       : 	to: connected=true,enabled=true,level=2,inetCondition=1,iconGroup=IconGroup(Default),activityIn=false,activityOut=false,rssi=0,lastModified=08-21 02:35:13,dataSim=true,networkName=Claro BR,networkNameData=Claro BR,dataConnected=true,isDefault=true,isEmergency=false,airplaneMode=false,carrierNetworkChangeMode=false,activity=0,isSimIcon=false,networkIcon=LTE,selectedSim=false,twoStage=false,voiceRatType=0,dataRatType=0,voiceLevel=0,dataLevel=0,hasVoiceService=false,hasDataService=false,mCBInfo=null,isDataEnabled=false
08-21 14:35:14.190  4251  5577 D PhoneInterfaceManager: [PhoneIntfMgr] getDataEnabled: subId=1 phoneId=0
08-21 14:35:14.191  4251  5577 D PhoneInterfaceManager: [PhoneIntfMgr] getDataEnabled: subId=1 retVal=true
08-21 14:35:14.192  3599  4063 D TelephonyManager: getDataEnabled: retVal=true
08-21 14:35:14.193  3599  4063 D [SystemUI]MobileSignalController: updateTelephonySignalStrength: hasService=true ss=SignalStrength: 99 0 -120 -160 -120 -1 -1 20 -107 -12 50 2147483647 2147483647 gsm|lte 0 0 2147483647 2147483647
08-21 14:35:15.273 14281 14281 I chatty  : uid=1010(wifi) /system/bin/wpa_supplicant expire 3636 lines
08-21 14:35:15.386  3599  4063 D [SystemUI]1: onSignalStrengthsChanged signalStrength=SignalStrength: 99 0 -120 -160 -120 -1 -1 18 -106 -10 52 2147483647 2147483647 gsm|lte 0 0 2147483647 2147483647 level=2
08-21 14:35:15.386  3599  4063 D [SystemUI]MobileSignalController: updateTelephonySignalStrength: hasService=true ss=SignalStrength: 99 0 -120 -160 -120 -1 -1 18 -106 -10 52 2147483647 2147483647 gsm|lte 0 0 2147483647 2147483647
08-21 14:35:15.388  4251  4251 D PhoneInterfaceManager: [PhoneIntfMgr] mSigLevel = 2
08-21 14:35:15.389  3599  4063 I [SystemUI]NetworkController: onReceive: intent=Intent { act=android.intent.action.SIG_STR flg=0x20000010 (has extras) }
08-21 14:35:17.749   707   707 I MSM-irqbalance: Decided to move IRQ215 from CPU3 to CPU1
08-21 14:35:22.744   707   707 I MSM-irqbalance: Decided to move IRQ222 from CPU3 to CPU1
08-21 14:35:22.837  4223 14333 I chatty  : uid=1000(system) P2pExtMonWorker expire 35 lines
08-21 14:35:30.812  4251  4251 D PhoneInterfaceManager: [PhoneIntfMgr] handleMessage : 2 CMD_HANDLE_NEIGHBORING_CELL
08-21 14:35:30.836  4251  4251 D PhoneInterfaceManager: [PhoneIntfMgr] handleMessage : 3 EVENT_NEIGHBORING_CELL_DONE
08-21 14:35:30.837  4479 27310 I CAPP_DB_LOG: opened database address/path : 0x7f6a51b500, /data/user/0/com.google.android.gms/databases/phenotype.db
08-21 14:35:30.840  4479 27310 I CAPP_DB_LOG:   database address : 0x7f6a51b500, pragma journal_mode = PERSIST
08-21 14:35:30.840  4479 27310 I CAPP_DB_LOG:   database address : 0x7f6a51b500, pragma journal_size_limit = 524288
08-21 14:35:30.841  4479 27310 I CAPP_DB_LOG:   database address : 0x7f6a51b500, pragma wal_autocheckpoint = 100
08-21 14:35:31.444  4479  4479 I CAPP_DB_LOG: closed database address/path : 0x7f6a51b500, /data/user/0/com.google.android.gms/databases/phenotype.db
08-21 14:35:32.753   707   707 I MSM-irqbalance: Decided to move IRQ65 from CPU3 to CPU1
08-21 14:35:36.213 14281 14281 I chatty  : uid=1010(wifi) /system/bin/wpa_supplicant expire 2505 lines
08-21 14:35:37.754   707   707 I MSM-irqbalance: Decided to move IRQ170 from CPU3 to CPU1
08-21 14:35:37.831  4223 14333 I chatty  : uid=1000(system) P2pExtMonWorker expire 33 lines
08-21 14:35:38.318  4223  4223 I chatty  : uid=1000(system) com.lge.wifi.p2p expire 10 lines
08-21 14:35:38.337  4634  4732 I chatty  : uid=1000(system) ScannerManagerT expire 10 lines
08-21 14:35:48.035  4634  4634 I chatty  : uid=1000(system) com.lge.leccp expire 11 lines
08-21 14:35:50.686  1567  3233 I chatty  : uid=1000(system) InputReader expire 12 lines
08-21 14:35:50.718  4558  4558 D DSDPConnection: HDMICable or WFD ConnectedEvent [com.lge.systemservice.core.wfdmanager.WFD_STATE_CHANGED]
08-21 14:35:50.718  4558  4558 D DSDPConnection: [DSDP]StatusReceiver::WFD Connected: false ExternalDevice: 0
08-21 14:35:50.718  4558  4558 W DsdpExternalView: dismissDsdpPopup()
08-21 14:35:50.718  4558  4558 D DsdpStatus: setIsExternalDeviceConnected() connected : false
08-21 14:35:50.720  3599  3599 I [SystemUI]QuickSettingsHandler: Got action com.lge.systemservice.core.wfdmanager.WFD_STATE_CHANGED at null
08-21 14:35:50.723  4064  4081 I chatty  : uid=1000(system) Binder_1 expire 11 lines
08-21 14:35:50.731  4064  4064 I chatty  : uid=1000(system) com.lge.systemserver expire 10 lines
08-21 14:35:50.731 14281 14281 I chatty  : uid=1010(wifi) /system/bin/wpa_supplicant expire 103 lines
08-21 14:35:50.734 21264 21264 I PeopleActivity: MobileDataSetting Changed
08-21 14:35:50.735 21264 21264 I Dialer.DialpadFragment: fragment. refreshUI
08-21 14:35:50.735 21264 21264 E Dialer-DialerCmdBtnManager: getCarrier() : Fail GLOBAL is not a constant in com.android.contacts.dialpad.DialerCmdBtnManager$CarrierConfig$Carrier
08-21 14:35:50.736  1567  1567 I chatty  : uid=1000 system_server expire 10 lines
08-21 14:35:50.741  3599  3599 I [SystemUI]MiracastHandler: updateButton(), state = 2
08-21 14:35:50.742  3599  3599 D [SystemUI]QuickSettingsButton: Set image resource for Miracast button. status = 2, clickable = false
08-21 14:35:50.742  3599  3599 D [SystemUI]QuickSettingsHandler: Miracast :Miracast.
08-21 14:35:50.745 21264 21264 E Dialer-DialerCmdBtnManager: getCarrier() : Fail GLOBAL is not a constant in com.android.contacts.dialpad.DialerCmdBtnManager$CarrierConfig$Carrier
08-21 14:35:50.745 21264 21264 D Dialer-DialerCmdBtnManager: Current conditions : OPEN, 
08-21 14:35:50.745 21264 21264 I Dialer-DialerCmdBtnManager: cond :OPEN, 
08-21 14:35:50.746 21264 21264 W SystemConfig: isQSlideSupported :true
08-21 14:35:50.753  4558  4558 D DSDPConnection: HDMICable or WFD ConnectedEvent [com.lge.systemservice.core.wfdmanager.WFD_STATE_CHANGED]
08-21 14:35:50.753  4558  4558 D DSDPConnection: [DSDP]StatusReceiver::WFD Connected: false ExternalDevice: 0
08-21 14:35:50.753  4558  4558 W DsdpExternalView: dismissDsdpPopup()
08-21 14:35:50.753  4558  4558 D DsdpStatus: setIsExternalDeviceConnected() connected : false
08-21 14:35:50.754  3599  3599 I [SystemUI]QuickSettingsHandler: Got action com.lge.systemservice.core.wfdmanager.WFD_STATE_CHANGED at null
08-21 14:35:50.758  3599  3599 I [SystemUI]MiracastHandler: updateButton(), state = 3
08-21 14:35:50.758  3599  3599 D [SystemUI]QuickSettingsButton: Set image resource for Miracast button. status = 3, clickable = true
08-21 14:35:50.758  3599  3599 D [SystemUI]QuickSettingsHandler: Miracast :Miracast Desligado.
08-21 14:35:50.760  1567  3268 I chatty  : uid=1000(system) AudioService expire 65 lines
08-21 14:35:50.762 25430 25430 I chatty  : uid=1000(system) com.lge.wifisettings expire 16 lines
08-21 14:35:50.762  3386  3958 I chatty  : uid=1013(media) Binder_4 expire 23 lines
08-21 14:35:50.768  3386 22705 I chatty  : uid=1013(media) Binder_B expire 21 lines
08-21 14:35:50.769  3386  3520 I chatty  : uid=1013(media) ApmAudio expire 50 lines
08-21 14:35:50.770  3386  3533 I chatty  : uid=1013(media) AudioOut_2 expire 136 lines
08-21 14:35:50.773  3386  3521 I chatty  : uid=1013(media) ApmOutput expire 85 lines
08-21 14:35:50.795  3386  3532 I chatty  : uid=1013(media) FastMixer expire 46 lines
08-21 14:35:50.928  1567  3920 I chatty  : uid=1000(system) SoundPool expire 25 lines
08-21 14:35:52.185  3386  3386 I chatty  : uid=1013(media) /system/bin/mediaserver expire 12 lines
08-21 14:35:52.190  3386  3541 I chatty  : uid=1013(media) Binder_3 expire 34 lines
08-21 14:35:52.216  1567  4220 I chatty  : uid=1000(system) Binder_10 expire 38 lines
08-21 14:35:52.219  1567  2117 I chatty  : uid=1000(system) android.display expire 206 lines
08-21 14:35:52.270  4064 27317 I chatty  : uid=1000(system) Binder_6 expire 3 lines
08-21 14:35:52.302  4148  4161 D ForegroundUtils: Foreground changed, PID: 24425 UID: 1000 foreground: true
08-21 14:35:52.302  4148  4161 D ForegroundUtils: Foreground UID/PID combinations:
08-21 14:35:52.302  4148  4161 D ForegroundUtils: UID: 1000 PID: 24425
08-21 14:35:52.302  4148  4161 D ForegroundUtils: UID: 1000 PID: 25430
08-21 14:35:52.306  8709  8723 I chatty  : uid=1000(system) Binder_1 expire 24 lines
08-21 14:35:52.319 24425 24425 I chatty  : uid=1000(system) com.android.settings expire 124 lines
08-21 14:35:52.360 25430 25485 I chatty  : uid=1000(system) RenderThread expire 3 lines
08-21 14:35:52.416  1567  4125 I chatty  : uid=1000(system) Binder_A expire 28 lines
08-21 14:35:52.421  4148  4162 D LNfcVariable: mSysState : 43
08-21 14:35:52.421  4148  5144 D LNfcVariable: mDiscoveryState : 23
08-21 14:35:52.421  4148  4161 D LNfcVariable: mP2pState : 33
08-21 14:35:52.422  4148  4162 D LNfcVariable: mCardState : 13
08-21 14:35:52.446  1567  1578 I chatty  : uid=1000(system) HeapTaskDaemon expire 5 lines
08-21 14:35:52.452  1567  3955 I chatty  : uid=1000(system) Binder_6 expire 16 lines
08-21 14:35:52.587  1567  1683 I chatty  : uid=1000(system) Binder_2 expire 10 lines
08-21 14:35:52.607  4148  5144 D LNfcVariable: mSysState : 43
08-21 14:35:52.607  4148  5144 D LNfcVariable: mCardState : 13
08-21 14:35:52.607  4148  5144 D LNfcVariable: mDiscoveryState : 23
08-21 14:35:52.706  1567  4172 I chatty  : uid=1000(system) Binder_D expire 10 lines
08-21 14:35:52.710  3956  3956 D LgeImeImpl: [LgeImeImpl.java:4330:LgeImeImpl.onFinishInput()] [IN]onFinishInput
08-21 14:35:52.710  3956  3956 D LgeImeImpl: [LgeImeImpl.java:4359:LgeImeImpl.onFinishInput()] [OUT]onFinishInput
08-21 14:35:52.710  3956  3956 D LgeImeImpl: [LgeImeImpl.java:1515:LgeImeImpl.onStartInput()] [IN] onStartInput[false]
08-21 14:35:52.710  3956  3956 D LgeImeImpl: [LgeImeImpl.java:1532:LgeImeImpl.onStartInput()] [OUT] onStartInput
08-21 14:35:52.767   707   707 I MSM-irqbalance: Decided to move IRQ188 from CPU3 to CPU1
08-21 14:35:53.059  4148  4161 D ForegroundUtils: Foreground changed, PID: 25430 UID: 1000 foreground: false
08-21 14:35:53.060  4148  4161 D ForegroundUtils: Foreground UID/PID combinations:
08-21 14:35:53.060  4148  4161 D ForegroundUtils: UID: 1000 PID: 24425
08-21 14:35:53.063  4064  4721 I chatty  : uid=1000(system) Binder_3 expire 8 lines
08-21 14:35:53.066  7247  7247 W CastMediaRouteProvider: Invalid control category: android.media.intent.category.LIVE_AUDIO
08-21 14:35:53.309  3599  3599 D [SystemUI]SystemServicesProxy: RecentApps has 21 item(s).
08-21 14:35:53.411  3599  4063 I [SystemUI]NetworkController: onReceive: intent=Intent { act=android.net.wifi.STATE_CHANGE flg=0x4000010 (has extras) }
08-21 14:35:53.414  3599  3599 D [SystemUI]QRemoteStateController: Received android.net.wifi.STATE_CHANGE
08-21 14:35:53.414  3599  3599 I [SystemUI]QuickSettingsHandler: Got action android.net.wifi.STATE_CHANGE at null
08-21 14:35:53.438 25541 25541 D QRemote : [WiFiStateReceiver.java:104:onReceive()] oooooo NETWORK_STATE_CHANGED_ACTION
08-21 14:35:53.441  4284  4284 D [LGHome][Smartbulletin]SBNotiReceiver: [SBNotiReceiver.java:49:onReceive()]onReceive : intent: Intent { act=com.lge.launcher2.smartbulletin.REMOVE_NOTIFICATION_ICON flg=0x10 (has extras) } component: com.lge.qremote/com.lge.qremote.appwidget.RemoteAppWidgetProvider
08-21 14:35:53.441  4284  4284 D [LGHome][Smartbulletin]SBNotiReceiver: [SBNotiReceiver.java:161:deleteNotiDatabase()]delete noti
08-21 14:35:53.443 25541 25541 I QRemote : [WiFiStateReceiver.java:159:onReceive()] oooooo The network is disconnected.
08-21 14:35:53.599  1567  3232 I chatty  : uid=1000(system) InputDispatcher expire 10 lines
08-21 14:35:53.631  3599  3599 D KeyguardUpdateMonitor: Intent.ACTION_BATTERYEX_CHANGED EXTRA_CHARGING_CURRENT : 0 / EXTRA_HVDCP_TYPE : false
08-21 14:35:53.632  3599  3599 I [SystemUI]LGPowerUI: onReceive = com.lge.android.intent.action.BATTERYEX
08-21 14:35:53.632  3599  3599 I [SystemUI]LGPowerUI: levelEx = 96, plugTypeEx = 2, WirelessAlignment = 0, chargingCurrent = 0, orientation = PORTRAIT
08-21 14:35:53.632  3599  3599 I [SystemUI]LGPowerUI: On Skip Timer : true
08-21 14:35:53.636  3599  3599 D KeyguardUpdateMonitor: Intent.ACTION_BATTERY_CHANGED status : 2 ,plugged : 2 ,level : 96 ,temperature : 317
08-21 14:35:53.638  4558  4558 D InCallUIReceiver: onReceive: Intent { act=android.intent.action.BATTERY_CHANGED flg=0x60000010 (has extras) }
08-21 14:35:53.639  4558  4558 D InCallUIReceiver: [batteryChangedReceivedIntentHandling] level : 96
08-21 14:35:53.641  3599  3599 I [SystemUI]LGPowerUI: onReceive = android.intent.action.BATTERY_CHANGED
08-21 14:35:53.641  3599  3599 I [SystemUI]LGPowerUI: level = 96, plugType = 2, plugged = true, mCharging = true, temperature = 328
08-21 14:35:53.641  4251  4251 D PhoneApp: onReceive: android.intent.action.BATTERY_CHANGED
08-21 14:35:53.643  3599  3599 D [SystemUI]LGBatteryMeterView: updateBatteryIcon: typeChanged=false, type=CHARGE, level=96
08-21 14:35:53.643  3599  3599 D [SystemUI]LGBatteryMeterView: updateBatteryIcon: typeChanged=false, type=CHARGE, level=96
08-21 14:35:53.643  3599  3599 D [SystemUI]LGBatteryMeterView: updateBatteryIcon: typeChanged=false, type=CHARGE, level=96
08-21 14:35:53.709  1567  1680 I chatty  : uid=1000(system) Binder_1 expire 32 lines
08-21 14:35:53.738  1567  4152 I chatty  : uid=1000(system) Binder_C expire 28 lines
08-21 14:35:53.757 26307 26307 I chatty  : uid=1000(system) com.lge.settings.easy expire 288 lines
08-21 14:35:53.757  4148  4161 D ForegroundUtils: Foreground changed, PID: 26307 UID: 1000 foreground: true
08-21 14:35:53.757  4148  4161 D ForegroundUtils: Foreground UID/PID combinations:
08-21 14:35:53.757  4148  4161 D ForegroundUtils: UID: 1000 PID: 24425
08-21 14:35:53.757  4148  4161 D ForegroundUtils: UID: 1000 PID: 26307
08-21 14:35:53.763  8709 10630 I chatty  : uid=1000(system) Binder_3 expire 12 lines
08-21 14:35:53.891 24425 26357 I chatty  : uid=1000(system) RenderThread expire 1 line
08-21 14:35:53.991  4251  5524 D PhoneInterfaceManager: [PhoneIntfMgr] getDataEnabled: subId=1 phoneId=0
08-21 14:35:53.991  4251  5524 D PhoneInterfaceManager: [PhoneIntfMgr] getDataEnabled: subId=1 retVal=true
08-21 14:35:54.002  4251  5577 D PhoneInterfaceManager: [PhoneIntfMgr] getDataEnabled: subId=1 phoneId=0
08-21 14:35:54.002  4251  5577 D PhoneInterfaceManager: [PhoneIntfMgr] getDataEnabled: subId=1 retVal=true
08-21 14:35:54.143 26307 27330 I chatty  : uid=1000(system) com.lge.settings.easy expire 21 lines
08-21 14:35:54.266  4251  5574 D MmsHiddenPrefProvider: uri:content://mmshiddenpref
08-21 14:35:54.266  4251  5574 D MmsHiddenPrefProvider: uri match:1
08-21 14:35:54.266  4251  5574 D TwoPhoneManager: isSupportTwoPhoneService:false
08-21 14:35:54.289  4148  5144 D LNfcVariable: mSysState : 43
08-21 14:35:54.290  4148  5144 D LNfcVariable: mCardState : 13
08-21 14:35:54.290  4148  5144 D LNfcVariable: mDiscoveryState : 23
08-21 14:35:54.360  3956  3956 D LgeImeImpl: [LgeImeImpl.java:4330:LgeImeImpl.onFinishInput()] [IN]onFinishInput
08-21 14:35:54.360  3956  3956 D LgeImeImpl: [LgeImeImpl.java:4359:LgeImeImpl.onFinishInput()] [OUT]onFinishInput
08-21 14:35:54.360  3956  3956 D LgeImeImpl: [LgeImeImpl.java:1515:LgeImeImpl.onStartInput()] [IN] onStartInput[false]
08-21 14:35:54.360  3956  3956 D LgeImeImpl: [LgeImeImpl.java:1532:LgeImeImpl.onStartInput()] [OUT] onStartInput
08-21 14:35:54.616  1567  1955 I chatty  : uid=1000(system) ActivityManager expire 10 lines
08-21 14:35:54.626  4148  4162 D ForegroundUtils: Foreground changed, PID: 24425 UID: 1000 foreground: false
08-21 14:35:54.626  4148  4162 D ForegroundUtils: Foreground UID/PID combinations:
08-21 14:35:54.626  4148  4162 D ForegroundUtils: UID: 1000 PID: 26307
08-21 14:35:54.771  3599  3599 D [SystemUI]SystemServicesProxy: RecentApps has 21 item(s).
08-21 14:35:55.126 21264 21264 I PeopleActivity: MobileDataSetting Changed
08-21 14:35:55.127 21264 21264 I Dialer.DialpadFragment: fragment. refreshUI
08-21 14:35:55.127 21264 21264 E Dialer-DialerCmdBtnManager: getCarrier() : Fail GLOBAL is not a constant in com.android.contacts.dialpad.DialerCmdBtnManager$CarrierConfig$Carrier
08-21 14:35:55.127  1567  4376 I chatty  : uid=1000(system) IzatServiceBase expire 28 lines
08-21 14:35:55.127  1567  4379 I chatty  : uid=1000(system) IzatSvc Callbac expire 22 lines
08-21 14:35:55.129  3599  4063 I [SystemUI]NetworkController: onReceive: intent=Intent { act=android.net.wifi.STATE_CHANGE flg=0x4000010 (has extras) }
08-21 14:35:55.129  3599  3599 D [SystemUI]QRemoteStateController: Received android.net.wifi.STATE_CHANGE
08-21 14:35:55.131 21264 21264 E Dialer-DialerCmdBtnManager: getCarrier() : Fail GLOBAL is not a constant in com.android.contacts.dialpad.DialerCmdBtnManager$CarrierConfig$Carrier
08-21 14:35:55.131 21264 21264 D Dialer-DialerCmdBtnManager: Current conditions : OPEN, 
08-21 14:35:55.131 21264 21264 I Dialer-DialerCmdBtnManager: cond :OPEN, 
08-21 14:35:55.131 21264 21264 W SystemConfig: isQSlideSupported :true
08-21 14:35:55.133  3599  3599 I [SystemUI]QuickSettingsHandler: Got action android.net.wifi.STATE_CHANGE at null
08-21 14:35:55.140  1567  3244 I chatty  : uid=1000(system) WifiStateMachin expire 11 lines
08-21 14:35:55.149  3599  3599 I [SystemUI]QuickSettingsHandler: Got action android.net.wifi.p2p.STATE_CHANGED at null
08-21 14:35:55.150  1567  3248 I chatty  : uid=1000(system) WifiServerServi expire 3 lines
08-21 14:35:55.157  6415  6432 D LGCover : SmartCoverUpdateMonitor.java:375 onNotificationRemoved(): StatusBarNotification(pkg=android user=UserHandle{-1} id=33687316 tag=null score=0 key=-1|android|33687316|null|1000: Notification(pri=0 contentView=null vibrate=null sound=null tick defaults=0x0 flags=0x10 color=0xff607d8b vis=PRIVATE))
08-21 14:35:55.157  3599  3599 D [SystemUI]NotificationBackground: updateBackground(), 0x0
08-21 14:35:55.157  6415  6415 D LGCover : LgeQuickCoverNotificationData.java:168 remove(): -1|android|33687316|null|1000
08-21 14:35:55.157  6415  6415 D LGCover : LgeQuickCoverNotificationData.java:209 filterAndSort(): filterAndSort
08-21 14:35:55.157  6415  6415 D LGCover : LgeQuickCoverNotificationData.java:367 showAll(): showAll0
08-21 14:35:55.159 27054 27054 I chatty  : uid=1000(system) com.lge.sync expire 8 lines
08-21 14:35:55.167  3599  4063 I [SystemUI]NetworkController: onReceive: intent=Intent { act=android.net.wifi.WIFI_STATE_CHANGED flg=0x4000010 (has extras) }
08-21 14:35:55.168  3599  4063 D NetworkController.WifiSignalController: Change in state from: connected=false,enabled=true,level=0,inetCondition=0,iconGroup=IconGroup(Default Wi-Fi Icons),activityIn=true,activityOut=true,rssi=-52,lastModified=08-21 02:30:38,ssid=null
08-21 14:35:55.168  3599  4063 D NetworkController.WifiSignalController: 	to: connected=false,enabled=false,level=0,inetCondition=0,iconGroup=IconGroup(Default Wi-Fi Icons),activityIn=true,activityOut=true,rssi=-52,lastModified=08-21 02:30:38,ssid=null
08-21 14:35:55.171  4223  4319 I chatty  : uid=1000(system) WfdsAspSession expire 1 line
08-21 14:35:55.178  3599  3599 I [SystemUI]PhoneStatusBar: updateMediaMetaData(false): mMediaMetadata = null
08-21 14:35:55.185  3599  3599 I [SystemUI]QuickSettingsHandler: Got action android.net.wifi.WIFI_STATE_CHANGED at null
08-21 14:35:55.189  4634  4711 I chatty  : uid=1000(system) ConnectionManag expire 3 lines
08-21 14:35:55.189  4634  4740 I chatty  : uid=1000(system) CardControllerT expire 3 lines
08-21 14:35:55.192  3599  3599 D [SystemUI]QuickSettingsButton: Set image resource for Wi-Fi button. status = 3, clickable = true
08-21 14:35:55.192  3599  3599 D [SystemUI]QuickSettingsHandler: Wi-Fi :Wi-Fi Desligado.
08-21 14:35:55.208  4907  5235 W Settings: Setting airplane_mode_on has moved from android.provider.Settings.System to android.provider.Settings.Global, returning read-only value.
08-21 14:35:55.217 25541 25541 D QRemote : [WiFiStateReceiver.java:104:onReceive()] oooooo NETWORK_STATE_CHANGED_ACTION
08-21 14:35:55.223 25541 25541 I QRemote : [WiFiStateReceiver.java:159:onReceive()] oooooo The network is disconnected.
08-21 14:35:55.223  4284  4284 D [LGHome][Smartbulletin]SBNotiReceiver: [SBNotiReceiver.java:49:onReceive()]onReceive : intent: Intent { act=com.lge.launcher2.smartbulletin.REMOVE_NOTIFICATION_ICON flg=0x10 (has extras) } component: com.lge.qremote/com.lge.qremote.appwidget.RemoteAppWidgetProvider
08-21 14:35:55.223  4284  4284 D [LGHome][Smartbulletin]SBNotiReceiver: [SBNotiReceiver.java:161:deleteNotiDatabase()]delete noti
08-21 14:35:55.275 26546 26546 I LIA_SmartSetting(4.70.1.2)_LogCore: LIA Log setTagPrefix - prefix : LIA_SmartSetting(4.70.1.2)_
08-21 14:35:55.275 26546 26546 V LIA_SmartSetting(4.70.1.2)_ContextDetector: onReceive action android.net.wifi.WIFI_STATE_CHANGED
08-21 14:35:55.275 26546 26546 D LIA_SmartSetting(4.70.1.2)_WifiContextDetector: onReceive state= 1
08-21 14:35:55.275 26546 26546 D LIA_SmartSetting(4.70.1.2)_LGIFTTT: recipeSlug= arrive_home_wifi
08-21 14:35:55.275 26546 26546 D LIA_SmartSetting(4.70.1.2)_LGIFTTT: RECIPE_URI= content://com.lge.iftttmanager.provider/recipe
08-21 14:35:55.275 26546 26546 D LIA_SmartSetting(4.70.1.2)_LGIFTTT: selection= recipe_slug = "arrive_home_wifi"
08-21 14:35:55.277 26546 26546 D LIA_SmartSetting(4.70.1.2)_LGIFTTT: status= 0
08-21 14:35:55.277 26546 26546 D LIA_SmartSetting(4.70.1.2)_ContextDetector: onUpdate Wi-Fi off
08-21 14:35:55.277 26546 26546 I CAPP_DB_LOG: opened database address/path : 0xf518cc00, /data/user/0/com.lge.ia.task.smartsetting/databases/smartsetting.db
08-21 14:35:55.279 26546 26546 I CAPP_DB_LOG:   database address : 0xf518cc00, pragma journal_mode = PERSIST
08-21 14:35:55.279 26546 26546 I CAPP_DB_LOG:   database address : 0xf518cc00, pragma journal_size_limit = 524288
08-21 14:35:55.279 26546 26546 I CAPP_DB_LOG:   database address : 0xf518cc00, pragma wal_autocheckpoint = 100
08-21 14:35:55.280 26546 26546 D LIA_SmartSetting(4.70.1.2)_Recommender: onStatusChanged value= Wi-Fi off
08-21 14:35:55.280 26546 26546 V LIA_SmartSetting(4.70.1.2)_SenseLocation: getCurrentPlaceId 
08-21 14:35:55.281 26546 26546 D LIA_SmartSetting(4.70.1.2)_Recommender: not entered home
08-21 14:35:55.281 26546 26546 V LIA_SmartSetting(4.70.1.2)_DeviceLogger: DeviceLogger.log: DeviceSettingProfile [profileId=-1, timestamp=1440178555281, , settingStatus=Wi-Fi off, deviceTypeOrdinal=0]
08-21 14:35:55.281 26546 26546 I CAPP_DB_LOG: opened database address/path : 0xf518ce80, /data/user/0/com.lge.ia.task.smartsetting/databases/smartsetting.db
08-21 14:35:55.282 26546 26546 I CAPP_DB_LOG:   database address : 0xf518ce80, pragma journal_mode = PERSIST
08-21 14:35:55.282 26546 26546 I CAPP_DB_LOG:   database address : 0xf518ce80, pragma journal_size_limit = 524288
08-21 14:35:55.282 26546 26546 I CAPP_DB_LOG:   database address : 0xf518ce80, pragma wal_autocheckpoint = 100
08-21 14:35:55.284 26546 26546 D LIA_SmartSetting(4.70.1.2)_LocationDBManagerDBAdapter: insert start
08-21 14:35:55.289 26546 26546 D LIA_SmartSetting(4.70.1.2)_LocationDBManager: insertSettingInfo ID = 22
08-21 14:35:55.289 26546 26546 I CAPP_DB_LOG: closed database address/path : 0xf518ce80, /data/user/0/com.lge.ia.task.smartsetting/databases/smartsetting.db
08-21 14:35:55.846  3599  3599 I [SystemUI]LGKeyButtonView: Navigation Key(4) sendEvent, action : 0, flags : 0, when : 12365401
08-21 14:35:55.863  3599  3599 I [SystemUI]LGKeyButtonView: Navigation Key(4) sendEvent, action : 1, flags : 0, when : 12365428
08-21 14:35:55.868  1567  4197 I chatty  : uid=1000(system) Binder_F expire 11 lines
08-21 14:35:55.873  3386 20520 I chatty  : uid=1013(media) Binder_6 expire 10 lines
08-21 14:35:55.897  4064  4082 I chatty  : uid=1000(system) Binder_2 expire 4 lines
08-21 14:35:55.933  4148  5144 D ForegroundUtils: Foreground changed, PID: 26637 UID: 1000 foreground: true
08-21 14:35:55.933  4148  5144 D ForegroundUtils: Foreground UID/PID combinations:
08-21 14:35:55.933  4148  5144 D ForegroundUtils: UID: 1000 PID: 26307
08-21 14:35:55.933  4148  5144 D ForegroundUtils: UID: 1000 PID: 26637
08-21 14:35:55.966  3599  3599 D PhoneStatusBar: setSystemUiVisibility vis=8000 mask=ffffffff oldVal=8600 newVal=8000 diff=600
08-21 14:35:55.967  1567  1963 I chatty  : uid=1000(system) android.ui expire 11 lines
08-21 14:35:56.026 26637 26637 I chatty  : uid=1000(system) com.lge.hiddenmenu expire 7 lines
08-21 14:35:56.078  3599  3599 D PhoneStatusBar: setSystemUiVisibility vis=0 mask=ffffffff oldVal=8000 newVal=0 diff=8000
08-21 14:35:56.078  3599  3599 D [SystemUI]PhoneStatusBar: StatusBarMode is changed (MODE_TRANSPARENT -> MODE_OPAQUE)
08-21 14:35:56.078  3599  3599 D [SystemUI]PhoneStatusBar: NavigationBarMode is changed (MODE_TRANSPARENT -> MODE_OPAQUE)
08-21 14:35:56.078  3599  3599 D [SystemUI]NavigationThemeResource: Bar mode is changed (4 -> 0)
08-21 14:35:56.083  3599  3599 D BarTransitions: draw background and invalidate : color = 6000000
08-21 14:35:56.083  1567  3954 I chatty  : uid=1000(system) Binder_5 expire 4 lines
08-21 14:35:56.085  3599  3599 D BarTransitions: draw background and invalidate : color = 8000000
08-21 14:35:56.097  3956  3956 D LgeImeImpl: [LgeImeImpl.java:4330:LgeImeImpl.onFinishInput()] [IN]onFinishInput
08-21 14:35:56.097  3956  3956 D LgeImeImpl: [LgeImeImpl.java:4359:LgeImeImpl.onFinishInput()] [OUT]onFinishInput
08-21 14:35:56.097  3956  3956 D LgeImeImpl: [LgeImeImpl.java:1515:LgeImeImpl.onStartInput()] [IN] onStartInput[false]
08-21 14:35:56.097  3956  3956 D LgeImeImpl: [LgeImeImpl.java:1532:LgeImeImpl.onStartInput()] [OUT] onStartInput
08-21 14:35:56.836  4148  4161 D ForegroundUtils: Foreground changed, PID: 26307 UID: 1000 foreground: false
08-21 14:35:56.836  4148  4161 D ForegroundUtils: Foreground UID/PID combinations:
08-21 14:35:56.836  4148  4161 D ForegroundUtils: UID: 1000 PID: 26637
08-21 14:35:56.838  4148  4161 D ForegroundUtils: Process died; UID 10012 PID 26883
08-21 14:35:56.838  4148  4161 D ForegroundUtils: Foreground changed, PID: 26883 UID: 10012 foreground: false
08-21 14:35:56.838  4148  4161 D ForegroundUtils: Foreground UID/PID combinations:
08-21 14:35:56.838  4148  4161 D ForegroundUtils: UID: 1000 PID: 26637
08-21 14:35:56.939  3599  3599 D [SystemUI]SystemServicesProxy: RecentApps has 21 item(s).
08-21 14:35:57.513  4131  4131 I chatty  : uid=1000(system) com.lge.myplace.engine expire 6 lines
08-21 14:35:57.767   707   707 I MSM-irqbalance: Decided to move IRQ216 from CPU3 to CPU1
08-21 14:36:00.039  3599  3599 I [SystemUI]TimeTickManager: setTimeTickHandler, called onTimeChanged() nextTick: 59994
08-21 14:36:00.039  3599  3599 I KeyguardUpdateMonitor: called onTimeUpdated()
08-21 14:36:00.039  3599  3599 I [SystemUI]Clock: called onTimeUpdated()
08-21 14:36:00.053  3599  3599 I LgeClockWidgetControlView: called onTimeUpdated()
08-21 14:36:00.053  3599  3599 I [SystemUI]DateView: called onTimeUpdated()
08-21 14:36:00.054  4793  4793 D [ConciergeService]: onStartCommand(). Type : 11
08-21 14:36:00.054  3599  3599 I [SystemUI]DateView: called onTimeUpdated()
08-21 14:36:00.055  3599  3599 D KeyguardUpdateMonitor: handleTimeUpdate
08-21 14:36:02.775   707   707 I MSM-irqbalance: Decided to move IRQ51 from CPU3 to CPU1
08-21 14:36:06.553  1567  3161 I chatty  : uid=1000 system_server expire 6 lines
08-21 14:36:11.750  3599  4063 D [SystemUI]1: onDataActivity: direction=3
08-21 14:36:11.753  3599  4063 D 1       : Change in state from: connected=true,enabled=true,level=2,inetCondition=1,iconGroup=IconGroup(Default),activityIn=false,activityOut=false,rssi=0,lastModified=08-21 02:35:14,dataSim=true,networkName=Claro BR,networkNameData=Claro BR,dataConnected=true,isDefault=true,isEmergency=false,airplaneMode=false,carrierNetworkChangeMode=false,activity=0,isSimIcon=false,networkIcon=LTE,selectedSim=false,twoStage=false,voiceRatType=0,dataRatType=0,voiceLevel=0,dataLevel=0,hasVoiceService=false,hasDataService=false,mCBInfo=null,isDataEnabled=false
08-21 14:36:11.753  3599  4063 D 1       : 	to: connected=true,enabled=true,level=2,inetCondition=1,iconGroup=IconGroup(Default),activityIn=true,activityOut=true,rssi=0,lastModified=08-21 02:35:14,dataSim=true,networkName=Claro BR,networkNameData=Claro BR,dataConnected=true,isDefault=true,isEmergency=false,airplaneMode=false,carrierNetworkChangeMode=false,activity=3,isSimIcon=false,networkIcon=LTE,selectedSim=false,twoStage=false,voiceRatType=0,dataRatType=0,voiceLevel=0,dataLevel=0,hasVoiceService=false,hasDataService=false,mCBInfo=null,isDataEnabled=false
08-21 14:36:11.766  4251  4267 D PhoneInterfaceManager: [PhoneIntfMgr] getDataEnabled: subId=1 phoneId=0
08-21 14:36:11.768  4251  4267 D PhoneInterfaceManager: [PhoneIntfMgr] getDataEnabled: subId=1 retVal=true
08-21 14:36:11.769  3599  4063 D TelephonyManager: getDataEnabled: retVal=true
08-21 14:36:11.769  3599  4063 D [SystemUI]MobileSignalController: updateTelephonySignalStrength: hasService=true ss=SignalStrength: 99 0 -120 -160 -120 -1 -1 18 -106 -10 52 2147483647 2147483647 gsm|lte 0 0 2147483647 2147483647
08-21 14:36:12.766  3599  4063 D [SystemUI]1: onDataActivity: direction=1
08-21 14:36:12.767  3599  4063 D 1       : Change in state from: connected=true,enabled=true,level=2,inetCondition=1,iconGroup=IconGroup(Default),activityIn=true,activityOut=true,rssi=0,lastModified=08-21 02:36:11,dataSim=true,networkName=Claro BR,networkNameData=Claro BR,dataConnected=true,isDefault=true,isEmergency=false,airplaneMode=false,carrierNetworkChangeMode=false,activity=3,isSimIcon=false,networkIcon=LTE,selectedSim=false,twoStage=false,voiceRatType=0,dataRatType=0,voiceLevel=0,dataLevel=0,hasVoiceService=false,hasDataService=false,mCBInfo=null,isDataEnabled=false
08-21 14:36:12.767  3599  4063 D 1       : 	to: connected=true,enabled=true,level=2,inetCondition=1,iconGroup=IconGroup(Default),activityIn=true,activityOut=false,rssi=0,lastModified=08-21 02:36:11,dataSim=true,networkName=Claro BR,networkNameData=Claro BR,dataConnected=true,isDefault=true,isEmergency=false,airplaneMode=false,carrierNetworkChangeMode=false,activity=1,isSimIcon=false,networkIcon=LTE,selectedSim=false,twoStage=false,voiceRatType=0,dataRatType=0,voiceLevel=0,dataLevel=0,hasVoiceService=false,hasDataService=false,mCBInfo=null,isDataEnabled=false
08-21 14:36:12.774   707   707 I MSM-irqbalance: Decided to move IRQ332 from CPU0 to CPU1
08-21 14:36:12.784  4251  4926 D PhoneInterfaceManager: [PhoneIntfMgr] getDataEnabled: subId=1 phoneId=0
08-21 14:36:12.785  4251  4926 D PhoneInterfaceManager: [PhoneIntfMgr] getDataEnabled: subId=1 retVal=true
08-21 14:36:12.786  3599  4063 D TelephonyManager: getDataEnabled: retVal=true
08-21 14:36:12.787  3599  4063 D [SystemUI]MobileSignalController: updateTelephonySignalStrength: hasService=true ss=SignalStrength: 99 0 -120 -160 -120 -1 -1 18 -106 -10 52 2147483647 2147483647 gsm|lte 0 0 2147483647 2147483647
08-21 14:36:13.806  3599  4063 D [SystemUI]1: onDataActivity: direction=0
08-21 14:36:13.808  3599  4063 D 1       : Change in state from: connected=true,enabled=true,level=2,inetCondition=1,iconGroup=IconGroup(Default),activityIn=true,activityOut=false,rssi=0,lastModified=08-21 02:36:12,dataSim=true,networkName=Claro BR,networkNameData=Claro BR,dataConnected=true,isDefault=true,isEmergency=false,airplaneMode=false,carrierNetworkChangeMode=false,activity=1,isSimIcon=false,networkIcon=LTE,selectedSim=false,twoStage=false,voiceRatType=0,dataRatType=0,voiceLevel=0,dataLevel=0,hasVoiceService=false,hasDataService=false,mCBInfo=null,isDataEnabled=false
08-21 14:36:13.808  3599  4063 D 1       : 	to: connected=true,enabled=true,level=2,inetCondition=1,iconGroup=IconGroup(Default),activityIn=false,activityOut=false,rssi=0,lastModified=08-21 02:36:12,dataSim=true,networkName=Claro BR,networkNameData=Claro BR,dataConnected=true,isDefault=true,isEmergency=false,airplaneMode=false,carrierNetworkChangeMode=false,activity=0,isSimIcon=false,networkIcon=LTE,selectedSim=false,twoStage=false,voiceRatType=0,dataRatType=0,voiceLevel=0,dataLevel=0,hasVoiceService=false,hasDataService=false,mCBInfo=null,isDataEnabled=false
08-21 14:36:13.822  4251  5574 D PhoneInterfaceManager: [PhoneIntfMgr] getDataEnabled: subId=1 phoneId=0
08-21 14:36:13.823  4251  5574 D PhoneInterfaceManager: [PhoneIntfMgr] getDataEnabled: subId=1 retVal=true
08-21 14:36:13.825  3599  4063 D TelephonyManager: getDataEnabled: retVal=true
08-21 14:36:13.826  3599  4063 D [SystemUI]MobileSignalController: updateTelephonySignalStrength: hasService=true ss=SignalStrength: 99 0 -120 -160 -120 -1 -1 18 -106 -10 52 2147483647 2147483647 gsm|lte 0 0 2147483647 2147483647
08-21 14:36:19.186  1567  3233 I chatty  : uid=1000(system) InputReader expire 10 lines
08-21 14:36:19.275  1567  3268 I chatty  : uid=1000(system) AudioService expire 39 lines
08-21 14:36:19.281  3386  3958 I chatty  : uid=1013(media) Binder_4 expire 23 lines
08-21 14:36:19.282  3386  3520 I chatty  : uid=1013(media) ApmAudio expire 30 lines
08-21 14:36:19.282  3386  3533 I chatty  : uid=1013(media) AudioOut_2 expire 86 lines
08-21 14:36:19.283  3386  3521 I chatty  : uid=1013(media) ApmOutput expire 51 lines
08-21 14:36:19.306  3386  3532 I chatty  : uid=1013(media) FastMixer expire 46 lines
08-21 14:36:19.441  1567  3920 I chatty  : uid=1000(system) SoundPool expire 15 lines
08-21 14:36:19.972  1567  3232 I chatty  : uid=1000(system) InputDispatcher expire 10 lines
08-21 14:36:19.973  3599  3599 D [SystemUI]StatusBarWindowView: onInterceptTouchEvent() ACTION_DOWN MotionEvent { action=ACTION_DOWN, actionButton=0, id[0]=0, x[0]=1067.0, y[0]=0.0, toolType[0]=TOOL_TYPE_FINGER, buttonState=0, metaState=0, flags=0x0, edgeFlags=0x0, pointerCount=1, historySize=0, eventTime=12389536, downTime=12389536, deviceId=4, source=0x1002 }
08-21 14:36:19.979  3599  3599 D KeyguardSecurityModel: 0 Phone is READY
08-21 14:36:19.979  3599  3599 D KeyguardUpdateMonitor: ###### current user : 0
08-21 14:36:19.985  3599  3599 D [SystemUI]PanelView: onTouchEvent ACTION_DOWN mGestureWaitForTouchSlop=true,mHeightAnimator=null,mPeekAnimator=null
08-21 14:36:19.987  3599  3599 I [SystemUI]PhoneStatusBarView: go state: 0 -> 1
08-21 14:36:19.988  3599  3599 D PhoneStatusBar: disable: < expand ICONS* alerts SYSTEM_INFO* back home recent clock search quick_settings >
08-21 14:36:19.994  1567  3955 I chatty  : uid=1000(system) Binder_6 expire 37 lines
08-21 14:36:20.015  3599  3599 D [SystemUI]PanelView: onApplyWindowInsets, WindowInsets : WindowInsets{systemWindowInsets=Rect(0, 0 - 0, 168) windowDecorInsets=Rect(0, 0 - 0, 0) stableInsets=Rect(0, 0 - 0, 168)}
08-21 14:36:20.091  3599  3599 D [SystemUI]PanelView: onTouchEvent ACTION_MOVE start Tracking
08-21 14:36:20.091  3599  3599 I [SystemUI]PanelView: onTrackingStarted 
08-21 14:36:20.117  1567  1963 I chatty  : uid=1000(system) android.ui expire 18 lines
08-21 14:36:20.137  3599  3599 D PhoneStatusBar: setSystemUiVisibility vis=600 mask=ffffffff oldVal=0 newVal=600 diff=600
08-21 14:36:20.298  1567  4125 I chatty  : uid=1000(system) Binder_A expire 37 lines
