07-16 11:33:23.504   747  1016 W AudioTrack: AUDIO_OUTPUT_FLAG_FAST denied by client
07-16 11:33:23.504   747  1016 V AudioTrack: createTrack_l() output 2 afLatency 92
07-16 11:33:23.504   747  1016 V AudioTrack: Create normal PCM 0x1 Track
07-16 11:33:23.505   189   189 V AudioFlinger: sharedBuffer: 0xb1d63000, size: 10640
07-16 11:33:23.505   189   189 D AudioMixer: getTrackName, n 6 start init
07-16 11:33:23.507   747  1016 V AudioTrack: Flags here  0x0 
07-16 11:33:23.508   747  1016 V SoundPool: setVolume 0xb8c8ab58
07-16 11:33:23.508   189   827 V AudioFlinger: start(4102), calling pid 747 session 109
07-16 11:33:23.508   189   827 V AudioFlinger: ? => ACTIVE (4102) on thread 0xb70a4f00
07-16 11:33:23.508   189   827 V AudioPolicyManagerEx: startOutput() output 2, stream 1, session 109
07-16 11:33:23.508   189   827 V AudioPolicyManager: changeRefCount() stream 1, count 1
07-16 11:33:23.508   189   827 V AudioPolicyManagerEx: getNewOutputDevice() selected device 2
07-16 11:33:23.508   189   827 V AudioPolicyManagerEx: AudioPolicyManagerEx::setOutputDevice
07-16 11:33:23.508   189   827 D AudioPolicyManagerEx: startOutput() checkAndSetVolume stream 1 output 2 filtered newDevice 2
07-16 11:33:23.509   747  1016 V SoundPool: delete oldTrack 0xb8cda3c0
07-16 11:33:23.510   747  1016 V AudioTrack: ~AudioTrack, releasing session id from 747 on behalf of 747
07-16 11:33:23.511   189  5605 V AudioResampler: resampler load 24 -> 18 MHz due to delta -6 MHz from quality 6
07-16 11:33:23.511   189  5605 D AudioMixer: deinitBliSrc
07-16 11:33:23.511   189  5605 V AudioFlinger: PlaybackThread::Track destructor
07-16 11:33:23.512   189   812 D AudioMixer: downmixerBufferProvider 0
07-16 11:33:23.512   189   812 D AudioMixer: Creating resampler: format(0x1) channels(2) devSampleRate(44100) quality(0) resamplerChannelCount(2)
07-16 11:33:23.512   189   812 V AudioResampler: resampler load 18 -> 24 MHz due to delta +6 MHz from quality 6
07-16 11:33:23.512   189   812 V AudioResampler: Create dynamic Resampler = 6
07-16 11:33:23.547   189   812 D AudioResamplerDyn: resample 542, mBuffer.raw == Null
07-16 11:33:23.570   189   812 V AudioFlinger: presentationComplete() mPresentationCompleteFrames 0 framesWritten 109568
07-16 11:33:23.571   189   812 V AudioFlinger: presentationComplete() reset: mPresentationCompleteFrames 113625 audioHalFrames 4057
07-16 11:33:23.571  3180  3180 D LogService: Log service disabled
07-16 11:33:23.582   189   812 V AudioFlinger: presentationComplete() mPresentationCompleteFrames 113625 framesWritten 109568
07-16 11:33:23.585   747   771 D WindowManager: [PWM]1.notifyNavigationBarColor => mLastColorNavigationBar=0xfff5f5f5
07-16 11:33:23.586  1050  1050 I [SystemUI]NavigationThemeResource: notify navigation bar color(0xfff5f5f5)
07-16 11:33:23.594   189   812 V AudioFlinger: presentationComplete() mPresentationCompleteFrames 113625 framesWritten 110592
07-16 11:33:23.595   747  1672 D InputDispatcher: Focus left window: Window{c4b3d3 u0 com.lge.hiddenmenu/com.lge.hiddenmenu.SVC.log_service.MainActivity}
07-16 11:33:23.595   747  1672 D InputDispatcher: Focus entered window: Window{1b84587 u0 com.lge.hiddenmenu/com.lge.hiddenmenu.SVC.log_service.MainActivity}
07-16 11:33:23.595   747  1672 D InputDispatcher: Window went away: Window{c4b3d3 u0 com.lge.hiddenmenu/com.lge.hiddenmenu.SVC.log_service.MainActivity}
07-16 11:33:23.605   189   812 V AudioFlinger: presentationComplete() mPresentationCompleteFrames 113625 framesWritten 110592
07-16 11:33:23.617   189   812 V AudioFlinger: presentationComplete() mPresentationCompleteFrames 113625 framesWritten 111616
07-16 11:33:23.621  3180  7928 D logService_Save: copyDirPath : /storage/emulated/0/
07-16 11:33:23.628   189   812 V AudioFlinger: presentationComplete() mPresentationCompleteFrames 113625 framesWritten 111616
07-16 11:33:23.629  1029  1045 D SmartCoverUpdateMonitor: onNotificationPosted() : StatusBarNotification(pkg=com.lge.hiddenmenu user=UserHandle{0} id=1 tag=null score=0 key=0|com.lge.hiddenmenu|1|null|1000: Notification(pri=0 contentView=com.lge.hiddenmenu/0x1090079 vibrate=null sound=null defaults=0x0 flags=0x62 color=0x00000000 vis=PRIVATE))
07-16 11:33:23.631  1029  1029 D SmartCoverUpdateMonitor: onNotificationPosted() !qcn.isEnableToShowNotification()
07-16 11:33:23.635  3180  7928 E logService_Save:  status: mounted
07-16 11:33:23.640   189   812 V AudioFlinger: presentationComplete() mPresentationCompleteFrames 113625 framesWritten 112640
07-16 11:33:23.652   189   812 V AudioFlinger: presentationComplete() mPresentationCompleteFrames 113625 framesWritten 112640
07-16 11:33:23.655  3180  7928 D logService_Save: [MediaScanner] /storage/emulated/0/logger/151410444941a_20150716_113323/ send to MediaProvider
07-16 11:33:23.657  3180  7928 E logService_Save: accept### dir : /data/logger  FileName : setup
07-16 11:33:23.657  3180  7928 E logService_Save: accept### ret : false
07-16 11:33:23.657  3180  7928 E logService_Save: accept### dir : /data/logger  FileName : system.log
07-16 11:33:23.657  3180  7928 E logService_Save: accept### ret : true
07-16 11:33:23.657  3180  7928 E logService_Save: accept### dir : /data/logger  FileName : main.log
07-16 11:33:23.658  3180  7928 E logService_Save: accept### ret : true
07-16 11:33:23.658  3180  7928 E logService_Save: accept### dir : /data/logger  FileName : radio.log
07-16 11:33:23.658  3180  7928 E logService_Save: accept### ret : true
07-16 11:33:23.658  3180  7928 E logService_Save: accept### dir : /data/logger  FileName : events.log
07-16 11:33:23.658  3180  7928 E logService_Save: accept### ret : true
07-16 11:33:23.658  3180  7928 E logService_Save: accept### dir : /data/logger  FileName : power.log
07-16 11:33:23.658  3180  7928 E logService_Save: accept### ret : true
07-16 11:33:23.658  3180  7928 E logService_Save: accept### dir : /data/logger  FileName : kernel.log
07-16 11:33:23.658  3180  7928 E logService_Save: accept### ret : true
07-16 11:33:23.658  3180  7928 E logService_Save: accept### dir : /data/logger  FileName : packet.pcap
07-16 11:33:23.658  3180  7928 E logService_Save: accept### ret : true
07-16 11:33:23.658  3180  7928 E logService_Save: accept### dir : /data/logger  FileName : packet.pcap0
07-16 11:33:23.658  3180  7928 E logService_Save: accept### ret : true
07-16 11:33:23.662  2056  2056 D LGMediaProvider: [MediaScanner] MEDIA_DATABASE_COPY is started : path = /storage/emulated/0/logger/151410444941a_20150716_113323/MediaDB/
07-16 11:33:23.663   189   812 V AudioFlinger: presentationComplete() mPresentationCompleteFrames 113625 framesWritten 113664
07-16 11:33:23.664  2056  2056 D LGMediaProvider: [MediaScanner] databaseCopyList : /data/data/com.android.providers.media/lib
07-16 11:33:23.666  2056  2056 W LGMediaProvider: java.io.FileNotFoundException: /data/data/com.android.providers.media/lib: open failed: ENOENT (No such file or directory) (/data/data/com.android.providers.media/lib to /storage/emulated/0/logger/151410444941a_20150716_113323/MediaDB/lib)
07-16 11:33:23.666  2056  2056 W LGMediaProvider: java.lang.NullPointerException: Attempt to invoke virtual method 'void java.io.BufferedOutputStream.flush()' on a null object reference (/data/data/com.android.providers.media/lib to /storage/emulated/0/logger/151410444941a_20150716_113323/MediaDB/lib)
07-16 11:33:23.671  2056  2056 D LGMediaProvider: [MediaScanner] databaseCopyList : /data/data/com.android.providers.media/cache
07-16 11:33:23.672  2056  2056 D LGMediaProvider: [MediaScanner] databaseCopyList : /data/data/com.android.providers.media/shared_prefs
07-16 11:33:23.672  2056  2056 D LGMediaProvider: [MediaScanner] databaseCopyList : /data/data/com.android.providers.media/shared_prefs/MediaUpgradeReceiver.xml
07-16 11:33:23.675   189   812 D AudioPolicyService: AudioCommandThread() adding stopOutputSamplerateCommand 2
07-16 11:33:23.675   189   806 D AudioPolicyService: AudioCommandThread() processing stopoutputsamplerate 2
07-16 11:33:23.676  3180  7928 E logService_Save: system.log File Delete
07-16 11:33:23.676   189   806 V AudioPolicyManagerEx: stopOutput() output 2, stream 1, session 109
07-16 11:33:23.676   189   806 V AudioPolicyManager: changeRefCount() stream 1, count 0
07-16 11:33:23.676   189   806 V AudioPolicyManagerEx: getNewOutputDevice() selected device 0
07-16 11:33:23.676   189   806 V AudioPolicyManagerEx: AudioPolicyManagerEx::setOutputDevice
07-16 11:33:23.680  3180  7928 E logService_Save: /storage/emulated/0/logger/151410444941a_20150716_113323//logger/system.log ### Media Scanning
07-16 11:33:23.695  2056  2056 D LGMediaProvider: [MediaScanner] databaseCopyList : /data/data/com.android.providers.media/shared_prefs/com.android.providers.media_preferences.xml
07-16 11:33:23.705  2056  2056 D LGMediaProvider: [MediaScanner] databaseCopyList : /data/data/com.android.providers.media/shared_prefs/lge_private_log_preferences.xml
07-16 11:33:23.713  3180  7928 E logService_Save: main.log File Delete
07-16 11:33:23.716  3180  7928 E logService_Save: /storage/emulated/0/logger/151410444941a_20150716_113323//logger/main.log ### Media Scanning
07-16 11:33:23.718  2056  2056 D LGMediaProvider: [MediaScanner] databaseCopyList : /data/data/com.android.providers.media/databases
07-16 11:33:23.722  2056  2056 D LGMediaProvider: [MediaScanner] databaseCopyList : /data/data/com.android.providers.media/databases/external.db
07-16 11:33:23.730  3180  7928 E logService_Save: radio.log File Delete
07-16 11:33:23.730  3180  7928 E logService_Save: /storage/emulated/0/logger/151410444941a_20150716_113323//logger/radio.log ### Media Scanning
07-16 11:33:23.743  3180  7928 E logService_Save: events.log File Delete
07-16 11:33:23.743  3180  7928 E logService_Save: /storage/emulated/0/logger/151410444941a_20150716_113323//logger/events.log ### Media Scanning
07-16 11:33:23.744  1050  1050 I [SystemUI]PhoneStatusBar: updateMediaMetaData(false): mMediaMetadata = null
07-16 11:33:23.747  3180  7928 E logService_Save: power.log File Delete
07-16 11:33:23.747  3180  7928 E logService_Save: /storage/emulated/0/logger/151410444941a_20150716_113323//logger/power.log ### Media Scanning
07-16 11:33:23.759  2056  2056 D LGMediaProvider: [MediaScanner] databaseCopyList : /data/data/com.android.providers.media/databases/external.db-wal
07-16 11:33:23.767  3180  7928 E logService_Save: kernel.log File Delete
07-16 11:33:23.769  3180  7928 E logService_Save: /storage/emulated/0/logger/151410444941a_20150716_113323//logger/kernel.log ### Media Scanning
07-16 11:33:23.774  3180  7928 E logService_Save: packet.pcap File Delete
07-16 11:33:23.774  3180  7928 E logService_Save: /storage/emulated/0/logger/151410444941a_20150716_113323//logger/packet.pcap ### Media Scanning
07-16 11:33:23.784  3180  7928 E logService_Save: packet.pcap0 File Delete
07-16 11:33:23.786  3180  7928 E logService_Save: /storage/emulated/0/logger/151410444941a_20150716_113323//logger/packet.pcap0 ### Media Scanning
07-16 11:33:23.787  3180  7928 E logService_Save: There is no log files to copy in /data/tombstones/
07-16 11:33:23.787  3180  7928 E logService_Save: There is no log files to copy in /data/anr/
07-16 11:33:23.788  3180  7928 E logService_Save: There is no log files to copy in /data/dontpanic/
07-16 11:33:23.792  1029  1044 D SmartCoverUpdateMonitor: onNotificationRemoved() : StatusBarNotification(pkg=com.lge.hiddenmenu user=UserHandle{0} id=1 tag=null score=0 key=0|com.lge.hiddenmenu|1|null|1000: Notification(pri=0 contentView=null vibrate=null sound=null defaults=0x0 flags=0x62 color=0x00000000 vis=PRIVATE))
07-16 11:33:23.792  1029  1029 D SmartCoverUpdateMonitor: onNotificationRemoved() !qcn.isEnableToShowNotification()
07-16 11:33:23.792  1029  1029 D LgeQuickCoverNotificationData: remove() : 0|com.lge.hiddenmenu|1|null|1000
07-16 11:33:23.792  1029  1029 D LgeQuickCoverNotificationData: remove() fail : 0|com.lge.hiddenmenu|1|null|1000
07-16 11:33:23.792  1029  1029 D LgeQuickCoverNotificationData: showAll2
07-16 11:33:23.792  1029  1029 D LgeQuickCoverNotificationData: showAll() Key : 0|com.lge.lgdmsclient|1003|null|1000 , GroupKey : 0|com.lge.lgdmsclient|1003|null|1000
07-16 11:33:23.793  1029  1029 D LgeQuickCoverNotificationData: showAll() Key : 0|com.android.calendar|1|null|10011 , GroupKey : 0|com.android.calendar|1|null|10011
07-16 11:33:23.796   747  1303 D SplitWindow: check instance of lgWin Window{ab68d1f u0 Toast}
07-16 11:33:23.797  2056  2056 D LGMediaProvider: [MediaScanner] databaseCopyList : /data/data/com.android.providers.media/databases/external.db-shm
07-16 11:33:23.798  1050  1050 I [SystemUI]PhoneStatusBar: updateMediaMetaData(false): mMediaMetadata = null
07-16 11:33:23.807  2056  2056 D LGMediaProvider: [MediaScanner] databaseCopyList : /data/data/com.android.providers.media/databases/internal.db
07-16 11:33:23.818  2056  2056 D LGMediaProvider: [MediaScanner] databaseCopyList : /data/data/com.android.providers.media/databases/internal.db-wal
07-16 11:33:23.828   170   228 I [MALI][Gralloc]: usage: 0xf02, format: 1 stride: 640 vertical_stride: 127 size: 325120
07-16 11:33:23.829  3180  3461 I MaliEGL : [Mali]window_type=1, is_framebuffer=0, errnum = 0
07-16 11:33:23.829  3180  3461 I MaliEGL : [Mali]surface->num_buffers=4, surface->num_frames=3, win_min_undequeued=1
07-16 11:33:23.829  3180  3461 I MaliEGL : [Mali]max_allowed_dequeued_buffers=3
07-16 11:33:23.830   170   228 I [MALI][Gralloc]: usage: 0xf02, format: 1 stride: 640 vertical_stride: 127 size: 325120
07-16 11:33:23.831   170  5076 I [MALI][Gralloc]: usage: 0xf02, format: 1 stride: 640 vertical_stride: 127 size: 325120
07-16 11:33:23.831   170  5076 I [MALI][Gralloc]: usage: 0xf02, format: 1 stride: 640 vertical_stride: 127 size: 325120
07-16 11:33:23.831   170  5076 I [MALI][Gralloc]: usage: 0xf02, format: 1 stride: 640 vertical_stride: 127 size: 325120
07-16 11:33:23.843  2056  2056 D LGMediaProvider: [MediaScanner] databaseCopyList : /data/data/com.android.providers.media/databases/internal.db-shm
07-16 11:33:23.849  2056  2056 D MediaScannerReceiver: [MediaScanner] action: android.intent.action.MEDIA_SCANNER_SCAN_FILE path: /storage/emulated/0/logger/151410444941a_20150716_113323/MediaDB/lib
07-16 11:33:23.849  2056  2056 D MediaScannerReceiver: [MediaScanner] ACTION_MEDIA_SCANNER_SCAN_FILE path : /storage/emulated/0/logger/151410444941a_20150716_113323/MediaDB/lib
07-16 11:33:23.853  2056  2289 V LGMediaProvider: insertInternal: content://media/, initValues=name=external
07-16 11:33:23.856  2056  2289 D MediaScannerService: [MediaScanner] scnaFile() path = /storage/emulated/0/logger/151410444941a_20150716_113323/MediaDB/lib, volumeName = external
07-16 11:33:23.857  2056  2056 D MediaScannerReceiver: [MediaScanner] action: android.intent.action.MEDIA_SCANNER_SCAN_FILE path: /storage/emulated/0/logger/151410444941a_20150716_113323/logger/system.log
07-16 11:33:23.857  2056  2056 D MediaScannerReceiver: [MediaScanner] ACTION_MEDIA_SCANNER_SCAN_FILE path : /storage/emulated/0/logger/151410444941a_20150716_113323/logger/system.log
07-16 11:33:23.860  2056  2289 D MediaScannerEx: [MediaScanner] scanSingleFile() path = /storage/emulated/0/logger/151410444941a_20150716_113323/MediaDB/lib, volumeName = external
07-16 11:33:23.873  2056  2056 D MediaScannerReceiver: [MediaScanner] action: android.intent.action.MEDIA_SCANNER_SCAN_FILE path: /storage/emulated/0/logger/151410444941a_20150716_113323/MediaDB/MediaUpgradeReceiver.xml
07-16 11:33:23.873  2056  2056 D MediaScannerReceiver: [MediaScanner] ACTION_MEDIA_SCANNER_SCAN_FILE path : /storage/emulated/0/logger/151410444941a_20150716_113323/MediaDB/MediaUpgradeReceiver.xml
07-16 11:33:23.879  2056  2056 D MediaScannerReceiver: [MediaScanner] action: android.intent.action.MEDIA_SCANNER_SCAN_FILE path: /storage/emulated/0/logger/151410444941a_20150716_113323/MediaDB/com.android.providers.media_preferences.xml
07-16 11:33:23.879  2056  2056 D MediaScannerReceiver: [MediaScanner] ACTION_MEDIA_SCANNER_SCAN_FILE path : /storage/emulated/0/logger/151410444941a_20150716_113323/MediaDB/com.android.providers.media_preferences.xml
07-16 11:33:23.888  2056  2056 D MediaScannerReceiver: [MediaScanner] action: android.intent.action.MEDIA_SCANNER_SCAN_FILE path: /storage/emulated/0/logger/151410444941a_20150716_113323/MediaDB/lge_private_log_preferences.xml
07-16 11:33:23.888  2056  2056 D MediaScannerReceiver: [MediaScanner] ACTION_MEDIA_SCANNER_SCAN_FILE path : /storage/emulated/0/logger/151410444941a_20150716_113323/MediaDB/lge_private_log_preferences.xml
07-16 11:33:23.893  2056  2056 D MediaScannerReceiver: [MediaScanner] action: android.intent.action.MEDIA_SCANNER_SCAN_FILE path: /storage/emulated/0/logger/151410444941a_20150716_113323/logger/main.log
07-16 11:33:23.893  2056  2056 D MediaScannerReceiver: [MediaScanner] ACTION_MEDIA_SCANNER_SCAN_FILE path : /storage/emulated/0/logger/151410444941a_20150716_113323/logger/main.log
07-16 11:33:23.903  2056  2056 D MediaScannerReceiver: [MediaScanner] action: android.intent.action.MEDIA_SCANNER_SCAN_FILE path: /storage/emulated/0/logger/151410444941a_20150716_113323/logger/radio.log
07-16 11:33:23.903  2056  2056 D MediaScannerReceiver: [MediaScanner] ACTION_MEDIA_SCANNER_SCAN_FILE path : /storage/emulated/0/logger/151410444941a_20150716_113323/logger/radio.log
07-16 11:33:23.907  2056  2289 V LGMediaProvider: insertInternal: content://media/, initValues=name=external
07-16 11:33:23.911  2056  2289 D MediaScannerService: [MediaScanner] scnaFile() path = /storage/emulated/0/logger/151410444941a_20150716_113323/logger/system.log, volumeName = external
07-16 11:33:23.913  2056  2056 D MediaScannerReceiver: [MediaScanner] action: android.intent.action.MEDIA_SCANNER_SCAN_FILE path: /storage/emulated/0/logger/151410444941a_20150716_113323/logger/events.log
07-16 11:33:23.913  2056  2056 D MediaScannerReceiver: [MediaScanner] ACTION_MEDIA_SCANNER_SCAN_FILE path : /storage/emulated/0/logger/151410444941a_20150716_113323/logger/events.log
07-16 11:33:23.921  2056  2289 D MediaScannerEx: [MediaScanner] scanSingleFile() path = /storage/emulated/0/logger/151410444941a_20150716_113323/logger/system.log, volumeName = external
07-16 11:33:23.925  2056  2056 D MediaScannerReceiver: [MediaScanner] action: android.intent.action.MEDIA_SCANNER_SCAN_FILE path: /storage/emulated/0/logger/151410444941a_20150716_113323/logger/power.log
07-16 11:33:23.925  2056  2056 D MediaScannerReceiver: [MediaScanner] ACTION_MEDIA_SCANNER_SCAN_FILE path : /storage/emulated/0/logger/151410444941a_20150716_113323/logger/power.log
07-16 11:33:23.935  2056  2056 D MediaScannerReceiver: [MediaScanner] action: android.intent.action.MEDIA_SCANNER_SCAN_FILE path: /storage/emulated/0/logger/151410444941a_20150716_113323/MediaDB/external.db
07-16 11:33:23.936  2056  2056 D MediaScannerReceiver: [MediaScanner] ACTION_MEDIA_SCANNER_SCAN_FILE path : /storage/emulated/0/logger/151410444941a_20150716_113323/MediaDB/external.db
07-16 11:33:23.942  2056  2056 D MediaScannerReceiver: [MediaScanner] action: android.intent.action.MEDIA_SCANNER_SCAN_FILE path: /storage/emulated/0/logger/151410444941a_20150716_113323/logger/kernel.log
07-16 11:33:23.942  2056  2056 D MediaScannerReceiver: [MediaScanner] ACTION_MEDIA_SCANNER_SCAN_FILE path : /storage/emulated/0/logger/151410444941a_20150716_113323/logger/kernel.log
07-16 11:33:23.949  2056  2056 D MediaScannerReceiver: [MediaScanner] action: android.intent.action.MEDIA_SCANNER_SCAN_FILE path: /storage/emulated/0/logger/151410444941a_20150716_113323/logger/packet.pcap
07-16 11:33:23.949  2056  2056 D MediaScannerReceiver: [MediaScanner] ACTION_MEDIA_SCANNER_SCAN_FILE path : /storage/emulated/0/logger/151410444941a_20150716_113323/logger/packet.pcap
07-16 11:33:23.959  2056  2056 D MediaScannerReceiver: [MediaScanner] action: android.intent.action.MEDIA_SCANNER_SCAN_FILE path: /storage/emulated/0/logger/151410444941a_20150716_113323/logger/packet.pcap0
07-16 11:33:23.959  2056  2056 D MediaScannerReceiver: [MediaScanner] ACTION_MEDIA_SCANNER_SCAN_FILE path : /storage/emulated/0/logger/151410444941a_20150716_113323/logger/packet.pcap0
07-16 11:33:23.963  2056  2289 D MediaScannerEx: [MediaScanner] beginFile() path = /storage/emulated/0/logger/151410444941a_20150716_113323/logger/system.log
07-16 11:33:23.963  2056  2289 V MediaScannerEx: [MediaScanner] endFile() mPath = /storage/emulated/0/logger/151410444941a_20150716_113323/logger/system.log ,entry.mRowId = 0 ,alarms = false ,mDefaultTimerAlertSet = false
07-16 11:33:23.964  2056  2289 D LGMediaProvider: [MediaScanner] insert() uri = content://media/external/file, path = /storage/emulated/0/logger/151410444941a_20150716_113323/logger/system.log
07-16 11:33:23.964  2056  2289 V LGMediaProvider: insertInternal: content://media/external/file, initValues=is_hifi=0 mime_type=null _size=356945 title=system _data=/storage/emulated/0/logger/151410444941a_20150716_113323/logger/system.log is_lock=0 is_drm=false protected_type=0 date_modified=1437057203 format=12288
07-16 11:33:23.964  2056  2056 D MediaScannerReceiver: [MediaScanner] action: android.intent.action.MEDIA_SCANNER_SCAN_FILE path: /storage/emulated/0/logger/151410444941a_20150716_113323/MediaDB/external.db-wal
07-16 11:33:23.964  2056  2056 D MediaScannerReceiver: [MediaScanner] ACTION_MEDIA_SCANNER_SCAN_FILE path : /storage/emulated/0/logger/151410444941a_20150716_113323/MediaDB/external.db-wal
07-16 11:33:23.967  2056  2289 V LGMediaProvider: inserting directory /storage/emulated/0/logger/151410444941a_20150716_113323/logger
07-16 11:33:23.969  2056  2289 V LGMediaProvider: inserting directory /storage/emulated/0/logger/151410444941a_20150716_113323
07-16 11:33:23.969  2056  2289 V LGMediaProvider: Returning cached entry for /storage/emulated/0/logger
07-16 11:33:23.972  2056  2056 D MediaScannerReceiver: [MediaScanner] action: android.intent.action.MEDIA_SCANNER_SCAN_FILE path: /storage/emulated/0/logger/151410444941a_20150716_113323/MediaDB/external.db-shm
07-16 11:33:23.972  2056  2056 D MediaScannerReceiver: [MediaScanner] ACTION_MEDIA_SCANNER_SCAN_FILE path : /storage/emulated/0/logger/151410444941a_20150716_113323/MediaDB/external.db-shm
07-16 11:33:23.974  2056  2289 V LGMediaProvider: Inserted /storage/emulated/0/logger/151410444941a_20150716_113323
07-16 11:33:23.976  2056  2056 D MediaScannerReceiver: [MediaScanner] action: android.intent.action.MEDIA_SCANNER_SCAN_FILE path: /storage/emulated/0/logger/151410444941a_20150716_113323/MediaDB/internal.db
07-16 11:33:23.976  2056  2056 D MediaScannerReceiver: [MediaScanner] ACTION_MEDIA_SCANNER_SCAN_FILE path : /storage/emulated/0/logger/151410444941a_20150716_113323/MediaDB/internal.db
07-16 11:33:23.977  1375  7931 I iu.UploadsManager: End new media; added: 0, uploading: 0, time: 101 ms
07-16 11:33:23.979  2056  2056 D MediaScannerReceiver: [MediaScanner] action: android.intent.action.MEDIA_SCANNER_SCAN_FILE path: /storage/emulated/0/logger/151410444941a_20150716_113323/MediaDB/internal.db-wal
07-16 11:33:23.979  2056  2056 D MediaScannerReceiver: [MediaScanner] ACTION_MEDIA_SCANNER_SCAN_FILE path : /storage/emulated/0/logger/151410444941a_20150716_113323/MediaDB/internal.db-wal
07-16 11:33:23.985  2056  2289 V LGMediaProvider: Inserted /storage/emulated/0/logger/151410444941a_20150716_113323/logger
07-16 11:33:23.986  2056  2056 D MediaScannerReceiver: [MediaScanner] action: android.intent.action.MEDIA_SCANNER_SCAN_FILE path: /storage/emulated/0/logger/151410444941a_20150716_113323/MediaDB/internal.db-shm
07-16 11:33:23.986  2056  2056 D MediaScannerReceiver: [MediaScanner] ACTION_MEDIA_SCANNER_SCAN_FILE path : /storage/emulated/0/logger/151410444941a_20150716_113323/MediaDB/internal.db-shm
07-16 11:33:24.011  2056  2289 V LGMediaProvider: insertFile: values=is_hifi=0 bucket_id=-258441352 protected_type=0 burst_id=null date_modified=1437057203 bucket_display_name=logger parent=103 format=12288 storage_id=65537 media_type=0 mime_type=null _data=/storage/emulated/0/logger/151410444941a_20150716_113323/logger/system.log title=system _size=356945 is_drm=false is_lock=0 date_added=1437057203 returned: 104
07-16 11:33:24.012  2056  2289 D LGMediaProvider: [MediaScanner] insert() completed notifyChange, uri = content://media/external/file
07-16 11:33:24.012  2056  2289 V LGMediaProvider: insertInternal: content://media/, initValues=name=external
07-16 11:33:24.014  2056  2289 D MediaScannerService: [MediaScanner] scnaFile() path = /storage/emulated/0/logger/151410444941a_20150716_113323/MediaDB/MediaUpgradeReceiver.xml, volumeName = external
07-16 11:33:24.017  2056  2289 D MediaScannerEx: [MediaScanner] scanSingleFile() path = /storage/emulated/0/logger/151410444941a_20150716_113323/MediaDB/MediaUpgradeReceiver.xml, volumeName = external
07-16 11:33:24.029  2056  2289 D MediaScannerEx: [MediaScanner] beginFile() path = /storage/emulated/0/logger/151410444941a_20150716_113323/MediaDB/MediaUpgradeReceiver.xml
07-16 11:33:24.029  2056  2289 V MediaScannerEx: [MediaScanner] endFile() mPath = /storage/emulated/0/logger/151410444941a_20150716_113323/MediaDB/MediaUpgradeReceiver.xml ,entry.mRowId = 0 ,alarms = false ,mDefaultTimerAlertSet = false
07-16 11:33:24.030  2056  2289 D LGMediaProvider: [MediaScanner] insert() uri = content://media/external/file, path = /storage/emulated/0/logger/151410444941a_20150716_113323/MediaDB/MediaUpgradeReceiver.xml
07-16 11:33:24.030  2056  2289 V LGMediaProvider: insertInternal: content://media/external/file, initValues=is_hifi=0 mime_type=null _size=112 title=MediaUpgradeReceiver _data=/storage/emulated/0/logger/151410444941a_20150716_113323/MediaDB/MediaUpgradeReceiver.xml is_lock=0 is_drm=false protected_type=0 date_modified=1437057203 format=12288
07-16 11:33:24.030  2056  2289 V LGMediaProvider: inserting directory /storage/emulated/0/logger/151410444941a_20150716_113323/MediaDB
07-16 11:33:24.031  2056  2289 V LGMediaProvider: Returning cached entry for /storage/emulated/0/logger/151410444941a_20150716_113323
07-16 11:33:24.038  2056  2289 V LGMediaProvider: Inserted /storage/emulated/0/logger/151410444941a_20150716_113323/MediaDB
07-16 11:33:24.042  2056  2289 V LGMediaProvider: insertFile: values=is_hifi=0 bucket_id=1176749690 protected_type=0 burst_id=null date_modified=1437057203 bucket_display_name=MediaDB parent=105 format=12288 storage_id=65537 media_type=0 mime_type=null _data=/storage/emulated/0/logger/151410444941a_20150716_113323/MediaDB/MediaUpgradeReceiver.xml title=MediaUpgradeReceiver _size=112 is_drm=false is_lock=0 date_added=1437057204 returned: 106
07-16 11:33:24.043  2056  2289 D LGMediaProvider: [MediaScanner] insert() completed notifyChange, uri = content://media/external/file
07-16 11:33:24.043  2056  2289 V LGMediaProvider: insertInternal: content://media/, initValues=name=external
07-16 11:33:24.045  2056  2289 D MediaScannerService: [MediaScanner] scnaFile() path = /storage/emulated/0/logger/151410444941a_20150716_113323/MediaDB/com.android.providers.media_preferences.xml, volumeName = external
07-16 11:33:24.046  2056  2289 D MediaScannerEx: [MediaScanner] scanSingleFile() path = /storage/emulated/0/logger/151410444941a_20150716_113323/MediaDB/com.android.providers.media_preferences.xml, volumeName = external
07-16 11:33:24.058  2056  2289 D MediaScannerEx: [MediaScanner] beginFile() path = /storage/emulated/0/logger/151410444941a_20150716_113323/MediaDB/com.android.providers.media_preferences.xml
07-16 11:33:24.058  2056  2289 V MediaScannerEx: [MediaScanner] endFile() mPath = /storage/emulated/0/logger/151410444941a_20150716_113323/MediaDB/com.android.providers.media_preferences.xml ,entry.mRowId = 0 ,alarms = false ,mDefaultTimerAlertSet = false
07-16 11:33:24.059  2056  2289 D LGMediaProvider: [MediaScanner] insert() uri = content://media/external/file, path = /storage/emulated/0/logger/151410444941a_20150716_113323/MediaDB/com.android.providers.media_preferences.xml
07-16 11:33:24.059  2056  2289 V LGMediaProvider: insertInternal: content://media/external/file, initValues=is_hifi=0 mime_type=null _size=225 title=com.android.providers.media_preferences _data=/storage/emulated/0/logger/151410444941a_20150716_113323/MediaDB/com.android.providers.media_preferences.xml is_lock=0 is_drm=false protected_type=0 date_modified=1437057203 format=12288
07-16 11:33:24.059  2056  2289 V LGMediaProvider: Returning cached entry for /storage/emulated/0/logger/151410444941a_20150716_113323/MediaDB
07-16 11:33:24.063  2056  2289 V LGMediaProvider: insertFile: values=is_hifi=0 bucket_id=1176749690 protected_type=0 burst_id=null date_modified=1437057203 bucket_display_name=MediaDB parent=105 format=12288 storage_id=65537 media_type=0 mime_type=null _data=/storage/emulated/0/logger/151410444941a_20150716_113323/MediaDB/com.android.providers.media_preferences.xml title=com.android.providers.media_preferences _size=225 is_drm=false is_lock=0 date_added=1437057204 returned: 107
07-16 11:33:24.064  2056  2289 D LGMediaProvider: [MediaScanner] insert() completed notifyChange, uri = content://media/external/file
07-16 11:33:24.065  2056  2289 V LGMediaProvider: insertInternal: content://media/, initValues=name=external
07-16 11:33:24.067  2056  2289 D MediaScannerService: [MediaScanner] scnaFile() path = /storage/emulated/0/logger/151410444941a_20150716_113323/MediaDB/lge_private_log_preferences.xml, volumeName = external
07-16 11:33:24.069  2056  2289 D MediaScannerEx: [MediaScanner] scanSingleFile() path = /storage/emulated/0/logger/151410444941a_20150716_113323/MediaDB/lge_private_log_preferences.xml, volumeName = external
07-16 11:33:24.080  2056  2289 D MediaScannerEx: [MediaScanner] beginFile() path = /storage/emulated/0/logger/151410444941a_20150716_113323/MediaDB/lge_private_log_preferences.xml
07-16 11:33:24.080  2056  2289 V MediaScannerEx: [MediaScanner] endFile() mPath = /storage/emulated/0/logger/151410444941a_20150716_113323/MediaDB/lge_private_log_preferences.xml ,entry.mRowId = 0 ,alarms = false ,mDefaultTimerAlertSet = false
07-16 11:33:24.080  2056  2289 D LGMediaProvider: [MediaScanner] insert() uri = content://media/external/file, path = /storage/emulated/0/logger/151410444941a_20150716_113323/MediaDB/lge_private_log_preferences.xml
07-16 11:33:24.080  2056  2289 V LGMediaProvider: insertInternal: content://media/external/file, initValues=is_hifi=0 mime_type=null _size=245 title=lge_private_log_preferences _data=/storage/emulated/0/logger/151410444941a_20150716_113323/MediaDB/lge_private_log_preferences.xml is_lock=0 is_drm=false protected_type=0 date_modified=1437057203 format=12288
07-16 11:33:24.080  2056  2289 V LGMediaProvider: Returning cached entry for /storage/emulated/0/logger/151410444941a_20150716_113323/MediaDB
07-16 11:33:24.085  2056  2289 V LGMediaProvider: insertFile: values=is_hifi=0 bucket_id=1176749690 protected_type=0 burst_id=null date_modified=1437057203 bucket_display_name=MediaDB parent=105 format=12288 storage_id=65537 media_type=0 mime_type=null _data=/storage/emulated/0/logger/151410444941a_20150716_113323/MediaDB/lge_private_log_preferences.xml title=lge_private_log_preferences _size=245 is_drm=false is_lock=0 date_added=1437057204 returned: 108
07-16 11:33:24.086  2056  2289 D LGMediaProvider: [MediaScanner] insert() completed notifyChange, uri = content://media/external/file
07-16 11:33:24.087  2056  2289 V LGMediaProvider: insertInternal: content://media/, initValues=name=external
07-16 11:33:24.088  2056  2289 D MediaScannerService: [MediaScanner] scnaFile() path = /storage/emulated/0/logger/151410444941a_20150716_113323/logger/main.log, volumeName = external
07-16 11:33:24.090  2056  2289 D MediaScannerEx: [MediaScanner] scanSingleFile() path = /storage/emulated/0/logger/151410444941a_20150716_113323/logger/main.log, volumeName = external
07-16 11:33:24.100  2056  2289 D MediaScannerEx: [MediaScanner] beginFile() path = /storage/emulated/0/logger/151410444941a_20150716_113323/logger/main.log
07-16 11:33:24.100  2056  2289 V MediaScannerEx: [MediaScanner] endFile() mPath = /storage/emulated/0/logger/151410444941a_20150716_113323/logger/main.log ,entry.mRowId = 0 ,alarms = false ,mDefaultTimerAlertSet = false
07-16 11:33:24.100  2056  2289 D LGMediaProvider: [MediaScanner] insert() uri = content://media/external/file, path = /storage/emulated/0/logger/151410444941a_20150716_113323/logger/main.log
07-16 11:33:24.100  2056  2289 V LGMediaProvider: insertInternal: content://media/external/file, initValues=is_hifi=0 mime_type=null _size=1220772 title=main _data=/storage/emulated/0/logger/151410444941a_20150716_113323/logger/main.log is_lock=0 is_drm=false protected_type=0 date_modified=1437057203 format=12288
07-16 11:33:24.101  2056  2289 V LGMediaProvider: Returning cached entry for /storage/emulated/0/logger/151410444941a_20150716_113323/logger
07-16 11:33:24.105  2056  2289 V LGMediaProvider: insertFile: values=is_hifi=0 bucket_id=-258441352 protected_type=0 burst_id=null date_modified=1437057203 bucket_display_name=logger parent=103 format=12288 storage_id=65537 media_type=0 mime_type=null _data=/storage/emulated/0/logger/151410444941a_20150716_113323/logger/main.log title=main _size=1220772 is_drm=false is_lock=0 date_added=1437057204 returned: 109
07-16 11:33:24.106  2056  2289 D LGMediaProvider: [MediaScanner] insert() completed notifyChange, uri = content://media/external/file
07-16 11:33:24.107  2056  2289 V LGMediaProvider: insertInternal: content://media/, initValues=name=external
07-16 11:33:24.108  2056  2289 D MediaScannerService: [MediaScanner] scnaFile() path = /storage/emulated/0/logger/151410444941a_20150716_113323/logger/radio.log, volumeName = external
07-16 11:33:24.110  2056  2289 D MediaScannerEx: [MediaScanner] scanSingleFile() path = /storage/emulated/0/logger/151410444941a_20150716_113323/logger/radio.log, volumeName = external
07-16 11:33:24.121  2056  2289 D MediaScannerEx: [MediaScanner] beginFile() path = /storage/emulated/0/logger/151410444941a_20150716_113323/logger/radio.log
07-16 11:33:24.121  2056  2289 V MediaScannerEx: [MediaScanner] endFile() mPath = /storage/emulated/0/logger/151410444941a_20150716_113323/logger/radio.log ,entry.mRowId = 0 ,alarms = false ,mDefaultTimerAlertSet = false
07-16 11:33:24.121  2056  2289 D LGMediaProvider: [MediaScanner] insert() uri = content://media/external/file, path = /storage/emulated/0/logger/151410444941a_20150716_113323/logger/radio.log
07-16 11:33:24.122  2056  2289 V LGMediaProvider: insertInternal: content://media/external/file, initValues=is_hifi=0 mime_type=null _size=480918 title=radio _data=/storage/emulated/0/logger/151410444941a_20150716_113323/logger/radio.log is_lock=0 is_drm=false protected_type=0 date_modified=1437057203 format=12288
07-16 11:33:24.122  2056  2289 V LGMediaProvider: Returning cached entry for /storage/emulated/0/logger/151410444941a_20150716_113323/logger
07-16 11:33:24.126  2056  2289 V LGMediaProvider: insertFile: values=is_hifi=0 bucket_id=-258441352 protected_type=0 burst_id=null date_modified=1437057203 bucket_display_name=logger parent=103 format=12288 storage_id=65537 media_type=0 mime_type=null _data=/storage/emulated/0/logger/151410444941a_20150716_113323/logger/radio.log title=radio _size=480918 is_drm=false is_lock=0 date_added=1437057204 returned: 110
07-16 11:33:24.127  2056  2289 D LGMediaProvider: [MediaScanner] insert() completed notifyChange, uri = content://media/external/file
07-16 11:33:24.128  2056  2289 V LGMediaProvider: insertInternal: content://media/, initValues=name=external
07-16 11:33:24.129  2056  2289 D MediaScannerService: [MediaScanner] scnaFile() path = /storage/emulated/0/logger/151410444941a_20150716_113323/logger/events.log, volumeName = external
07-16 11:33:24.131  2056  2289 D MediaScannerEx: [MediaScanner] scanSingleFile() path = /storage/emulated/0/logger/151410444941a_20150716_113323/logger/events.log, volumeName = external
07-16 11:33:24.142  2056  2289 D MediaScannerEx: [MediaScanner] beginFile() path = /storage/emulated/0/logger/151410444941a_20150716_113323/logger/events.log
07-16 11:33:24.142  2056  2289 V MediaScannerEx: [MediaScanner] endFile() mPath = /storage/emulated/0/logger/151410444941a_20150716_113323/logger/events.log ,entry.mRowId = 0 ,alarms = false ,mDefaultTimerAlertSet = false
07-16 11:33:24.143  2056  2289 D LGMediaProvider: [MediaScanner] insert() uri = content://media/external/file, path = /storage/emulated/0/logger/151410444941a_20150716_113323/logger/events.log
07-16 11:33:24.143  2056  2289 V LGMediaProvider: insertInternal: content://media/external/file, initValues=is_hifi=0 mime_type=null _size=208156 title=events _data=/storage/emulated/0/logger/151410444941a_20150716_113323/logger/events.log is_lock=0 is_drm=false protected_type=0 date_modified=1437057203 format=12288
07-16 11:33:24.143  2056  2289 V LGMediaProvider: Returning cached entry for /storage/emulated/0/logger/151410444941a_20150716_113323/logger
07-16 11:33:24.154  2056  2289 V LGMediaProvider: insertFile: values=is_hifi=0 bucket_id=-258441352 protected_type=0 burst_id=null date_modified=1437057203 bucket_display_name=logger parent=103 format=12288 storage_id=65537 media_type=0 mime_type=null _data=/storage/emulated/0/logger/151410444941a_20150716_113323/logger/events.log title=events _size=208156 is_drm=false is_lock=0 date_added=1437057204 returned: 111
07-16 11:33:24.155  2056  2289 D LGMediaProvider: [MediaScanner] insert() completed notifyChange, uri = content://media/external/file
07-16 11:33:24.156  2056  2289 V LGMediaProvider: insertInternal: content://media/, initValues=name=external
07-16 11:33:24.158  2056  2289 D MediaScannerService: [MediaScanner] scnaFile() path = /storage/emulated/0/logger/151410444941a_20150716_113323/logger/power.log, volumeName = external
07-16 11:33:24.159  2056  2289 D MediaScannerEx: [MediaScanner] scanSingleFile() path = /storage/emulated/0/logger/151410444941a_20150716_113323/logger/power.log, volumeName = external
07-16 11:33:24.170  2056  2289 D MediaScannerEx: [MediaScanner] beginFile() path = /storage/emulated/0/logger/151410444941a_20150716_113323/logger/power.log
07-16 11:33:24.170  2056  2289 V MediaScannerEx: [MediaScanner] endFile() mPath = /storage/emulated/0/logger/151410444941a_20150716_113323/logger/power.log ,entry.mRowId = 0 ,alarms = false ,mDefaultTimerAlertSet = false
07-16 11:33:24.171  2056  2289 D LGMediaProvider: [MediaScanner] insert() uri = content://media/external/file, path = /storage/emulated/0/logger/151410444941a_20150716_113323/logger/power.log
07-16 11:33:24.171  2056  2289 V LGMediaProvider: insertInternal: content://media/external/file, initValues=is_hifi=0 mime_type=null _size=0 title=power _data=/storage/emulated/0/logger/151410444941a_20150716_113323/logger/power.log is_lock=0 is_drm=false protected_type=0 date_modified=1437057203 format=12288
07-16 11:33:24.171  2056  2289 V LGMediaProvider: Returning cached entry for /storage/emulated/0/logger/151410444941a_20150716_113323/logger
07-16 11:33:24.177  2056  2289 V LGMediaProvider: insertFile: values=is_hifi=0 bucket_id=-258441352 protected_type=0 burst_id=null date_modified=1437057203 bucket_display_name=logger parent=103 format=12288 storage_id=65537 media_type=0 mime_type=null _data=/storage/emulated/0/logger/151410444941a_20150716_113323/logger/power.log title=power _size=0 is_drm=false is_lock=0 date_added=1437057204 returned: 112
07-16 11:33:24.178  2056  2289 D LGMediaProvider: [MediaScanner] insert() completed notifyChange, uri = content://media/external/file
07-16 11:33:24.178  2056  2289 V LGMediaProvider: insertInternal: content://media/, initValues=name=external
07-16 11:33:24.180  2056  2289 D MediaScannerService: [MediaScanner] scnaFile() path = /storage/emulated/0/logger/151410444941a_20150716_113323/MediaDB/external.db, volumeName = external
07-16 11:33:24.181  2056  2289 D MediaScannerEx: [MediaScanner] scanSingleFile() path = /storage/emulated/0/logger/151410444941a_20150716_113323/MediaDB/external.db, volumeName = external
07-16 11:33:24.195  2056  2289 D MediaScannerEx: [MediaScanner] beginFile() path = /storage/emulated/0/logger/151410444941a_20150716_113323/MediaDB/external.db
07-16 11:33:24.196  2056  2289 V MediaScannerEx: [MediaScanner] endFile() mPath = /storage/emulated/0/logger/151410444941a_20150716_113323/MediaDB/external.db ,entry.mRowId = 0 ,alarms = false ,mDefaultTimerAlertSet = false
07-16 11:33:24.196  2056  2289 D LGMediaProvider: [MediaScanner] insert() uri = content://media/external/file, path = /storage/emulated/0/logger/151410444941a_20150716_113323/MediaDB/external.db
07-16 11:33:24.196  2056  2289 V LGMediaProvider: insertInternal: content://media/external/file, initValues=is_hifi=0 mime_type=null _size=208896 title=external _data=/storage/emulated/0/logger/151410444941a_20150716_113323/MediaDB/external.db is_lock=0 is_drm=false protected_type=0 date_modified=1437057203 format=12288
07-16 11:33:24.196  2056  2289 V LGMediaProvider: Returning cached entry for /storage/emulated/0/logger/151410444941a_20150716_113323/MediaDB
07-16 11:33:24.201  2056  2289 V LGMediaProvider: insertFile: values=is_hifi=0 bucket_id=1176749690 protected_type=0 burst_id=null date_modified=1437057203 bucket_display_name=MediaDB parent=105 format=12288 storage_id=65537 media_type=0 mime_type=null _data=/storage/emulated/0/logger/151410444941a_20150716_113323/MediaDB/external.db title=external _size=208896 is_drm=false is_lock=0 date_added=1437057204 returned: 113
07-16 11:33:24.202  2056  2289 D LGMediaProvider: [MediaScanner] insert() completed notifyChange, uri = content://media/external/file
07-16 11:33:24.203  2056  2289 V LGMediaProvider: insertInternal: content://media/, initValues=name=external
07-16 11:33:24.205  2056  2289 D MediaScannerService: [MediaScanner] scnaFile() path = /storage/emulated/0/logger/151410444941a_20150716_113323/logger/kernel.log, volumeName = external
07-16 11:33:24.207  2056  2289 D MediaScannerEx: [MediaScanner] scanSingleFile() path = /storage/emulated/0/logger/151410444941a_20150716_113323/logger/kernel.log, volumeName = external
07-16 11:33:24.219  2056  2289 D MediaScannerEx: [MediaScanner] beginFile() path = /storage/emulated/0/logger/151410444941a_20150716_113323/logger/kernel.log
07-16 11:33:24.219  2056  2289 V MediaScannerEx: [MediaScanner] endFile() mPath = /storage/emulated/0/logger/151410444941a_20150716_113323/logger/kernel.log ,entry.mRowId = 0 ,alarms = false ,mDefaultTimerAlertSet = false
07-16 11:33:24.219  2056  2289 D LGMediaProvider: [MediaScanner] insert() uri = content://media/external/file, path = /storage/emulated/0/logger/151410444941a_20150716_113323/logger/kernel.log
07-16 11:33:24.219  2056  2289 V LGMediaProvider: insertInternal: content://media/external/file, initValues=is_hifi=0 mime_type=null _size=421888 title=kernel _data=/storage/emulated/0/logger/151410444941a_20150716_113323/logger/kernel.log is_lock=0 is_drm=false protected_type=0 date_modified=1437057203 format=12288
07-16 11:33:24.220  2056  2289 V LGMediaProvider: Returning cached entry for /storage/emulated/0/logger/151410444941a_20150716_113323/logger
07-16 11:33:24.225  2056  2289 V LGMediaProvider: insertFile: values=is_hifi=0 bucket_id=-258441352 protected_type=0 burst_id=null date_modified=1437057203 bucket_display_name=logger parent=103 format=12288 storage_id=65537 media_type=0 mime_type=null _data=/storage/emulated/0/logger/151410444941a_20150716_113323/logger/kernel.log title=kernel _size=421888 is_drm=false is_lock=0 date_added=1437057204 returned: 114
07-16 11:33:24.226  2056  2289 D LGMediaProvider: [MediaScanner] insert() completed notifyChange, uri = content://media/external/file
07-16 11:33:24.226  2056  2289 V LGMediaProvider: insertInternal: content://media/, initValues=name=external
07-16 11:33:24.228  2056  2289 D MediaScannerService: [MediaScanner] scnaFile() path = /storage/emulated/0/logger/151410444941a_20150716_113323/logger/packet.pcap, volumeName = external
07-16 11:33:24.231  2056  2289 D MediaScannerEx: [MediaScanner] scanSingleFile() path = /storage/emulated/0/logger/151410444941a_20150716_113323/logger/packet.pcap, volumeName = external
07-16 11:33:24.245  2056  2289 D MediaScannerEx: [MediaScanner] beginFile() path = /storage/emulated/0/logger/151410444941a_20150716_113323/logger/packet.pcap
07-16 11:33:24.245  2056  2289 V MediaScannerEx: [MediaScanner] endFile() mPath = /storage/emulated/0/logger/151410444941a_20150716_113323/logger/packet.pcap ,entry.mRowId = 0 ,alarms = false ,mDefaultTimerAlertSet = false
07-16 11:33:24.246  2056  2289 D LGMediaProvider: [MediaScanner] insert() uri = content://media/external/file, path = /storage/emulated/0/logger/151410444941a_20150716_113323/logger/packet.pcap
07-16 11:33:24.246  2056  2289 V LGMediaProvider: insertInternal: content://media/external/file, initValues=is_hifi=0 mime_type=null _size=0 title=packet _data=/storage/emulated/0/logger/151410444941a_20150716_113323/logger/packet.pcap is_lock=0 is_drm=false protected_type=0 date_modified=1437057203 format=12288
07-16 11:33:24.246  2056  2289 V LGMediaProvider: Returning cached entry for /storage/emulated/0/logger/151410444941a_20150716_113323/logger
07-16 11:33:24.251  2056  2289 V LGMediaProvider: insertFile: values=is_hifi=0 bucket_id=-258441352 protected_type=0 burst_id=null date_modified=1437057203 bucket_display_name=logger parent=103 format=12288 storage_id=65537 media_type=0 mime_type=null _data=/storage/emulated/0/logger/151410444941a_20150716_113323/logger/packet.pcap title=packet _size=0 is_drm=false is_lock=0 date_added=1437057204 returned: 115
07-16 11:33:24.252  2056  2289 D LGMediaProvider: [MediaScanner] insert() completed notifyChange, uri = content://media/external/file
07-16 11:33:24.253  2056  2289 V LGMediaProvider: insertInternal: content://media/, initValues=name=external
07-16 11:33:24.255  2056  2289 D MediaScannerService: [MediaScanner] scnaFile() path = /storage/emulated/0/logger/151410444941a_20150716_113323/logger/packet.pcap0, volumeName = external
07-16 11:33:24.257  2056  2289 D MediaScannerEx: [MediaScanner] scanSingleFile() path = /storage/emulated/0/logger/151410444941a_20150716_113323/logger/packet.pcap0, volumeName = external
07-16 11:33:24.392   747  1672 I art     : Explicit concurrent mark sweep GC freed 21147(1135KB) AllocSpace objects, 1(576KB) LOS objects, 33% free, 24MB/36MB, paused 1.469ms total 127.211ms
07-16 11:33:24.394  2056  2289 D MediaScannerEx: [MediaScanner] beginFile() path = /storage/emulated/0/logger/151410444941a_20150716_113323/logger/packet.pcap0
07-16 11:33:24.394  2056  2289 V MediaScannerEx: [MediaScanner] endFile() mPath = /storage/emulated/0/logger/151410444941a_20150716_113323/logger/packet.pcap0 ,entry.mRowId = 0 ,alarms = false ,mDefaultTimerAlertSet = false
07-16 11:33:24.394  2056  2289 D LGMediaProvider: [MediaScanner] insert() uri = content://media/external/file, path = /storage/emulated/0/logger/151410444941a_20150716_113323/logger/packet.pcap0
07-16 11:33:24.395  2056  2289 V LGMediaProvider: insertInternal: content://media/external/file, initValues=is_hifi=0 mime_type=null _size=332490 title=packet _data=/storage/emulated/0/logger/151410444941a_20150716_113323/logger/packet.pcap0 is_lock=0 is_drm=false protected_type=0 date_modified=1437057203 format=12288
07-16 11:33:24.395  2056  2289 V LGMediaProvider: Returning cached entry for /storage/emulated/0/logger/151410444941a_20150716_113323/logger
07-16 11:33:24.401  2056  2289 V LGMediaProvider: insertFile: values=is_hifi=0 bucket_id=-258441352 protected_type=0 burst_id=null date_modified=1437057203 bucket_display_name=logger parent=103 format=12288 storage_id=65537 media_type=0 mime_type=null _data=/storage/emulated/0/logger/151410444941a_20150716_113323/logger/packet.pcap0 title=packet _size=332490 is_drm=false is_lock=0 date_added=1437057204 returned: 116
07-16 11:33:24.403  2056  2289 D LGMediaProvider: [MediaScanner] insert() completed notifyChange, uri = content://media/external/file
07-16 11:33:24.404  2056  2289 V LGMediaProvider: insertInternal: content://media/, initValues=name=external
07-16 11:33:24.405  2056  2289 D MediaScannerService: [MediaScanner] scnaFile() path = /storage/emulated/0/logger/151410444941a_20150716_113323/MediaDB/external.db-wal, volumeName = external
07-16 11:33:24.407  2056  2289 D MediaScannerEx: [MediaScanner] scanSingleFile() path = /storage/emulated/0/logger/151410444941a_20150716_113323/MediaDB/external.db-wal, volumeName = external
07-16 11:33:24.416  2056  2289 D MediaScannerEx: [MediaScanner] beginFile() path = /storage/emulated/0/logger/151410444941a_20150716_113323/MediaDB/external.db-wal
07-16 11:33:24.416  2056  2289 V MediaScannerEx: [MediaScanner] endFile() mPath = /storage/emulated/0/logger/151410444941a_20150716_113323/MediaDB/external.db-wal ,entry.mRowId = 0 ,alarms = false ,mDefaultTimerAlertSet = false
07-16 11:33:24.417  2056  2289 D LGMediaProvider: [MediaScanner] insert() uri = content://media/external/file, path = /storage/emulated/0/logger/151410444941a_20150716_113323/MediaDB/external.db-wal
07-16 11:33:24.417  2056  2289 V LGMediaProvider: insertInternal: content://media/external/file, initValues=is_hifi=0 mime_type=null _size=469712 title=external _data=/storage/emulated/0/logger/151410444941a_20150716_113323/MediaDB/external.db-wal is_lock=0 is_drm=false protected_type=0 date_modified=1437057203 format=12288
07-16 11:33:24.418  2056  2289 V LGMediaProvider: Returning cached entry for /storage/emulated/0/logger/151410444941a_20150716_113323/MediaDB
