08-21 17:00:30.975  3386  3533 D audio_hw_primary: out_set_parameters: enter: usecase(1: low-latency-playback) kvpairs: fm_volume=0.1804062873
08-21 17:00:30.975  1567  3244 E WifiConfigStore: --- Begin /data/misc/wifi/wpa_supplicant.conf.tmp ---
08-21 17:00:30.975  3386  3533 D audio_hw_fm: audio_extn_fm_set_parameters: set_fm_volume usecase
08-21 17:00:30.975  3386  3533 D audio_hw_fm: fm_set_volume: device=2 (0.180406)
08-21 17:00:30.975  3386  3533 V audio_hw_primary: out_set_parameters: exit: code(0)
08-21 17:00:30.975  3386  3533 V AudioFlinger: processConfigEvents_l() DONE thread 0xf1040000
08-21 17:00:30.975  3386  3520 V AudioPolicyService: AudioCommandThread() going to sleep
08-21 17:00:30.975  3386  3539 V APM::AudioPolicyManager: checkAndSetVolume() cannot set stream 6 volume with force use = 0 for comm
08-21 17:00:30.975  3386  3539 V AudioFlinger: signal playback thread
08-21 17:00:30.976  1567  3244 E WifiConfigStore: Could not open /data/misc/wifi/wpa_supplicant.conf.tmp, java.io.FileNotFoundException: /data/misc/wifi/wpa_supplicant.conf.tmp: open failed: ENOENT (No such file or directory)
08-21 17:00:30.976  1567  3244 E WifiConfigStore: --- End /data/misc/wifi/wpa_supplicant.conf.tmp Contents ---
08-21 17:00:30.976  1567  3244 E WifiConfigStore: --- Begin /data/misc/wifi/networkHistory.txt ---
08-21 17:00:30.976  1567  3244 E WifiConfigStore: DELETED_EPHEMERAL"WiFi Workshop"
08-21 17:00:30.976  1567  3244 E WifiConfigStore: --- End /data/misc/wifi/networkHistory.txt Contents ---
08-21 17:00:30.977 14281 14281 D wpa_supplicant: wlan0: Control interface command 'STATUS-NO_EVENTS'
08-21 17:00:30.978  1567  3268 V SoundPool: delete oldTrack 0x0
08-21 17:00:30.984   475  1316 W CommandListener: Failed to retrieve HW addr for p2p0 (No such device)
08-21 17:00:30.985   475  1316 D CommandListener: Setting iface cfg
08-21 17:00:30.985  3386  3533 V AudioFlinger: acquireWakeLock_l() AudioOut_2 status 0
08-21 17:00:30.986  1567  3244 I WifiServerServiceExt: set CMD_ADD_DEFAULT_PROFILE
08-21 17:00:30.986 31963 31963 D WifiScreenSettings: handleScreenStateChanged == 1
08-21 17:00:30.986  1567  3244 I WifiServerServiceExt: setWifiDualbandAPConnection band : 1
08-21 17:00:30.986 14281 14281 D wpa_supplicant: wlan0: Control interface command 'DUALBAND_AP_CONNECT 1'
08-21 17:00:30.987 14281 14281 E wpa_supplicant: nWIFIDualbandAPConnection: 1
08-21 17:00:30.987  1567  3244 I WifiServerServiceExt: setWifiPasspointEnabled state : 0
08-21 17:00:30.987 14281 14281 D wpa_supplicant: wlan0: Control interface command 'PASSPOINT_DISABLED'
08-21 17:00:30.987 14281 14281 E wpa_supplicant: Passpoint is DISABLED
08-21 17:00:30.989  3599  3599 D [SystemUI]QuickSettingsButton: Set image resource for Miracast button. status = 0, clickable = false
08-21 17:00:30.989  1567  3244 I WifiServerServiceExt: set CMD_DISCONNECT_RSSI_LVL : -100
08-21 17:00:30.989 14281 14281 D wpa_supplicant: wlan0: Control interface command 'DISCONNECT_RSSI_LVL -100'
08-21 17:00:30.989 14281 14281 E wpa_supplicant: disconnect_rssi_lvl: -100
08-21 17:00:30.989  3599  3599 D [SystemUI]QuickSettingsHandler: Miracast :Miracast.
08-21 17:00:30.990  1567  3244 I WifiServerServiceExt: set CMD_SET_FRAMEWORK_AUTO_JOIN 1
08-21 17:00:30.990 14281 14281 D wpa_supplicant: wlan0: Control interface command 'SET_FRAMEWORK_AUTO_JOIN 1'
08-21 17:00:30.990 14281 14281 E wpa_supplicant: wpa_supplicant_ctrl_iface_set_framework_auto_join: enable : 1
08-21 17:00:30.990  1567  3243 D WifiMonitor: startMonitoring(p2p0) with mConnected = true
08-21 17:00:30.990 14281 14281 D wpa_supplicant: RX global ctrl_iface - hexdump(len=26): 53 45 54 20 70 65 72 73 69 73 74 65 6e 74 5f 72 65 63 6f 6e 6e 65 63 74 20 31
08-21 17:00:30.990 14281 14281 D wpa_supplicant: GLOBAL_CTRL_IFACE SET 'persistent_reconnect'='1'
08-21 17:00:30.990 14281 14281 D wpa_supplicant: p2p-dev-wlan0: Control interface command 'SET persistent_reconnect 1'
08-21 17:00:30.990  1567  3244 I WifiServerServiceExt: set CMD_UPDATE_DEFAULT_PROFILE
08-21 17:00:30.990 14281 14281 D wpa_supplicant: CTRL_IFACE SET 'persistent_reconnect'='1'
08-21 17:00:30.990 14281 14281 D wpa_supplicant: persistent_reconnect=1
08-21 17:00:30.991  3386  3532 D audio_hw_primary: start_output_stream: enter: stream(0xf1b28080)usecase(1: low-latency-playback) devices(0x2)
08-21 17:00:30.991  3386  3532 E audio_hw_primary: select_devices: enter and usecase(1)
08-21 17:00:30.991  3386  3532 D msm8974_platform_lge: LGE_platform_get_output_snd_device: enter(0:2)
08-21 17:00:30.991  3386  3532 V msm8974_platform: platform_get_output_snd_device: enter: output devices(0x2)
08-21 17:00:30.991  3386  3532 V msm8974_platform: platform_get_output_snd_device: exit: snd_device(speaker)
08-21 17:00:30.991  3386  3532 V platform_apt: lge_get_output_in_mandatory_depth: enter and devices(2)
08-21 17:00:30.991  3386  3532 D msm8974_platform_lge: LGE_platform_get_output_snd_device: exit: out_snd_device(speaker)
08-21 17:00:30.991  3386  3532 D audio_hw_primary: select_devices: out_snd_device(2: speaker) in_snd_device(0: )
08-21 17:00:30.991  3386  3532 V msm8974_platform: platform_check_and_set_codec_backend_cfg usecase = 1
08-21 17:00:30.991  3386  3532 W msm8974_platform: Codec backend bitwidth 16, samplerate 48000
08-21 17:00:30.991  3386  3532 V msm8974_platform: Offload playback running bw 16 sr 48000
08-21 17:00:30.991  3386  3532 E audio_hw_primary: enable_snd_device: enter  2
08-21 17:00:30.991  3386  3532 D hardware_info: hw_info_append_hw_type : device_name = speaker
08-21 17:00:30.991  3386  3532 V audio_hw_3rdP_spkr_prot: lge_audio_3rdP_spk_prot_enable: Entry
08-21 17:00:30.991 14281 14281 D wpa_supplicant: wlan0: Control interface command 'SET pno 0'
08-21 17:00:30.992 14281 14281 D wpa_supplicant: CTRL_IFACE SET 'pno'='0'
08-21 17:00:30.994 14281 14281 D wpa_supplicant: wlan0: Control interface command 'SCAN TYPE=ONLY'
08-21 17:00:30.994 14281 14281 D wpa_supplicant: wlan0: Setting scan request: 0.000000 sec
08-21 17:00:30.994 14281 14281 D wpa_supplicant: OTA_TEST prop_ota_enable: 0
08-21 17:00:30.994 14281 14281 D wpa_supplicant: wlan0: Starting AP scan for wildcard SSID
08-21 17:00:30.994 14281 14281 D wpa_supplicant: wlan0: Add radio work 'scan'@0x7f9581c280
08-21 17:00:30.994 14281 14281 D wpa_supplicant: wlan0: First radio work item in the queue - schedule start immediately
08-21 17:00:30.995 14281 14281 D wpa_supplicant: wlan0: Starting radio work 'scan'@0x7f9581c280 after 0.000058 second wait
08-21 17:00:30.995 14281 14281 D wpa_supplicant: wlan0: nl80211: scan request
08-21 17:00:30.995  3599  3599 I [SystemUI]QuickSettingsHandler: Got action android.net.wifi.WIFI_STATE_CHANGED at null
08-21 17:00:31.000  3599  3599 D [SystemUI]QuickSettingsButton: Set image resource for Wi-Fi button. status = 1, clickable = true
08-21 17:00:31.001  3599  3599 D [SystemUI]QuickSettingsHandler: Wi-Fi :Wi-Fi ligado.
08-21 17:00:31.004 31963 31963 V WiFiOffLoadBroadcast: WiFiOffLoadBroadcast: android.net.wifi.WIFI_STATE_CHANGED
08-21 17:00:31.012  3386  3532 V audio_hw_3rdP_spkr_prot: lge_audio_3rdP_spk_prot_enable: Exit
08-21 17:00:31.012  3386  3532 V audio_hw_primary: enable_snd_device: snd_device(2: speaker)
08-21 17:00:31.012  3386  3532 I audio_hw_primary: select_devices Selected apptype: 69937
08-21 17:00:31.012  3386  3532 V audio_hw_primary: enable_audio_route: enter: usecase(1)
08-21 17:00:31.012  3386  3532 D audio_hw_utils: audio_extn_utils_send_audio_calibration: audio_extn_utils_send_audio_calibration(0)
08-21 17:00:31.012  3386  3532 V msm8974_platform: platform_send_audio_calibration: sending audio calibration for snd_device(2) acdb_id(14)
08-21 17:00:31.012  3386  3532 D ACDB-LOADER: ACDB -> send_audio_cal, acdb_id = 14, path =  0
08-21 17:00:31.012  3386  3532 D ACDB-LOADER: ACDB -> send_asm_topology
08-21 17:00:31.012  3386  3532 D ACDB-LOADER: ACDB -> ACDB_CMD_GET_AUDPROC_STREAM_TOPOLOGY_ID
08-21 17:00:31.012  3386  3532 D ACDB-LOADER: ACDB -> send_adm_topology
08-21 17:00:31.012  3386  3532 D ACDB-LOADER: ACDB -> ACDB_CMD_GET_AUDPROC_COMMON_TOPOLOGY_ID
08-21 17:00:31.012  3386  3532 D ACDB-LOADER: ACDB -> send_audtable
08-21 17:00:31.012  3386  3532 D ACDB-LOADER: ACDB -> ACDB_CMD_GET_AUDPROC_COMMON_TABLE
08-21 17:00:31.012  3386  3532 D ACDB-LOADER: ACDB -> AUDIO_SET_AUDPROC_CAL
08-21 17:00:31.012  3386  3532 D ACDB-LOADER: ACDB -> send_audvoltable
08-21 17:00:31.012  3386  3532 D ACDB-LOADER: ACDB -> ACDB_CMD_GET_AUDPROC_GAIN_DEP_STEP_TABLE
08-21 17:00:31.012  3386  3532 D ACDB-LOADER: ACDB -> AUDIO_SET_AUDPROC_VOL_CAL
08-21 17:00:31.012  3386  3532 D ACDB-LOADER: ACDB -> send_afe_cal
08-21 17:00:31.012  3386  3532 D ACDB-LOADER: ACDB -> ACDB_CMD_GET_AFE_COMMON_TABLE
08-21 17:00:31.012  3386  3532 D ACDB-LOADER: ACDB -> AUDIO_SET_AFE_CAL
08-21 17:00:31.012  3386  3532 D ACDB-LOADER: ACDB -> send_hw_delay : acdb_id = 14 path = 0
08-21 17:00:31.012  3386  3532 D ACDB-LOADER: ACDB -> ACDB_AVSYNC_INFO: ACDB_CMD_GET_DEVICE_PROPERTY
08-21 17:00:31.013  3386  3532 I audio_hw_utils: audio_extn_utils_send_app_type_cfg app_type 69937, acdb_dev_id 14, sample_rate 48000
08-21 17:00:31.013  3386  3532 V msm8974_platform_lge: LGE_platform_add_backend_name: enter: 2
08-21 17:00:31.013  3386  3532 V audio_hw_primary: enable_audio_route: apply mixer and update path: low-latency-playback quat-mi2s-speaker
08-21 17:00:31.014  3386  3532 V audio_hw_primary: enable_audio_route: exit
08-21 17:00:31.014  3386  3532 D audio_hw_primary: select_devices: done
08-21 17:00:31.014  3386  3532 V audio_hw_primary: start_output_stream: Opening PCM device card_id(0) device_id(15) format(0)
08-21 17:00:31.017  3386  3532 V msm8974_platform: platform_set_channel_map channel_count:2
08-21 17:00:31.017  3386  3532 D msm8974_platform: platform_set_channel_map mixer_ctl_name:Playback Channel Map15
08-21 17:00:31.017  3386  3532 D msm8974_platform: platform_set_channel_map: set mapping(1 2 0 0 0 0 0 0) for channel:2
08-21 17:00:31.017  3386  3532 V audio_hw_primary: start_output_stream: exit
08-21 17:00:31.023 31963 31963 D WiFiOffLoadBroadcast: MCCMNC not supported: 72405
08-21 17:00:31.029 31963 31963 D Search  : Broadcast action : android.net.wifi.WIFI_STATE_CHANGED
08-21 17:00:31.051  1529  1529 I LIA_SmartSetting(4.70.1.2)_LogCore: LIA Log setTagPrefix - prefix : LIA_SmartSetting(4.70.1.2)_
08-21 17:00:31.051  1529  1529 V LIA_SmartSetting(4.70.1.2)_ContextDetector: onReceive action android.net.wifi.WIFI_STATE_CHANGED
08-21 17:00:31.051  1529  1529 D LIA_SmartSetting(4.70.1.2)_WifiContextDetector: onReceive state= 3
08-21 17:00:31.051  1529  1529 D LIA_SmartSetting(4.70.1.2)_LGIFTTT: recipeSlug= arrive_home_wifi
08-21 17:00:31.051  1529  1529 D LIA_SmartSetting(4.70.1.2)_LGIFTTT: RECIPE_URI= content://com.lge.iftttmanager.provider/recipe
08-21 17:00:31.051  1529  1529 D LIA_SmartSetting(4.70.1.2)_LGIFTTT: selection= recipe_slug = "arrive_home_wifi"
08-21 17:00:31.053  1529  1529 D LIA_SmartSetting(4.70.1.2)_LGIFTTT: status= 0
08-21 17:00:31.053  1529  1529 D LIA_SmartSetting(4.70.1.2)_ContextDetector: onUpdate Wi-Fi on
08-21 17:00:31.054  1529  1529 I CAPP_DB_LOG: opened database address/path : 0xf518c700, /data/user/0/com.lge.ia.task.smartsetting/databases/smartsetting.db
08-21 17:00:31.055  1529  1529 I CAPP_DB_LOG:   database address : 0xf518c700, pragma journal_mode = PERSIST
08-21 17:00:31.055  1529  1529 I CAPP_DB_LOG:   database address : 0xf518c700, pragma journal_size_limit = 524288
08-21 17:00:31.056  1529  1529 I CAPP_DB_LOG:   database address : 0xf518c700, pragma wal_autocheckpoint = 100
08-21 17:00:31.060  1529  1529 D LIA_SmartSetting(4.70.1.2)_Recommender: onStatusChanged value= Wi-Fi on
08-21 17:00:31.061  1529  1529 V LIA_SmartSetting(4.70.1.2)_SenseLocation: getCurrentPlaceId 
08-21 17:00:31.061  1529  1529 D LIA_SmartSetting(4.70.1.2)_Recommender: not entered home
08-21 17:00:31.061  1529  1529 V LIA_SmartSetting(4.70.1.2)_DeviceLogger: DeviceLogger.log: DeviceSettingProfile [profileId=-1, timestamp=1440187231061, , settingStatus=Wi-Fi on, deviceTypeOrdinal=0]
08-21 17:00:31.061  1529  1529 I CAPP_DB_LOG: opened database address/path : 0xf518c980, /data/user/0/com.lge.ia.task.smartsetting/databases/smartsetting.db
08-21 17:00:31.062  1529  1529 I CAPP_DB_LOG:   database address : 0xf518c980, pragma journal_mode = PERSIST
08-21 17:00:31.062  1529  1529 I CAPP_DB_LOG:   database address : 0xf518c980, pragma journal_size_limit = 524288
08-21 17:00:31.062  1529  1529 I CAPP_DB_LOG:   database address : 0xf518c980, pragma wal_autocheckpoint = 100
08-21 17:00:31.064  1529  1529 D LIA_SmartSetting(4.70.1.2)_LocationDBManagerDBAdapter: insert start
08-21 17:00:31.069  1529  1529 D LIA_SmartSetting(4.70.1.2)_LocationDBManager: insertSettingInfo ID = 29
08-21 17:00:31.069  1529  1529 I CAPP_DB_LOG: closed database address/path : 0xf518c980, /data/user/0/com.lge.ia.task.smartsetting/databases/smartsetting.db
08-21 17:00:31.098 14281 14281 D wpa_supplicant: Scan requested (ret=0) - scan timeout 30 seconds
08-21 17:00:31.098 14281 14281 D wpa_supplicant: RX global ctrl_iface - hexdump(len=22): 53 45 54 20 64 65 76 69 63 65 5f 6e 61 6d 65 20 47 34 20 4c 4f 53
08-21 17:00:31.098 14281 14281 D wpa_supplicant: GLOBAL_CTRL_IFACE SET 'device_name'='G4 LOS'
08-21 17:00:31.099 14281 14281 D wpa_supplicant: p2p-dev-wlan0: Control interface command 'SET device_name G4 LOS'
08-21 17:00:31.099 14281 14281 D wpa_supplicant: CTRL_IFACE SET 'device_name'='G4 LOS'
08-21 17:00:31.099 14281 14281 D wpa_supplicant: device_name='G4 LOS'
08-21 17:00:31.099 14281 14281 D wpa_supplicant: nl80211: Drv Event 33 (NL80211_CMD_TRIGGER_SCAN) received for wlan0
08-21 17:00:31.099 14281 14281 D wpa_supplicant: wlan0: nl80211: Scan trigger
08-21 17:00:31.099 14281 14281 D wpa_supplicant: wlan0: Event SCAN_STARTED (49) received
08-21 17:00:31.099 14281 14281 D wpa_supplicant: wlan0: Own scan request started a scan in 0.000387 seconds
08-21 17:00:31.099 14281 14281 I wpa_supplicant: wlan0: CTRL-EVENT-SCAN-STARTED 
08-21 17:00:31.099 14281 14281 D wpa_supplicant: CTRL_IFACE monitor sent successfully to /data/misc/wifi/sockets/wpa_ctrl_4223-4\x00
08-21 17:00:31.099 14281 14281 D wpa_supplicant: CTRL_IFACE monitor sent successfully to /data/misc/wifi/sockets/wpa_ctrl_1567-5\x00
08-21 17:00:31.099  1567  3243 D WifiServerServiceExt: postfix byte check : 6
08-21 17:00:31.099 14281 14281 D wpa_supplicant: RX global ctrl_iface - hexdump(len=28): 53 45 54 20 70 32 70 5f 73 73 69 64 5f 70 6f 73 74 66 69 78 20 2d 47 34 20 4c 4f 53
08-21 17:00:31.099 14281 14281 D wpa_supplicant: GLOBAL_CTRL_IFACE SET 'p2p_ssid_postfix'='-G4 LOS'
08-21 17:00:31.099 14281 14281 D wpa_supplicant: p2p-dev-wlan0: Control interface command 'SET p2p_ssid_postfix -G4 LOS'
08-21 17:00:31.099 14281 14281 D wpa_supplicant: CTRL_IFACE SET 'p2p_ssid_postfix'='-G4 LOS'
08-21 17:00:31.099 14281 14281 D wpa_supplicant: p2p_ssid_postfix='-G4 LOS'
08-21 17:00:31.099 14281 14281 D wpa_supplicant: P2P: New SSID postfix: -G4 LOS
08-21 17:00:31.100 14281 14281 D wpa_supplicant: RX global ctrl_iface - hexdump(len=29): 53 45 54 20 64 65 76 69 63 65 5f 74 79 70 65 20 31 30 2d 30 30 35 30 46 32 30 34 2d 35
08-21 17:00:31.100 14281 14281 D wpa_supplicant: GLOBAL_CTRL_IFACE SET 'device_type'='10-0050F204-5'
08-21 17:00:31.100 14281 14281 D wpa_supplicant: p2p-dev-wlan0: Control interface command 'SET device_type 10-0050F204-5'
08-21 17:00:31.100 14281 14281 D wpa_supplicant: CTRL_IFACE SET 'device_type'='10-0050F204-5'
08-21 17:00:31.100 14281 14281 D wpa_supplicant: RX global ctrl_iface - hexdump(len=79): 53 45 54 20 63 6f 6e 66 69 67 5f 6d 65 74 68 6f 64 73 20 76 69 72 74 75 61 6c 5f 70 75 73 68 5f ...
08-21 17:00:31.100 14281 14281 D wpa_supplicant: GLOBAL_CTRL_IFACE SET 'config_methods'='virtual_push_button physical_display keypad wfds_default_pin'
08-21 17:00:31.100 14281 14281 D wpa_supplicant: p2p-dev-wlan0: Control interface command 'SET config_methods virtual_push_button physical_display keypad wfds_default_pin'
08-21 17:00:31.100 14281 14281 D wpa_supplicant: CTRL_IFACE SET 'config_methods'='virtual_push_button physical_display keypad wfds_default_pin'
08-21 17:00:31.100 14281 14281 D wpa_supplicant: config_methods='virtual_push_button physical_display keypad wfds_default_pin'
08-21 17:00:31.100 14281 14281 D wpa_supplicant: WFDS: P2P set config_methods to 0x5388
08-21 17:00:31.100 14281 14281 D wpa_supplicant: p2p-dev-wlan0: Control interface command 'P2P_SET conc_pref p2p'
08-21 17:00:31.100 14281 14281 D wpa_supplicant: Single channel concurrency preference: p2p
08-21 17:00:31.100  1567  3243 D WifiNative-HAL: p2pGetDeviceAddress
08-21 17:00:31.100 14281 14281 D wpa_supplicant: RX global ctrl_iface - hexdump(len=6): 53 54 41 54 55 53
08-21 17:00:31.101  1567  3243 D WifiNative-HAL: p2pGetDeviceAddress returning 02:90:4c:d4:02:ca
08-21 17:00:31.102  4223  4223 D WfdsService: WIFI_P2P_THIS_DEVICE_CHANGED_ATCION
08-21 17:00:31.102  4223  4223 D WfdsService: Update P2p Interface State: 3
08-21 17:00:31.102  4064  4064 I WfdStateTracker: handleP2pThisDeviceChanged: 3
08-21 17:00:31.102 14281 14281 D wpa_supplicant: p2p-dev-wlan0: Control interface command 'P2P_FLUSH'
08-21 17:00:31.102 14281 14281 D wpa_supplicant: P2P: Stopping find
08-21 17:00:31.102 14281 14281 D wpa_supplicant: P2P: Clear timeout (state=IDLE)
08-21 17:00:31.102 14281 14281 D wpa_supplicant: P2P: State IDLE -> IDLE
08-21 17:00:31.102 14281 14281 D wpa_supplicant: wpa_driver_set_ap_wps_p2p_ie: Entry
08-21 17:00:31.102 14281 14281 I wpa_supplicant: P2P-DEVICE-LOST p2p_dev_addr=4e:09:d4:43:0e:ee
08-21 17:00:31.102 14281 14281 D wpa_supplicant: CTRL_IFACE monitor sent successfully to /data/misc/wifi/sockets/wpa_ctrl_4223-4\x00
08-21 17:00:31.102 14281 14281 D wpa_supplicant: CTRL_IFACE monitor sent successfully to /data/misc/wifi/sockets/wpa_ctrl_1567-5\x00
08-21 17:00:31.102  4223 14333 D P2pExtMonWorker: Event [P2P-DEVICE-LOST p2p_dev_addr=4e:09:d4:43:0e:ee]
08-21 17:00:31.102 14281 14281 D wpa_supplicant: p2p-dev-wlan0: Control interface command 'P2P_SERVICE_FLUSH'
08-21 17:00:31.103 14281 14281 D wpa_supplicant: p2p-dev-wlan0: Control interface command 'LIST_NETWORKS'
08-21 17:00:31.103 14281 14281 D wpa_supplicant: RX global ctrl_iface - hexdump(len=11): 53 41 56 45 5f 43 4f 4e 46 49 47
08-21 17:00:31.103 14281 14281 D wpa_supplicant: Writing configuration file '/data/misc/wifi/p2p_supplicant.conf.tmp'
08-21 17:00:31.112 14281 14281 D wpa_supplicant: Configuration file '/data/misc/wifi/p2p_supplicant.conf' written successfully
08-21 17:00:31.112 14281 14281 D wpa_supplicant: p2p-dev-wlan0: CTRL_IFACE: SAVE_CONFIG - Configuration updated
08-21 17:00:31.112 14281 14281 D wpa_supplicant: Writing configuration file '/data/misc/wifi/wpa_supplicant.conf.tmp'
08-21 17:00:31.116 14281 14281 D wpa_supplicant: Configuration file '/data/misc/wifi/wpa_supplicant.conf' written successfully
08-21 17:00:31.116 14281 14281 D wpa_supplicant: wlan0: CTRL_IFACE: SAVE_CONFIG - Configuration updated
08-21 17:00:31.117 14281 14281 D wpa_supplicant: p2p-dev-wlan0: Control interface command 'DRIVER COUNTRY BR'
08-21 17:00:31.117 14281 14281 D wpa_supplicant: Re-routing DRIVER cmd to parent iface
08-21 17:00:31.117 14281 14281 D wpa_supplicant: Re-routing command to iface: wlan0 cmd (COUNTRY BR)
08-21 17:00:31.118  4223  4223 D WfdsService: WifiP2pState is changed : true
08-21 17:00:31.118  4064  4064 V WfdStateTracker: handleDirectStateChangedEvent: 2
08-21 17:00:31.118  4223  4332 D WfdsService: Receive the WFDS_ENABLE Method
08-21 17:00:31.118  4064  4064 D WfdStateTracker: Wfd0 State Changed from 1 to 2
08-21 17:00:31.118  4223  4332 D WfdsService: Set the WFDS Monitor: true
08-21 17:00:31.118  4064  4064 D UinputSourceController: Deinit : current mUibcState is INVALID
08-21 17:00:31.118  4064  4064 I WfdMonitor: Start WfdMonitor
08-21 17:00:31.118  4223  4332 D P2pExtMonWorker: startMonitoring(0 : WfdsMonitor) with mConnected = true
08-21 17:00:31.118  4223  4332 D WfdsMonitor: supplicantConnection(true)
08-21 17:00:31.118  4223  4332 D WfdsService: Connected to the supplicant for wfds
08-21 17:00:31.118  4223  4332 D p2pext_jni: doCommand: WFDS_SET TRUE
08-21 17:00:31.118  4634  4634 D Leccp_1.0.23: [NetworkP2p] onReceive WIFI_P2P_STATE_CHANGED_ACTION state: 2
08-21 17:00:31.118  4634  4634 D Leccp_1.0.23: [ConnectionManager] onListenerMessage P2P ON_ENABLED
08-21 17:00:31.118 14281 14281 D wpa_supplicant: wlan0: Event CHANNEL_LIST_CHANGED (30) received
08-21 17:00:31.118  3386  3533 V audio_hw_primary: out_get_latency: Latency 10
08-21 17:00:31.118 14281 14281 I wpa_supplicant: wlan0: CTRL-EVENT-REGDOM-CHANGE init=USER type=COUNTRY alpha2=BR
08-21 17:00:31.119 14281 14281 D wpa_supplicant: CTRL_IFACE monitor sent successfully to /data/misc/wifi/sockets/wpa_ctrl_4223-4\x00
08-21 17:00:31.119 14281 14281 D wpa_supplicant: CTRL_IFACE monitor sent successfully to /data/misc/wifi/sockets/wpa_ctrl_1567-5\x00
08-21 17:00:31.119  1567   913 V SoundPool: process 0x7f674e34d0 channel 534 event BUFFER_END
08-21 17:00:31.119  1567  3920 V SoundPool: awake
08-21 17:00:31.119  1567  3920 V SoundPool: Getting channel from stop list
08-21 17:00:31.119  1567  3920 V SoundPool: stop
08-21 17:00:31.119  3599  3599 I [SystemUI]QuickSettingsHandler: Got action android.net.wifi.p2p.STATE_CHANGED at null
08-21 17:00:31.119 14281 14281 D wpa_supplicant: nl80211: Regulatory information - country=00
08-21 17:00:31.119 14281 14281 D wpa_supplicant: nl80211: 2402-2472 @ 40 MHz 20 mBm
08-21 17:00:31.119 14281 14281 D wpa_supplicant: nl80211: 2457-2482 @ 40 MHz 20 mBm (no IR)
08-21 17:00:31.119 14281 14281 D wpa_supplicant: nl80211: 2474-2494 @ 20 MHz 20 mBm (no OFDM) (no IR)
08-21 17:00:31.119 14281 14281 D wpa_supplicant: nl80211: 5170-5250 @ 80 MHz 20 mBm (no IR)
08-21 17:00:31.120 14281 14281 D wpa_supplicant: nl80211: 5250-5330 @ 80 MHz 20 mBm (no IR)
08-21 17:00:31.120 14281 14281 D wpa_supplicant: nl80211: 5490-5710 @ 80 MHz 20 mBm (no IR)
08-21 17:00:31.120 14281 14281 D wpa_supplicant: nl80211: 5735-5835 @ 80 MHz 20 mBm (no IR)
08-21 17:00:31.120 14281 14281 D wpa_supplicant: nl80211: 57240-63720 @ 2160 MHz 0 mBm
08-21 17:00:31.120 14281 14281 D wpa_supplicant: nl80211: Added 802.11b mode based on 802.11g information
08-21 17:00:31.120 14281 14281 D wpa_supplicant: P2P: Add operating class 81
08-21 17:00:31.120 14281 14281 D wpa_supplicant: P2P: Channels - hexdump(len=13): 01 02 03 04 05 06 07 08 09 0a 0b 0c 0d
08-21 17:00:31.120 14281 14281 D wpa_supplicant: P2P: Add operating class 115
08-21 17:00:31.120 14281 14281 D wpa_supplicant: P2P: Channels - hexdump(len=4): 24 28 2c 30
08-21 17:00:31.120 14281 14281 D wpa_supplicant: P2P: Add operating class 124
08-21 17:00:31.120 14281 14281 D wpa_supplicant: P2P: Channels - hexdump(len=4): 95 99 9d a1
08-21 17:00:31.120 14281 14281 D wpa_supplicant: P2P: Update channel list
08-21 17:00:31.120 14281 14281 D wpa_supplicant: P2P: channels: 81:1,2,3,4,5,6,7,8,9,10,11,12,13 115:36,40,44,48 124:149,153,157,161
08-21 17:00:31.120 14281 14281 D wpa_supplicant: P2P: cli_channels:
08-21 17:00:31.120 14281 14281 D wpa_supplicant: p2p-dev-wlan0: Updating hw mode
08-21 17:00:31.120  4223  4223 D WfdsService: WIFI_P2P_CONNECTION_CHANGED_ACTION
08-21 17:00:31.120 14281 14281 D wpa_supplicant: nl80211: Regulatory information - country=00
08-21 17:00:31.120 14281 14281 D wpa_supplicant: nl80211: 2402-2472 @ 40 MHz 20 mBm
08-21 17:00:31.120 14281 14281 D wpa_supplicant: nl80211: 2457-2482 @ 40 MHz 20 mBm (no IR)
08-21 17:00:31.120 14281 14281 D wpa_supplicant: nl80211: 2474-2494 @ 20 MHz 20 mBm (no OFDM) (no IR)
08-21 17:00:31.121 14281 14281 D wpa_supplicant: nl80211: 5170-5250 @ 80 MHz 20 mBm (no IR)
08-21 17:00:31.121 14281 14281 D wpa_supplicant: nl80211: 5250-5330 @ 80 MHz 20 mBm (no IR)
08-21 17:00:31.121 14281 14281 D wpa_supplicant: nl80211: 5490-5710 @ 80 MHz 20 mBm (no IR)
08-21 17:00:31.121 14281 14281 D wpa_supplicant: nl80211: 5735-5835 @ 80 MHz 20 mBm (no IR)
08-21 17:00:31.121 14281 14281 D wpa_supplicant: nl80211: 57240-63720 @ 2160 MHz 0 mBm
08-21 17:00:31.121 14281 14281 D wpa_supplicant: nl80211: Added 802.11b mode based on 802.11g information
08-21 17:00:31.121 14281 14281 D wpa_supplicant: wpa_driver_nl80211_driver_cmd  len = 0, 0
08-21 17:00:31.121 14281 14281 I wpa_supplicant: [LGE_PATCH] driver_cmd() country:BR
08-21 17:00:31.121 14281 14281 I wpa_supplicant: [LGE_PATCH] gSupportP2P5G:DISABLE_UNII_1n2
08-21 17:00:31.121 14281 14281 D wpa_supplicant: p2p-dev-wlan0: Control interface command 'WFDS_SET TRUE'
08-21 17:00:31.121 14281 14281 I wpa_supplicant: WFDS: wfds_supplicant_wfds_cmd: cmd = SET TRUE
08-21 17:00:31.121 14281 14281 D wpa_supplicant: WFDS: wpas_wfds_setEnable set wfds_enabled = 1
08-21 17:00:31.121 14281 14281 D wpa_supplicant: WFDS: ON at wfds.c
08-21 17:00:31.121  4634  4634 D Leccp_1.0.23: [NetworkP2p] onReceive WIFI_P2P_CONNECTION_CHANGED_ACTION isConnected: false
08-21 17:00:31.121  4634  4634 D Leccp_1.0.23: [NetworkP2p] setState currentState: 0 ,state: 0, ipAddress: null
08-21 17:00:31.122  4223  4332 D p2pext_jni: doCommand: WFDS_CLEAR_PD_INFO
08-21 17:00:31.123  1567  1567 E WifiServerServiceExt: No p2p device connected
08-21 17:00:31.123 14281 14281 D wpa_supplicant: p2p-dev-wlan0: Control interface command 'WFDS_CLEAR_PD_INFO'
08-21 17:00:31.123 14281 14281 I wpa_supplicant: WFDS: wfds_supplicant_wfds_cmd: cmd = CLEAR_PD_INFO
08-21 17:00:31.123  4223  4332 D p2pext_jni: wifip2p_send_command: [WFDS_CLEAR_PD_INFO] failed
08-21 17:00:31.123  4223  4332 D WfdsService: selectPreferredScanChannel [185]
08-21 17:00:31.123  4223  4332 D WfdsService: STATE : WfdsEnabledState - enter: this device mac 02:90:4c:d4:02:ca
08-21 17:00:31.123 14281 14281 D wpa_supplicant: RX global ctrl_iface - hexdump(len=18): 53 45 54 20 77 69 66 69 5f 64 69 73 70 6c 61 79 20 31
08-21 17:00:31.123 14281 14281 D wpa_supplicant: GLOBAL_CTRL_IFACE SET 'wifi_display'='1'
08-21 17:00:31.123 14281 14281 D wpa_supplicant: WFD: Wi-Fi Display enabled
08-21 17:00:31.123 14281 14281 D wpa_supplicant: WFD: Update WFD IE
08-21 17:00:31.123 14281 14281 D wpa_supplicant: WFD: WFD IE for Beacon - hexdump(len=15): dd 0d 50 6f 9a 0a 00 00 06 00 10 1c 44 00 32
08-21 17:00:31.123 14281 14281 D wpa_supplicant: WFD: WFD IE for (Re)Association Request - hexdump(len=15): dd 0d 50 6f 9a 0a 00 00 06 00 10 1c 44 00 32
08-21 17:00:31.123 14281 14281 D wpa_supplicant: WFD: WFD IE for GO Negotiation - hexdump(len=15): dd 0d 50 6f 9a 0a 00 00 06 00 10 1c 44 00 32
08-21 17:00:31.123 14281 14281 D wpa_supplicant: WFD: WFD IE for Provision Discovery Request - hexdump(len=15): dd 0d 50 6f 9a 0a 00 00 06 00 10 1c 44 00 32
08-21 17:00:31.123 14281 14281 D wpa_supplicant: WFD: WFD IE for Probe Request - hexdump(len=15): dd 0d 50 6f 9a 0a 00 00 06 00 10 1c 44 00 32
08-21 17:00:31.123 14281 14281 D wpa_supplicant: WFD: WFD IE for Probe Response - hexdump(len=15): dd 0d 50 6f 9a 0a 00 00 06 00 10 1c 44 00 32
08-21 17:00:31.123 14281 14281 D wpa_supplicant: WFD: WFD IE for P2P Invitation - hexdump(len=15): dd 0d 50 6f 9a 0a 00 00 06 00 10 1c 44 00 32
08-21 17:00:31.123 14281 14281 D wpa_supplicant: WFD: WFD IE for Provision Discovery Response - hexdump(len=15): dd 0d 50 6f 9a 0a 00 00 06 00 10 1c 44 00 32
08-21 17:00:31.124 14281 14281 D wpa_supplicant: p2p-dev-wlan0: Control interface command 'WFD_SUBELEM_SET 0 000600101c440032'
08-21 17:00:31.124 14281 14281 D wpa_supplicant: WFD: Set subelement 0
08-21 17:00:31.124 14281 14281 D wpa_supplicant: WFD: Update WFD IE
08-21 17:00:31.124 14281 14281 D wpa_supplicant: WFD: WFD IE for Beacon - hexdump(len=15): dd 0d 50 6f 9a 0a 00 00 06 00 10 1c 44 00 32
08-21 17:00:31.124 14281 14281 D wpa_supplicant: WFD: WFD IE for (Re)Association Request - hexdump(len=15): dd 0d 50 6f 9a 0a 00 00 06 00 10 1c 44 00 32
08-21 17:00:31.124 14281 14281 D wpa_supplicant: WFD: WFD IE for GO Negotiation - hexdump(len=15): dd 0d 50 6f 9a 0a 00 00 06 00 10 1c 44 00 32
08-21 17:00:31.124 14281 14281 D wpa_supplicant: WFD: WFD IE for Provision Discovery Request - hexdump(len=15): dd 0d 50 6f 9a 0a 00 00 06 00 10 1c 44 00 32
08-21 17:00:31.124 14281 14281 D wpa_supplicant: WFD: WFD IE for Probe Request - hexdump(len=15): dd 0d 50 6f 9a 0a 00 00 06 00 10 1c 44 00 32
08-21 17:00:31.124 14281 14281 D wpa_supplicant: WFD: WFD IE for Probe Response - hexdump(len=15): dd 0d 50 6f 9a 0a 00 00 06 00 10 1c 44 00 32
08-21 17:00:31.124 14281 14281 D wpa_supplicant: WFD: WFD IE for P2P Invitation - hexdump(len=15): dd 0d 50 6f 9a 0a 00 00 06 00 10 1c 44 00 32
08-21 17:00:31.124 14281 14281 D wpa_supplicant: WFD: WFD IE for Provision Discovery Response - hexdump(len=15): dd 0d 50 6f 9a 0a 00 00 06 00 10 1c 44 00 32
08-21 17:00:31.125  1544  1544 V [BNRBootReceiver]: boot receiver action = android.net.wifi.p2p.CONNECTION_STATE_CHANGE
08-21 17:00:31.125  1544  1544 D BNRAndroBeam: [BnR DirectBeam] Android Direct Beam(NFC) Connection changed
08-21 17:00:31.125  1544  1544 V [BNRBootReceiver]: Boot Receiver Return
08-21 17:00:31.126  1567  3920 V SoundPool: done_l(534)
08-21 17:00:31.126  1567  3920 V SoundPool: move to front
08-21 17:00:31.129  4223  4223 D WfdsService: isConnected: false
08-21 17:00:31.131  4223  4223 D WfdsService: WIFI_P2P_THIS_DEVICE_CHANGED_ATCION
08-21 17:00:31.131  4223  4223 D WfdsService: Update P2p Interface State: 3
08-21 17:00:31.132  4223  4223 D WfdsService: GroupInfoAvailable: mGroupInfo is null
08-21 17:00:31.133 14281 14281 D wpa_supplicant: p2p-dev-wlan0: Control interface command 'P2P_FIND 120'
08-21 17:00:31.134 14281 14281 D wpa_supplicant: P2P: Starting find (type=0)
08-21 17:00:31.134 14281 14281 D wpa_supplicant: P2P: Clear timeout (state=IDLE)
08-21 17:00:31.134 14281 14281 D wpa_supplicant: wpa_driver_set_ap_wps_p2p_ie: Entry
08-21 17:00:31.134 14281 14281 D wpa_supplicant: P2P: State IDLE -> SEARCH
08-21 17:00:31.134 14281 14281 D wpa_supplicant: P2P: [LGE_P2P] social_scan_first_num:6
08-21 17:00:31.134 14281 14281 D wpa_supplicant: WPS: Building WPS IE for Probe Request
08-21 17:00:31.134 14281 14281 D wpa_supplicant: WPS:  * Version (hardcoded 0x10)
08-21 17:00:31.134 14281 14281 D wpa_supplicant: WPS:  * Request Type
08-21 17:00:31.134 14281 14281 D wpa_supplicant: WPS:  * Config Methods (5388)
08-21 17:00:31.134 14281 14281 D wpa_supplicant: WPS:  * UUID-E
08-21 17:00:31.134 14281 14281 D wpa_supplicant: WPS:  * Primary Device Type
08-21 17:00:31.134 14281 14281 D wpa_supplicant: WPS:  * RF Bands (3)
08-21 17:00:31.134 14281 14281 D wpa_supplicant: WPS:  * Association State
08-21 17:00:31.134 14281 14281 D wpa_supplicant: WPS:  * Configuration Error (0)
08-21 17:00:31.134 14281 14281 D wpa_supplicant: WPS:  * Device Password ID (0)
08-21 17:00:31.134 14281 14281 D wpa_supplicant: WPS:  * Manufacturer
08-21 17:00:31.134 14281 14281 D wpa_supplicant: WPS:  * Model Name
08-21 17:00:31.134 14281 14281 D wpa_supplicant: WPS:  * Model Number
08-21 17:00:31.134 14281 14281 D wpa_supplicant: WPS:  * Device Name
08-21 17:00:31.134 14281 14281 D wpa_supplicant: WPS:  * Version2 (0x20)
08-21 17:00:31.134 14281 14281 D wpa_supplicant: WPS:  * Request to Enroll (1)
08-21 17:00:31.134 14281 14281 D wpa_supplicant: WFDS: Extra buffer length (0) for Scan Request
08-21 17:00:31.134 14281 14281 D wpa_supplicant: P2P: * P2P IE header
08-21 17:00:31.134 14281 14281 D wpa_supplicant: P2P: * Capability dev=25 group=00
08-21 17:00:31.134 14281 14281 D wpa_supplicant: P2P: * Listen Channel: Regulatory Class 81 Channel 11
08-21 17:00:31.134 14281 14281 D wpa_supplicant: p2p-dev-wlan0: Add radio work 'p2p-scan'@0x7f9581c2d0
08-21 17:00:31.134 14281 14281 D wpa_supplicant: P2P: Running p2p_scan
08-21 17:00:31.134  4558  4558 D DSDPConnection: HDMICable or WFD ConnectedEvent [com.lge.systemservice.core.wfdmanager.WFD_STATE_CHANGED]
08-21 17:00:31.134  4558  4558 D DSDPConnection: [DSDP]StatusReceiver::WFD Connected: false ExternalDevice: 0
08-21 17:00:31.134  4558  4558 W DsdpExternalView: dismissDsdpPopup()
08-21 17:00:31.134  4558  4558 D DsdpStatus: setIsExternalDeviceConnected() connected : false
08-21 17:00:31.134  1567  1567 E WifiServerServiceExt: No p2p device connected
08-21 17:00:31.135  4064  4064 I WfdStateTracker: handleP2pThisDeviceChanged: 3
08-21 17:00:31.136  4634  4634 D Leccp_1.0.23: [MiracastHandler] onReceive WFD_STATE_CHANGED_ACTION WfdStatus: 1 --> 2
08-21 17:00:31.136  4223  4332 W WfdsService: DefaultState - msg [9441285] is not handled
08-21 17:00:31.137  3599  3599 I [SystemUI]QuickSettingsHandler: Got action com.lge.systemservice.core.wfdmanager.WFD_STATE_CHANGED at null
08-21 17:00:31.139  3599  3599 I [SystemUI]MiracastHandler: updateButton(), state = 1
08-21 17:00:31.140  3599  3599 D [SystemUI]QuickSettingsButton: Set image resource for Miracast button. status = 1, clickable = true
08-21 17:00:31.140  3599  3599 D [SystemUI]QuickSettingsHandler: Miracast :Miracast ligado.
08-21 17:00:31.143 31963 31963 V WifiScreenEnabler: handleScreenStateChanged: 2 set: true enabled: false
08-21 17:00:31.148 31963 31963 D WifiScreenSettings: handleScreenStateChanged == 2
08-21 17:00:31.153  4064  4722 D WfdStateTracker: discoverWfdPeers - success
08-21 17:00:31.153 31963 31978 D WifiScreenSettings: discoverWfdPeers success
08-21 17:00:31.172  3386  3533 V audio_hw_primary: out_get_latency: Latency 10
08-21 17:00:31.175  3386  3533 V AudioFlinger: removeTracks_l removing track on session 945
08-21 17:00:31.175  3386  3533 V AudioFlinger: acquireWakeLock_l() AudioOut_2 status 0
08-21 17:00:31.186  3386  3533 V AudioPolicyService: AudioCommandThread() adding stop output 2
08-21 17:00:31.186  3386  3533 V AudioPolicyService: inserting command: 5 at index 0, num commands 0
08-21 17:00:31.186  3386  3521 V AudioPolicyService: AudioCommandThread() waking up
08-21 17:00:31.186  3386  3521 V AudioPolicyService: AudioCommandThread() processing stop output 2
08-21 17:00:31.186  3386  3521 V APM::AudioPolicyManager: stopOutput() output 2, stream 1, session 945
08-21 17:00:31.186  3386  3521 V APM::AudioPolicyManager: setBeaconMute(1) mBeaconMuteRefCount=0 mBeaconPlayingRefCount=0
08-21 17:00:31.186  3386  3521 V APM::AudioPolicyManager: getNewOutputDevice() selected device 0
08-21 17:00:31.186  3386  3521 V APM::AudioPolicyManager: setOutputDevice() device 0000 delayMs 100
08-21 17:00:31.186  3386  3521 V APM::AudioPolicyManager: setOutputDevice() prevDevice 0x0002
08-21 17:00:31.186  3386  3521 V APM::AudioPolicyManager: AudioPolicyManagerEx::getRingerMode() mRingerMode 2
08-21 17:00:31.186  3386  3521 V APM::AudioPolicyManager: AudioPolicyManagerEx::getRingerMode() mRingerMode 2
08-21 17:00:31.186  3386  3521 V APM::AudioPolicyManager: AudioPolicyManagerEx::getRingerMode() mRingerMode 2
08-21 17:00:31.186  3386  3521 V APM::AudioPolicyManager: AudioPolicyManagerEx::getRingerMode() mRingerMode 2
08-21 17:00:31.186  3386  3521 V APM::AudioPolicyManager: AudioPolicyManagerEx::getRingerMode() mRingerMode 2
08-21 17:00:31.186  3386  3521 V APM::AudioPolicyManager: setOutputDevice() setting same device 0x0000 or null device
08-21 17:00:31.186  3386  3521 V AudioPolicyService: AudioCommandThread() going to sleep
08-21 17:00:31.246  3956  3956 D LgeImeImpl: [LgeImeImpl.java:4330:LgeImeImpl.onFinishInput()] [IN]onFinishInput
08-21 17:00:31.246  3956  3956 D LgeImeImpl: [LgeImeImpl.java:4359:LgeImeImpl.onFinishInput()] [OUT]onFinishInput
08-21 17:00:31.247  3956  3956 D LgeImeImpl: [LgeImeImpl.java:1515:LgeImeImpl.onStartInput()] [IN] onStartInput[false]
08-21 17:00:31.247  3956  3956 D LgeImeImpl: [LgeImeImpl.java:1532:LgeImeImpl.onStartInput()] [OUT] onStartInput
08-21 17:00:33.613   519   575 I GBMv2   : GBM state [8]
08-21 17:00:34.156  3386  3533 V AudioFlinger: Audio hardware entering standby, mixer 0xf1040000, suspend count 0
08-21 17:00:34.156  3386  3533 D audio_hw_primary: out_standby: enter: stream (0xf1b28080) usecase(1: low-latency-playback)
08-21 17:00:34.189  3386  3533 V audio_hw_primary: stop_output_stream: enter: usecase(1: low-latency-playback)
08-21 17:00:34.189  3386  3533 V audio_hw_primary: disable_audio_route: enter: usecase(1)
08-21 17:00:34.189  3386  3533 V msm8974_platform_lge: LGE_platform_add_backend_name: enter: 2
08-21 17:00:34.189  3386  3533 V audio_hw_primary: disable_audio_route: reset and update mixer path: low-latency-playback quat-mi2s-speaker
08-21 17:00:34.192  3386  3533 V audio_hw_primary: disable_audio_route: exit
08-21 17:00:34.192  3386  3533 E audio_hw_primary: disable_snd_device: enter 2
08-21 17:00:34.192  3386  3533 D hardware_info: hw_info_append_hw_type : device_name = speaker
08-21 17:00:34.192  3386  3533 V audio_hw_primary: disable_snd_device: snd_device(2: speaker)
08-21 17:00:34.192  3386  3533 V audio_hw_3rdP_spkr_prot: lge_audio_3rdP_spk_prot_disable: Entry
08-21 17:00:34.221  3386  3533 V audio_hw_3rdP_spkr_prot: lge_audio_3rdP_spk_prot_disable: Exit
08-21 17:00:34.221  3386  3533 V audio_hw_primary: stop_output_stream: exit: status(0)
08-21 17:00:34.221  3386  3533 V audio_hw_primary: out_standby: exit
08-21 17:00:34.221  3386  3533 V AudioFlinger: releaseWakeLock_l() AudioOut_2
08-21 17:00:34.222  3386  3533 V AudioFlinger: thread 0xf1040000 type 0 TID 3533 going to sleep
08-21 17:00:34.613   519   575 I GBMv2   : GBM state [0]
08-21 17:00:34.966 14281 14281 D wpa_supplicant: nl80211: Drv Event 34 (NL80211_CMD_NEW_SCAN_RESULTS) received for wlan0
08-21 17:00:34.966 14281 14281 D wpa_supplicant: wlan0: nl80211: New scan results available
08-21 17:00:34.966 14281 14281 D wpa_supplicant: nl80211: Scan probed for SSID ''
08-21 17:00:34.966 14281 14281 D wpa_supplicant: nl80211: Scan included frequencies: 2412 2417 2422 2427 2432 2437 2442 2447 2452 2457 2462 2467 2472 5180 5200 5220 5240 5260 5280 5300 5320 5500 5520 5540 5560 5580 5600 5620 5640 5660 5680 5700 5720 5745 5765 5785 5805 5825
08-21 17:00:34.966 14281 14281 D wpa_supplicant: wlan0: Event SCAN_RESULTS (3) received
08-21 17:00:34.966 14281 14281 D wpa_supplicant: wlan0: Scan completed in 3.867264 seconds
08-21 17:00:34.967 14281 14281 D wpa_supplicant: nl80211: Received scan results (39 BSSes)
08-21 17:00:34.968 14281 14281 D wpa_supplicant: wlan0: BSS: Start scan result update 98
08-21 17:00:34.968 14281 14281 D wpa_supplicant: BSS: last_scan_res_used=39/128
08-21 17:00:34.968 14281 14281 D wpa_supplicant: wlan0: Scan-only results received
08-21 17:00:34.969 14281 14281 D wpa_supplicant: CTRL_IFACE monitor sent successfully to /data/misc/wifi/sockets/wpa_ctrl_4223-4\x00
08-21 17:00:34.969 14281 14281 D wpa_supplicant: CTRL_IFACE monitor sent successfully to /data/misc/wifi/sockets/wpa_ctrl_1567-5\x00
08-21 17:00:34.969 14281 14281 D wpa_supplicant: wlan0: Radio work 'scan'@0x7f9581c280 done in 3.974671 seconds
08-21 17:00:34.969 14281 14281 D wpa_supplicant: p2p-dev-wlan0: Starting radio work 'p2p-scan'@0x7f9581c2d0 after 3.835565 second wait
08-21 17:00:34.969 14281 14281 D wpa_supplicant: p2p-dev-wlan0: nl80211: scan request
08-21 17:00:34.970 14281 14281 D wpa_supplicant: nl80211: P2P probe - mask SuppRates
08-21 17:00:35.068 14281 14281 D wpa_supplicant: Scan requested (ret=0) - scan timeout 30 seconds
08-21 17:00:35.068 14281 14281 D wpa_supplicant: wlan0: Control interface command 'BSS RANGE=0- MASK=0x29d87'
08-21 17:00:35.070 14281 14281 D wpa_supplicant: nl80211: Drv Event 33 (NL80211_CMD_TRIGGER_SCAN) received for p2p-dev-wlan0
08-21 17:00:35.070 14281 14281 D wpa_supplicant: p2p-dev-wlan0: nl80211: Scan trigger
08-21 17:00:35.070 14281 14281 D wpa_supplicant: p2p-dev-wlan0: Event SCAN_STARTED (49) received
08-21 17:00:35.071 14281 14281 D wpa_supplicant: p2p-dev-wlan0: Own scan request started a scan in 0.002243 seconds
08-21 17:00:35.071 14281 14281 I wpa_supplicant: p2p-dev-wlan0: CTRL-EVENT-SCAN-STARTED 
08-21 17:00:35.071  4223 14333 D P2pExtMonWorker: Event [CTRL-EVENT-SCAN-STARTED ]
08-21 17:00:35.071 14281 14281 D wpa_supplicant: CTRL_IFACE monitor sent successfully to /data/misc/wifi/sockets/wpa_ctrl_4223-4\x00
08-21 17:00:35.071 14281 14281 D wpa_supplicant: CTRL_IFACE monitor sent successfully to /data/misc/wifi/sockets/wpa_ctrl_1567-5\x00
08-21 17:00:35.071 14281 14281 D wpa_supplicant: wlan0: Control interface command 'BSS RANGE=680- MASK=0x29d87'
08-21 17:00:35.074 14281 14281 D wpa_supplicant: wlan0: Control interface command 'BSS RANGE=688- MASK=0x29d87'
08-21 17:00:35.077 14281 14281 D wpa_supplicant: wlan0: Control interface command 'BSS RANGE=699- MASK=0x29d87'
08-21 17:00:35.080 14281 14281 D wpa_supplicant: wlan0: Control interface command 'BSS RANGE=719- MASK=0x29d87'
08-21 17:00:35.082 14281 14281 D wpa_supplicant: wlan0: Control interface command 'BSS RANGE=743- MASK=0x29d87'
08-21 17:00:35.086 14281 14281 D wpa_supplicant: wlan0: Control interface command 'BSS RANGE=750- MASK=0x29d87'
08-21 17:00:35.100 14281 14281 D wpa_supplicant: wlan0: Control interface command 'STATUS-NO_EVENTS'
08-21 17:00:35.106  4131  4131 I [MY_PLACE_ENGINE::CLUSTERING]: API > getOnOffStatus > status : 0
08-21 17:00:35.125  4131  4131 I [MY_PLACE_ENGINE::MOVEMENT]: WIFI_MANAGER :: 0821_170035  Engine OFF >> Do Nothing.... 
08-21 17:00:35.151 31963 31963 V WiFiOffLoadBroadcast: WiFiOffLoadBroadcast: android.net.wifi.SCAN_RESULTS
08-21 17:00:35.156 31963 31963 D WiFiOffLoadBroadcast: Not supported operator for automatic switch
08-21 17:00:35.234 14281 14281 D wpa_supplicant: nl80211: Drv Event 34 (NL80211_CMD_NEW_SCAN_RESULTS) received for p2p-dev-wlan0
08-21 17:00:35.234 14281 14281 D wpa_supplicant: p2p-dev-wlan0: nl80211: New scan results available
08-21 17:00:35.234 14281 14281 D wpa_supplicant: nl80211: Scan probed for SSID 'DIRECT-'
08-21 17:00:35.234 14281 14281 D wpa_supplicant: nl80211: Scan included frequencies: 2412 2437 2462
08-21 17:00:35.234 14281 14281 D wpa_supplicant: p2p-dev-wlan0: Event SCAN_RESULTS (3) received
08-21 17:00:35.234 14281 14281 D wpa_supplicant: p2p-dev-wlan0: Scan completed in 0.163564 seconds
08-21 17:00:35.235 14281 14281 D wpa_supplicant: nl80211: Received scan results (39 BSSes)
08-21 17:00:35.235 14281 14281 D wpa_supplicant: p2p-dev-wlan0: BSS: Start scan result update 989
08-21 17:00:35.235 14281 14281 D wpa_supplicant: BSS: last_scan_res_used=39/64
08-21 17:00:35.235 14281 14281 D wpa_supplicant: p2p-dev-wlan0: Radio work 'p2p-scan'@0x7f9581c2d0 done in 0.265647 seconds
08-21 17:00:35.235 14281 14281 D wpa_supplicant: P2P: Scan results received (39 BSS)
08-21 17:00:35.235 14281 14281 D wpa_supplicant: P2P: Ignore scan data without P2P Device Info or P2P Device Id
08-21 17:00:35.235 14281 14281 D wpa_supplicant: P2P: Ignore scan data without P2P Device Info or P2P Device Id
08-21 17:00:35.235 14281 14281 D wpa_supplicant: P2P: Ignore scan data without P2P Device Info or P2P Device Id
08-21 17:00:35.235 14281 14281 D wpa_supplicant: P2P: Ignore scan data without P2P Device Info or P2P Device Id
08-21 17:00:35.235 14281 14281 D wpa_supplicant: P2P: Ignore scan data without P2P Device Info or P2P Device Id
08-21 17:00:35.235 14281 14281 D wpa_supplicant: P2P: Ignore scan data without P2P Device Info or P2P Device Id
08-21 17:00:35.235 14281 14281 D wpa_supplicant: P2P: Ignore scan data without P2P Device Info or P2P Device Id
08-21 17:00:35.235 14281 14281 D wpa_supplicant: P2P: Ignore scan data without P2P Device Info or P2P Device Id
08-21 17:00:35.235 14281 14281 D wpa_supplicant: P2P: Ignore scan data without P2P Device Info or P2P Device Id
08-21 17:00:35.235 14281 14281 D wpa_supplicant: P2P: Ignore scan data without P2P Device Info or P2P Device Id
08-21 17:00:35.235 14281 14281 D wpa_supplicant: P2P: Ignore scan data without P2P Device Info or P2P Device Id
08-21 17:00:35.235 14281 14281 D wpa_supplicant: P2P: Ignore scan data without P2P Device Info or P2P Device Id
08-21 17:00:35.235 14281 14281 D wpa_supplicant: P2P: Ignore scan data without P2P Device Info or P2P Device Id
08-21 17:00:35.235 14281 14281 D wpa_supplicant: P2P: Ignore scan data without P2P Device Info or P2P Device Id
08-21 17:00:35.236 14281 14281 D wpa_supplicant: P2P: Ignore scan data without P2P Device Info or P2P Device Id
08-21 17:00:35.236 14281 14281 D wpa_supplicant: P2P: Ignore scan data without P2P Device Info or P2P Device Id
08-21 17:00:35.236 14281 14281 D wpa_supplicant: P2P: Ignore scan data without P2P Device Info or P2P Device Id
08-21 17:00:35.236 14281 14281 D wpa_supplicant: P2P: Ignore scan data without P2P Device Info or P2P Device Id
08-21 17:00:35.236 14281 14281 D wpa_supplicant: P2P: Ignore scan data without P2P Device Info or P2P Device Id
08-21 17:00:35.236 14281 14281 D wpa_supplicant: P2P: Ignore scan data without P2P Device Info or P2P Device Id
08-21 17:00:35.236 14281 14281 D wpa_supplicant: P2P: Ignore scan data without P2P Device Info or P2P Device Id
08-21 17:00:35.236 14281 14281 D wpa_supplicant: P2P: Ignore scan data without P2P Device Info or P2P Device Id
08-21 17:00:35.236 14281 14281 D wpa_supplicant: P2P: Ignore scan data without P2P Device Info or P2P Device Id
08-21 17:00:35.236 14281 14281 D wpa_supplicant: P2P: Ignore scan data without P2P Device Info or P2P Device Id
08-21 17:00:35.236 14281 14281 D wpa_supplicant: P2P: Ignore scan data without P2P Device Info or P2P Device Id
08-21 17:00:35.236 14281 14281 D wpa_supplicant: P2P: Ignore scan data without P2P Device Info or P2P Device Id
08-21 17:00:35.236 14281 14281 D wpa_supplicant: P2P: Ignore scan data without P2P Device Info or P2P Device Id
08-21 17:00:35.236 14281 14281 D wpa_supplicant: P2P: Ignore scan data without P2P Device Info or P2P Device Id
08-21 17:00:35.236 14281 14281 D wpa_supplicant: P2P: Ignore scan data without P2P Device Info or P2P Device Id
08-21 17:00:35.236 14281 14281 D wpa_supplicant: P2P: Ignore scan data without P2P Device Info or P2P Device Id
08-21 17:00:35.236 14281 14281 D wpa_supplicant: P2P: Ignore scan data without P2P Device Info or P2P Device Id
08-21 17:00:35.236 14281 14281 D wpa_supplicant: P2P: Ignore scan data without P2P Device Info or P2P Device Id
08-21 17:00:35.236 14281 14281 D wpa_supplicant: P2P: Ignore scan data without P2P Device Info or P2P Device Id
08-21 17:00:35.236 14281 14281 D wpa_supplicant: P2P: Ignore scan data without P2P Device Info or P2P Device Id
08-21 17:00:35.236 14281 14281 D wpa_supplicant: P2P: Ignore scan data without P2P Device Info or P2P Device Id
08-21 17:00:35.236 14281 14281 D wpa_supplicant: P2P: Ignore scan data without P2P Device Info or P2P Device Id
08-21 17:00:35.236 14281 14281 D wpa_supplicant: P2P: Ignore scan data without P2P Device Info or P2P Device Id
08-21 17:00:35.236 14281 14281 D wpa_supplicant: P2P: Ignore scan data without P2P Device Info or P2P Device Id
08-21 17:00:35.236 14281 14281 D wpa_supplicant: P2P: Ignore scan data without P2P Device Info or P2P Device Id
08-21 17:00:35.236 14281 14281 D wpa_supplicant: P2P: State SEARCH -> SEARCH
08-21 17:00:35.236 14281 14281 D wpa_supplicant: wpa_driver_set_ap_wps_p2p_ie: Entry
08-21 17:00:35.236 14281 14281 D wpa_supplicant: P2P: Starting search [LGE_P2P] social_scan_first_num:5
08-21 17:00:35.236 14281 14281 D wpa_supplicant: WPS: Building WPS IE for Probe Request
08-21 17:00:35.236 14281 14281 D wpa_supplicant: WPS:  * Version (hardcoded 0x10)
08-21 17:00:35.236 14281 14281 D wpa_supplicant: WPS:  * Request Type
08-21 17:00:35.236 14281 14281 D wpa_supplicant: WPS:  * Config Methods (5388)
08-21 17:00:35.236 14281 14281 D wpa_supplicant: WPS:  * UUID-E
08-21 17:00:35.236 14281 14281 D wpa_supplicant: WPS:  * Primary Device Type
08-21 17:00:35.236 14281 14281 D wpa_supplicant: WPS:  * RF Bands (3)
08-21 17:00:35.236 14281 14281 D wpa_supplicant: WPS:  * Association State
08-21 17:00:35.236 14281 14281 D wpa_supplicant: WPS:  * Configuration Error (0)
08-21 17:00:35.236 14281 14281 D wpa_supplicant: WPS:  * Device Password ID (0)
08-21 17:00:35.237 14281 14281 D wpa_supplicant: WPS:  * Manufacturer
08-21 17:00:35.237 14281 14281 D wpa_supplicant: WPS:  * Model Name
08-21 17:00:35.237 14281 14281 D wpa_supplicant: WPS:  * Model Number
08-21 17:00:35.237 14281 14281 D wpa_supplicant: WPS:  * Device Name
08-21 17:00:35.237 14281 14281 D wpa_supplicant: WPS:  * Version2 (0x20)
08-21 17:00:35.237 14281 14281 D wpa_supplicant: WPS:  * Request to Enroll (1)
08-21 17:00:35.237 14281 14281 D wpa_supplicant: WFDS: Extra buffer length (0) for Scan Request
08-21 17:00:35.237 14281 14281 D wpa_supplicant: P2P: * P2P IE header
08-21 17:00:35.237 14281 14281 D wpa_supplicant: P2P: * Capability dev=25 group=00
08-21 17:00:35.237 14281 14281 D wpa_supplicant: P2P: * Listen Channel: Regulatory Class 81 Channel 11
08-21 17:00:35.237 14281 14281 D wpa_supplicant: p2p-dev-wlan0: Add radio work 'p2p-scan'@0x7f9581c2d0
08-21 17:00:35.237 14281 14281 D wpa_supplicant: p2p-dev-wlan0: First radio work item in the queue - schedule start immediately
08-21 17:00:35.237 14281 14281 D wpa_supplicant: P2P: Running p2p_scan
08-21 17:00:35.237 14281 14281 D wpa_supplicant: p2p-dev-wlan0: Starting radio work 'p2p-scan'@0x7f9581c2d0 after 0.000141 second wait
08-21 17:00:35.237 14281 14281 D wpa_supplicant: p2p-dev-wlan0: nl80211: scan request
08-21 17:00:35.237 14281 14281 D wpa_supplicant: nl80211: P2P probe - mask SuppRates
08-21 17:00:35.241 14281 14281 D wpa_supplicant: Scan requested (ret=0) - scan timeout 30 seconds
08-21 17:00:35.241 14281 14281 D wpa_supplicant: nl80211: Drv Event 33 (NL80211_CMD_TRIGGER_SCAN) received for p2p-dev-wlan0
08-21 17:00:35.241 14281 14281 D wpa_supplicant: p2p-dev-wlan0: nl80211: Scan trigger
08-21 17:00:35.241 14281 14281 D wpa_supplicant: p2p-dev-wlan0: Event SCAN_STARTED (49) received
08-21 17:00:35.241 14281 14281 D wpa_supplicant: p2p-dev-wlan0: Own scan request started a scan in 0.000164 seconds
08-21 17:00:35.241 14281 14281 I wpa_supplicant: p2p-dev-wlan0: CTRL-EVENT-SCAN-STARTED 
08-21 17:00:35.241 14281 14281 D wpa_supplicant: CTRL_IFACE monitor sent successfully to /data/misc/wifi/sockets/wpa_ctrl_4223-4\x00
