08-21 14:36:55.473  1567  4176 I PhoneWindowManagerEx: [PWM][updateSystemUiVisibilityLw] tmpColorNavigationBar=0xff000000
08-21 14:36:55.473  1567  4176 I PhoneWindowManagerEx: [PWM][updateSystemUiVisibilityLw] mLastColorNavigationBar=0xff000000
08-21 14:36:55.473  1567  4176 D kyu     : WindowState::getSystemUiVisibilityLG = 0
08-21 14:36:55.474  1567  4176 I WindowManager: [PWM][updateSystemUiVisibilityLw] diffLG=0
08-21 14:36:55.474  1567  4176 I WindowManager: [PWM][updateSystemUiVisibilityLw] visibilityLG=0x0
08-21 14:36:55.474  1567  4176 I WindowManager: [PWM][updateSystemUiVisibilityLw] mLastSystemUiFlagsLG=0x0
08-21 14:36:55.474  1567  4176 I PhoneWindowManagerEx: [PWM] sIsDimming=false, isDimChanging = false
08-21 14:36:55.474  1567  4176 I PhoneWindowManagerEx: [PWM][updateSystemUiVisibilityLw] tmpColorNavigationBar=0xff000000
08-21 14:36:55.474  1567  4176 I PhoneWindowManagerEx: [PWM][updateSystemUiVisibilityLw] mLastColorNavigationBar=0xff000000
08-21 14:36:55.474  1567  4176 D kyu     : WindowState::getSystemUiVisibilityLG = 0
08-21 14:36:55.474  1567  4176 I WindowManager: [PWM][updateSystemUiVisibilityLw] diffLG=0
08-21 14:36:55.474  1567  4176 I WindowManager: [PWM][updateSystemUiVisibilityLw] visibilityLG=0x0
08-21 14:36:55.474  1567  4176 I WindowManager: [PWM][updateSystemUiVisibilityLw] mLastSystemUiFlagsLG=0x0
08-21 14:36:55.479  1567  4176 D InputDispatcher: Focus entered window: Window{2208c24 u0 com.lge.wifisettings/com.lge.wifisettings.activity.WifiScreenSettingsActivity}
08-21 14:36:55.479  3599  3599 D [SystemUI]VolumeSlider: seekbar maxVolume = 7, volume = 5, plusone = 0
08-21 14:36:55.600  1567  2117 I PhoneWindowManagerEx: [PWM] sIsDimming=false, isDimChanging = false
08-21 14:36:55.600  1567  2117 I PhoneWindowManagerEx: [PWM][updateSystemUiVisibilityLw] tmpColorNavigationBar=0xff000000
08-21 14:36:55.600  1567  2117 I PhoneWindowManagerEx: [PWM][updateSystemUiVisibilityLw] mLastColorNavigationBar=0xff000000
08-21 14:36:55.600  1567  2117 D kyu     : WindowState::getSystemUiVisibilityLG = 0
08-21 14:36:55.600  1567  2117 I WindowManager: [PWM][updateSystemUiVisibilityLw] diffLG=0
08-21 14:36:55.600  1567  2117 I WindowManager: [PWM][updateSystemUiVisibilityLw] visibilityLG=0x0
08-21 14:36:55.600  1567  2117 I WindowManager: [PWM][updateSystemUiVisibilityLw] mLastSystemUiFlagsLG=0x0
08-21 14:36:55.601 25430 25430 W SplitWindow: update focus... 
08-21 14:36:55.602  1567  2117 I PhoneWindowManagerEx: [PWM] sIsDimming=false, isDimChanging = false
08-21 14:36:55.602  1567  2117 I PhoneWindowManagerEx: [PWM][updateSystemUiVisibilityLw] tmpColorNavigationBar=0xff000000
08-21 14:36:55.602  1567  2117 I PhoneWindowManagerEx: [PWM][updateSystemUiVisibilityLw] mLastColorNavigationBar=0xff000000
08-21 14:36:55.602  1567  2117 D kyu     : WindowState::getSystemUiVisibilityLG = 0
08-21 14:36:55.602  1567  2117 I WindowManager: [PWM][updateSystemUiVisibilityLw] diffLG=0
08-21 14:36:55.602  1567  2117 I WindowManager: [PWM][updateSystemUiVisibilityLw] visibilityLG=0x0
08-21 14:36:55.602  1567  2117 I WindowManager: [PWM][updateSystemUiVisibilityLw] mLastSystemUiFlagsLG=0x0
08-21 14:36:55.604  1567  3233 D InputDispatcher: notifyMotion - action=ACTION_UP(0), id=0, x=719.000, y=411.000, tooltype=1, deviceId=4, source=0x1002, policyFlags=0x0, flags=0x0, metaState=0x0, buttonState=0x0, edgeFlags=0x0, eventTime=12425169393000, downTime=12424246356000, 
08-21 14:36:55.604  1567  3232 D InputTransport: channel '73e0648 StatusBar (server)' : action=ACTION_UP(0), id=0, x=719.000, y=411.000, [tooltype=1, deviceId=4, source=0x1002, flags=0x0, edgeFlags=0x0, metaState=0x0, buttonState=0x0, downTime=12424246356000, eventTime=12425169393000, pointerCount=1
08-21 14:36:55.609  3599  3599 D [SystemUI]StatusBarWindowView: onInterceptTouchEvent() ACTION_UP MotionEvent { action=ACTION_UP, actionButton=0, id[0]=0, x[0]=719.0, y[0]=411.0, toolType[0]=TOOL_TYPE_FINGER, buttonState=0, metaState=0, flags=0x0, edgeFlags=0x0, pointerCount=1, historySize=0, eventTime=12425169, downTime=12424246, deviceId=4, source=0x1002 }
08-21 14:36:55.610  1567  2117 I ActivityManager: Displayed com.lge.wifisettings/.activity.WifiScreenSettingsActivity: +335ms (total +23s795ms)
08-21 14:36:55.613  1567  2117 I PhoneWindowManagerEx: [PWM] sIsDimming=false, isDimChanging = false
08-21 14:36:55.613  1567  2117 I PhoneWindowManagerEx: [PWM][updateSystemUiVisibilityLw] tmpColorNavigationBar=0xff000000
08-21 14:36:55.613  1567  2117 I PhoneWindowManagerEx: [PWM][updateSystemUiVisibilityLw] mLastColorNavigationBar=0xff000000
08-21 14:36:55.613  1567  2117 D kyu     : WindowState::getSystemUiVisibilityLG = 0
08-21 14:36:55.613  1567  2117 I WindowManager: [PWM][updateSystemUiVisibilityLw] diffLG=0
08-21 14:36:55.613  1567  2117 I WindowManager: [PWM][updateSystemUiVisibilityLw] visibilityLG=0x0
08-21 14:36:55.613  1567  2117 I WindowManager: [PWM][updateSystemUiVisibilityLw] mLastSystemUiFlagsLG=0x0
08-21 14:36:55.617  1567  2117 D InputDispatcher: Window went away: Window{5ad0b3a u0 Starting com.lge.wifisettings}
08-21 14:36:55.638  1567  4125 V SplitWindowManager: ensureActivitiesVisibleLocked has blank for debug 
08-21 14:36:55.646  3956  3956 D LgeImeImpl: [LgeImeImpl.java:4330:LgeImeImpl.onFinishInput()] [IN]onFinishInput
08-21 14:36:55.647  3956  3956 D LgeImeImpl: [LgeImeImpl.java:4359:LgeImeImpl.onFinishInput()] [OUT]onFinishInput
08-21 14:36:55.647  3956  3956 D LgeImeImpl: [LgeImeImpl.java:1515:LgeImeImpl.onStartInput()] [IN] onStartInput[false]
08-21 14:36:55.647  3956  3956 D LgeImeImpl: [LgeImeImpl.java:1532:LgeImeImpl.onStartInput()] [OUT] onStartInput
08-21 14:36:55.658  3599  3599 I [SystemUI]PhoneStatusBarView: go state: 2 -> 0
08-21 14:36:55.660  3599  3599 I [SystemUI]StatusBarExpansionState: status bar expansion is changed to collapsed
08-21 14:36:55.660  3599  3599 D [SystemUI]NavigationThemeResource: onPanelExpansionChanged, mPanelExpanded : false
08-21 14:36:55.660  3599  3599 I [SystemUI]NavigationThemeResource: NavigationKey Color is changed(WHITE_WITH_SHADOW -> WHITE)
08-21 14:36:55.660  3599  3599 I [SystemUI]NavigationThemeResource:  BarMode=4, Theme=BLACK, LightBackground=false (NOT Transparent)
08-21 14:36:55.660  3599  3599 I [SystemUI]NavigationThemeResource: , Keyguard show=false, IME shown=false, Panel expanded=false
08-21 14:36:55.663  3599  3599 I [SystemUI]StatusBarExpansionState: sending ACTION_STATUS_BAR_COLLAPSED
08-21 14:36:55.669 25487 25487 E MYPLACE_Receiver: onReceive com.lge.statusbar.collapsed
08-21 14:36:55.669 25487 25487 E Pref    : get_inner_onoff: false
08-21 14:36:55.669 25487 25487 I MYPLACE_EngineInterface: Stop
08-21 14:36:55.669 25487 25487 I MY_PLACE_ENGINE_SETTING_API: getOnOffStatus()
08-21 14:36:55.669  4131  4147 I MY_PLACE_ENGINE_SETTING_PROVIDER: TYPE_GET_ONOFF_STATUS
08-21 14:36:55.670  4131  4147 I [MY_PLACE_ENGINE::CLUSTERING]: API > getOnOffStatus > status : 0
08-21 14:36:55.679  3599  3599 D [SystemUI]PanelView: setExpandedHeight : 0.0
08-21 14:36:55.680  3599  3599 D PhoneStatusBar: disable: < expand icons* alerts system_info* back home recent clock search quick_settings >
08-21 14:36:55.681 25487 25487 I MY_PLACE_ENGINE_SETTING_API: getOnOffStatus()
08-21 14:36:55.681  4131 19984 I MY_PLACE_ENGINE_SETTING_PROVIDER: TYPE_GET_ONOFF_STATUS
08-21 14:36:55.682  4131 19984 I [MY_PLACE_ENGINE::CLUSTERING]: API > getOnOffStatus > status : 0
08-21 14:36:55.686 25487 25487 I MYPLACE_EngineInterface: non Stop 0
08-21 14:36:55.687 25487 25487 E MYPLACE_Utils: activityFinish
08-21 14:36:55.694 25487 25487 E MYPLACE_Receiver: onReceive com.lge.myplace.myplace_settings_search_intent
08-21 14:36:55.694 25487 25487 E MYPLACE_Receiver: INTENT_MYPLACE_SETTINGS_SEARCH false
08-21 14:36:55.694 25487 25487 E Pref    : get_onoff: 0
08-21 14:36:55.695  1567  4176 D SplitFlag: relayout.. reset flags.. flags = 81840048, sysflags = 600 of win Window{73e0648 u0 StatusBar}
08-21 14:36:55.695  1567  4176 I PhoneWindowManagerEx: [PWM] sIsDimming=false, isDimChanging = false
08-21 14:36:55.695  1567  4176 I PhoneWindowManagerEx: [PWM][updateSystemUiVisibilityLw] tmpColorNavigationBar=0xff000000
08-21 14:36:55.695  1567  4176 I PhoneWindowManagerEx: [PWM][updateSystemUiVisibilityLw] mLastColorNavigationBar=0xff000000
08-21 14:36:55.695  1567  4176 D kyu     : WindowState::getSystemUiVisibilityLG = 0
08-21 14:36:55.695  1567  4176 I WindowManager: [PWM][updateSystemUiVisibilityLw] diffLG=0
08-21 14:36:55.695  1567  4176 I WindowManager: [PWM][updateSystemUiVisibilityLw] visibilityLG=0x0
08-21 14:36:55.695  1567  4176 I WindowManager: [PWM][updateSystemUiVisibilityLw] mLastSystemUiFlagsLG=0x0
08-21 14:36:55.712  1567  4176 I PhoneWindowManagerEx: [PWM] sIsDimming=false, isDimChanging = false
08-21 14:36:55.712  1567  4176 I PhoneWindowManagerEx: [PWM][updateSystemUiVisibilityLw] tmpColorNavigationBar=0xff000000
08-21 14:36:55.712  1567  4176 I PhoneWindowManagerEx: [PWM][updateSystemUiVisibilityLw] mLastColorNavigationBar=0xff000000
08-21 14:36:55.712  1567  4176 D kyu     : WindowState::getSystemUiVisibilityLG = 0
08-21 14:36:55.712  1567  4176 I WindowManager: [PWM][updateSystemUiVisibilityLw] diffLG=0
08-21 14:36:55.712  1567  4176 I WindowManager: [PWM][updateSystemUiVisibilityLw] visibilityLG=0x0
08-21 14:36:55.712  1567  4176 I WindowManager: [PWM][updateSystemUiVisibilityLw] mLastSystemUiFlagsLG=0x0
08-21 14:36:55.716  3599  3599 D [SystemUI]PanelView: onApplyWindowInsets, WindowInsets : WindowInsets{systemWindowInsets=Rect(0, 0 - 0, 0) windowDecorInsets=Rect(0, 0 - 0, 0) stableInsets=Rect(0, 0 - 0, 0)}
08-21 14:36:55.737  1567  4126 D SplitFlag: relayout.. reset flags.. flags = 1840068, sysflags = 0 of win Window{ec526fd u0 NavigationBar}
08-21 14:36:55.737  1567  4126 I PhoneWindowManagerEx: [PWM] sIsDimming=false, isDimChanging = false
08-21 14:36:55.738  1567  4126 I PhoneWindowManagerEx: [PWM][updateSystemUiVisibilityLw] tmpColorNavigationBar=0xff000000
08-21 14:36:55.738  1567  4126 I PhoneWindowManagerEx: [PWM][updateSystemUiVisibilityLw] mLastColorNavigationBar=0xff000000
08-21 14:36:55.738  1567  4126 D kyu     : WindowState::getSystemUiVisibilityLG = 0
08-21 14:36:55.738  1567  4126 I WindowManager: [PWM][updateSystemUiVisibilityLw] diffLG=0
08-21 14:36:55.738  1567  4126 I WindowManager: [PWM][updateSystemUiVisibilityLw] visibilityLG=0x0
08-21 14:36:55.738  1567  4126 I WindowManager: [PWM][updateSystemUiVisibilityLw] mLastSystemUiFlagsLG=0x0
08-21 14:36:55.811  1567  2117 I PhoneWindowManagerEx: [PWM] sIsDimming=false, isDimChanging = false
08-21 14:36:55.811  1567  2117 I PhoneWindowManagerEx: [PWM][updateSystemUiVisibilityLw] tmpColorNavigationBar=0xff000000
08-21 14:36:55.811  1567  2117 I PhoneWindowManagerEx: [PWM][updateSystemUiVisibilityLw] mLastColorNavigationBar=0xff000000
08-21 14:36:55.811  1567  2117 D kyu     : WindowState::getSystemUiVisibilityLG = 0
08-21 14:36:55.811  1567  2117 I WindowManager: [PWM][updateSystemUiVisibilityLw] diffLG=0
08-21 14:36:55.811  1567  2117 I WindowManager: [PWM][updateSystemUiVisibilityLw] visibilityLG=0x0
08-21 14:36:55.811  1567  2117 I WindowManager: [PWM][updateSystemUiVisibilityLw] mLastSystemUiFlagsLG=0x0
08-21 14:36:55.815  1567  2117 I PhoneWindowManagerEx: [PWM] sIsDimming=false, isDimChanging = false
08-21 14:36:55.815  1567  2117 I PhoneWindowManagerEx: [PWM][updateSystemUiVisibilityLw] tmpColorNavigationBar=0xff000000
08-21 14:36:55.815  1567  2117 I PhoneWindowManagerEx: [PWM][updateSystemUiVisibilityLw] mLastColorNavigationBar=0xff000000
08-21 14:36:55.815  1567  2117 D kyu     : WindowState::getSystemUiVisibilityLG = 0
08-21 14:36:55.815  1567  2117 I WindowManager: [PWM][updateSystemUiVisibilityLw] diffLG=0
08-21 14:36:55.815  1567  2117 I WindowManager: [PWM][updateSystemUiVisibilityLw] visibilityLG=0x0
08-21 14:36:55.815  1567  2117 I WindowManager: [PWM][updateSystemUiVisibilityLw] mLastSystemUiFlagsLG=0x0
08-21 14:36:56.043  1567  2117 I PhoneWindowManagerEx: [PWM] sIsDimming=false, isDimChanging = false
08-21 14:36:56.043  1567  2117 I PhoneWindowManagerEx: [PWM][updateSystemUiVisibilityLw] tmpColorNavigationBar=0xff000000
08-21 14:36:56.043  1567  2117 I PhoneWindowManagerEx: [PWM][updateSystemUiVisibilityLw] mLastColorNavigationBar=0xff000000
08-21 14:36:56.043  1567  2117 D kyu     : WindowState::getSystemUiVisibilityLG = 0
08-21 14:36:56.043  1567  2117 I WindowManager: [PWM][updateSystemUiVisibilityLw] diffLG=0
08-21 14:36:56.043  1567  2117 I WindowManager: [PWM][updateSystemUiVisibilityLw] visibilityLG=0x0
08-21 14:36:56.043  1567  2117 I WindowManager: [PWM][updateSystemUiVisibilityLw] mLastSystemUiFlagsLG=0x0
08-21 14:36:56.063  1567  1955 V SplitWindowManager: ensureActivitiesVisibleLocked has blank for debug 
08-21 14:36:56.064  1567  2117 I PhoneWindowManagerEx: [PWM] sIsDimming=false, isDimChanging = false
08-21 14:36:56.064  1567  2117 I PhoneWindowManagerEx: [PWM][updateSystemUiVisibilityLw] tmpColorNavigationBar=0xff000000
08-21 14:36:56.064  1567  2117 I PhoneWindowManagerEx: [PWM][updateSystemUiVisibilityLw] mLastColorNavigationBar=0xff000000
08-21 14:36:56.064  1567  2117 D kyu     : WindowState::getSystemUiVisibilityLG = 0
08-21 14:36:56.064  1567  2117 I WindowManager: [PWM][updateSystemUiVisibilityLw] diffLG=0
08-21 14:36:56.064  1567  2117 I WindowManager: [PWM][updateSystemUiVisibilityLw] visibilityLG=0x0
08-21 14:36:56.064  1567  2117 I WindowManager: [PWM][updateSystemUiVisibilityLw] mLastSystemUiFlagsLG=0x0
08-21 14:36:56.066  1567  2117 I PhoneWindowManagerEx: [PWM] sIsDimming=false, isDimChanging = false
08-21 14:36:56.066  1567  2117 I PhoneWindowManagerEx: [PWM][updateSystemUiVisibilityLw] tmpColorNavigationBar=0xff000000
08-21 14:36:56.066  1567  2117 I PhoneWindowManagerEx: [PWM][updateSystemUiVisibilityLw] mLastColorNavigationBar=0xff000000
08-21 14:36:56.066  1567  2117 D kyu     : WindowState::getSystemUiVisibilityLG = 0
08-21 14:36:56.066  1567  2117 I WindowManager: [PWM][updateSystemUiVisibilityLw] diffLG=0
08-21 14:36:56.066  1567  2117 I WindowManager: [PWM][updateSystemUiVisibilityLw] visibilityLG=0x0
08-21 14:36:56.066  1567  2117 I WindowManager: [PWM][updateSystemUiVisibilityLw] mLastSystemUiFlagsLG=0x0
08-21 14:36:56.077  1567  2117 I PhoneWindowManagerEx: [PWM] sIsDimming=false, isDimChanging = false
08-21 14:36:56.077  1567  2117 I PhoneWindowManagerEx: [PWM][updateSystemUiVisibilityLw] tmpColorNavigationBar=0xff000000
08-21 14:36:56.077  1567  2117 I PhoneWindowManagerEx: [PWM][updateSystemUiVisibilityLw] mLastColorNavigationBar=0xff000000
08-21 14:36:56.077  1567  2117 D kyu     : WindowState::getSystemUiVisibilityLG = 0
08-21 14:36:56.077  1567  2117 I WindowManager: [PWM][updateSystemUiVisibilityLw] diffLG=0
08-21 14:36:56.077  1567  2117 I WindowManager: [PWM][updateSystemUiVisibilityLw] visibilityLG=0x0
08-21 14:36:56.077  1567  2117 I WindowManager: [PWM][updateSystemUiVisibilityLw] mLastSystemUiFlagsLG=0x0
08-21 14:36:56.080  1567  3954 D SplitFlag: relayout.. reset flags.. flags = 1810100, sysflags = 0 of win Window{159c863 u0 com.lge.hiddenmenu/com.lge.hiddenmenu.SVC.log_service.MainActivity}
08-21 14:36:56.081  1567  3954 I PhoneWindowManagerEx: [PWM] sIsDimming=false, isDimChanging = false
08-21 14:36:56.081  1567  3954 I PhoneWindowManagerEx: [PWM][updateSystemUiVisibilityLw] tmpColorNavigationBar=0xff000000
08-21 14:36:56.081  1567  3954 I PhoneWindowManagerEx: [PWM][updateSystemUiVisibilityLw] mLastColorNavigationBar=0xff000000
08-21 14:36:56.081  1567  3954 D kyu     : WindowState::getSystemUiVisibilityLG = 0
08-21 14:36:56.081  1567  3954 I WindowManager: [PWM][updateSystemUiVisibilityLw] diffLG=0
08-21 14:36:56.081  1567  3954 I WindowManager: [PWM][updateSystemUiVisibilityLw] visibilityLG=0x0
08-21 14:36:56.081  1567  3954 I WindowManager: [PWM][updateSystemUiVisibilityLw] mLastSystemUiFlagsLG=0x0
08-21 14:36:56.086  4148  4161 D ForegroundUtils: Foreground changed, PID: 26637 UID: 1000 foreground: false
08-21 14:36:56.086  4148  4161 D ForegroundUtils: Foreground UID/PID combinations:
08-21 14:36:56.086  4148  4161 D ForegroundUtils: UID: 1000 PID: 25430
08-21 14:36:56.306  3599  3599 D [SystemUI]SystemServicesProxy: RecentApps has 22 item(s).
08-21 14:36:56.716  1567  3233 D InputDispatcher: notifyMotion - action=ACTION_DOWN(0), id=0, x=1266.000, y=157.000, tooltype=1, deviceId=4, source=0x1002, policyFlags=0x0, flags=0x0, metaState=0x0, buttonState=0x0, edgeFlags=0x0, eventTime=12426281468000, downTime=12426281468000, 
08-21 14:36:56.717  1567  3232 D InputTransport: channel '2208c24 com.lge.wifisettings/com.lge.wifisettings.activity.WifiScreenSettingsActivity (server)' : action=ACTION_DOWN(0), id=0, x=1266.000, y=157.000, [tooltype=1, deviceId=4, source=0x1002, flags=0x0, edgeFlags=0x0, metaState=0x0, buttonState=0x0, downTime=12426281468000, eventTime=12426281468000, pointerCount=1
08-21 14:36:56.757  1567  3233 D InputDispatcher: notifyMotion - action=ACTION_UP(0), id=0, x=1266.000, y=156.000, tooltype=1, deviceId=4, source=0x1002, policyFlags=0x0, flags=0x0, metaState=0x0, buttonState=0x0, edgeFlags=0x0, eventTime=12426322505000, downTime=12426281468000, 
08-21 14:36:56.757  1567  3232 D InputTransport: channel '2208c24 com.lge.wifisettings/com.lge.wifisettings.activity.WifiScreenSettingsActivity (server)' : action=ACTION_UP(0), id=0, x=1266.000, y=156.000, [tooltype=1, deviceId=4, source=0x1002, flags=0x0, edgeFlags=0x0, metaState=0x0, buttonState=0x0, downTime=12426281468000, eventTime=12426322505000, pointerCount=1
08-21 14:36:56.763  4064  4722 D WfdStateTracker: setWifiDisplayEnabled (0) true with 0
08-21 14:36:56.768  4064  4722 D WfdStateTracker: wfd mode set to 0
08-21 14:36:56.770 21264 21264 I PeopleActivity: MobileDataSetting Changed
08-21 14:36:56.771 21264 21264 I Dialer.DialpadFragment: fragment. refreshUI
08-21 14:36:56.771  4064  4722 D WfdStateTracker: Wfd0 State Changed from 0 to 1
08-21 14:36:56.771 21264 21264 E Dialer-DialerCmdBtnManager: getCarrier() : Fail GLOBAL is not a constant in com.android.contacts.dialpad.DialerCmdBtnManager$CarrierConfig$Carrier
08-21 14:36:56.774  4634  4634 D Leccp_1.0.23: [MiracastHandler] onReceive WFD_STATE_CHANGED_ACTION WfdStatus: 0 --> 1
08-21 14:36:56.774  4558  4558 D DSDPConnection: HDMICable or WFD ConnectedEvent [com.lge.systemservice.core.wfdmanager.WFD_STATE_CHANGED]
08-21 14:36:56.774  4558  4558 D DSDPConnection: [DSDP]StatusReceiver::WFD Connected: false ExternalDevice: 0
08-21 14:36:56.774  4558  4558 W DsdpExternalView: dismissDsdpPopup()
08-21 14:36:56.774  4558  4558 D DsdpStatus: setIsExternalDeviceConnected() connected : false
08-21 14:36:56.774  3599  3599 I [SystemUI]QuickSettingsHandler: Got action com.lge.systemservice.core.wfdmanager.WFD_STATE_CHANGED at null
08-21 14:36:56.779 21264 21264 E Dialer-DialerCmdBtnManager: getCarrier() : Fail GLOBAL is not a constant in com.android.contacts.dialpad.DialerCmdBtnManager$CarrierConfig$Carrier
08-21 14:36:56.779 21264 21264 D Dialer-DialerCmdBtnManager: Current conditions : OPEN, 
08-21 14:36:56.779 21264 21264 I Dialer-DialerCmdBtnManager: cond :OPEN, 
08-21 14:36:56.780 21264 21264 W SystemConfig: isQSlideSupported :true
08-21 14:36:56.782  4064  4722 D WfdStateTracker: Enable WifiP2p: 1
08-21 14:36:56.784  3599  3599 I [SystemUI]MiracastHandler: updateButton(), state = 0
08-21 14:36:56.789  1567  4376 E OsAgent :  Wifi Scan Always Available: 1
08-21 14:36:56.789  1567  4376 E Subscription_jni: V/Entering void bool_dataitem_update(JNIEnv*, jobject, jintArray, jbooleanArray) line 166 
08-21 14:36:56.789  1567  4376 E IzatSvc_OSObserver: V/Entering virtual void izat_manager::OSObserver::notify(const std::__1::list<izat_manager::IDataItem*>&) line 523 
08-21 14:36:56.789  1567  4376 E IzatSvc_OSObserver: I/LocTech-Label :: OSOBSERVER :: Data Items In
08-21 14:36:56.789  1567  4376 E         : V/Entering virtual void izat_manager::WifiHardwareStateDataItemStringifier::stringify(std::__1::string&) line 138 
08-21 14:36:56.789  1567  4376 E         : V/Exiting virtual void izat_manager::WifiHardwareStateDataItemStringifier::stringify(std::__1::string&) line 146 "0"
08-21 14:36:56.789  1567  4376 E IzatSvc_OSObserver: I/LocTech-Value :: Data Item Value: IS_WIFI_HARDWARE_ON: true
08-21 14:36:56.789  1567  4376 E         : V/Entering virtual int32 izat_manager::WifiHardwareStateDataItemCopier::copy(izat_manager::IDataItem*, bool*) line 139 
08-21 14:36:56.789  1567  4376 E         : V/Exiting virtual int32 izat_manager::WifiHardwareStateDataItemCopier::copy(izat_manager::IDataItem*, bool*) line 147 "0"
08-21 14:36:56.789  1567  4376 E LocSvc_utils_q: D/msg_q_snd: Sending message with handle = 0x70BA2280
08-21 14:36:56.789  1567  4376 E LocSvc_utils_ll: D/linked_list_add: Adding to list data_obj = 0x70BA2280
08-21 14:36:56.789  1567  4376 E LocSvc_utils_q: D/msg_q_snd: Finished Sending message with handle = 0x70BA2280
08-21 14:36:56.789  1567  4376 E IzatSvc_OSObserver: V/Exiting virtual void izat_manager::OSObserver::notify(const std::__1::list<izat_manager::IDataItem*>&) line 544 "0"
08-21 14:36:56.789  1567  4376 E Subscription_jni: V/Exiting void bool_dataitem_update(JNIEnv*, jobject, jintArray, jbooleanArray) line 221 "0"
08-21 14:36:56.790  1567  4376 E OsAgent :  Wifi Scan Always Available: 1
08-21 14:36:56.790  1567  4376 E Subscription_jni: V/Entering void bool_dataitem_update(JNIEnv*, jobject, jintArray, jbooleanArray) line 166 
08-21 14:36:56.790  1567  4376 E IzatSvc_OSObserver: V/Entering virtual void izat_manager::OSObserver::notify(const std::__1::list<izat_manager::IDataItem*>&) line 523 
08-21 14:36:56.790  1567  4376 E IzatSvc_OSObserver: I/LocTech-Label :: OSOBSERVER :: Data Items In
08-21 14:36:56.790  1567  4376 E         : V/Entering virtual void izat_manager::WifiHardwareStateDataItemStringifier::stringify(std::__1::string&) line 138 
08-21 14:36:56.790  1567  4376 E         : V/Exiting virtual void izat_manager::WifiHardwareStateDataItemStringifier::stringify(std::__1::string&) line 146 "0"
08-21 14:36:56.790  1567  4376 E IzatSvc_OSObserver: I/LocTech-Value :: Data Item Value: IS_WIFI_HARDWARE_ON: true
08-21 14:36:56.790  1567  4376 E         : V/Entering virtual int32 izat_manager::WifiHardwareStateDataItemCopier::copy(izat_manager::IDataItem*, bool*) line 139 
08-21 14:36:56.790  1567  4376 E         : V/Exiting virtual int32 izat_manager::WifiHardwareStateDataItemCopier::copy(izat_manager::IDataItem*, bool*) line 147 "0"
08-21 14:36:56.790  1567  4376 E LocSvc_utils_q: D/msg_q_snd: Sending message with handle = 0x70BCEF00
08-21 14:36:56.790  1567  4376 E LocSvc_utils_ll: D/linked_list_add: Adding to list data_obj = 0x70BCEF00
08-21 14:36:56.790  1567  4376 E LocSvc_utils_q: D/msg_q_snd: Finished Sending message with handle = 0x70BCEF00
08-21 14:36:56.790  1567  4376 E IzatSvc_OSObserver: V/Exiting virtual void izat_manager::OSObserver::notify(const std::__1::list<izat_manager::IDataItem*>&) line 544 "0"
08-21 14:36:56.790  1567  4376 E Subscription_jni: V/Exiting void bool_dataitem_update(JNIEnv*, jobject, jintArray, jbooleanArray) line 221 "0"
08-21 14:36:56.790  1567  4379 E LocSvc_utils_ll: D/linked_list_remove: Removing from list
08-21 14:36:56.790  1567  4379 E LocSvc_utils_q: D/msg_q_rcv: Received message 0x70BA2280 rv = 0
08-21 14:36:56.790  1567  4379 E IzatSvc_OSObserver: V/Entering virtual void izat_manager::OSObserver::HandleNotify::proc() const line 420 
08-21 14:36:56.790  1567  4379 E IzatSvc_OSObserver: V/Entering int izat_manager::OSObserver::updateCache(izat_manager::IDataItem*, bool&) line 629 
08-21 14:36:56.790  1567  4379 E         : V/Entering virtual int32 izat_manager::WifiHardwareStateDataItemCopier::copy(izat_manager::IDataItem*, bool*) line 139 
08-21 14:36:56.790  1567  4379 E         : V/Exiting virtual int32 izat_manager::WifiHardwareStateDataItemCopier::copy(izat_manager::IDataItem*, bool*) line 147 "0"
08-21 14:36:56.790  1567  4379 E IzatSvc_OSObserver: V/Exiting int izat_manager::OSObserver::updateCache(izat_manager::IDataItem*, bool&) line 654 "0"
08-21 14:36:56.790  1567  4379 E IzatSvc_OSObserver: D/LocTech-Label :: OSOBSERVER :: Data Items Out
08-21 14:36:56.790  1567  4379 E IzatSvc_OSObserver: V/Exiting virtual void izat_manager::OSObserver::HandleNotify::proc() const line 458 "0"
08-21 14:36:56.790  1567  4379 E LocSvc_MsgTask: D/MsgTask::loop() listening ...
08-21 14:36:56.790  1567  4379 E LocSvc_utils_q: D/msg_q_rcv: Waiting on message
08-21 14:36:56.790  1567  4379 E LocSvc_utils_ll: D/linked_list_remove: Removing from list
08-21 14:36:56.790  1567  4379 E LocSvc_utils_q: D/msg_q_rcv: Received message 0x70BCEF00 rv = 0
08-21 14:36:56.790  1567  4379 E IzatSvc_OSObserver: V/Entering virtual void izat_manager::OSObserver::HandleNotify::proc() const line 420 
08-21 14:36:56.790  1567  4379 E IzatSvc_OSObserver: V/Entering int izat_manager::OSObserver::updateCache(izat_manager::IDataItem*, bool&) line 629 
08-21 14:36:56.790  1567  4379 E         : V/Entering virtual int32 izat_manager::WifiHardwareStateDataItemCopier::copy(izat_manager::IDataItem*, bool*) line 139 
08-21 14:36:56.790  1567  4379 E         : V/Exiting virtual int32 izat_manager::WifiHardwareStateDataItemCopier::copy(izat_manager::IDataItem*, bool*) line 147 "0"
08-21 14:36:56.790  1567  4379 E IzatSvc_OSObserver: V/Exiting int izat_manager::OSObserver::updateCache(izat_manager::IDataItem*, bool&) line 654 "0"
08-21 14:36:56.790  1567  4379 E IzatSvc_OSObserver: D/LocTech-Label :: OSOBSERVER :: Data Items Out
08-21 14:36:56.790  1567  4379 E IzatSvc_OSObserver: V/Exiting virtual void izat_manager::OSObserver::HandleNotify::proc() const line 458 "0"
08-21 14:36:56.790  1567  4379 E LocSvc_MsgTask: D/MsgTask::loop() listening ...
08-21 14:36:56.790  1567  4379 E LocSvc_utils_q: D/msg_q_rcv: Waiting on message
08-21 14:36:56.792  1567  3244 D WifiOffDelayIfNotUsed: setPowerSaveActivated(false)
08-21 14:36:56.792 21264 21264 I PeopleActivity: MobileDataSetting Changed
08-21 14:36:56.792 21264 21264 I Dialer.DialpadFragment: fragment. refreshUI
08-21 14:36:56.793  1567  1567 D WifiOffDelayIfNotUsed: NETWORK_STATE_CHANGED_ACTION [DISCONNECTED]
08-21 14:36:56.793 25430 25430 I AudioManagerEx: AudioManagerEx created
08-21 14:36:56.794  1567  3268 V SoundPool: play sampleID=1, leftVolume=1.000000, rightVolume=1.000000, priority=0, loop=0, rate=1.000000
08-21 14:36:56.794  1567  3268 V SoundPool: mState = 0 mChannelID=381, mNumChannels=2, mPos = 0, mPriority=-1, mLoop=0
08-21 14:36:56.794  1567  3268 V SoundPool: mState = 0 mChannelID=336, mNumChannels=2, mPos = 0, mPriority=-1, mLoop=0
08-21 14:36:56.794  1567  3268 V SoundPool: mState = 4 mChannelID=319, mNumChannels=1, mPos = 0, mPriority=0, mLoop=0
08-21 14:36:56.794  1567  3268 V SoundPool: mState = 4 mChannelID=322, mNumChannels=1, mPos = 0, mPriority=0, mLoop=0
08-21 14:36:56.794  1567  3268 V SoundPool: Allocated recycled channel for same sampleID
08-21 14:36:56.794  1567  3268 V SoundPool: play channel 0x7f674e3308 state = 0
08-21 14:36:56.794  1567  3268 V SoundPool: SoundChannel::play 0x7f674e3308: sampleID=1, channelID=382, leftVolume=1.000000, rightVolume=1.000000, priority=0, loop=0, rate=1.000000
08-21 14:36:56.795  1567  3244 D WifiConfigStore: Loading config and enabling all networks 
08-21 14:36:56.795 14281 14281 D wpa_supplicant: wlan0: Control interface command 'LIST_NETWORKS LAST_ID=-1'
08-21 14:36:56.795  1567  3244 D WifiConfigStore: loaded 0 passpoint configs
08-21 14:36:56.796  1567  3244 E WifiConfigStore: readAutoJoinStatus: Error parsing configurationjava.io.FileNotFoundException: /data/misc/wifi/autojoinconfig.txt: open failed: ENOENT (No such file or directory)
08-21 14:36:56.796  1567  3244 E WifiConfigStore: buildPnoList sortedWifiConfigurations size 0
08-21 14:36:56.797 25430 25430 V WifiScreenEnabler: handleScreenStateChanged: 1 set: true enabled: false
08-21 14:36:56.793 21264 21264 E Dialer-DialerCmdBtnManager: getCarrier() : Fail GLOBAL is not a constant in com.android.contacts.dialpad.DialerCmdBtnManager$CarrierConfig$Carrier
08-21 14:36:56.797  1567  1567 I WifiServerServiceExt: WIFI_STATE_CHANGED_ACTION [3]
08-21 14:36:56.798  1567  1567 E WifiServerServiceExt: sendAutoJoinStatus  LgeWifiConfig.mEnableAutoJoin : 1
08-21 14:36:56.798  1567  3248 I WifiServerServiceExt: batteryPsActivateMsgHandler : state:0 event:3
08-21 14:36:56.798  1567  3244 E WifiConfigStore: --- Begin /data/misc/wifi/wpa_supplicant.conf ---
08-21 14:36:56.798  1567  3244 E WifiConfigStore: ctrl_interface=/data/misc/wifi/sockets
08-21 14:36:56.799  1567  3244 E WifiConfigStore: disable_scan_offload=1
08-21 14:36:56.799  1567  3244 E WifiConfigStore: driver_param=use_p2p_group_interface=1p2p_device=1
08-21 14:36:56.799  1567  3244 E WifiConfigStore: update_config=1
08-21 14:36:56.799  1567  3244 E WifiConfigStore: device_name=p1_global_com
08-21 14:36:56.799  4064  4064 D WfdService: Waiting for WifiP2p enabling
08-21 14:36:56.799  1567  3244 E WifiConfigStore: manufacturer=LGE
08-21 14:36:56.799  1567  3244 E WifiConfigStore: model_name=LG-H815
08-21 14:36:56.799  1567  3244 E WifiConfigStore: model_number=LG-H815
08-21 14:36:56.799  1567  3244 E WifiConfigStore: serial_number=LGH8150ba03b14
08-21 14:36:56.799  1567  3244 E WifiConfigStore: device_type=10-0050F204-5
08-21 14:36:56.799  1567  3244 E WifiConfigStore: config_methods=physical_display virtual_push_button
08-21 14:36:56.799  1567  3244 E WifiConfigStore: p2p_disabled=1
08-21 14:36:56.799  1567  3244 E WifiConfigStore: p2p_no_group_iface=1
08-21 14:36:56.800  4634  4634 D Leccp_1.0.23: [NetworkWifi] onReceive WIFI_STATE_CHANGED_ACTION state: 3
08-21 14:36:56.800  4634  4634 D Leccp_1.0.23: [ConnectionManager] onListenerMessage WIFI ON_ENABLED
08-21 14:36:56.800  1567  3244 E WifiConfigStore: hs20=1
08-21 14:36:56.800  1567  3244 E WifiConfigStore: interworking=1
08-21 14:36:56.800  1567  3244 E WifiConfigStore: auto_interworking=1
08-21 14:36:56.800  1567  3244 E WifiConfigStore: external_sim=1
08-21 14:36:56.800  1567  3244 E WifiConfigStore: p2p_search_delay=0
08-21 14:36:56.800  1567  3244 E WifiConfigStore: cred={
08-21 14:36:56.800  1567  3244 E WifiConfigStore: 	imsi="Auto"
08-21 14:36:56.800  1567  3244 E WifiConfigStore: 	domain="orange.ro"
08-21 14:36:56.800  1567  3244 E WifiConfigStore: 	eap=AKA
08-21 14:36:56.800  1567  3244 E WifiConfigStore: }
08-21 14:36:56.800  3599  4063 I [SystemUI]NetworkController: onReceive: intent=Intent { act=android.net.wifi.WIFI_STATE_CHANGED flg=0x4000010 (has extras) }
08-21 14:36:56.801  1567  3244 E WifiConfigStore: --- End /data/misc/wifi/wpa_supplicant.conf Contents ---
08-21 14:36:56.801  1567  3244 E WifiConfigStore: --- Begin /data/misc/wifi/wpa_supplicant.conf.tmp ---
08-21 14:36:56.801  1567  3244 E WifiConfigStore: Could not open /data/misc/wifi/wpa_supplicant.conf.tmp, java.io.FileNotFoundException: /data/misc/wifi/wpa_supplicant.conf.tmp: open failed: ENOENT (No such file or directory)
08-21 14:36:56.801  1567  3244 E WifiConfigStore: --- End /data/misc/wifi/wpa_supplicant.conf.tmp Contents ---
08-21 14:36:56.801  1567  3244 E WifiConfigStore: --- Begin /data/misc/wifi/networkHistory.txt ---
08-21 14:36:56.802  1567  3244 E WifiConfigStore: DELETED_EPHEMERAL"WiFi Workshop"
08-21 14:36:56.802  1567  3244 E WifiConfigStore: --- End /data/misc/wifi/networkHistory.txt Contents ---
08-21 14:36:56.802 14281 14281 D wpa_supplicant: wlan0: Control interface command 'STATUS-NO_EVENTS'
08-21 14:36:56.804  3386  3386 V APM::AudioPolicyManager: getOutput() device 2, stream 1, samplingRate 0, format 0, channelMask 3, flags 0
08-21 14:36:56.804  3386  3386 V APM::AudioPolicyManager:   getOutputForDevice() returns output 2
08-21 14:36:56.806  3599  4063 D NetworkController.WifiSignalController: Change in state from: connected=false,enabled=false,level=0,inetCondition=0,iconGroup=IconGroup(Default Wi-Fi Icons),activityIn=true,activityOut=true,rssi=-52,lastModified=08-21 02:36:41,ssid=null
08-21 14:36:56.806  3599  4063 D NetworkController.WifiSignalController: 	to: connected=false,enabled=true,level=0,inetCondition=0,iconGroup=IconGroup(Default Wi-Fi Icons),activityIn=true,activityOut=true,rssi=-52,lastModified=08-21 02:36:41,ssid=null
08-21 14:36:56.808  1567  3268 V AudioSystem: getFrameCount() output 2, frameCount 960
08-21 14:36:56.808 21264 21264 E Dialer-DialerCmdBtnManager: getCarrier() : Fail GLOBAL is not a constant in com.android.contacts.dialpad.DialerCmdBtnManager$CarrierConfig$Carrier
08-21 14:36:56.808 21264 21264 D Dialer-DialerCmdBtnManager: Current conditions : OPEN, 
08-21 14:36:56.809 21264 21264 I Dialer-DialerCmdBtnManager: cond :OPEN, 
08-21 14:36:56.809 21264 21264 W SystemConfig: isQSlideSupported :true
08-21 14:36:56.811  3386  3539 V APM::AudioPolicyManager: getOutput() device 2, stream 1, samplingRate 0, format 0, channelMask 3, flags 0
08-21 14:36:56.811  3386  3539 V APM::AudioPolicyManager:   getOutputForDevice() returns output 2
08-21 14:36:56.811   475  1316 W CommandListener: Failed to retrieve HW addr for p2p0 (No such device)
08-21 14:36:56.813   475  1316 D CommandListener: Setting iface cfg
08-21 14:36:56.814  1567  3244 I WifiServerServiceExt: set CMD_ADD_DEFAULT_PROFILE
08-21 14:36:56.815  1567  3244 I WifiServerServiceExt: setWifiDualbandAPConnection band : 1
08-21 14:36:56.815 14281 14281 D wpa_supplicant: wlan0: Control interface command 'DUALBAND_AP_CONNECT 1'
08-21 14:36:56.815 14281 14281 E wpa_supplicant: nWIFIDualbandAPConnection: 1
08-21 14:36:56.816  1567  3268 V AudioSystem: getOutputSamplingRate() reading from output desc
08-21 14:36:56.816  1567  3268 V AudioSystem: getSamplingRate() output 2, sampling rate 48000
08-21 14:36:56.816  1567  3268 V SoundPool: reusing track 0x7f6a505f00 for sample 1
08-21 14:36:56.816  1567  3244 I WifiServerServiceExt: setWifiPasspointEnabled state : 0
08-21 14:36:56.816 14281 14281 D wpa_supplicant: wlan0: Control interface command 'PASSPOINT_DISABLED'
08-21 14:36:56.816 14281 14281 E wpa_supplicant: Passpoint is DISABLED
08-21 14:36:56.817  1567  3244 I WifiServerServiceExt: set CMD_DISCONNECT_RSSI_LVL : -100
08-21 14:36:56.817 14281 14281 D wpa_supplicant: wlan0: Control interface command 'DISCONNECT_RSSI_LVL -100'
08-21 14:36:56.817 14281 14281 E wpa_supplicant: disconnect_rssi_lvl: -100
08-21 14:36:56.818  1567  3243 D WifiMonitor: startMonitoring(p2p0) with mConnected = true
08-21 14:36:56.818  1567  3244 I WifiServerServiceExt: set CMD_SET_FRAMEWORK_AUTO_JOIN 1
08-21 14:36:56.818 14281 14281 D wpa_supplicant: wlan0: Control interface command 'SET_FRAMEWORK_AUTO_JOIN 1'
08-21 14:36:56.818 14281 14281 E wpa_supplicant: wpa_supplicant_ctrl_iface_set_framework_auto_join: enable : 1
08-21 14:36:56.818 14281 14281 D wpa_supplicant: RX global ctrl_iface - hexdump(len=26): 53 45 54 20 70 65 72 73 69 73 74 65 6e 74 5f 72 65 63 6f 6e 6e 65 63 74 20 31
08-21 14:36:56.818 14281 14281 D wpa_supplicant: GLOBAL_CTRL_IFACE SET 'persistent_reconnect'='1'
08-21 14:36:56.818 14281 14281 D wpa_supplicant: p2p-dev-wlan0: Control interface command 'SET persistent_reconnect 1'
08-21 14:36:56.818 14281 14281 D wpa_supplicant: CTRL_IFACE SET 'persistent_reconnect'='1'
08-21 14:36:56.818 14281 14281 D wpa_supplicant: persistent_reconnect=1
08-21 14:36:56.819  1567  3244 I WifiServerServiceExt: set CMD_UPDATE_DEFAULT_PROFILE
08-21 14:36:56.819 14281 14281 D wpa_supplicant: RX global ctrl_iface - hexdump(len=22): 53 45 54 20 64 65 76 69 63 65 5f 6e 61 6d 65 20 47 34 20 4c 4f 53
08-21 14:36:56.819 14281 14281 D wpa_supplicant: GLOBAL_CTRL_IFACE SET 'device_name'='G4 LOS'
08-21 14:36:56.819 14281 14281 D wpa_supplicant: p2p-dev-wlan0: Control interface command 'SET device_name G4 LOS'
08-21 14:36:56.819 14281 14281 D wpa_supplicant: CTRL_IFACE SET 'device_name'='G4 LOS'
08-21 14:36:56.819 14281 14281 D wpa_supplicant: device_name='G4 LOS'
08-21 14:36:56.819  3386  3541 V APM::AudioPolicyManager: startOutput() output 2, stream 1, session 23
08-21 14:36:56.819  3386  3541 V APM::AudioPolicyManager: setBeaconMute(1) mBeaconMuteRefCount=1 mBeaconPlayingRefCount=0
08-21 14:36:56.819  3386  3541 V APM::AudioPolicyManager: getNewOutputDevice() selected device 2
08-21 14:36:56.819  3386  3541 V APM::AudioPolicyManager: setOutputDevice() device 0002 delayMs 0
08-21 14:36:56.819  3386  3541 V APM::AudioPolicyManager: setOutputDevice() prevDevice 0x0002
08-21 14:36:56.820  3386  3541 V APM::AudioPolicyManager: AudioPolicyManagerEx::getRingerMode() mRingerMode 2
08-21 14:36:56.820  3386  3541 V APM::AudioPolicyManager: AudioPolicyManagerEx::getRingerMode() mRingerMode 2
08-21 14:36:56.820  3386  3541 V APM::AudioPolicyManager: AudioPolicyManagerEx::getRingerMode() mRingerMode 2
08-21 14:36:56.820  3386  3541 V APM::AudioPolicyManager: AudioPolicyManagerEx::getRingerMode() mRingerMode 2
08-21 14:36:56.820  3386  3541 V APM::AudioPolicyManager: AudioPolicyManagerEx::getRingerMode() mRingerMode 2
08-21 14:36:56.820  3386  3541 V APM::AudioPolicyManager: setOutputDevice() changing device
08-21 14:36:56.820  3386  3541 V AudioPolicyService: AudioCommandThread() adding create patch delay 0
08-21 14:36:56.820  3386  3541 V AudioPolicyService: inserting command: 7 at index 0, num commands 0
08-21 14:36:56.820  1567  3243 D WifiServerServiceExt: postfix byte check : 6
08-21 14:36:56.820  3386  3520 V AudioPolicyService: AudioCommandThread() waking up
08-21 14:36:56.820  3386  3520 V AudioPolicyService: AudioCommandThread() processing create audio patch
08-21 14:36:56.820 14281 14281 D wpa_supplicant: wlan0: Control interface command 'SET pno 0'
08-21 14:36:56.820 14281 14281 D wpa_supplicant: CTRL_IFACE SET 'pno'='0'
08-21 14:36:56.820  3386  3520 V AudioFlinger: sendConfigEvent_l() num events 1 event 3
08-21 14:36:56.820  3386  3533 V AudioFlinger: thread 0xf1040000 type 0 TID 3533 waking up
08-21 14:36:56.820  3386  3533 V AudioFlinger: acquireWakeLock_l() AudioOut_2 status 0
08-21 14:36:56.820  3386  3533 V AudioFlinger: processConfigEvents_l() remaining events 1
08-21 14:36:56.820  3386  3533 D audio_hw_primary: out_set_parameters: enter: usecase(1: low-latency-playback) kvpairs: routing=2
08-21 14:36:56.820  3386  3533 V audio_hw_primary: out_set_parameters: exit: code(0)
08-21 14:36:56.820  3386  3533 V AudioFlinger: processConfigEvents_l() DONE thread 0xf1040000
08-21 14:36:56.820  3386  3533 V AudioFlinger: acquireWakeLock_l() AudioOut_2 status 0
08-21 14:36:56.821  3386  3520 V AudioPolicyService: AudioCommandThread() going to sleep
08-21 14:36:56.821 14281 14281 D wpa_supplicant: RX global ctrl_iface - hexdump(len=28): 53 45 54 20 70 32 70 5f 73 73 69 64 5f 70 6f 73 74 66 69 78 20 2d 47 34 20 4c 4f 53
08-21 14:36:56.821 14281 14281 D wpa_supplicant: GLOBAL_CTRL_IFACE SET 'p2p_ssid_postfix'='-G4 LOS'
08-21 14:36:56.821 14281 14281 D wpa_supplicant: p2p-dev-wlan0: Control interface command 'SET p2p_ssid_postfix -G4 LOS'
08-21 14:36:56.821 14281 14281 D wpa_supplicant: CTRL_IFACE SET 'p2p_ssid_postfix'='-G4 LOS'
08-21 14:36:56.821 14281 14281 D wpa_supplicant: p2p_ssid_postfix='-G4 LOS'
08-21 14:36:56.821 14281 14281 D wpa_supplicant: P2P: New SSID postfix: -G4 LOS
08-21 14:36:56.821  3386  3541 V APM::AudioPolicyManager: setOutputDevice() createAudioPatch returned 0 patchHandle 773num_sources 1 num_sinks 1
08-21 14:36:56.821  3386  3541 V AudioPolicyService: AudioCommandThread() adding update audio patch list
08-21 14:36:56.821  3386  3541 V AudioPolicyService: inserting command: 10 at index 0, num commands 0
08-21 14:36:56.821  3386  3541 V APM::AudioPolicyManager: checkAndSetVolume setParameters volume, volume=:0.180406 delay=:0
08-21 14:36:56.821  3386  3541 V AudioPolicyService: AudioCommandThread() adding set parameter string fm_volume=0.1804062873, io 2 ,delay 0
08-21 14:36:56.821  3386  3521 V AudioPolicyService: AudioCommandThread() waking up
08-21 14:36:56.821  3386  3541 V AudioPolicyService: inserting command: 3 at index 0, num commands 0
08-21 14:36:56.821  3386  3521 V AudioPolicyService: AudioCommandThread() processing update audio patch list
08-21 14:36:56.821  3386  3520 V AudioPolicyService: AudioCommandThread() waking up
08-21 14:36:56.821  3386  3521 V AudioPolicyService: AudioCommandThread() going to sleep
08-21 14:36:56.821  3386  3520 V AudioPolicyService: AudioCommandThread() processing set parameters string fm_volume=0.1804062873, io 2
08-21 14:36:56.821 14281 14281 D wpa_supplicant: RX global ctrl_iface - hexdump(len=29): 53 45 54 20 64 65 76 69 63 65 5f 74 79 70 65 20 31 30 2d 30 30 35 30 46 32 30 34 2d 35
08-21 14:36:56.821  3386  3520 V AudioFlinger: setParameters(): io 2, keyvalue fm_volume=0.1804062873, calling pid 3386
08-21 14:36:56.821 14281 14281 D wpa_supplicant: GLOBAL_CTRL_IFACE SET 'device_type'='10-0050F204-5'
08-21 14:36:56.821 14281 14281 D wpa_supplicant: p2p-dev-wlan0: Control interface command 'SET device_type 10-0050F204-5'
08-21 14:36:56.821 14281 14281 D wpa_supplicant: CTRL_IFACE SET 'device_type'='10-0050F204-5'
08-21 14:36:56.821  3386  3520 V AudioFlinger: ThreadBase::setParameters() fm_volume=0.1804062873
08-21 14:36:56.821  3386  3520 V AudioFlinger: sendConfigEvent_l() num events 1 event 2
08-21 14:36:56.822 14281 14281 D wpa_supplicant: RX global ctrl_iface - hexdump(len=79): 53 45 54 20 63 6f 6e 66 69 67 5f 6d 65 74 68 6f 64 73 20 76 69 72 74 75 61 6c 5f 70 75 73 68 5f ...
08-21 14:36:56.822 14281 14281 D wpa_supplicant: GLOBAL_CTRL_IFACE SET 'config_methods'='virtual_push_button physical_display keypad wfds_default_pin'
08-21 14:36:56.822 14281 14281 D wpa_supplicant: p2p-dev-wlan0: Control interface command 'SET config_methods virtual_push_button physical_display keypad wfds_default_pin'
08-21 14:36:56.822 14281 14281 D wpa_supplicant: CTRL_IFACE SET 'config_methods'='virtual_push_button physical_display keypad wfds_default_pin'
08-21 14:36:56.822 14281 14281 D wpa_supplicant: config_methods='virtual_push_button physical_display keypad wfds_default_pin'
08-21 14:36:56.822 14281 14281 D wpa_supplicant: WFDS: P2P set config_methods to 0x5388
08-21 14:36:56.822 14281 14281 D wpa_supplicant: p2p-dev-wlan0: Control interface command 'P2P_SET conc_pref p2p'
08-21 14:36:56.822 14281 14281 D wpa_supplicant: Single channel concurrency preference: p2p
08-21 14:36:56.823  1567  3243 D WifiNative-HAL: p2pGetDeviceAddress
08-21 14:36:56.823 14281 14281 D wpa_supplicant: RX global ctrl_iface - hexdump(len=6): 53 54 41 54 55 53
08-21 14:36:56.823  1567  3243 D WifiNative-HAL: p2pGetDeviceAddress returning 02:90:4c:d4:02:ca
08-21 14:36:56.823 14281 14281 D wpa_supplicant: wlan0: Control interface command 'SCAN TYPE=ONLY'
08-21 14:36:56.823 14281 14281 D wpa_supplicant: wlan0: Setting scan request: 0.000000 sec
08-21 14:36:56.824 25430 25430 D WifiScreenSettings: handleScreenStateChanged == 1
08-21 14:36:56.825 14281 14281 D wpa_supplicant: OTA_TEST prop_ota_enable: 0
08-21 14:36:56.825 14281 14281 D wpa_supplicant: wlan0: Starting AP scan for wildcard SSID
08-21 14:36:56.825 14281 14281 D wpa_supplicant: wlan0: Add radio work 'scan'@0x7f9581c1e0
08-21 14:36:56.825 14281 14281 D wpa_supplicant: wlan0: First radio work item in the queue - schedule start immediately
08-21 14:36:56.825 14281 14281 D wpa_supplicant: p2p-dev-wlan0: Control interface command 'P2P_FLUSH'
08-21 14:36:56.825 14281 14281 D wpa_supplicant: P2P: Stopping find
08-21 14:36:56.825 14281 14281 D wpa_supplicant: P2P: Clear timeout (state=IDLE)
08-21 14:36:56.825 14281 14281 D wpa_supplicant: P2P: State IDLE -> IDLE
08-21 14:36:56.825 14281 14281 D wpa_supplicant: wpa_driver_set_ap_wps_p2p_ie: Entry
08-21 14:36:56.825 14281 14281 I wpa_supplicant: P2P-DEVICE-LOST p2p_dev_addr=c6:36:6c:06:4a:4c
08-21 14:36:56.825 14281 14281 D wpa_supplicant: CTRL_IFACE monitor sent successfully to /data/misc/wifi/sockets/wpa_ctrl_4223-4\x00
08-21 14:36:56.825 14281 14281 D wpa_supplicant: CTRL_IFACE monitor sent successfully to /data/misc/wifi/sockets/wpa_ctrl_1567-5\x00
08-21 14:36:56.825 14281 14281 D wpa_supplicant: wlan0: Starting radio work 'scan'@0x7f9581c1e0 after 0.000270 second wait
08-21 14:36:56.825 14281 14281 D wpa_supplicant: wlan0: nl80211: scan request
08-21 14:36:56.826  4223  4223 D WfdsService: WIFI_P2P_THIS_DEVICE_CHANGED_ATCION
08-21 14:36:56.826  4223  4223 D WfdsService: Update P2p Interface State: 3
08-21 14:36:56.826  4223 14333 D P2pExtMonWorker: Event [P2P-DEVICE-LOST p2p_dev_addr=c6:36:6c:06:4a:4c]
08-21 14:36:56.828  4064  4064 I WfdStateTracker: handleP2pThisDeviceChanged: 3
08-21 14:36:56.830  3599  3599 D [SystemUI]QuickSettingsButton: Set image resource for Miracast button. status = 0, clickable = false
08-21 14:36:56.831  3599  3599 D [SystemUI]QuickSettingsHandler: Miracast :Miracast.
08-21 14:36:56.831  3386  3533 V AudioFlinger: processConfigEvents_l() remaining events 1
08-21 14:36:56.831  3386  3533 D audio_hw_primary: out_set_parameters: enter: usecase(1: low-latency-playback) kvpairs: fm_volume=0.1804062873
08-21 14:36:56.831  3386  3533 D audio_hw_fm: audio_extn_fm_set_parameters: set_fm_volume usecase
08-21 14:36:56.831  3386  3533 D audio_hw_fm: fm_set_volume: device=2 (0.180406)
08-21 14:36:56.831  3386  3533 V audio_hw_primary: out_set_parameters: exit: code(0)
08-21 14:36:56.831  3386  3533 V AudioFlinger: processConfigEvents_l() DONE thread 0xf1040000
08-21 14:36:56.831  3386  3520 V AudioPolicyService: AudioCommandThread() going to sleep
08-21 14:36:56.831  3386  3541 V APM::AudioPolicyManager: checkAndSetVolume() cannot set stream 6 volume with force use = 0 for comm
08-21 14:36:56.831  3386  3541 V AudioFlinger: signal playback thread
08-21 14:36:56.832  1567  3268 V SoundPool: delete oldTrack 0x0
08-21 14:36:56.833  3599  3599 I [SystemUI]QuickSettingsHandler: Got action android.net.wifi.WIFI_STATE_CHANGED at null
08-21 14:36:56.840  3599  3599 D [SystemUI]QuickSettingsButton: Set image resource for Wi-Fi button. status = 1, clickable = true
08-21 14:36:56.840  3599  3599 D [SystemUI]QuickSettingsHandler: Wi-Fi :Wi-Fi ligado.
08-21 14:36:56.841  3386  3533 V AudioFlinger: acquireWakeLock_l() AudioOut_2 status 0
08-21 14:36:56.843 25430 25430 V WiFiOffLoadBroadcast: WiFiOffLoadBroadcast: android.net.wifi.WIFI_STATE_CHANGED
08-21 14:36:56.845  3386  3532 D audio_hw_primary: start_output_stream: enter: stream(0xf1b28080)usecase(1: low-latency-playback) devices(0x2)
08-21 14:36:56.845  3386  3532 E audio_hw_primary: select_devices: enter and usecase(1)
08-21 14:36:56.845  3386  3532 D msm8974_platform_lge: LGE_platform_get_output_snd_device: enter(0:2)
08-21 14:36:56.845  3386  3532 V msm8974_platform: platform_get_output_snd_device: enter: output devices(0x2)
08-21 14:36:56.845  3386  3532 V msm8974_platform: platform_get_output_snd_device: exit: snd_device(speaker)
08-21 14:36:56.845  3386  3532 V platform_apt: lge_get_output_in_mandatory_depth: enter and devices(2)
08-21 14:36:56.845  3386  3532 D msm8974_platform_lge: LGE_platform_get_output_snd_device: exit: out_snd_device(speaker)
08-21 14:36:56.845  3386  3532 D audio_hw_primary: select_devices: out_snd_device(2: speaker) in_snd_device(0: )
08-21 14:36:56.845  3386  3532 V msm8974_platform: platform_check_and_set_codec_backend_cfg usecase = 1
08-21 14:36:56.845  3386  3532 W msm8974_platform: Codec backend bitwidth 16, samplerate 48000
08-21 14:36:56.845  3386  3532 V msm8974_platform: Offload playback running bw 16 sr 48000
08-21 14:36:56.845  3386  3532 E audio_hw_primary: enable_snd_device: enter  2
08-21 14:36:56.845  3386  3532 D hardware_info: hw_info_append_hw_type : device_name = speaker
08-21 14:36:56.845  3386  3532 V audio_hw_3rdP_spkr_prot: lge_audio_3rdP_spk_prot_enable: Entry
08-21 14:36:56.862 25430 25430 D WiFiOffLoadBroadcast: MCCMNC not supported: 72405
08-21 14:36:56.865  3386  3532 V audio_hw_3rdP_spkr_prot: lge_audio_3rdP_spk_prot_enable: Exit
08-21 14:36:56.865  3386  3532 V audio_hw_primary: enable_snd_device: snd_device(2: speaker)
08-21 14:36:56.865  3386  3532 I audio_hw_primary: select_devices Selected apptype: 69937
08-21 14:36:56.865  3386  3532 V audio_hw_primary: enable_audio_route: enter: usecase(1)
08-21 14:36:56.865  3386  3532 D audio_hw_utils: audio_extn_utils_send_audio_calibration: audio_extn_utils_send_audio_calibration(0)
08-21 14:36:56.865  3386  3532 V msm8974_platform: platform_send_audio_calibration: sending audio calibration for snd_device(2) acdb_id(14)
08-21 14:36:56.865  3386  3532 D ACDB-LOADER: ACDB -> send_audio_cal, acdb_id = 14, path =  0
08-21 14:36:56.865  3386  3532 D ACDB-LOADER: ACDB -> send_asm_topology
08-21 14:36:56.865  3386  3532 D ACDB-LOADER: ACDB -> ACDB_CMD_GET_AUDPROC_STREAM_TOPOLOGY_ID
08-21 14:36:56.865  3386  3532 D ACDB-LOADER: ACDB -> send_adm_topology
08-21 14:36:56.865  3386  3532 D ACDB-LOADER: ACDB -> ACDB_CMD_GET_AUDPROC_COMMON_TOPOLOGY_ID
08-21 14:36:56.865  3386  3532 D ACDB-LOADER: ACDB -> send_audtable
08-21 14:36:56.865  3386  3532 D ACDB-LOADER: ACDB -> ACDB_CMD_GET_AUDPROC_COMMON_TABLE
08-21 14:36:56.865  3386  3532 D ACDB-LOADER: ACDB -> AUDIO_SET_AUDPROC_CAL
08-21 14:36:56.865  3386  3532 D ACDB-LOADER: ACDB -> send_audvoltable
08-21 14:36:56.865  3386  3532 D ACDB-LOADER: ACDB -> ACDB_CMD_GET_AUDPROC_GAIN_DEP_STEP_TABLE
08-21 14:36:56.865  3386  3532 D ACDB-LOADER: ACDB -> AUDIO_SET_AUDPROC_VOL_CAL
08-21 14:36:56.865  3386  3532 D ACDB-LOADER: ACDB -> send_afe_cal
08-21 14:36:56.865  3386  3532 D ACDB-LOADER: ACDB -> ACDB_CMD_GET_AFE_COMMON_TABLE
08-21 14:36:56.865  3386  3532 D ACDB-LOADER: ACDB -> AUDIO_SET_AFE_CAL
08-21 14:36:56.865  3386  3532 D ACDB-LOADER: ACDB -> send_hw_delay : acdb_id = 14 path = 0
08-21 14:36:56.865  3386  3532 D ACDB-LOADER: ACDB -> ACDB_AVSYNC_INFO: ACDB_CMD_GET_DEVICE_PROPERTY
08-21 14:36:56.866  3386  3532 I audio_hw_utils: audio_extn_utils_send_app_type_cfg app_type 69937, acdb_dev_id 14, sample_rate 48000
08-21 14:36:56.866  3386  3532 V msm8974_platform_lge: LGE_platform_add_backend_name: enter: 2
