07-16 11:33:08.889   747  1004 D wifi_gbk2utf: After sscanf,ssid:Elbio com u, isCh:0
07-16 11:33:08.889   747  1004 D wifi_gbk2utf: parseScanResults, line=id=3
07-16 11:33:08.889   747  1004 D wifi_gbk2utf:  
07-16 11:33:08.889   747  1004 D wifi_gbk2utf: parseScanResults, line=bssid=82:86:f2:fa:32:fa
07-16 11:33:08.889   747  1004 D wifi_gbk2utf:  
07-16 11:33:08.889   747  1004 D wifi_gbk2utf: parseScanResults, line=freq=2412
07-16 11:33:08.889   747  1004 D wifi_gbk2utf:  
07-16 11:33:08.889   747  1004 D wifi_gbk2utf: parseScanResults, line=level=-64
07-16 11:33:08.889   747  1004 D wifi_gbk2utf:  
07-16 11:33:08.889   747  1004 D wifi_gbk2utf: parseScanResults, line=tsf=0000066127189938
07-16 11:33:08.889   747  1004 D wifi_gbk2utf:  
07-16 11:33:08.889   747  1004 D wifi_gbk2utf: parseScanResults, line=flags=[WPA2-PSK-CCMP][ESS]
07-16 11:33:08.889   747  1004 D wifi_gbk2utf:  
07-16 11:33:08.890   747  1004 D wifi_gbk2utf: parseScanResults, line=ssid=nsa
07-16 11:33:08.890   747  1004 D wifi_gbk2utf:  
07-16 11:33:08.890   747  1004 D wifi_gbk2utf: parseScanResults, ssid = nsa, buf = nsa,isUTF8= 0, isCh = 0
07-16 11:33:08.890   747  1004 D wifi_gbk2utf: parseScanResults, line=====
07-16 11:33:08.890   747  1004 D wifi_gbk2utf:  
07-16 11:33:08.890   747  1004 D wifi_gbk2utf: After sscanf,ssid:nsa, isCh:0
07-16 11:33:08.890   747  1004 D wifi_gbk2utf: parseScanResults, line=id=4
07-16 11:33:08.890   747  1004 D wifi_gbk2utf:  
07-16 11:33:08.890   747  1004 D wifi_gbk2utf: parseScanResults, line=bssid=00:66:ce:a1:4e:54
07-16 11:33:08.890   747  1004 D wifi_gbk2utf:  
07-16 11:33:08.890   747  1004 D wifi_gbk2utf: parseScanResults, line=freq=2437
07-16 11:33:08.890   747  1004 D wifi_gbk2utf:  
07-16 11:33:08.890   747  1004 D wifi_gbk2utf: parseScanResults, line=level=-54
07-16 11:33:08.890   747  1004 D wifi_gbk2utf:  
07-16 11:33:08.890   747  1004 D wifi_gbk2utf: parseScanResults, line=tsf=0000066127721178
07-16 11:33:08.890   747  1004 D wifi_gbk2utf:  
07-16 11:33:08.890   747  1004 D wifi_gbk2utf: parseScanResults, line=flags=[WPA2-PSK-CCMP][ESS]
07-16 11:33:08.890   747  1004 D wifi_gbk2utf:  
07-16 11:33:08.890   747  1004 D wifi_gbk2utf: parseScanResults, line=ssid=Spot
07-16 11:33:08.890   747  1004 D wifi_gbk2utf:  
07-16 11:33:08.890   747  1004 D wifi_gbk2utf: parseScanResults, ssid = Spot, buf = Spot,isUTF8= 0, isCh = 0
07-16 11:33:08.890   747  1004 D wifi_gbk2utf: parseScanResults, line=====
07-16 11:33:08.890   747  1004 D wifi_gbk2utf:  
07-16 11:33:08.890   747  1004 D wifi_gbk2utf: After sscanf,ssid:Spot, isCh:0
07-16 11:33:08.890   747  1004 D wifi_gbk2utf: parseScanResults, line=id=5
07-16 11:33:08.890   747  1004 D wifi_gbk2utf:  
07-16 11:33:08.890   747  1004 D wifi_gbk2utf: parseScanResults, line=bssid=34:db:fd:43:20:a2
07-16 11:33:08.890   747  1004 D wifi_gbk2utf:  
07-16 11:33:08.890   747  1004 D wifi_gbk2utf: parseScanResults, line=freq=2412
07-16 11:33:08.890   747  1004 D wifi_gbk2utf:  
07-16 11:33:08.890   747  1004 D wifi_gbk2utf: parseScanResults, line=level=-58
07-16 11:33:08.890   747  1004 D wifi_gbk2utf:  
07-16 11:33:08.890   747  1004 D wifi_gbk2utf: parseScanResults, line=tsf=0000066127720592
07-16 11:33:08.890   747  1004 D wifi_gbk2utf:  
07-16 11:33:08.890   747  1004 D wifi_gbk2utf: parseScanResults, line=flags=[WPA2-PSK-CCMP][ESS]
07-16 11:33:08.890   747  1004 D wifi_gbk2utf:  
07-16 11:33:08.890   747  1004 D wifi_gbk2utf: parseScanResults, line=ssid=gLGE1
07-16 11:33:08.890   747  1004 D wifi_gbk2utf:  
07-16 11:33:08.890   747  1004 D wifi_gbk2utf: parseScanResults, ssid = gLGE1, buf = gLGE1,isUTF8= 0, isCh = 0
07-16 11:33:08.890   747  1004 D wifi_gbk2utf: parseScanResults, line=====
07-16 11:33:08.890   747  1004 D wifi_gbk2utf:  
07-16 11:33:08.890   747  1004 D wifi_gbk2utf: After sscanf,ssid:gLGE1, isCh:0
07-16 11:33:08.890   747  1004 D wifi_gbk2utf: parseScanResults, line=id=6
07-16 11:33:08.890   747  1004 D wifi_gbk2utf:  
07-16 11:33:08.890   747  1004 D wifi_gbk2utf: parseScanResults, line=bssid=34:db:fd:43:20:a1
07-16 11:33:08.890   747  1004 D wifi_gbk2utf:  
07-16 11:33:08.890   747  1004 D wifi_gbk2utf: parseScanResults, line=freq=2412
07-16 11:33:08.890   747  1004 D wifi_gbk2utf:  
07-16 11:33:08.890   747  1004 D wifi_gbk2utf: parseScanResults, line=level=-69
07-16 11:33:08.890   747  1004 D wifi_gbk2utf:  
07-16 11:33:08.890   747  1004 D wifi_gbk2utf: parseScanResults, line=tsf=0000066119903449
07-16 11:33:08.890   747  1004 D wifi_gbk2utf:  
07-16 11:33:08.890   747  1004 D wifi_gbk2utf: parseScanResults, line=flags=[WPA-EAP-CCMP+TKIP][WPA2-EAP-CCMP+TKIP][ESS]
07-16 11:33:08.890   747  1004 D wifi_gbk2utf:  
07-16 11:33:08.890   747  1004 D wifi_gbk2utf: parseScanResults, line=ssid=mLGE1
07-16 11:33:08.890   747  1004 D wifi_gbk2utf:  
07-16 11:33:08.890   747  1004 D wifi_gbk2utf: parseScanResults, ssid = mLGE1, buf = mLGE1,isUTF8= 0, isCh = 0
07-16 11:33:08.890   747  1004 D wifi_gbk2utf: parseScanResults, line=====
07-16 11:33:08.890   747  1004 D wifi_gbk2utf:  
07-16 11:33:08.890   747  1004 D wifi_gbk2utf: After sscanf,ssid:mLGE1, isCh:0
07-16 11:33:08.890   747  1004 D wifi_gbk2utf: parseScanResults, line=id=7
07-16 11:33:08.890   747  1004 D wifi_gbk2utf:  
07-16 11:33:08.890   747  1004 D wifi_gbk2utf: parseScanResults, line=bssid=34:db:fd:43:20:a0
07-16 11:33:08.890   747  1004 D wifi_gbk2utf:  
07-16 11:33:08.890   747  1004 D wifi_gbk2utf: parseScanResults, line=freq=2412
07-16 11:33:08.890   747  1004 D wifi_gbk2utf:  
07-16 11:33:08.890   747  1004 D wifi_gbk2utf: parseScanResults, line=level=-58
07-16 11:33:08.890   747  1004 D wifi_gbk2utf:  
07-16 11:33:08.890   747  1004 D wifi_gbk2utf: parseScanResults, line=tsf=0000066119903212
07-16 11:33:08.890   747  1004 D wifi_gbk2utf:  
07-16 11:33:08.890   747  1004 D wifi_gbk2utf: parseScanResults, line=flags=[WPA-EAP-CCMP][WPA2-EAP-CCMP][ESS]
07-16 11:33:08.890   747  1004 D wifi_gbk2utf:  
07-16 11:33:08.890   747  1004 D wifi_gbk2utf: parseScanResults, line=ssid=uLGE1
07-16 11:33:08.890   747  1004 D wifi_gbk2utf:  
07-16 11:33:08.890   747  1004 D wifi_gbk2utf: parseScanResults, ssid = uLGE1, buf = uLGE1,isUTF8= 0, isCh = 0
07-16 11:33:08.890   747  1004 D wifi_gbk2utf: parseScanResults, line=====
07-16 11:33:08.890   747  1004 D wifi_gbk2utf:  
07-16 11:33:08.890   747  1004 D wifi_gbk2utf: After sscanf,ssid:uLGE1, isCh:0
07-16 11:33:08.891   747  1004 D wifi_gbk2utf: parseScanResults, line=id=8
07-16 11:33:08.891   747  1004 D wifi_gbk2utf:  
07-16 11:33:08.891   747  1004 D wifi_gbk2utf: parseScanResults, line=bssid=5c:17:d3:4c:9c:f8
07-16 11:33:08.891   747  1004 D wifi_gbk2utf:  
07-16 11:33:08.891   747  1004 D wifi_gbk2utf: parseScanResults, line=freq=2437
07-16 11:33:08.891   747  1004 D wifi_gbk2utf:  
07-16 11:33:08.891   747  1004 D wifi_gbk2utf: parseScanResults, line=level=-65
07-16 11:33:08.891   747  1004 D wifi_gbk2utf:  
07-16 11:33:08.891   747  1004 D wifi_gbk2utf: parseScanResults, line=tsf=0000066127720974
07-16 11:33:08.891   747  1004 D wifi_gbk2utf:  
07-16 11:33:08.891   747  1004 D wifi_gbk2utf: parseScanResults, line=flags=[WPA2-PSK-CCMP][ESS]
07-16 11:33:08.891   747  1004 D wifi_gbk2utf:  
07-16 11:33:08.891   747  1004 D wifi_gbk2utf: parseScanResults, line=ssid=G Flex_7787
07-16 11:33:08.891   747  1004 D wifi_gbk2utf:  
07-16 11:33:08.891   747  1004 D wifi_gbk2utf: parseScanResults, ssid = G Flex_7787, buf = G Flex_7787,isUTF8= 0, isCh = 0
07-16 11:33:08.891   747  1004 D wifi_gbk2utf: parseScanResults, line=====
07-16 11:33:08.891   747  1004 D wifi_gbk2utf:  
07-16 11:33:08.891   747  1004 D wifi_gbk2utf: After sscanf,ssid:G Flex_7787, isCh:0
07-16 11:33:08.891   747  1004 D wifi_gbk2utf: parseScanResults, line=id=9
07-16 11:33:08.891   747  1004 D wifi_gbk2utf:  
07-16 11:33:08.891   747  1004 D wifi_gbk2utf: parseScanResults, line=bssid=20:aa:4b:25:4e:43
07-16 11:33:08.891   747  1004 D wifi_gbk2utf:  
07-16 11:33:08.891   747  1004 D wifi_gbk2utf: parseScanResults, line=freq=2452
07-16 11:33:08.891   747  1004 D wifi_gbk2utf:  
07-16 11:33:08.891   747  1004 D wifi_gbk2utf: parseScanResults, line=level=-73
07-16 11:33:08.891   747  1004 D wifi_gbk2utf:  
07-16 11:33:08.891   747  1004 D wifi_gbk2utf: parseScanResults, line=tsf=0000066127544294
07-16 11:33:08.891   747  1004 D wifi_gbk2utf:  
07-16 11:33:08.891   747  1004 D wifi_gbk2utf: parseScanResults, line=flags=[WPA2-PSK-CCMP][ESS]
07-16 11:33:08.891   747  1004 D wifi_gbk2utf:  
07-16 11:33:08.891   747  1004 D wifi_gbk2utf: parseScanResults, line=ssid=ATSWIFITEST
07-16 11:33:08.891   747  1004 D wifi_gbk2utf:  
07-16 11:33:08.891   747  1004 D wifi_gbk2utf: parseScanResults, ssid = ATSWIFITEST, buf = ATSWIFITEST,isUTF8= 0, isCh = 0
07-16 11:33:08.891   747  1004 D wifi_gbk2utf: parseScanResults, line=====
07-16 11:33:08.891   747  1004 D wifi_gbk2utf:  
07-16 11:33:08.891   747  1004 D wifi_gbk2utf: After sscanf,ssid:ATSWIFITEST, isCh:0
07-16 11:33:08.891   747  1004 D wifi_gbk2utf: parseScanResults, line=id=10
07-16 11:33:08.891   747  1004 D wifi_gbk2utf:  
07-16 11:33:08.891   747  1004 D wifi_gbk2utf: parseScanResults, line=bssid=02:1c:62:bc:49:96
07-16 11:33:08.891   747  1004 D wifi_gbk2utf:  
07-16 11:33:08.891   747  1004 D wifi_gbk2utf: parseScanResults, line=freq=2442
07-16 11:33:08.891   747  1004 D wifi_gbk2utf:  
07-16 11:33:08.891   747  1004 D wifi_gbk2utf: parseScanResults, line=level=-76
07-16 11:33:08.891   747  1004 D wifi_gbk2utf:  
07-16 11:33:08.891   747  1004 D wifi_gbk2utf: parseScanResults, line=tsf=0000066127721421
07-16 11:33:08.891   747  1004 D wifi_gbk2utf:  
07-16 11:33:08.891   747  1004 D wifi_gbk2utf: parseScanResults, line=flags=[WPA2-PSK-CCMP][ESS]
07-16 11:33:08.891   747  1004 D wifi_gbk2utf:  
07-16 11:33:08.891   747  1004 D wifi_gbk2utf: parseScanResults, line=ssid=BEBE JUPTERIANO
07-16 11:33:08.891   747  1004 D wifi_gbk2utf:  
07-16 11:33:08.891   747  1004 D wifi_gbk2utf: parseScanResults, ssid = BEBE JUPTERIANO, buf = BEBE JUPTERIANO,isUTF8= 0, isCh = 0
07-16 11:33:08.891   747  1004 D wifi_gbk2utf: parseScanResults, line=====
07-16 11:33:08.891   747  1004 D wifi_gbk2utf:  
07-16 11:33:08.891   747  1004 D wifi_gbk2utf: After sscanf,ssid:BEBE JUPTERIANO, isCh:0
07-16 11:33:08.891   747  1004 D wifi_gbk2utf: parseScanResults, line=id=11
07-16 11:33:08.891   747  1004 D wifi_gbk2utf:  
07-16 11:33:08.891   747  1004 D wifi_gbk2utf: parseScanResults, line=bssid=6c:71:d9:c1:cd:8f
07-16 11:33:08.891   747  1004 D wifi_gbk2utf:  
07-16 11:33:08.891   747  1004 D wifi_gbk2utf: parseScanResults, line=freq=2412
07-16 11:33:08.891   747  1004 D wifi_gbk2utf:  
07-16 11:33:08.891   747  1004 D wifi_gbk2utf: parseScanResults, line=level=-75
07-16 11:33:08.891   747  1004 D wifi_gbk2utf:  
07-16 11:33:08.891   747  1004 D wifi_gbk2utf: parseScanResults, line=tsf=0000066119303610
07-16 11:33:08.891   747  1004 D wifi_gbk2utf:  
07-16 11:33:08.891   747  1004 D wifi_gbk2utf: parseScanResults, line=flags=[WPA2-PSK-CCMP][ESS]
07-16 11:33:08.891   747  1004 D wifi_gbk2utf:  
07-16 11:33:08.891   747  1004 D wifi_gbk2utf: parseScanResults, line=ssid=hot_show
07-16 11:33:08.891   747  1004 D wifi_gbk2utf:  
07-16 11:33:08.891   747  1004 D wifi_gbk2utf: parseScanResults, ssid = hot_show, buf = hot_show,isUTF8= 0, isCh = 0
07-16 11:33:08.891   747  1004 D wifi_gbk2utf: parseScanResults, line=====
07-16 11:33:08.891   747  1004 D wifi_gbk2utf:  
07-16 11:33:08.891   747  1004 D wifi_gbk2utf: After sscanf,ssid:hot_show, isCh:0
07-16 11:33:08.891   747  1004 D wifi_gbk2utf: parseScanResults, line=id=12
07-16 11:33:08.891   747  1004 D wifi_gbk2utf:  
07-16 11:33:08.891   747  1004 D wifi_gbk2utf: parseScanResults, line=bssid=02:1c:62:b3:fd:1a
07-16 11:33:08.891   747  1004 D wifi_gbk2utf:  
07-16 11:33:08.891   747  1004 D wifi_gbk2utf: parseScanResults, line=freq=2432
07-16 11:33:08.891   747  1004 D wifi_gbk2utf:  
07-16 11:33:08.891   747  1004 D wifi_gbk2utf: parseScanResults, line=level=-72
07-16 11:33:08.891   747  1004 D wifi_gbk2utf:  
07-16 11:33:08.891   747  1004 D wifi_gbk2utf: parseScanResults, line=tsf=0000066127720738
07-16 11:33:08.891   747  1004 D wifi_gbk2utf:  
07-16 11:33:08.891   747  1004 D wifi_gbk2utf: parseScanResults, line=flags=[WPA2-PSK-CCMP][ESS]
07-16 11:33:08.891   747  1004 D wifi_gbk2utf:  
07-16 11:33:08.891   747  1004 D wifi_gbk2utf: parseScanResults, line=ssid=SKATESKATECOISASKATE
07-16 11:33:08.891   747  1004 D wifi_gbk2utf:  
07-16 11:33:08.891   747  1004 D wifi_gbk2utf: parseScanResults, ssid = SKATESKATECOISASKATE, buf = SKATESKATECOISASKATE,isUTF8= 0, isCh = 0
07-16 11:33:08.891   747  1004 D wifi_gbk2utf: parseScanResults, line=====
07-16 11:33:08.891   747  1004 D wifi_gbk2utf:  
07-16 11:33:08.891   747  1004 D wifi_gbk2utf: After sscanf,ssid:SKATESKATECOISASKATE, isCh:0
07-16 11:33:08.891   747  1004 D wifi_gbk2utf: parseScanResults, line=id=13
07-16 11:33:08.891   747  1004 D wifi_gbk2utf:  
07-16 11:33:08.891   747  1004 D wifi_gbk2utf: parseScanResults, line=bssid=00:1c:62:b9:c0:0c
07-16 11:33:08.891   747  1004 D wifi_gbk2utf:  
07-16 11:33:08.891   747  1004 D wifi_gbk2utf: parseScanResults, line=freq=2462
07-16 11:33:08.891   747  1004 D wifi_gbk2utf:  
07-16 11:33:08.891   747  1004 D wifi_gbk2utf: parseScanResults, line=level=-73
07-16 11:33:08.891   747  1004 D wifi_gbk2utf:  
07-16 11:33:08.891   747  1004 D wifi_gbk2utf: parseScanResults, line=tsf=0000066127721588
07-16 11:33:08.891   747  1004 D wifi_gbk2utf:  
07-16 11:33:08.891   747  1004 D wifi_gbk2utf: parseScanResults, line=flags=[WPA2-PSK-CCMP][WPS][ESS]
07-16 11:33:08.891   747  1004 D wifi_gbk2utf:  
07-16 11:33:08.891   747  1004 D wifi_gbk2utf: parseScanResults, line=ssid=G4_3838
07-16 11:33:08.891   747  1004 D wifi_gbk2utf:  
07-16 11:33:08.891   747  1004 D wifi_gbk2utf: parseScanResults, ssid = G4_3838, buf = G4_3838,isUTF8= 0, isCh = 0
07-16 11:33:08.891   747  1004 D wifi_gbk2utf: parseScanResults, line=====
07-16 11:33:08.891   747  1004 D wifi_gbk2utf:  
07-16 11:33:08.891   747  1004 D wifi_gbk2utf: After sscanf,ssid:G4_3838, isCh:0
07-16 11:33:08.891   747  1004 D wifi_gbk2utf: parseScanResults, line=id=16
07-16 11:33:08.891   747  1004 D wifi_gbk2utf:  
07-16 11:33:08.891   747  1004 D wifi_gbk2utf: parseScanResults, line=bssid=c0:25:5c:f2:c6:b2
07-16 11:33:08.891   747  1004 D wifi_gbk2utf:  
07-16 11:33:08.891   747  1004 D wifi_gbk2utf: parseScanResults, line=freq=2462
07-16 11:33:08.891   747  1004 D wifi_gbk2utf:  
07-16 11:33:08.891   747  1004 D wifi_gbk2utf: parseScanResults, line=level=-76
07-16 11:33:08.891   747  1004 D wifi_gbk2utf:  
07-16 11:33:08.891   747  1004 D wifi_gbk2utf: parseScanResults, line=tsf=0000066127721532
07-16 11:33:08.891   747  1004 D wifi_gbk2utf:  
07-16 11:33:08.891   747  1004 D wifi_gbk2utf: parseScanResults, line=flags=[WPA2-PSK-CCMP][ESS]
07-16 11:33:08.891   747  1004 D wifi_gbk2utf:  
07-16 11:33:08.891   747  1004 D wifi_gbk2utf: parseScanResults, line=ssid=gLGE1
07-16 11:33:08.891   747  1004 D wifi_gbk2utf:  
07-16 11:33:08.891   747  1004 D wifi_gbk2utf: parseScanResults, ssid = gLGE1, buf = gLGE1,isUTF8= 0, isCh = 0
07-16 11:33:08.891   747  1004 D wifi_gbk2utf: parseScanResults, line=====
07-16 11:33:08.891   747  1004 D wifi_gbk2utf:  
07-16 11:33:08.891   747  1004 D wifi_gbk2utf: After sscanf,ssid:gLGE1, isCh:0
07-16 11:33:08.891   747  1004 D wifi_gbk2utf: parseScanResults, line=id=18
07-16 11:33:08.891   747  1004 D wifi_gbk2utf:  
07-16 11:33:08.891   747  1004 D wifi_gbk2utf: parseScanResults, line=bssid=c0:25:5c:f2:c6:b1
07-16 11:33:08.891   747  1004 D wifi_gbk2utf:  
07-16 11:33:08.891   747  1004 D wifi_gbk2utf: parseScanResults, line=freq=2462
07-16 11:33:08.891   747  1004 D wifi_gbk2utf:  
07-16 11:33:08.891   747  1004 D wifi_gbk2utf: parseScanResults, line=level=-76
07-16 11:33:08.891   747  1004 D wifi_gbk2utf:  
07-16 11:33:08.891   747  1004 D wifi_gbk2utf: parseScanResults, line=tsf=0000066127721821
07-16 11:33:08.891   747  1004 D wifi_gbk2utf:  
07-16 11:33:08.891   747  1004 D wifi_gbk2utf: parseScanResults, line=flags=[WPA-EAP-CCMP+TKIP][WPA2-EAP-CCMP+TKIP][ESS]
07-16 11:33:08.891   747  1004 D wifi_gbk2utf:  
07-16 11:33:08.891   747  1004 D wifi_gbk2utf: parseScanResults, line=ssid=mLGE1
07-16 11:33:08.891   747  1004 D wifi_gbk2utf:  
07-16 11:33:08.892   747  1004 D wifi_gbk2utf: parseScanResults, ssid = mLGE1, buf = mLGE1,isUTF8= 0, isCh = 0
07-16 11:33:08.892   747  1004 D wifi_gbk2utf: parseScanResults, line=====
07-16 11:33:08.892   747  1004 D wifi_gbk2utf:  
07-16 11:33:08.892   747  1004 D wifi_gbk2utf: After sscanf,ssid:mLGE1, isCh:0
07-16 11:33:08.892   747  1004 D wifi_gbk2utf: parseScanResults, line=id=19
07-16 11:33:08.892   747  1004 D wifi_gbk2utf:  
07-16 11:33:08.892   747  1004 D wifi_gbk2utf: parseScanResults, line=bssid=c0:25:5c:f2:c6:b0
07-16 11:33:08.892   747  1004 D wifi_gbk2utf:  
07-16 11:33:08.892   747  1004 D wifi_gbk2utf: parseScanResults, line=freq=2462
07-16 11:33:08.892   747  1004 D wifi_gbk2utf:  
07-16 11:33:08.892   747  1004 D wifi_gbk2utf: parseScanResults, line=level=-75
07-16 11:33:08.892   747  1004 D wifi_gbk2utf:  
07-16 11:33:08.892   747  1004 D wifi_gbk2utf: parseScanResults, line=tsf=0000066127721762
07-16 11:33:08.892   747  1004 D wifi_gbk2utf:  
07-16 11:33:08.892   747  1004 D wifi_gbk2utf: parseScanResults, line=flags=[WPA-EAP-CCMP][WPA2-EAP-CCMP][ESS]
07-16 11:33:08.892   747  1004 D wifi_gbk2utf:  
07-16 11:33:08.892   747  1004 D wifi_gbk2utf: parseScanResults, line=ssid=uLGE1
07-16 11:33:08.892   747  1004 D wifi_gbk2utf:  
07-16 11:33:08.892   747  1004 D wifi_gbk2utf: parseScanResults, ssid = uLGE1, buf = uLGE1,isUTF8= 0, isCh = 0
07-16 11:33:08.892   747  1004 D wifi_gbk2utf: parseScanResults, line=====
07-16 11:33:08.892   747  1004 D wifi_gbk2utf:  
07-16 11:33:08.892   747  1004 D wifi_gbk2utf: After sscanf,ssid:uLGE1, isCh:0
07-16 11:33:08.892   747  1004 D wifi_gbk2utf: parseScanResults, line=id=23
07-16 11:33:08.892   747  1004 D wifi_gbk2utf:  
07-16 11:33:08.892   747  1004 D wifi_gbk2utf: parseScanResults, line=bssid=c0:25:5c:f2:bd:c2
07-16 11:33:08.892   747  1004 D wifi_gbk2utf:  
07-16 11:33:08.892   747  1004 D wifi_gbk2utf: parseScanResults, line=freq=2412
07-16 11:33:08.892   747  1004 D wifi_gbk2utf:  
07-16 11:33:08.892   747  1004 D wifi_gbk2utf: parseScanResults, line=level=-84
07-16 11:33:08.892   747  1004 D wifi_gbk2utf:  
07-16 11:33:08.892   747  1004 D wifi_gbk2utf: parseScanResults, line=tsf=0000066115446160
07-16 11:33:08.892   747  1004 D wifi_gbk2utf:  
07-16 11:33:08.892   747  1004 D wifi_gbk2utf: parseScanResults, line=flags=[WPA2-PSK-CCMP][ESS]
07-16 11:33:08.892   747  1004 D wifi_gbk2utf:  
07-16 11:33:08.892   747  1004 D wifi_gbk2utf: parseScanResults, line=ssid=gLGE1
07-16 11:33:08.892   747  1004 D wifi_gbk2utf:  
07-16 11:33:08.892   747  1004 D wifi_gbk2utf: parseScanResults, ssid = gLGE1, buf = gLGE1,isUTF8= 0, isCh = 0
07-16 11:33:08.892   747  1004 D wifi_gbk2utf: parseScanResults, line=====
07-16 11:33:08.892   747  1004 D wifi_gbk2utf:  
07-16 11:33:08.892   747  1004 D wifi_gbk2utf: After sscanf,ssid:gLGE1, isCh:0
07-16 11:33:08.892   747  1004 D wifi_gbk2utf: parseScanResults, line=id=25
07-16 11:33:08.892   747  1004 D wifi_gbk2utf:  
07-16 11:33:08.892   747  1004 D wifi_gbk2utf: parseScanResults, line=bssid=fc:f0:cb:00:41:bb
07-16 11:33:08.892   747  1004 D wifi_gbk2utf:  
07-16 11:33:08.892   747  1004 D wifi_gbk2utf: parseScanResults, line=freq=2437
07-16 11:33:08.892   747  1004 D wifi_gbk2utf:  
07-16 11:33:08.892   747  1004 D wifi_gbk2utf: parseScanResults, line=level=-86
07-16 11:33:08.892   747  1004 D wifi_gbk2utf:  
07-16 11:33:08.892   747  1004 D wifi_gbk2utf: parseScanResults, line=tsf=0000066127721331
07-16 11:33:08.892   747  1004 D wifi_gbk2utf:  
07-16 11:33:08.892   747  1004 D wifi_gbk2utf: parseScanResults, line=flags=[WPA2-PSK-CCMP][WPS][ESS]
07-16 11:33:08.892   747  1004 D wifi_gbk2utf:  
07-16 11:33:08.892   747  1004 D wifi_gbk2utf: parseScanResults, line=ssid=oi
07-16 11:33:08.892   747  1004 D wifi_gbk2utf:  
07-16 11:33:08.892   747  1004 D wifi_gbk2utf: parseScanResults, ssid = oi, buf = oi,isUTF8= 0, isCh = 0
07-16 11:33:08.892   747  1004 D wifi_gbk2utf: parseScanResults, line=====
07-16 11:33:08.892   747  1004 D wifi_gbk2utf:  
07-16 11:33:08.892   747  1004 D wifi_gbk2utf: After sscanf,ssid:oi, isCh:0
07-16 11:33:08.892   747  1004 D wifi_gbk2utf: parseScanResults, line=id=26
07-16 11:33:08.892   747  1004 D wifi_gbk2utf:  
07-16 11:33:08.892   747  1004 D wifi_gbk2utf: parseScanResults, line=bssid=c0:25:5c:f2:bd:c1
07-16 11:33:08.892   747  1004 D wifi_gbk2utf:  
07-16 11:33:08.892   747  1004 D wifi_gbk2utf: parseScanResults, line=freq=2412
07-16 11:33:08.892   747  1004 D wifi_gbk2utf:  
07-16 11:33:08.892   747  1004 D wifi_gbk2utf: parseScanResults, line=level=-86
07-16 11:33:08.892   747  1004 D wifi_gbk2utf:  
07-16 11:33:08.892   747  1004 D wifi_gbk2utf: parseScanResults, line=tsf=0000066115444125
07-16 11:33:08.892   747  1004 D wifi_gbk2utf:  
07-16 11:33:08.892   747  1004 D wifi_gbk2utf: parseScanResults, line=flags=[WPA-EAP-CCMP+TKIP][WPA2-EAP-CCMP+TKIP][ESS]
07-16 11:33:08.892   747  1004 D wifi_gbk2utf:  
07-16 11:33:08.892   747  1004 D wifi_gbk2utf: parseScanResults, line=ssid=mLGE1
07-16 11:33:08.892   747  1004 D wifi_gbk2utf:  
07-16 11:33:08.892   747  1004 D wifi_gbk2utf: parseScanResults, ssid = mLGE1, buf = mLGE1,isUTF8= 0, isCh = 0
07-16 11:33:08.892   747  1004 D wifi_gbk2utf: parseScanResults, line=====
07-16 11:33:08.892   747  1004 D wifi_gbk2utf:  
07-16 11:33:08.892   747  1004 D wifi_gbk2utf: After sscanf,ssid:mLGE1, isCh:0
07-16 11:33:08.892   747  1004 D wifi_gbk2utf: parseScanResults, line=id=27
07-16 11:33:08.892   747  1004 D wifi_gbk2utf:  
07-16 11:33:08.892   747  1004 D wifi_gbk2utf: parseScanResults, line=bssid=c4:3f:f9:13:80:5a
07-16 11:33:08.892   747  1004 D wifi_gbk2utf:  
07-16 11:33:08.892   747  1004 D wifi_gbk2utf: parseScanResults, line=freq=2412
07-16 11:33:08.892   747  1004 D wifi_gbk2utf:  
07-16 11:33:08.892   747  1004 D wifi_gbk2utf: parseScanResults, line=level=-89
07-16 11:33:08.892   747  1004 D wifi_gbk2utf:  
07-16 11:33:08.892   747  1004 D wifi_gbk2utf: parseScanResults, line=tsf=0000066127722015
07-16 11:33:08.892   747  1004 D wifi_gbk2utf:  
07-16 11:33:08.892   747  1004 D wifi_gbk2utf: parseScanResults, line=flags=[WPA2-PSK-CCMP][ESS]
07-16 11:33:08.892   747  1004 D wifi_gbk2utf:  
07-16 11:33:08.892   747  1004 D wifi_gbk2utf: parseScanResults, line=ssid=LG G4 Beat_3524
07-16 11:33:08.892   747  1004 D wifi_gbk2utf:  
07-16 11:33:08.892   747  1004 D wifi_gbk2utf: parseScanResults, ssid = LG G4 Beat_3524, buf = LG G4 Beat_3524,isUTF8= 0, isCh = 0
07-16 11:33:08.892   747  1004 D wifi_gbk2utf: parseScanResults, line=====
07-16 11:33:08.892   747  1004 D wifi_gbk2utf:  
07-16 11:33:08.892   747  1004 D wifi_gbk2utf: After sscanf,ssid:LG G4 Beat_3524, isCh:0
07-16 11:33:08.892   747  1004 D wifi_gbk2utf: parseScanResults, line=id=28
07-16 11:33:08.892   747  1004 D wifi_gbk2utf:  
07-16 11:33:08.892   747  1004 D wifi_gbk2utf: parseScanResults, line=bssid=3a:0f:4a:7d:eb:79
07-16 11:33:08.892   747  1004 D wifi_gbk2utf:  
07-16 11:33:08.892   747  1004 D wifi_gbk2utf: parseScanResults, line=freq=2437
07-16 11:33:08.892   747  1004 D wifi_gbk2utf:  
07-16 11:33:08.892   747  1004 D wifi_gbk2utf: parseScanResults, line=level=-92
07-16 11:33:08.892   747  1004 D wifi_gbk2utf:  
07-16 11:33:08.892   747  1004 D wifi_gbk2utf: parseScanResults, line=tsf=0000066127722071
07-16 11:33:08.892   747  1004 D wifi_gbk2utf:  
07-16 11:33:08.892   747  1004 D wifi_gbk2utf: parseScanResults, line=flags=[WPA2-PSK-CCMP][ESS]
07-16 11:33:08.892   747  1004 D wifi_gbk2utf:  
07-16 11:33:08.892   747  1004 D wifi_gbk2utf: parseScanResults, line=ssid=Andreza 
07-16 11:33:08.892   747  1004 D wifi_gbk2utf:  
07-16 11:33:08.892   747  1004 D wifi_gbk2utf: parseScanResults, ssid = Andreza , buf = Andreza ,isUTF8= 0, isCh = 0
07-16 11:33:08.892   747  1004 D wifi_gbk2utf: parseScanResults, line=#### 
07-16 11:33:08.896   747  1004 E WifiStateMachine: wifi setScanResults statecom.android.server.wifi.WifiStateMachine$DisconnectedState@104e08f9 sup_state=SCANNING debouncing=false enableAutoJoinWhenAssociated=false attemptAutoJoin=true
07-16 11:33:08.900   747  1004 E WifiAutoJoinController : Drone 2.4 94:10:3e:13:4e:3d rssi=-19 cap [WPA2-PSK-CCMP][WPS][ESS] is not scored
07-16 11:33:08.901   747  1004 E WifiConfigStore: associateWithConfiguration(): try "Drone 2.4"-WPA_PSK
07-16 11:33:08.901   747  1004 E WifiAutoJoinController : WiFi Workshop 20:aa:4b:25:48:53 rssi=-27 cap [WPA2-EAP-CCMP+TKIP-preauth][ESS] is not scored
07-16 11:33:08.901   747  1004 E WifiConfigStore: associateWithConfiguration(): try "WiFi Workshop"-WPA_EAP
07-16 11:33:08.901   747  1004 E WifiAutoJoinController : Elbio com u cc:fa:00:4c:9c:c6 rssi=-57 cap [WPA2-PSK-CCMP][ESS] is not scored
07-16 11:33:08.901   747  1004 E WifiConfigStore: associateWithConfiguration(): try "Elbio com u"-WPA_PSK
07-16 11:33:08.901   747  1004 E WifiAutoJoinController : nsa 82:86:f2:fa:32:fa rssi=-64 cap [WPA2-PSK-CCMP][ESS] is not scored
07-16 11:33:08.901   747  1004 E WifiConfigStore: associateWithConfiguration(): try "nsa"-WPA_PSK
07-16 11:33:08.902   747  1004 E WifiAutoJoinController : Spot 00:66:ce:a1:4e:54 rssi=-54 cap [WPA2-PSK-CCMP][ESS] is not scored
07-16 11:33:08.902   747  1004 E WifiConfigStore: associateWithConfiguration(): try "Spot"-WPA_PSK
07-16 11:33:08.902   747  1004 E WifiAutoJoinController : gLGE1 34:db:fd:43:20:a2 rssi=-58 cap [WPA2-PSK-CCMP][ESS] is not scored
07-16 11:33:08.902   747  1004 E WifiConfigStore: associateWithConfiguration(): try "gLGE1"-WPA_PSK
07-16 11:33:08.902   747  1004 E WifiAutoJoinController : mLGE1 34:db:fd:43:20:a1 rssi=-69 cap [WPA-EAP-CCMP+TKIP][WPA2-EAP-CCMP+TKIP][ESS] is not scored
07-16 11:33:08.902   747  1004 E WifiConfigStore: associateWithConfiguration(): try "mLGE1"-WPA_EAP
07-16 11:33:08.902   747  1004 E WifiAutoJoinController : uLGE1 34:db:fd:43:20:a0 rssi=-58 cap [WPA-EAP-CCMP][WPA2-EAP-CCMP][ESS] is not scored
07-16 11:33:08.902   747  1004 E WifiConfigStore: associateWithConfiguration(): try "uLGE1"-WPA_EAP
07-16 11:33:08.902   747  1004 E WifiAutoJoinController : G Flex_7787 5c:17:d3:4c:9c:f8 rssi=-65 cap [WPA2-PSK-CCMP][ESS] is not scored
07-16 11:33:08.902   747  1004 E WifiConfigStore: associateWithConfiguration(): try "G Flex_7787"-WPA_PSK
07-16 11:33:08.903   747  1004 E WifiAutoJoinController : ATSWIFITEST 20:aa:4b:25:4e:43 rssi=-73 cap [WPA2-PSK-CCMP][ESS] is not scored
07-16 11:33:08.903   747  1004 E WifiConfigStore: associateWithConfiguration(): try "ATSWIFITEST"-WPA_PSK
07-16 11:33:08.903   747  1004 E WifiAutoJoinController : BEBE JUPTERIANO 02:1c:62:bc:49:96 rssi=-76 cap [WPA2-PSK-CCMP][ESS] is not scored
07-16 11:33:08.903   747  1004 E WifiConfigStore: associateWithConfiguration(): try "BEBE JUPTERIANO"-WPA_PSK
07-16 11:33:08.903   747  1004 E WifiAutoJoinController : hot_show 6c:71:d9:c1:cd:8f rssi=-75 cap [WPA2-PSK-CCMP][ESS] is not scored
07-16 11:33:08.903   747  1004 E WifiConfigStore: associateWithConfiguration(): try "hot_show"-WPA_PSK
07-16 11:33:08.904   747  1004 E WifiAutoJoinController : SKATESKATECOISASKATE 02:1c:62:b3:fd:1a rssi=-72 cap [WPA2-PSK-CCMP][ESS] is not scored
07-16 11:33:08.904   747  1004 E WifiConfigStore: associateWithConfiguration(): try "SKATESKATECOISASKATE"-WPA_PSK
07-16 11:33:08.904   747  1004 E WifiAutoJoinController : G4_3838 00:1c:62:b9:c0:0c rssi=-73 cap [WPA2-PSK-CCMP][WPS][ESS] is not scored
07-16 11:33:08.904   747  1004 E WifiConfigStore: associateWithConfiguration(): try "G4_3838"-WPA_PSK
07-16 11:33:08.904   747  1004 E WifiAutoJoinController : gLGE1 c0:25:5c:f2:c6:b2 rssi=-76 cap [WPA2-PSK-CCMP][ESS] is not scored
07-16 11:33:08.904   747  1004 E WifiConfigStore: associateWithConfiguration(): try "gLGE1"-WPA_PSK
07-16 11:33:08.904   747  1004 E WifiAutoJoinController : mLGE1 c0:25:5c:f2:c6:b1 rssi=-76 cap [WPA-EAP-CCMP+TKIP][WPA2-EAP-CCMP+TKIP][ESS] is not scored
07-16 11:33:08.905   747  1004 E WifiConfigStore: associateWithConfiguration(): try "mLGE1"-WPA_EAP
07-16 11:33:08.905   747  1004 E WifiAutoJoinController : uLGE1 c0:25:5c:f2:c6:b0 rssi=-75 cap [WPA-EAP-CCMP][WPA2-EAP-CCMP][ESS] is not scored
07-16 11:33:08.905   747  1004 E WifiConfigStore: associateWithConfiguration(): try "uLGE1"-WPA_EAP
07-16 11:33:08.905   747  1004 E WifiAutoJoinController : gLGE1 c0:25:5c:f2:bd:c2 rssi=-84 cap [WPA2-PSK-CCMP][ESS] is not scored
07-16 11:33:08.905   747  1004 E WifiConfigStore: associateWithConfiguration(): try "gLGE1"-WPA_PSK
07-16 11:33:08.905   747  1004 E WifiAutoJoinController : oi fc:f0:cb:00:41:bb rssi=-86 cap [WPA2-PSK-CCMP][WPS][ESS] is not scored
07-16 11:33:08.905   747  1004 E WifiConfigStore: associateWithConfiguration(): try "oi"-WPA_PSK
07-16 11:33:08.905   747  1004 E WifiAutoJoinController : mLGE1 c0:25:5c:f2:bd:c1 rssi=-86 cap [WPA-EAP-CCMP+TKIP][WPA2-EAP-CCMP+TKIP][ESS] is not scored
07-16 11:33:08.905   747  1004 E WifiConfigStore: associateWithConfiguration(): try "mLGE1"-WPA_EAP
07-16 11:33:08.905   747  1004 E WifiAutoJoinController : LG G4 Beat_3524 c4:3f:f9:13:80:5a rssi=-89 cap [WPA2-PSK-CCMP][ESS] is not scored
07-16 11:33:08.905   747  1004 E WifiConfigStore: associateWithConfiguration(): try "LG G4 Beat_3524"-WPA_PSK
07-16 11:33:08.905   747  1004 E WifiAutoJoinController : Andreza  3a:0f:4a:7d:eb:79 rssi=-92 cap [WPA2-PSK-CCMP][ESS] is not scored
07-16 11:33:08.905   747  1004 E WifiConfigStore: associateWithConfiguration(): try "Andreza "-WPA_PSK
07-16 11:33:08.906   747  1004 E WifiAutoJoinController : ageScanResultsOut delay 40000 size 27 now 1437057188905
07-16 11:33:08.906   747  1004 E WifiAutoJoinController : newSupplicantResults size=27 known=0 true
07-16 11:33:08.906   747  1004 E WifiAutoJoinController : attemptAutoJoin nothing known=0
07-16 11:33:08.906   747  1004 E WifiConfigStore:  writeKnownNetworkHistory() num networks:0 needWrite=false
07-16 11:33:08.908   747  1004 D WifiStateMachine: handleMessage: X
07-16 11:33:08.921   747  1004 D WifiStateMachine: handleMessage: E msg.what=131131
07-16 11:33:08.921   747  1004 D WifiStateMachine: processMsg: DisconnectedState
07-16 11:33:08.922   747  1004 E WifiStateMachine:  DisconnectedState !CMD_GET_CONFIGURED_NETWORKS uid=1000 1000 0 num=0
07-16 11:33:08.922   747  1004 D WifiStateMachine: processMsg: ConnectModeState
07-16 11:33:08.922   747  1004 E WifiStateMachine:  ConnectModeState !CMD_GET_CONFIGURED_NETWORKS uid=1000 1000 0 num=0
07-16 11:33:08.922   747  1004 D WifiStateMachine: handleMessage: X
07-16 11:33:08.942  3578  3578 D WiFiOffLoadBroadcast: OPerator not supported: OPEN SCA
07-16 11:33:08.997   747  7856 V SoundPool: process 0xb8b50cc4 channel 52 event BUFFER_END
07-16 11:33:08.999   747  1177 V SoundPool: awake
07-16 11:33:08.999   747  1177 V SoundPool: Getting channel from stop list
07-16 11:33:08.999   747  1177 V SoundPool: stop
07-16 11:33:08.999   189   189 V AudioFlinger: stop(4102), calling pid 747
07-16 11:33:08.999   189   189 V AudioFlinger: not stopping/stopped => stopping/stopped (4102) on thread 0xb33b2008
07-16 11:33:08.999   747  1177 V SoundPool: done_l(52)
07-16 11:33:08.999   747  1177 V SoundPool: move to front
07-16 11:33:09.148  7752  7752 I Process : Sending signal. PID: 7752 SIG: 9
07-16 11:33:09.150   167   167 E lowmemorykiller: Error writing /proc/7752/oom_score_adj; errno=22
07-16 11:33:09.583  7804  7804 I NotificationManager: com.google.android.gms: cancel(22543) by com.google.android.gms
07-16 11:33:10.500   747  1004 D WifiStateMachine: handleMessage: E msg.what=131160
07-16 11:33:10.500   747  1004 D WifiStateMachine: processMsg: DisconnectedState
07-16 11:33:10.501   747  1004 E WifiStateMachine:  DisconnectedState !CMD_NO_NETWORKS_PERIODIC_SCAN 15 0
07-16 11:33:10.501   747  1004 D WifiStateMachine: handleMessage: X
07-16 11:33:10.546   747  1004 D WifiStateMachine: handleMessage: E msg.what=131160
07-16 11:33:10.546   747  1004 D WifiStateMachine: processMsg: DisconnectedState
07-16 11:33:10.547   747  1004 E WifiStateMachine:  DisconnectedState !CMD_NO_NETWORKS_PERIODIC_SCAN 16 0
07-16 11:33:10.547   747  1004 D WifiStateMachine: handleMessage: X
07-16 11:33:11.037  1050  1050 I [SystemUI]LGPowerUI: onReceive = com.lge.android.intent.action.BATTERYEX
07-16 11:33:11.037  1050  1050 I [SystemUI]LGPowerUI: levelEx = 100, plugTypeEx = 0, WirelessAlignment = 0, chargingCurrent = 0, orientation = PORTRAIT
07-16 11:33:11.038  1050  1050 I [SystemUI]LGPowerUI: On Skip Timer : true
07-16 11:33:11.041  1050  1050 D KeyguardUpdateMonitor: Intent.ACTION_BATTERY_CHANGED status : 3 ,plugged : 0 ,level : 100 ,temperature : 260
07-16 11:33:11.041  1050  1050 I [SystemUI]LGPowerUI: onReceive = android.intent.action.BATTERY_CHANGED
07-16 11:33:11.041  1050  1050 I [SystemUI]LGPowerUI: level = 100, plugType = 0, plugged = false, mCharging = false, temperature = 260
07-16 11:33:11.045   189   812 D AudioSpeechEnhanceInfo: SetOutputStreamRunning 0, SPELayer 0
07-16 11:33:11.045   189   812 E         : AudioCloseDumpPCMFile file== NULL
07-16 11:33:11.045   189   812 E         : AudioCloseDumpPCMFile file== NULL
07-16 11:33:11.045   189   812 E         : AudioCloseDumpPCMFile file== NULL
07-16 11:33:11.045   189   812 E         : AudioCloseDumpPCMFile file== NULL
07-16 11:33:11.046   747   747 W Settings: Setting stay_on_while_plugged_in has moved from android.provider.Settings.System to android.provider.Settings.Global, returning read-only value.
07-16 11:33:11.046   747   747 W Settings: Setting wifi_sleep_policy has moved from android.provider.Settings.System to android.provider.Settings.Global, returning read-only value.
07-16 11:33:11.051  1050  1050 I [SystemUI]BatterySaverHandler: onReceive = android.intent.action.BATTERY_CHANGED
07-16 11:33:11.053   189   812 D MtkAudioLoud: +ResetBuffer()
07-16 11:33:11.053   189   812 D MtkAudioLoud: -ResetBuffer()
07-16 11:33:13.154  1410  1410 D PhoneInterfaceManager: [PhoneIntfMgr] mSigLevel = 5
07-16 11:33:16.690   747   994 D InputDispatcher: notifyMotion - action=ACTION_DOWN, eventTime=7475899818000, downTime=7475899818000
07-16 11:33:16.691   747   993 D InputTransport: channel '2ba4e66a com.android.settings/com.android.settings.Settings$WifiSettingsActivity (server)' : action=ACTION_DOWN, downTime=7475899818000, eventTime=7475899818000, pointerCount=1
07-16 11:33:16.691   747   993 D InputTransport: channel 'WindowManager (server)' : action=ACTION_DOWN, downTime=7475899818000, eventTime=7475899818000, pointerCount=1
07-16 11:33:16.725   747   994 D InputDispatcher: notifyMotion - action=ACTION_UP, eventTime=7475934514000, downTime=7475899818000
07-16 11:33:16.725   747   993 D InputTransport: channel '2ba4e66a com.android.settings/com.android.settings.Settings$WifiSettingsActivity (server)' : action=ACTION_UP, downTime=7475899818000, eventTime=7475934514000, pointerCount=1
07-16 11:33:16.725   747   993 D InputTransport: channel 'WindowManager (server)' : action=ACTION_UP, downTime=7475899818000, eventTime=7475934514000, pointerCount=1
07-16 11:33:16.745   747  1004 D WifiStateMachine: handleMessage: E msg.what=131145
07-16 11:33:16.745   747  1004 D WifiStateMachine: processMsg: DisconnectedState
07-16 11:33:16.746   747  1004 E WifiStateMachine:  DisconnectedState !CMD_DISCONNECT 0 0
07-16 11:33:16.746   747  1004 D WifiStateMachine: processMsg: ConnectModeState
07-16 11:33:16.752   747  1004 E WifiStateMachine:  ConnectModeState !CMD_DISCONNECT 0 0
07-16 11:33:16.755   747  1004 E WifiConfigStore: setLastSelectedConfiguration -1
07-16 11:33:16.757   747  1004 E WifiNative: : [66.135.616.317 us] DISCONNECT  stack:logDbg - disconnect - processMessage - processMsg - handleMessage
07-16 11:33:16.758   747  1004 D WifiNative-wlan0: doBoolean: DISCONNECT
07-16 11:33:16.759  7003  7003 D wpa_supplicant: wlan0: Control interface command 'DISCONNECT'
07-16 11:33:16.759  7003  7003 D wpa_supplicant: wlan0: Cancelling scan request
07-16 11:33:16.759  7003  7003 D wpa_supplicant: wlan0: Request to deauthenticate - bssid=00:00:00:00:00:00 pending_bssid=00:00:00:00:00:00 reason=3 state=SCANNING
07-16 11:33:16.759  7003  7003 D wpa_supplicant: TDLS: Tear down peers
07-16 11:33:16.759  7003  7003 D wpa_supplicant: wlan0: State: SCANNING -> DISCONNECTED
07-16 11:33:16.759  7003  7003 D wpa_supplicant: nl80211: Set wlan0 operstate 0->0 (DORMANT)
07-16 11:33:16.759  7003  7003 D wpa_supplicant: netlink: Operstate: ifindex=20 linkmode=-1 (no change), operstate=5 (IF_OPER_DORMANT)
07-16 11:33:16.759  7003  7003 D wpa_supplicant: CTRL_IFACE monitor sent successfully to /data/misc/wifi/sockets/wpa_ctrl_747-12\x00
07-16 11:33:16.759  7003  7003 D wpa_supplicant: EAPOL: External notification - portEnabled=0
07-16 11:33:16.759  7003  7003 D wpa_supplicant: EAPOL: External notification - portValid=0
07-16 11:33:16.761   747  7004 D WifiMonitor: Event [IFNAME=wlan0 CTRL-EVENT-STATE-CHANGE id=-1 state=0 BSSID=00:00:00:00:00:00 SSID=]
07-16 11:33:16.761   747  7004 E WifiMonitor: WifiMonitor:wlan0 cnt=244 dispatchEvent: CTRL-EVENT-STATE-CHANGE id=-1 state=0 BSSID=00:00:00:00:00:00 SSID=
07-16 11:33:16.762   747  1004 D WifiNative-wlan0: DISCONNECT: returned true
07-16 11:33:16.762   747  1004 D WifiStateMachine: handleMessage: X
07-16 11:33:16.763   747  1004 D WifiStateMachine: handleMessage: E msg.what=147462
07-16 11:33:16.763   747  1004 D WifiStateMachine: processMsg: DisconnectedState
07-16 11:33:16.764   747  1004 E WifiStateMachine:  DisconnectedState !SUPPLICANT_STATE_CHANGE_EVENT 244 0 rt=66135624  SSID:  BSSID: 00:00:00:00:00:00 nid: -1 state: DISCONNECTED
07-16 11:33:16.764   747  1004 E WifiStateMachine: SUPPLICANT_STATE_CHANGE_EVENT state=DISCONNECTED -> state= DISCONNECTED debouncing=false
07-16 11:33:16.764   747  1004 D WifiStateMachine: setDetailed state, old =SCANNING and new state=DISCONNECTED hidden=false
07-16 11:33:16.765   747  1004 D WifiStateMachine: setDetailed state send new extra info0x
07-16 11:33:16.768   747  1009 D WifiStateMachine: setting operational mode to 3
07-16 11:33:16.772  1050  1050 I [SystemUI]StatusBar.MSimNetworkController: onReceive = android.net.wifi.STATE_CHANGE
07-16 11:33:16.773  1050  1050 I [SystemUI]StatusBar.NetworkController: mWifiConnected = false, mWifiLevel = 0
07-16 11:33:16.773   747   747 W Settings: Setting stay_on_while_plugged_in has moved from android.provider.Settings.System to android.provider.Settings.Global, returning read-only value.
07-16 11:33:16.775   747   747 W Settings: Setting wifi_sleep_policy has moved from android.provider.Settings.System to android.provider.Settings.Global, returning read-only value.
07-16 11:33:16.775   747   747 D WifiOffDelayIfNotUsed: NETWORK_STATE_CHANGED_ACTION [SCANNING]
07-16 11:33:16.796  1050  1050 I [SystemUI]QuickSettingsHandler: Got action android.net.wifi.STATE_CHANGE at null
07-16 11:33:16.813   747  1016 V SoundPool: play sampleID=1, leftVolume=1.000000, rightVolume=1.000000, priority=0, loop=0, rate=1.000000
07-16 11:33:16.813   747  1016 V SoundPool: mState = 0 mChannelID=51, mNumChannels=2, mPos = 0, mPriority=-1, mLoop=0
07-16 11:33:16.813   747  1016 V SoundPool: mState = 0 mChannelID=52, mNumChannels=2, mPos = 0, mPriority=-1, mLoop=0
07-16 11:33:16.813   747  1016 V SoundPool: mState = 0 mChannelID=0, mNumChannels=1, mPos = 0, mPriority=-1, mLoop=0
07-16 11:33:16.813   747  1016 V SoundPool: mState = 0 mChannelID=0, mNumChannels=1, mPos = 0, mPriority=-1, mLoop=0
07-16 11:33:16.814   747  1016 V SoundPool: Allocated active channel
07-16 11:33:16.814   747  1016 V SoundPool: play channel 0xb8b50cc4 state = 0
07-16 11:33:16.814   747  1016 V SoundPool: SoundChannel::play 0xb8b50cc4: sampleID=1, channelID=53, leftVolume=1.000000, rightVolume=1.000000, priority=0, loop=0, rate=1.000000
07-16 11:33:16.816   189   827 V AudioPolicyManager: getOutput() device 2, stream 1, samplingRate 0, format 0, channelMask 3, flags 0
07-16 11:33:16.817   189   827 V AudioPolicyManagerEx: AudioPolicyManagerEx: getOutputForDevice
07-16 11:33:16.817   189   827 V AudioPolicyManagerEx: getOutput() returns output 2
07-16 11:33:16.817   747  1016 V AudioSystem: getFrameCount() output 2, frameCount 1024
07-16 11:33:16.817   189   828 V AudioPolicyManager: getOutput() device 2, stream 1, samplingRate 0, format 0, channelMask 3, flags 0
07-16 11:33:16.817   189   828 V AudioPolicyManagerEx: AudioPolicyManagerEx: getOutputForDevice
07-16 11:33:16.818   189   828 V AudioPolicyManagerEx: getOutput() returns output 2
07-16 11:33:16.818   747  1016 V AudioTrack: set(): streamType 1, sampleRate 48000, format 0x1, channelMask 0x3, frameCount 0, flags #4, notificationFrames 0, sessionId 0, transferType 0
07-16 11:33:16.818   747  1016 V AudioTrack: sharedBuffer: 0x9d298000, size: 10640
07-16 11:33:16.818   747  1016 V AudioTrack: set() streamType 1, sampleRate 48000, format 1, frameCount 0, flags 0004
07-16 11:33:16.818   189   189 I AudioFlinger: isAudioPlaybackHookOn() false
07-16 11:33:16.819   747  1016 D AudioTrack: TrackOffload: AudioTrack Offload disabled by property, returning false
07-16 11:33:16.819   189  5605 V AudioPolicyManager: getOutputForAttr() usage=13, content=4, tag=I flags=00000000
07-16 11:33:16.819   189  5605 V AudioPolicyManager: getOutputForAttr() device 2, samplingRate 48000, format 1, channelMask 3, flags 4
07-16 11:33:16.819   189  5605 V AudioPolicyManagerEx: AudioPolicyManagerEx: getOutputForDevice
07-16 11:33:16.819   189  5605 V AudioPolicyManagerEx: getOutput() returns output 2
07-16 11:33:16.820   747  1016 V AudioSystem: getLatency() output 2, latency 92
07-16 11:33:16.820   747  1016 V AudioSystem: getFrameCount() output 2, frameCount 1024
07-16 11:33:16.820   747  1016 W AudioTrack: AUDIO_OUTPUT_FLAG_FAST denied by client
07-16 11:33:16.820   747  1016 V AudioTrack: createTrack_l() output 2 afLatency 92
07-16 11:33:16.821   747  1016 V AudioTrack: Create normal PCM 0x1 Track
07-16 11:33:16.821   189   827 V AudioFlinger: sharedBuffer: 0xb1d63000, size: 10640
07-16 11:33:16.821   189   827 D AudioMixer: getTrackName, n 4 start init
07-16 11:33:16.822   747  1016 V AudioTrack: Flags here  0x0 
07-16 11:33:16.822   747  1016 V SoundPool: setVolume 0xb8d00fe0
07-16 11:33:16.823   189   828 V AudioFlinger: start(4100), calling pid 747 session 106
07-16 11:33:16.823   189   828 V AudioFlinger: ? => ACTIVE (4100) on thread 0xb70ab948
07-16 11:33:16.823   189   828 V AudioPolicyManagerEx: startOutput() output 2, stream 1, session 106
07-16 11:33:16.823   189   828 V AudioPolicyManager: changeRefCount() stream 1, count 1
07-16 11:33:16.823   189   828 V AudioPolicyManagerEx: getNewOutputDevice() selected device 2
07-16 11:33:16.823   189   828 V AudioPolicyManagerEx: AudioPolicyManagerEx::setOutputDevice
07-16 11:33:16.829   189   828 D AudioPolicyManagerEx: startOutput() checkAndSetVolume stream 1 output 2 filtered newDevice 2
07-16 11:33:16.829   189   812 D AudioMixer: downmixerBufferProvider 0
07-16 11:33:16.829   189   812 D AudioMixer: Creating resampler: format(0x1) channels(2) devSampleRate(44100) quality(0) resamplerChannelCount(2)
07-16 11:33:16.830   189   812 V AudioResampler: resampler load 24 -> 30 MHz due to delta +6 MHz from quality 6
07-16 11:33:16.830   189   812 V AudioResampler: Create dynamic Resampler = 6
07-16 11:33:16.831   189   812 D AudioSpeechEnhanceInfo: SetOutputStreamRunning 1, SPELayer 0
07-16 11:33:16.832   189   812 D MtkAudioLoud: +SetWorkMode()
07-16 11:33:16.832   189   812 D MtkAudioLoud: -SetWorkMode()
07-16 11:33:16.832   189   812 D MtkAudioLoud: +Open()
07-16 11:33:16.835   747  1016 V SoundPool: delete oldTrack 0xb8cda3c0
07-16 11:33:16.835   747  1016 V AudioTrack: ~AudioTrack, releasing session id from 747 on behalf of 747
07-16 11:33:16.836   189   189 V AudioResampler: resampler load 30 -> 24 MHz due to delta -6 MHz from quality 6
07-16 11:33:16.836   189   189 D AudioMixer: deinitBliSrc
07-16 11:33:16.836   189   189 V AudioFlinger: PlaybackThread::Track destructor
07-16 11:33:16.854   189   812 D AudioMTKGainController: AudioMTKGainController getMasterVolume
07-16 11:33:16.854   189   812 D AudioMTKGainController: setMasterVolume call setNormalVolume
07-16 11:33:16.854   189   812 D AudioMTKGainController: setSpeakerGain, gain 12, mHwVolume.speaker 12,regIndex:4
07-16 11:33:16.854   189   812 D AudioMTKGainController: ApplyAudioGain  gain = 11 mode= 0 device = 2
07-16 11:33:16.854   189   812 D AudioMTKGainController: setVoiceBufferGain, gain 11, mHwVolume.voiceBuffer 11,regIndex:11
07-16 11:33:16.854   189   812 D AudioMTKGainController: setAMPGain, device 2
07-16 11:33:16.854   189   812 D AudioMTKGainController: ApplyMicGain MicType=0 mode=0 micgain=25 mULTotalGain=172
07-16 11:33:16.854   189   812 D AudioSpeechEnhanceInfo: GetDownlinkIntrStartTime 0
07-16 11:33:16.855   189   812 D AudioResamplerDyn: resample 542, mBuffer.raw == Null
07-16 11:33:16.856   189   812 V AudioFlinger: presentationComplete() mPresentationCompleteFrames 0 framesWritten 3072
07-16 11:33:16.856   189   812 V AudioFlinger: presentationComplete() reset: mPresentationCompleteFrames 7129 audioHalFrames 4057
07-16 11:33:16.868   189   812 V AudioFlinger: presentationComplete() mPresentationCompleteFrames 7129 framesWritten 3072
07-16 11:33:16.868   189   812 V AudioFlinger: presentationComplete() mPresentationCompleteFrames 7129 framesWritten 4096
07-16 11:33:16.875   747   747 W Settings: Setting stay_on_while_plugged_in has moved from android.provider.Settings.System to android.provider.Settings.Global, returning read-only value.
07-16 11:33:16.875   747   747 W Settings: Setting wifi_sleep_policy has moved from android.provider.Settings.System to android.provider.Settings.Global, returning read-only value.
07-16 11:33:16.875   747   747 D WifiOffDelayIfNotUsed: NETWORK_STATE_CHANGED_ACTION [DISCONNECTED]
07-16 11:33:16.876  1050  1050 I [SystemUI]StatusBar.MSimNetworkController: onReceive = android.net.wifi.STATE_CHANGE
07-16 11:33:16.876  1050  1050 I [SystemUI]StatusBar.NetworkController: mWifiConnected = false, mWifiLevel = 0
07-16 11:33:16.877   747  1004 D WifiStateMachine: processMsg: ConnectModeState
07-16 11:33:16.878   747  1004 E WifiStateMachine:  ConnectModeState !SUPPLICANT_STATE_CHANGE_EVENT 244 0 rt=66135738  SSID:  BSSID: 00:00:00:00:00:00 nid: -1 state: DISCONNECTED
07-16 11:33:16.879   189   812 V AudioFlinger: presentationComplete() mPresentationCompleteFrames 7129 framesWritten 4096
07-16 11:33:16.880   189   812 V AudioFlinger: presentationComplete() mPresentationCompleteFrames 7129 framesWritten 5120
07-16 11:33:16.882   747  1004 D WifiStateMachine: handleMessage: X
07-16 11:33:16.883   747  1004 D WifiStateMachine: handleMessage: E msg.what=131083
07-16 11:33:16.883   747  1004 D WifiStateMachine: processMsg: DisconnectedState
07-16 11:33:16.884   747  1004 E WifiStateMachine:  DisconnectedState !CMD_START_SUPPLICANT 0 0
07-16 11:33:16.884   747  1004 D WifiStateMachine: processMsg: ConnectModeState
07-16 11:33:16.884  3007  3007 D Dialer-DialpadUtils: ====InitLGUVoLTEValue() mLGUVoLTESubscriber() Return!! VoLTE Non-subscribers=== 
07-16 11:33:16.885  3007  3007 D Dialer-DialpadUtils: isLGUVoLTESubscriber() : value is false
07-16 11:33:16.887  3007  3007 D Dialer-DialerCmdBtnManager: Current conditions : OPEN, 
07-16 11:33:16.887  3007  3007 I Dialer-DialerCmdBtnManager: cond :OPEN, 
07-16 11:33:16.888   747  1004 E WifiStateMachine:  ConnectModeState !CMD_START_SUPPLICANT 0 0
07-16 11:33:16.888   747  1004 D WifiStateMachine: processMsg: DriverStartedState
07-16 11:33:16.889   747  1004 E WifiStateMachine:  DriverStartedState !CMD_START_SUPPLICANT 0 0
07-16 11:33:16.889   747  1004 D WifiStateMachine: processMsg: DriverStartedStateExt
07-16 11:33:16.889   747  1004 D WifiStateMachine: processMsg: SupplicantStartedState
07-16 11:33:16.891   747  1004 E WifiStateMachine:  SupplicantStartedState !CMD_START_SUPPLICANT 0 0
07-16 11:33:16.891   747  1004 D WifiStateMachine: processMsg: DefaultState
07-16 11:33:16.891   189   812 V AudioFlinger: presentationComplete() mPresentationCompleteFrames 7129 framesWritten 5120
07-16 11:33:16.891   747  1004 E WifiStateMachine:  DefaultState !CMD_START_SUPPLICANT 0 0
07-16 11:33:16.891   747  1004 D WifiStateMachine: handleMessage: X
07-16 11:33:16.892   747  1004 D WifiStateMachine: handleMessage: E msg.what=131144
07-16 11:33:16.892   747  1004 D WifiStateMachine: processMsg: DisconnectedState
07-16 11:33:16.892  1050  1050 I [SystemUI]QuickSettingsHandler: Got action android.net.wifi.STATE_CHANGE at null
07-16 11:33:16.892   747  1004 E WifiStateMachine:  DisconnectedState !CMD_SET_OPERATIONAL_MODE 3 0
07-16 11:33:16.892   747  1004 D WifiStateMachine: setWifiState: disabled
07-16 11:33:16.892   747  1004 D WifiOffDelayIfNotUsed: stopMonitoring
07-16 11:33:16.893   747  1003 D WifiMonitor: stopMonitoring(p2p0) = com.android.server.wifi.p2p.LGWifiP2pServiceImpl$P2pStateMachine@344e67da
07-16 11:33:16.895   747  1004 E WifiNative: : [66.135.755.030 us] DISCONNECT  stack:logDbg - disconnect - processMessage - processMsg - handleMessage
07-16 11:33:16.895   747  1004 D WifiNative-wlan0: doBoolean: DISCONNECT
07-16 11:33:16.895  7003  7003 D wpa_supplicant: wlan0: Control interface command 'DISCONNECT'
07-16 11:33:16.895  7003  7003 D wpa_supplicant: wlan0: Cancelling scan request
07-16 11:33:16.895  7003  7003 D wpa_supplicant: wlan0: Request to deauthenticate - bssid=00:00:00:00:00:00 pending_bssid=00:00:00:00:00:00 reason=3 state=DISCONNECTED
07-16 11:33:16.895  7003  7003 D wpa_supplicant: TDLS: Tear down peers
07-16 11:33:16.895  7003  7003 D wpa_supplicant: wlan0: State: DISCONNECTED -> DISCONNECTED
07-16 11:33:16.895  7003  7003 D wpa_supplicant: nl80211: Set wlan0 operstate 0->0 (DORMANT)
