07-16 11:33:34.772  7003  7003 D wpa_supplicant: wpa_driver_nl80211_set_country
07-16 11:33:34.772  7003  7003 D wpa_supplicant: Change interface name : p2p0->wlan0
07-16 11:33:34.773   747  1004 E WifiStateMachine:  DisconnectedState !what:132096 -100 0
07-16 11:33:34.773   747  1004 D WifiStateMachine: processMsg: ConnectModeState
07-16 11:33:34.773  7003  7003 I wpa_supplicant: [LGE_PATCH] driver_cmd() country:DC
07-16 11:33:34.773   747  1004 E WifiStateMachine:  ConnectModeState !what:132096 -100 0
07-16 11:33:34.773   747  1004 D WifiStateMachine: processMsg: DriverStartedState
07-16 11:33:34.773   747  1003 D WifiNative-p2p0: DRIVER COUNTRY DC: returned true
07-16 11:33:34.774   747  1004 E WifiStateMachine:  DriverStartedState !what:132096 -100 0
07-16 11:33:34.774   747  1004 D WifiStateMachine: processMsg: DriverStartedStateExt
07-16 11:33:34.774   747  1004 I WifiServerServiceExt: set CMD_DISCONNECT_RSSI_LVL : -100
07-16 11:33:34.774  7003  7003 D wpa_supplicant: wlan0: Control interface command 'DISCONNECT_RSSI_LVL -100'
07-16 11:33:34.774  7003  7003 E wpa_supplicant: disconnect_rssi_lvl: -100
07-16 11:33:34.775   747  1004 D WifiStateMachine: handleMessage: X
07-16 11:33:34.775   747  1004 D WifiStateMachine: handleMessage: E msg.what=132156
07-16 11:33:34.775   747  1004 D WifiStateMachine: processMsg: DisconnectedState
07-16 11:33:34.775   747  1004 E WifiStateMachine:  DisconnectedState !what:132156 1 0
07-16 11:33:34.775   747  1004 D WifiStateMachine: processMsg: ConnectModeState
07-16 11:33:34.775   747  1004 E WifiStateMachine:  ConnectModeState !what:132156 1 0
07-16 11:33:34.775   747  1004 D WifiStateMachine: processMsg: DriverStartedState
07-16 11:33:34.776   747  1004 E WifiStateMachine:  DriverStartedState !what:132156 1 0
07-16 11:33:34.776   747  1004 D WifiStateMachine: processMsg: DriverStartedStateExt
07-16 11:33:34.776   747  1004 I WifiServerServiceExt: set CMD_SET_FRAMEWORK_AUTO_JOIN 1
07-16 11:33:34.776  7003  7003 D wpa_supplicant: wlan0: Control interface command 'SET_FRAMEWORK_AUTO_JOIN 1'
07-16 11:33:34.776  7003  7003 E wpa_supplicant: wpa_supplicant_ctrl_iface_set_framework_auto_join: enable : 1
07-16 11:33:34.776   747  1004 D WifiStateMachine: handleMessage: X
07-16 11:33:34.778   747   747 W Settings: Setting stay_on_while_plugged_in has moved from android.provider.Settings.System to android.provider.Settings.Global, returning read-only value.
07-16 11:33:34.778   747   747 W Settings: Setting wifi_sleep_policy has moved from android.provider.Settings.System to android.provider.Settings.Global, returning read-only value.
07-16 11:33:34.778   747   747 D WifiOffDelayIfNotUsed: NETWORK_STATE_CHANGED_ACTION [SCANNING]
07-16 11:33:34.778   747   747 D WifiServerServiceExt: SUPPLICANT_STATE_CHANGED_ACTION
07-16 11:33:34.778   747   747 D WifiServerServiceExt: setSupplicantStateSCANNING
07-16 11:33:34.778   747   747 E WifiServerServiceExt: No p2p device connected
07-16 11:33:34.784  1050  1050 I [SystemUI]QuickSettingsHandler: Got action android.net.wifi.STATE_CHANGE at null
07-16 11:33:34.795  3578  3578 D WiFiOffLoadBroadcast: OPerator not supported: OPEN SCA
07-16 11:33:34.806  7859  7859 I PCSuite : [StartReceiver]NETWORK_STATE_CHANGED_ACTION : DISCONNECTED/IDLE
07-16 11:33:34.806  7859  7859 D PCSuite : [StartReceiver][getUpdateNecessity]update = false
07-16 11:33:34.807  7859  7859 D PCSuite : [StartReceiver][LGSW]false, [WIFIUI]false, [WIFI]false, [HOTSPOT]false, [OBEXSERVICE]false
07-16 11:33:34.871  3578  3578 D WiFiOffLoadBroadcast: OPerator not supported: OPEN SCA
07-16 11:33:34.999  7985  7985 V [BNRBootReceiver]: boot receiver action = android.net.wifi.p2p.CONNECTION_STATE_CHANGE
07-16 11:33:35.000  7985  7985 D BNRAndroBeam: [BnR DirectBeam] Android Direct Beam(NFC) Connection changed
07-16 11:33:35.009  3578  3578 D WiFiOffLoadBroadcast: OPerator not supported: OPEN SCA
07-16 11:33:35.344  7003  7003 D wpa_supplicant: RTM_NEWLINK: ifi_index=20 ifname=wlan0 wext ifi_flags=0x1003 ([UP])
07-16 11:33:35.344   186   690 I Netd    : M: Get netlink event, ifname: wlan0 action: 5
07-16 11:33:35.344   202   202 D wifi2agps: scan result, found 19 APs
07-16 11:33:35.344   202   202 D agps    : [WIFI2AGPS] wifi2agps_scanned
07-16 11:33:35.345   186   690 I Netd    : M: Get netlink event, ifname: wlan0 action: 5
07-16 11:33:35.345   201   243 D agps    : [agps][n][WIFI] wifi_scanned  count=66 timestamp=7494555 num=19
07-16 11:33:35.345   201   243 D agps    : [WIFI2AGPS] num=19 (1..32)
07-16 11:33:35.345   201   243 D agps    : [WIFI2AGPS] i=0
07-16 11:33:35.345   201   243 D agps    : [WIFI2AGPS] ap_mac_addr=cc:fa:00:4c:9c:c6
07-16 11:33:35.345   201   243 D agps    : [WIFI2AGPS] ap_signal_strength=-55 (-127..128)
07-16 11:33:35.345   201   243 D agps    : [WIFI2AGPS] ap_channel_frequency=1 (0..256)
07-16 11:33:35.345   747   770 D Tethering: interfaceLinkStateChanged wlan0, false
07-16 11:33:35.345   201   243 D agps    : [WIFI2AGPS] i=1
07-16 11:33:35.345   747   770 D Tethering: interfaceStatusChanged wlan0, false
07-16 11:33:35.345   201   243 D agps    : [WIFI2AGPS] ap_mac_addr=6c:71:d9:c1:cd:8f
07-16 11:33:35.345   201   243 D agps    : [WIFI2AGPS] ap_signal_strength=-74 (-127..128)
07-16 11:33:35.345   201   243 D agps    : [WIFI2AGPS] ap_channel_frequency=1 (0..256)
07-16 11:33:35.346   201   243 D agps    : [WIFI2AGPS] i=2
07-16 11:33:35.346   201   243 D agps    : [WIFI2AGPS] ap_mac_addr=82:86:f2:fa:32:fa
07-16 11:33:35.346   201   243 D agps    : [WIFI2AGPS] ap_signal_strength=-66 (-127..128)
07-16 11:33:35.346   201   243 D agps    : [WIFI2AGPS] ap_channel_frequency=1 (0..256)
07-16 11:33:35.346   201   243 D agps    : [WIFI2AGPS] i=3
07-16 11:33:35.346   201   243 D agps    : [WIFI2AGPS] ap_mac_addr=34:db:fd:43:20:a0
07-16 11:33:35.346   201   243 D agps    : [WIFI2AGPS] ap_signal_strength=-66 (-127..128)
07-16 11:33:35.346   201   243 D agps    : [WIFI2AGPS] ap_channel_frequency=1 (0..256)
07-16 11:33:35.346   201   243 D agps    : [WIFI2AGPS] i=4
07-16 11:33:35.346   201   243 D agps    : [WIFI2AGPS] ap_mac_addr=34:db:fd:43:20:a2
07-16 11:33:35.346   201   243 D agps    : [WIFI2AGPS] ap_signal_strength=-66 (-127..128)
07-16 11:33:35.346   201   243 D agps    : [WIFI2AGPS] ap_channel_frequency=1 (0..256)
07-16 11:33:35.346   201   243 D agps    : [WIFI2AGPS] i=5
07-16 11:33:35.346   201   243 D agps    : [WIFI2AGPS] ap_mac_addr=34:db:fd:43:20:a1
07-16 11:33:35.346   201   243 D agps    : [WIFI2AGPS] ap_signal_strength=-66 (-127..128)
07-16 11:33:35.346   201   243 D agps    : [WIFI2AGPS] ap_channel_frequency=1 (0..256)
07-16 11:33:35.346   201   243 D agps    : [WIFI2AGPS] i=6
07-16 11:33:35.346   201   243 D agps    : [WIFI2AGPS] ap_mac_addr=02:1c:62:b3:fd:1a
07-16 11:33:35.346   201   243 D agps    : [WIFI2AGPS] ap_signal_strength=-74 (-127..128)
07-16 11:33:35.346   201   243 D agps    : [WIFI2AGPS] ap_channel_frequency=5 (0..256)
07-16 11:33:35.346   201   243 D agps    : [WIFI2AGPS] i=7
07-16 11:33:35.346   201   243 D agps    : [WIFI2AGPS] ap_mac_addr=94:10:3e:13:4e:3d
07-16 11:33:35.346   201   243 D agps    : [WIFI2AGPS] ap_signal_strength=-17 (-127..128)
07-16 11:33:35.346   201   243 D agps    : [WIFI2AGPS] ap_channel_frequency=6 (0..256)
07-16 11:33:35.346   201   243 D agps    : [WIFI2AGPS] i=8
07-16 11:33:35.346   201   243 D agps    : [WIFI2AGPS] ap_mac_addr=20:aa:4b:25:48:53
07-16 11:33:35.346   201   243 D agps    : [WIFI2AGPS] ap_signal_strength=-26 (-127..128)
07-16 11:33:35.346   201   243 D agps    : [WIFI2AGPS] ap_channel_frequency=6 (0..256)
07-16 11:33:35.346   201   243 D agps    : [WIFI2AGPS] i=9
07-16 11:33:35.346   201   243 D agps    : [WIFI2AGPS] ap_mac_addr=5c:17:d3:4c:9c:f8
07-16 11:33:35.346   201   243 D agps    : [WIFI2AGPS] ap_signal_strength=-65 (-127..128)
07-16 11:33:35.346   201   243 D agps    : [WIFI2AGPS] ap_channel_frequency=6 (0..256)
07-16 11:33:35.346   747   770 D Tethering: interfaceLinkStateChanged wlan0, false
07-16 11:33:35.346   201   243 D agps    : [WIFI2AGPS] i=10
07-16 11:33:35.346   747   770 D Tethering: interfaceStatusChanged wlan0, false
07-16 11:33:35.346   201   243 D agps    : [WIFI2AGPS] ap_mac_addr=00:66:ce:a1:4e:54
07-16 11:33:35.346   201   243 D agps    : [WIFI2AGPS] ap_signal_strength=-68 (-127..128)
07-16 11:33:35.346   201   243 D agps    : [WIFI2AGPS] ap_channel_frequency=6 (0..256)
07-16 11:33:35.346   201   243 D agps    : [WIFI2AGPS] i=11
07-16 11:33:35.346   201   243 D agps    : [WIFI2AGPS] ap_mac_addr=fc:f0:cb:00:41:bb
07-16 11:33:35.346   201   243 D agps    : [WIFI2AGPS] ap_signal_strength=-81 (-127..128)
07-16 11:33:35.346   201   243 D agps    : [WIFI2AGPS] ap_channel_frequency=6 (0..256)
07-16 11:33:35.346   201   243 D agps    : [WIFI2AGPS] i=12
07-16 11:33:35.347   201   243 D agps    : [WIFI2AGPS] ap_mac_addr=02:1c:62:bc:49:96
07-16 11:33:35.347   201   243 D agps    : [WIFI2AGPS] ap_signal_strength=-78 (-127..128)
07-16 11:33:35.347   201   243 D agps    : [WIFI2AGPS] ap_channel_frequency=7 (0..256)
07-16 11:33:35.347   201   243 D agps    : [WIFI2AGPS] i=13
07-16 11:33:35.347   201   243 D agps    : [WIFI2AGPS] ap_mac_addr=20:aa:4b:25:4e:43
07-16 11:33:35.347   201   243 D agps    : [WIFI2AGPS] ap_signal_strength=-70 (-127..128)
07-16 11:33:35.347   201   243 D agps    : [WIFI2AGPS] ap_channel_frequency=9 (0..256)
07-16 11:33:35.347   201   243 D agps    : [WIFI2AGPS] i=14
07-16 11:33:35.347   201   243 D agps    : [WIFI2AGPS] ap_mac_addr=c0:25:5c:f2:c6:b2
07-16 11:33:35.347   201   243 D agps    : [WIFI2AGPS] ap_signal_strength=-74 (-127..128)
07-16 11:33:35.347   201   243 D agps    : [WIFI2AGPS] ap_channel_frequency=11 (0..256)
07-16 11:33:35.347   201   243 D agps    : [WIFI2AGPS] i=15
07-16 11:33:35.347   201   243 D agps    : [WIFI2AGPS] ap_mac_addr=00:1c:62:b9:c0:0c
07-16 11:33:35.347  7003  7003 D wpa_supplicant: RTM_NEWLINK: ifi_index=20 ifname=wlan0 wext ifi_flags=0x1003 ([UP])
07-16 11:33:35.347   201   243 D agps    : [WIFI2AGPS] ap_signal_strength=-76 (-127..128)
07-16 11:33:35.347   201   243 D agps    : [WIFI2AGPS] ap_channel_frequency=11 (0..256)
07-16 11:33:35.347   201   243 D agps    : [WIFI2AGPS] i=16
07-16 11:33:35.347   201   243 D agps    : [WIFI2AGPS] ap_mac_addr=c0:25:5c:f2:c6:b0
07-16 11:33:35.347   201   243 D agps    : [WIFI2AGPS] ap_signal_strength=-75 (-127..128)
07-16 11:33:35.347   201   243 D agps    : [WIFI2AGPS] ap_channel_frequency=11 (0..256)
07-16 11:33:35.347   201   243 D agps    : [WIFI2AGPS] i=17
07-16 11:33:35.347   201   243 D agps    : [WIFI2AGPS] ap_mac_addr=c0:25:5c:f2:c6:b1
07-16 11:33:35.347   201   243 D agps    : [WIFI2AGPS] ap_signal_strength=-76 (-127..128)
07-16 11:33:35.347  7003  7003 D wpa_supplicant: nl80211: Drv Event 34 (NL80211_CMD_NEW_SCAN_RESULTS) received for wlan0
07-16 11:33:35.347   201   243 D agps    : [WIFI2AGPS] ap_channel_frequency=11 (0..256)
07-16 11:33:35.347  7003  7003 D wpa_supplicant: wlan0: nl80211: New scan results available
07-16 11:33:35.347   201   243 D agps    : [WIFI2AGPS] i=18
07-16 11:33:35.347   201   243 D agps    : [WIFI2AGPS] ap_mac_addr=34:db:fd:24:56:b1
07-16 11:33:35.347   201   243 D agps    : [WIFI2AGPS] ap_signal_strength=-85 (-127..128)
07-16 11:33:35.347  7003  7003 D wpa_supplicant: nl80211: Scan probed for SSID ''
07-16 11:33:35.347   201   243 D agps    : [WIFI2AGPS] ap_channel_frequency=11 (0..256)
07-16 11:33:35.347  7003  7003 D wpa_supplicant: nl80211: Scan included frequencies: 2412 2417 2422 2427 2432 2437 2442 2447 2452 2457 2462
07-16 11:33:35.347  7003  7003 D wpa_supplicant: wlan0: Event SCAN_RESULTS (3) received
07-16 11:33:35.347  7003  7003 D wpa_supplicant: wlan0: Scan completed in 0.615980 seconds
07-16 11:33:35.348  7003  7003 D wpa_supplicant: nl80211: Received scan results (19 BSSes)
07-16 11:33:35.348  7003  7003 D wpa_supplicant: wlan0: BSS: Start scan result update 7
07-16 11:33:35.348  7003  7003 D wpa_supplicant: BSS: last_scan_res_used=19/32
07-16 11:33:35.348  7003  7003 D wpa_supplicant: wlan0: Scan-only results received
07-16 11:33:35.348  7003  7003 D wpa_supplicant: CTRL_IFACE monitor sent successfully to /data/misc/wifi/sockets/wpa_ctrl_747-12\x00
07-16 11:33:35.349  7003  7003 D wpa_supplicant: CTRL_IFACE monitor sent successfully to /data/misc/wifi/sockets/wpa_ctrl_747-12\x00
07-16 11:33:35.349   747  7004 E WifiMonitor: WifiMonitor:wlan0 cnt=248 dispatchEvent: CTRL-EVENT-SCAN-RESULTS 
07-16 11:33:35.349  7003  7003 D wpa_supplicant: wlan0: Radio work 'scan'@0xb84838c0 done in 0.618890 seconds
07-16 11:33:35.349   747  7004 E WifiMonitor: handleEvent 4  CTRL-EVENT-SCAN-RESULTS 
07-16 11:33:35.349   747  7004 D WifiMonitor: Event [IFNAME=wlan0 WPS-AP-AVAILABLE ]
07-16 11:33:35.349   747  7004 E WifiMonitor: WifiMonitor:wlan0 cnt=249 dispatchEvent: WPS-AP-AVAILABLE 
07-16 11:33:35.349   747  7004 W WifiMonitor: couldn't identify event type - WPS-AP-AVAILABLE 
07-16 11:33:35.349   747  1004 D WifiStateMachine: handleMessage: E msg.what=147461
07-16 11:33:35.349   747  1004 D WifiStateMachine: processMsg: DisconnectedState
07-16 11:33:35.350   747  1004 E WifiStateMachine:  DisconnectedState !SCAN_RESULTS_EVENT 0 0 found=22 known=0 got=22 bcn=0
07-16 11:33:35.356   747  1004 D WifiStateMachine: processMsg: ConnectModeState
07-16 11:33:35.357   747  1004 E WifiStateMachine:  ConnectModeState !SCAN_RESULTS_EVENT 0 0 found=22 known=0 got=22 bcn=0
07-16 11:33:35.357   747  1004 D WifiStateMachine: processMsg: DriverStartedState
07-16 11:33:35.358   747  1004 E WifiStateMachine:  DriverStartedState !SCAN_RESULTS_EVENT 0 0 found=22 known=0 got=22 bcn=0
07-16 11:33:35.358   747  1004 D WifiStateMachine: processMsg: DriverStartedStateExt
07-16 11:33:35.358   747  1004 D WifiStateMachine: processMsg: SupplicantStartedState
07-16 11:33:35.359   747  1004 E WifiStateMachine:  SupplicantStartedState !SCAN_RESULTS_EVENT 0 0 found=22 known=0 got=22 bcn=0
07-16 11:33:35.359   747  1004 E WifiStateMachine: [1.437.057.215.359 ms] noteScanEnd WorkSource{1000}
07-16 11:33:35.359   747  1004 D WifiNative-wlan0: doString: [BSS RANGE=0- MASK=0x21987]
07-16 11:33:35.359  7003  7003 D wpa_supplicant: wlan0: Control interface command 'BSS RANGE=0- MASK=0x21987'
07-16 11:33:35.361   747  1004 D wifi_gbk2utf: parseScanResults, line=id=0
07-16 11:33:35.361   747  1004 D wifi_gbk2utf:  
07-16 11:33:35.361   747  1004 D wifi_gbk2utf: parseScanResults, line=bssid=94:10:3e:13:4e:3d
07-16 11:33:35.361   747  1004 D wifi_gbk2utf:  
07-16 11:33:35.361   747  1004 D wifi_gbk2utf: parseScanResults, line=freq=2437
07-16 11:33:35.361   747  1004 D wifi_gbk2utf:  
07-16 11:33:35.361   747  1004 D wifi_gbk2utf: parseScanResults, line=level=-17
07-16 11:33:35.361   747  1004 D wifi_gbk2utf:  
07-16 11:33:35.361   747  1004 D wifi_gbk2utf: parseScanResults, line=tsf=0000066153963489
07-16 11:33:35.361   747  1004 D wifi_gbk2utf:  
07-16 11:33:35.361   747  1004 D wifi_gbk2utf: parseScanResults, line=flags=[WPA2-PSK-CCMP][WPS][ESS]
07-16 11:33:35.361   747  1004 D wifi_gbk2utf:  
07-16 11:33:35.361   747  1004 D wifi_gbk2utf: parseScanResults, line=ssid=Drone 2.4
07-16 11:33:35.361   747  1004 D wifi_gbk2utf:  
07-16 11:33:35.361   747  1004 D wifi_gbk2utf: parseScanResults, ssid = Drone 2.4, buf = Drone 2.4,isUTF8= 0, isCh = 0
07-16 11:33:35.361   747  1004 D wifi_gbk2utf: parseScanResults, line=====
07-16 11:33:35.361   747  1004 D wifi_gbk2utf:  
07-16 11:33:35.361   747  1004 D wifi_gbk2utf: After sscanf,ssid:Drone 2.4, isCh:0
07-16 11:33:35.361   747  1004 D wifi_gbk2utf: parseScanResults, line=id=1
07-16 11:33:35.361   747  1004 D wifi_gbk2utf:  
07-16 11:33:35.361   747  1004 D wifi_gbk2utf: parseScanResults, line=bssid=20:aa:4b:25:48:53
07-16 11:33:35.361   747  1004 D wifi_gbk2utf:  
07-16 11:33:35.361   747  1004 D wifi_gbk2utf: parseScanResults, line=freq=2437
07-16 11:33:35.361   747  1004 D wifi_gbk2utf:  
07-16 11:33:35.361   747  1004 D wifi_gbk2utf: parseScanResults, line=level=-26
07-16 11:33:35.361   747  1004 D wifi_gbk2utf:  
07-16 11:33:35.362   747  1004 D wifi_gbk2utf: parseScanResults, line=tsf=0000066154202346
07-16 11:33:35.362   747  1004 D wifi_gbk2utf:  
07-16 11:33:35.362   747  1004 D wifi_gbk2utf: parseScanResults, line=flags=[WPA2-EAP-CCMP+TKIP-preauth][ESS]
07-16 11:33:35.362   747  1004 D wifi_gbk2utf:  
07-16 11:33:35.362   747  1004 D wifi_gbk2utf: parseScanResults, line=ssid=WiFi Workshop
07-16 11:33:35.362   747  1004 D wifi_gbk2utf:  
07-16 11:33:35.362   747  1004 D wifi_gbk2utf: parseScanResults, ssid = WiFi Workshop, buf = WiFi Workshop,isUTF8= 0, isCh = 0
07-16 11:33:35.362   747  1004 D wifi_gbk2utf: parseScanResults, line=====
07-16 11:33:35.362   747  1004 D wifi_gbk2utf:  
07-16 11:33:35.362   747  1004 D wifi_gbk2utf: After sscanf,ssid:WiFi Workshop, isCh:0
07-16 11:33:35.362   747  1004 D wifi_gbk2utf: parseScanResults, line=id=2
07-16 11:33:35.362   747  1004 D wifi_gbk2utf:  
07-16 11:33:35.362   747  1004 D wifi_gbk2utf: parseScanResults, line=bssid=cc:fa:00:4c:9c:c6
07-16 11:33:35.362   747  1004 D wifi_gbk2utf:  
07-16 11:33:35.362   747  1004 D wifi_gbk2utf: parseScanResults, line=freq=2412
07-16 11:33:35.362   747  1004 D wifi_gbk2utf:  
07-16 11:33:35.362   747  1004 D wifi_gbk2utf: parseScanResults, line=level=-55
07-16 11:33:35.362   747  1004 D wifi_gbk2utf:  
07-16 11:33:35.362   747  1004 D wifi_gbk2utf: parseScanResults, line=tsf=0000066154201127
07-16 11:33:35.362   747  1004 D wifi_gbk2utf:  
07-16 11:33:35.362   747  1004 D wifi_gbk2utf: parseScanResults, line=flags=[WPA2-PSK-CCMP][ESS]
07-16 11:33:35.362   747  1004 D wifi_gbk2utf:  
07-16 11:33:35.362   747  1004 D wifi_gbk2utf: parseScanResults, line=ssid=Elbio com u
07-16 11:33:35.362   747  1004 D wifi_gbk2utf:  
07-16 11:33:35.362   747  1004 D wifi_gbk2utf: parseScanResults, ssid = Elbio com u, buf = Elbio com u,isUTF8= 0, isCh = 0
07-16 11:33:35.362   747  1004 D wifi_gbk2utf: parseScanResults, line=====
07-16 11:33:35.362   747  1004 D wifi_gbk2utf:  
07-16 11:33:35.362   747  1004 D wifi_gbk2utf: After sscanf,ssid:Elbio com u, isCh:0
07-16 11:33:35.362   747  1004 D wifi_gbk2utf: parseScanResults, line=id=3
07-16 11:33:35.362   747  1004 D wifi_gbk2utf:  
07-16 11:33:35.362   747  1004 D wifi_gbk2utf: parseScanResults, line=bssid=82:86:f2:fa:32:fa
07-16 11:33:35.362   747  1004 D wifi_gbk2utf:  
07-16 11:33:35.362   747  1004 D wifi_gbk2utf: parseScanResults, line=freq=2412
07-16 11:33:35.362   747  1004 D wifi_gbk2utf:  
07-16 11:33:35.362   747  1004 D wifi_gbk2utf: parseScanResults, line=level=-66
07-16 11:33:35.362   747  1004 D wifi_gbk2utf:  
07-16 11:33:35.362   747  1004 D wifi_gbk2utf: parseScanResults, line=tsf=0000066153608250
07-16 11:33:35.362   747  1004 D wifi_gbk2utf:  
07-16 11:33:35.362   747  1004 D wifi_gbk2utf: parseScanResults, line=flags=[WPA2-PSK-CCMP][ESS]
07-16 11:33:35.362   747  1004 D wifi_gbk2utf:  
07-16 11:33:35.362   747  1004 D wifi_gbk2utf: parseScanResults, line=ssid=nsa
07-16 11:33:35.362   747  1004 D wifi_gbk2utf:  
07-16 11:33:35.362   747  1004 D wifi_gbk2utf: parseScanResults, ssid = nsa, buf = nsa,isUTF8= 0, isCh = 0
07-16 11:33:35.362   747  1004 D wifi_gbk2utf: parseScanResults, line=====
07-16 11:33:35.362   747  1004 D wifi_gbk2utf:  
07-16 11:33:35.362   747  1004 D wifi_gbk2utf: After sscanf,ssid:nsa, isCh:0
07-16 11:33:35.362   747  1004 D wifi_gbk2utf: parseScanResults, line=id=4
07-16 11:33:35.362   747  1004 D wifi_gbk2utf:  
07-16 11:33:35.362   747  1004 D wifi_gbk2utf: parseScanResults, line=bssid=00:66:ce:a1:4e:54
07-16 11:33:35.362   747  1004 D wifi_gbk2utf:  
07-16 11:33:35.362   747  1004 D wifi_gbk2utf: parseScanResults, line=freq=2437
07-16 11:33:35.362   747  1004 D wifi_gbk2utf:  
07-16 11:33:35.362   747  1004 D wifi_gbk2utf: parseScanResults, line=level=-68
07-16 11:33:35.362   747  1004 D wifi_gbk2utf:  
07-16 11:33:35.362   747  1004 D wifi_gbk2utf: parseScanResults, line=tsf=0000066154202576
07-16 11:33:35.362   747  1004 D wifi_gbk2utf:  
07-16 11:33:35.362   747  1004 D wifi_gbk2utf: parseScanResults, line=flags=[WPA2-PSK-CCMP][ESS]
07-16 11:33:35.362   747  1004 D wifi_gbk2utf:  
07-16 11:33:35.362   747  1004 D wifi_gbk2utf: parseScanResults, line=ssid=Spot
07-16 11:33:35.362   747  1004 D wifi_gbk2utf:  
07-16 11:33:35.362   747  1004 D wifi_gbk2utf: parseScanResults, ssid = Spot, buf = Spot,isUTF8= 0, isCh = 0
07-16 11:33:35.362   747  1004 D wifi_gbk2utf: parseScanResults, line=====
07-16 11:33:35.362   747  1004 D wifi_gbk2utf:  
07-16 11:33:35.363   747  1004 D wifi_gbk2utf: After sscanf,ssid:Spot, isCh:0
07-16 11:33:35.363   747  1004 D wifi_gbk2utf: parseScanResults, line=id=5
07-16 11:33:35.363   747  1004 D wifi_gbk2utf:  
07-16 11:33:35.363   747  1004 D wifi_gbk2utf: parseScanResults, line=bssid=34:db:fd:43:20:a2
07-16 11:33:35.363   747  1004 D wifi_gbk2utf:  
07-16 11:33:35.363   747  1004 D wifi_gbk2utf: parseScanResults, line=freq=2412
07-16 11:33:35.363   747  1004 D wifi_gbk2utf:  
07-16 11:33:35.363   747  1004 D wifi_gbk2utf: parseScanResults, line=level=-66
07-16 11:33:35.363   747  1004 D wifi_gbk2utf:  
07-16 11:33:35.363   747  1004 D wifi_gbk2utf: parseScanResults, line=tsf=0000066154201805
07-16 11:33:35.363   747  1004 D wifi_gbk2utf:  
07-16 11:33:35.363   747  1004 D wifi_gbk2utf: parseScanResults, line=flags=[WPA2-PSK-CCMP][ESS]
07-16 11:33:35.363   747  1004 D wifi_gbk2utf:  
07-16 11:33:35.363   747  1004 D wifi_gbk2utf: parseScanResults, line=ssid=gLGE1
07-16 11:33:35.363   747  1004 D wifi_gbk2utf:  
07-16 11:33:35.363   747  1004 D wifi_gbk2utf: parseScanResults, ssid = gLGE1, buf = gLGE1,isUTF8= 0, isCh = 0
07-16 11:33:35.363   747  1004 D wifi_gbk2utf: parseScanResults, line=====
07-16 11:33:35.363   747  1004 D wifi_gbk2utf:  
07-16 11:33:35.363   747  1004 D wifi_gbk2utf: After sscanf,ssid:gLGE1, isCh:0
07-16 11:33:35.363   747  1004 D wifi_gbk2utf: parseScanResults, line=id=6
07-16 11:33:35.363   747  1004 D wifi_gbk2utf:  
07-16 11:33:35.363   747  1004 D wifi_gbk2utf: parseScanResults, line=bssid=34:db:fd:43:20:a1
07-16 11:33:35.363   747  1004 D wifi_gbk2utf:  
07-16 11:33:35.363   747  1004 D wifi_gbk2utf: parseScanResults, line=freq=2412
07-16 11:33:35.363   747  1004 D wifi_gbk2utf:  
07-16 11:33:35.363   747  1004 D wifi_gbk2utf: parseScanResults, line=level=-66
07-16 11:33:35.363   747  1004 D wifi_gbk2utf:  
07-16 11:33:35.363   747  1004 D wifi_gbk2utf: parseScanResults, line=tsf=0000066154201917
07-16 11:33:35.363   747  1004 D wifi_gbk2utf:  
07-16 11:33:35.363   747  1004 D wifi_gbk2utf: parseScanResults, line=flags=[WPA-EAP-CCMP+TKIP][WPA2-EAP-CCMP+TKIP][ESS]
07-16 11:33:35.363   747  1004 D wifi_gbk2utf:  
07-16 11:33:35.363   747  1004 D wifi_gbk2utf: parseScanResults, line=ssid=mLGE1
07-16 11:33:35.363   747  1004 D wifi_gbk2utf:  
07-16 11:33:35.363   747  1004 D wifi_gbk2utf: parseScanResults, ssid = mLGE1, buf = mLGE1,isUTF8= 0, isCh = 0
07-16 11:33:35.363   747  1004 D wifi_gbk2utf: parseScanResults, line=====
07-16 11:33:35.363   747  1004 D wifi_gbk2utf:  
07-16 11:33:35.363   747  1004 D wifi_gbk2utf: After sscanf,ssid:mLGE1, isCh:0
07-16 11:33:35.363   747  1004 D wifi_gbk2utf: parseScanResults, line=id=7
07-16 11:33:35.363   747  1004 D wifi_gbk2utf:  
07-16 11:33:35.363   747  1004 D wifi_gbk2utf: parseScanResults, line=bssid=34:db:fd:43:20:a0
07-16 11:33:35.363   747  1004 D wifi_gbk2utf:  
07-16 11:33:35.363   747  1004 D wifi_gbk2utf: parseScanResults, line=freq=2412
07-16 11:33:35.363   747  1004 D wifi_gbk2utf:  
07-16 11:33:35.363   747  1004 D wifi_gbk2utf: parseScanResults, line=level=-66
07-16 11:33:35.363   747  1004 D wifi_gbk2utf:  
07-16 11:33:35.363   747  1004 D wifi_gbk2utf: parseScanResults, line=tsf=0000066154201629
07-16 11:33:35.363   747  1004 D wifi_gbk2utf:  
07-16 11:33:35.363   747  1004 D wifi_gbk2utf: parseScanResults, line=flags=[WPA-EAP-CCMP][WPA2-EAP-CCMP][ESS]
07-16 11:33:35.363   747  1004 D wifi_gbk2utf:  
07-16 11:33:35.363   747  1004 D wifi_gbk2utf: parseScanResults, line=ssid=uLGE1
07-16 11:33:35.363   747  1004 D wifi_gbk2utf:  
07-16 11:33:35.363   747  1004 D wifi_gbk2utf: parseScanResults, ssid = uLGE1, buf = uLGE1,isUTF8= 0, isCh = 0
07-16 11:33:35.363   747  1004 D wifi_gbk2utf: parseScanResults, line=====
07-16 11:33:35.363   747  1004 D wifi_gbk2utf:  
07-16 11:33:35.363   747  1004 D wifi_gbk2utf: After sscanf,ssid:uLGE1, isCh:0
07-16 11:33:35.363   747  1004 D wifi_gbk2utf: parseScanResults, line=id=8
07-16 11:33:35.363   747  1004 D wifi_gbk2utf:  
07-16 11:33:35.363   747  1004 D wifi_gbk2utf: parseScanResults, line=bssid=5c:17:d3:4c:9c:f8
07-16 11:33:35.363   747  1004 D wifi_gbk2utf:  
07-16 11:33:35.363   747  1004 D wifi_gbk2utf: parseScanResults, line=freq=2437
07-16 11:33:35.363   747  1004 D wifi_gbk2utf:  
07-16 11:33:35.363   747  1004 D wifi_gbk2utf: parseScanResults, line=level=-65
07-16 11:33:35.363   747  1004 D wifi_gbk2utf:  
07-16 11:33:35.363   747  1004 D wifi_gbk2utf: parseScanResults, line=tsf=0000066154202461
07-16 11:33:35.363   747  1004 D wifi_gbk2utf:  
07-16 11:33:35.363   747  1004 D wifi_gbk2utf: parseScanResults, line=flags=[WPA2-PSK-CCMP][ESS]
07-16 11:33:35.363   747  1004 D wifi_gbk2utf:  
07-16 11:33:35.363   747  1004 D wifi_gbk2utf: parseScanResults, line=ssid=G Flex_7787
07-16 11:33:35.363   747  1004 D wifi_gbk2utf:  
07-16 11:33:35.363   747  1004 D wifi_gbk2utf: parseScanResults, ssid = G Flex_7787, buf = G Flex_7787,isUTF8= 0, isCh = 0
07-16 11:33:35.364   747  1004 D wifi_gbk2utf: parseScanResults, line=====
07-16 11:33:35.364   747  1004 D wifi_gbk2utf:  
07-16 11:33:35.364   747  1004 D wifi_gbk2utf: After sscanf,ssid:G Flex_7787, isCh:0
07-16 11:33:35.364   747  1004 D wifi_gbk2utf: parseScanResults, line=id=9
07-16 11:33:35.364   747  1004 D wifi_gbk2utf:  
07-16 11:33:35.364   747  1004 D wifi_gbk2utf: parseScanResults, line=bssid=20:aa:4b:25:4e:43
07-16 11:33:35.364   747  1004 D wifi_gbk2utf:  
07-16 11:33:35.364   747  1004 D wifi_gbk2utf: parseScanResults, line=freq=2452
07-16 11:33:35.364   747  1004 D wifi_gbk2utf:  
07-16 11:33:35.364   747  1004 D wifi_gbk2utf: parseScanResults, line=level=-70
07-16 11:33:35.364   747  1004 D wifi_gbk2utf:  
07-16 11:33:35.364   747  1004 D wifi_gbk2utf: parseScanResults, line=tsf=0000066154203005
07-16 11:33:35.364   747  1004 D wifi_gbk2utf:  
07-16 11:33:35.364   747  1004 D wifi_gbk2utf: parseScanResults, line=flags=[WPA2-PSK-CCMP][ESS]
07-16 11:33:35.364   747  1004 D wifi_gbk2utf:  
07-16 11:33:35.364   747  1004 D wifi_gbk2utf: parseScanResults, line=ssid=ATSWIFITEST
07-16 11:33:35.364   747  1004 D wifi_gbk2utf:  
07-16 11:33:35.364   747  1004 D wifi_gbk2utf: parseScanResults, ssid = ATSWIFITEST, buf = ATSWIFITEST,isUTF8= 0, isCh = 0
07-16 11:33:35.364   747  1004 D wifi_gbk2utf: parseScanResults, line=====
07-16 11:33:35.364   747  1004 D wifi_gbk2utf:  
07-16 11:33:35.364   747  1004 D wifi_gbk2utf: After sscanf,ssid:ATSWIFITEST, isCh:0
07-16 11:33:35.364   747  1004 D wifi_gbk2utf: parseScanResults, line=id=10
07-16 11:33:35.364   747  1004 D wifi_gbk2utf:  
07-16 11:33:35.364   747  1004 D wifi_gbk2utf: parseScanResults, line=bssid=02:1c:62:bc:49:96
07-16 11:33:35.364   747  1004 D wifi_gbk2utf:  
07-16 11:33:35.364   747  1004 D wifi_gbk2utf: parseScanResults, line=freq=2442
07-16 11:33:35.364   747  1004 D wifi_gbk2utf:  
07-16 11:33:35.364   747  1004 D wifi_gbk2utf: parseScanResults, line=level=-78
07-16 11:33:35.364   747  1004 D wifi_gbk2utf:  
07-16 11:33:35.364   747  1004 D wifi_gbk2utf: parseScanResults, line=tsf=0000066153941449
07-16 11:33:35.364   747  1004 D wifi_gbk2utf:  
07-16 11:33:35.364   747  1004 D wifi_gbk2utf: parseScanResults, line=flags=[WPA2-PSK-CCMP][ESS]
07-16 11:33:35.364   747  1004 D wifi_gbk2utf:  
07-16 11:33:35.364   747  1004 D wifi_gbk2utf: parseScanResults, line=ssid=BEBE JUPTERIANO
07-16 11:33:35.364   747  1004 D wifi_gbk2utf:  
07-16 11:33:35.364   747  1004 D wifi_gbk2utf: parseScanResults, ssid = BEBE JUPTERIANO, buf = BEBE JUPTERIANO,isUTF8= 0, isCh = 0
07-16 11:33:35.364   747  1004 D wifi_gbk2utf: parseScanResults, line=====
07-16 11:33:35.364   747  1004 D wifi_gbk2utf:  
07-16 11:33:35.364   747  1004 D wifi_gbk2utf: After sscanf,ssid:BEBE JUPTERIANO, isCh:0
07-16 11:33:35.364   747  1004 D wifi_gbk2utf: parseScanResults, line=id=11
07-16 11:33:35.364   747  1004 D wifi_gbk2utf:  
07-16 11:33:35.364   747  1004 D wifi_gbk2utf: parseScanResults, line=bssid=6c:71:d9:c1:cd:8f
07-16 11:33:35.364   747  1004 D wifi_gbk2utf:  
07-16 11:33:35.364   747  1004 D wifi_gbk2utf: parseScanResults, line=freq=2412
07-16 11:33:35.364   747  1004 D wifi_gbk2utf:  
07-16 11:33:35.364   747  1004 D wifi_gbk2utf: parseScanResults, line=level=-74
07-16 11:33:35.364   747  1004 D wifi_gbk2utf:  
07-16 11:33:35.364   747  1004 D wifi_gbk2utf: parseScanResults, line=tsf=0000066153602384
07-16 11:33:35.364   747  1004 D wifi_gbk2utf:  
07-16 11:33:35.364   747  1004 D wifi_gbk2utf: parseScanResults, line=flags=[WPA2-PSK-CCMP][ESS]
07-16 11:33:35.364   747  1004 D wifi_gbk2utf:  
07-16 11:33:35.364   747  1004 D wifi_gbk2utf: parseScanResults, line=ssid=hot_show
07-16 11:33:35.364   747  1004 D wifi_gbk2utf:  
07-16 11:33:35.364   747  1004 D wifi_gbk2utf: parseScanResults, ssid = hot_show, buf = hot_show,isUTF8= 0, isCh = 0
07-16 11:33:35.364   747  1004 D wifi_gbk2utf: parseScanResults, line=====
07-16 11:33:35.364   747  1004 D wifi_gbk2utf:  
07-16 11:33:35.364   747  1004 D wifi_gbk2utf: After sscanf,ssid:hot_show, isCh:0
07-16 11:33:35.364   747  1004 D wifi_gbk2utf: parseScanResults, line=id=12
07-16 11:33:35.364   747  1004 D wifi_gbk2utf:  
07-16 11:33:35.364   747  1004 D wifi_gbk2utf: parseScanResults, line=bssid=02:1c:62:b3:fd:1a
07-16 11:33:35.364   747  1004 D wifi_gbk2utf:  
07-16 11:33:35.364   747  1004 D wifi_gbk2utf: parseScanResults, line=freq=2432
07-16 11:33:35.364   747  1004 D wifi_gbk2utf:  
07-16 11:33:35.364   747  1004 D wifi_gbk2utf: parseScanResults, line=level=-74
07-16 11:33:35.364   747  1004 D wifi_gbk2utf:  
07-16 11:33:35.364   747  1004 D wifi_gbk2utf: parseScanResults, line=tsf=0000066153876519
07-16 11:33:35.364   747  1004 D wifi_gbk2utf:  
07-16 11:33:35.364   747  1004 D wifi_gbk2utf: parseScanResults, line=flags=[WPA2-PSK-CCMP][ESS]
07-16 11:33:35.364   747  1004 D wifi_gbk2utf:  
07-16 11:33:35.364   747  1004 D wifi_gbk2utf: parseScanResults, line=ssid=SKATESKATECOISASKATE
07-16 11:33:35.364   747  1004 D wifi_gbk2utf:  
07-16 11:33:35.364   747  1004 D wifi_gbk2utf: parseScanResults, ssid = SKATESKATECOISASKATE, buf = SKATESKATECOISASKATE,isUTF8= 0, isCh = 0
07-16 11:33:35.364   747  1004 D wifi_gbk2utf: parseScanResults, line=====
07-16 11:33:35.364   747  1004 D wifi_gbk2utf:  
07-16 11:33:35.364   747  1004 D wifi_gbk2utf: After sscanf,ssid:SKATESKATECOISASKATE, isCh:0
07-16 11:33:35.365   747  1004 D wifi_gbk2utf: parseScanResults, line=id=13
07-16 11:33:35.365   747  1004 D wifi_gbk2utf:  
07-16 11:33:35.365   747  1004 D wifi_gbk2utf: parseScanResults, line=bssid=00:1c:62:b9:c0:0c
07-16 11:33:35.365   747  1004 D wifi_gbk2utf:  
07-16 11:33:35.365   747  1004 D wifi_gbk2utf: parseScanResults, line=freq=2462
07-16 11:33:35.365   747  1004 D wifi_gbk2utf:  
07-16 11:33:35.365   747  1004 D wifi_gbk2utf: parseScanResults, line=level=-76
07-16 11:33:35.365   747  1004 D wifi_gbk2utf:  
07-16 11:33:35.365   747  1004 D wifi_gbk2utf: parseScanResults, line=tsf=0000066154203237
07-16 11:33:35.365   747  1004 D wifi_gbk2utf:  
07-16 11:33:35.365   747  1004 D wifi_gbk2utf: parseScanResults, line=flags=[WPA2-PSK-CCMP][WPS][ESS]
07-16 11:33:35.365   747  1004 D wifi_gbk2utf:  
07-16 11:33:35.365   747  1004 D wifi_gbk2utf: parseScanResults, line=ssid=G4_3838
07-16 11:33:35.365   747  1004 D wifi_gbk2utf:  
07-16 11:33:35.365   747  1004 D wifi_gbk2utf: parseScanResults, ssid = G4_3838, buf = G4_3838,isUTF8= 0, isCh = 0
07-16 11:33:35.365   747  1004 D wifi_gbk2utf: parseScanResults, line=====
07-16 11:33:35.365   747  1004 D wifi_gbk2utf:  
07-16 11:33:35.365   747  1004 D wifi_gbk2utf: After sscanf,ssid:G4_3838, isCh:0
07-16 11:33:35.365   747  1004 D wifi_gbk2utf: parseScanResults, line=id=16
07-16 11:33:35.365   747  1004 D wifi_gbk2utf:  
07-16 11:33:35.365   747  1004 D wifi_gbk2utf: parseScanResults, line=bssid=c0:25:5c:f2:c6:b2
07-16 11:33:35.365   747  1004 D wifi_gbk2utf:  
07-16 11:33:35.365   747  1004 D wifi_gbk2utf: parseScanResults, line=freq=2462
07-16 11:33:35.365   747  1004 D wifi_gbk2utf:  
07-16 11:33:35.365   747  1004 D wifi_gbk2utf: parseScanResults, line=level=-74
07-16 11:33:35.365   747  1004 D wifi_gbk2utf:  
07-16 11:33:35.365   747  1004 D wifi_gbk2utf: parseScanResults, line=tsf=0000066154203119
07-16 11:33:35.365   747  1004 D wifi_gbk2utf:  
07-16 11:33:35.365   747  1004 D wifi_gbk2utf: parseScanResults, line=flags=[WPA2-PSK-CCMP][ESS]
07-16 11:33:35.365   747  1004 D wifi_gbk2utf:  
07-16 11:33:35.365   747  1004 D wifi_gbk2utf: parseScanResults, line=ssid=gLGE1
07-16 11:33:35.365   747  1004 D wifi_gbk2utf:  
07-16 11:33:35.365   747  1004 D wifi_gbk2utf: parseScanResults, ssid = gLGE1, buf = gLGE1,isUTF8= 0, isCh = 0
07-16 11:33:35.365   747  1004 D wifi_gbk2utf: parseScanResults, line=====
07-16 11:33:35.365   747  1004 D wifi_gbk2utf:  
07-16 11:33:35.365   747  1004 D wifi_gbk2utf: After sscanf,ssid:gLGE1, isCh:0
07-16 11:33:35.365   747  1004 D wifi_gbk2utf: parseScanResults, line=id=18
07-16 11:33:35.365   747  1004 D wifi_gbk2utf:  
07-16 11:33:35.365   747  1004 D wifi_gbk2utf: parseScanResults, line=bssid=c0:25:5c:f2:c6:b1
07-16 11:33:35.365   747  1004 D wifi_gbk2utf:  
07-16 11:33:35.365   747  1004 D wifi_gbk2utf: parseScanResults, line=freq=2462
07-16 11:33:35.365   747  1004 D wifi_gbk2utf:  
07-16 11:33:35.365   747  1004 D wifi_gbk2utf: parseScanResults, line=level=-76
07-16 11:33:35.365   747  1004 D wifi_gbk2utf:  
07-16 11:33:35.365   747  1004 D wifi_gbk2utf: parseScanResults, line=tsf=0000066154203683
07-16 11:33:35.365   747  1004 D wifi_gbk2utf:  
07-16 11:33:35.365   747  1004 D wifi_gbk2utf: parseScanResults, line=flags=[WPA-EAP-CCMP+TKIP][WPA2-EAP-CCMP+TKIP][ESS]
07-16 11:33:35.365   747  1004 D wifi_gbk2utf:  
07-16 11:33:35.365   747  1004 D wifi_gbk2utf: parseScanResults, line=ssid=mLGE1
07-16 11:33:35.365   747  1004 D wifi_gbk2utf:  
07-16 11:33:35.365   747  1004 D wifi_gbk2utf: parseScanResults, ssid = mLGE1, buf = mLGE1,isUTF8= 0, isCh = 0
07-16 11:33:35.365   747  1004 D wifi_gbk2utf: parseScanResults, line=====
07-16 11:33:35.365   747  1004 D wifi_gbk2utf:  
07-16 11:33:35.365   747  1004 D wifi_gbk2utf: After sscanf,ssid:mLGE1, isCh:0
07-16 11:33:35.365   747  1004 D wifi_gbk2utf: parseScanResults, line=id=19
07-16 11:33:35.365   747  1004 D wifi_gbk2utf:  
07-16 11:33:35.365   747  1004 D wifi_gbk2utf: parseScanResults, line=bssid=c0:25:5c:f2:c6:b0
07-16 11:33:35.365   747  1004 D wifi_gbk2utf:  
07-16 11:33:35.365   747  1004 D wifi_gbk2utf: parseScanResults, line=freq=2462
07-16 11:33:35.365   747  1004 D wifi_gbk2utf:  
07-16 11:33:35.365   747  1004 D wifi_gbk2utf: parseScanResults, line=level=-75
07-16 11:33:35.365   747  1004 D wifi_gbk2utf:  
07-16 11:33:35.365   747  1004 D wifi_gbk2utf: parseScanResults, line=tsf=0000066154203568
07-16 11:33:35.365   747  1004 D wifi_gbk2utf:  
07-16 11:33:35.365   747  1004 D wifi_gbk2utf: parseScanResults, line=flags=[WPA-EAP-CCMP][WPA2-EAP-CCMP][ESS]
07-16 11:33:35.365   747  1004 D wifi_gbk2utf:  
07-16 11:33:35.365   747  1004 D wifi_gbk2utf: parseScanResults, line=ssid=uLGE1
07-16 11:33:35.365   747  1004 D wifi_gbk2utf:  
07-16 11:33:35.365   747  1004 D wifi_gbk2utf: parseScanResults, ssid = uLGE1, buf = uLGE1,isUTF8= 0, isCh = 0
07-16 11:33:35.365   747  1004 D wifi_gbk2utf: parseScanResults, line=====
07-16 11:33:35.365   747  1004 D wifi_gbk2utf:  
07-16 11:33:35.365   747  1004 D wifi_gbk2utf: After sscanf,ssid:uLGE1, isCh:0
07-16 11:33:35.365   747  1004 D wifi_gbk2utf: parseScanResults, line=id=25
07-16 11:33:35.365   747  1004 D wifi_gbk2utf:  
07-16 11:33:35.365   747  1004 D wifi_gbk2utf: parseScanResults, line=bssid=fc:f0:cb:00:41:bb
07-16 11:33:35.365   747  1004 D wifi_gbk2utf:  
07-16 11:33:35.365   747  1004 D wifi_gbk2utf: parseScanResults, line=freq=2437
07-16 11:33:35.365   747  1004 D wifi_gbk2utf:  
07-16 11:33:35.365   747  1004 D wifi_gbk2utf: parseScanResults, line=level=-81
07-16 11:33:35.365   747  1004 D wifi_gbk2utf:  
07-16 11:33:35.366   747  1004 D wifi_gbk2utf: parseScanResults, line=tsf=0000066154202697
07-16 11:33:35.366   747  1004 D wifi_gbk2utf:  
07-16 11:33:35.366   747  1004 D wifi_gbk2utf: parseScanResults, line=flags=[WPA2-PSK-CCMP][WPS][ESS]
07-16 11:33:35.366   747  1004 D wifi_gbk2utf:  
07-16 11:33:35.366   747  1004 D wifi_gbk2utf: parseScanResults, line=ssid=oi
07-16 11:33:35.366   747  1004 D wifi_gbk2utf:  
07-16 11:33:35.366   747  1004 D wifi_gbk2utf: parseScanResults, ssid = oi, buf = oi,isUTF8= 0, isCh = 0
07-16 11:33:35.366   747  1004 D wifi_gbk2utf: parseScanResults, line=====
07-16 11:33:35.366   747  1004 D wifi_gbk2utf:  
07-16 11:33:35.366   747  1004 D wifi_gbk2utf: After sscanf,ssid:oi, isCh:0
07-16 11:33:35.366   747  1004 D wifi_gbk2utf: parseScanResults, line=id=27
07-16 11:33:35.366   747  1004 D wifi_gbk2utf:  
07-16 11:33:35.366   747  1004 D wifi_gbk2utf: parseScanResults, line=bssid=c4:3f:f9:13:80:5a
07-16 11:33:35.366   747  1004 D wifi_gbk2utf:  
07-16 11:33:35.366   747  1004 D wifi_gbk2utf: parseScanResults, line=freq=2412
07-16 11:33:35.366   747  1004 D wifi_gbk2utf:  
07-16 11:33:35.366   747  1004 D wifi_gbk2utf: parseScanResults, line=level=-89
07-16 11:33:35.366   747  1004 D wifi_gbk2utf:  
07-16 11:33:35.366   747  1004 D wifi_gbk2utf: parseScanResults, line=tsf=0000066127722015
07-16 11:33:35.366   747  1004 D wifi_gbk2utf:  
07-16 11:33:35.366   747  1004 D wifi_gbk2utf: parseScanResults, line=flags=[WPA2-PSK-CCMP][ESS]
07-16 11:33:35.366   747  1004 D wifi_gbk2utf:  
07-16 11:33:35.366   747  1004 D wifi_gbk2utf: parseScanResults, line=ssid=LG G4 Beat_3524
07-16 11:33:35.366   747  1004 D wifi_gbk2utf:  
07-16 11:33:35.366   747  1004 D wifi_gbk2utf: parseScanResults, ssid = LG G4 Beat_3524, buf = LG G4 Beat_3524,isUTF8= 0, isCh = 0
07-16 11:33:35.366   747  1004 D wifi_gbk2utf: parseScanResults, line=====
07-16 11:33:35.366   747  1004 D wifi_gbk2utf:  
07-16 11:33:35.366   747  1004 D wifi_gbk2utf: After sscanf,ssid:LG G4 Beat_3524, isCh:0
07-16 11:33:35.366   747  1004 D wifi_gbk2utf: parseScanResults, line=id=28
07-16 11:33:35.366   747  1004 D wifi_gbk2utf:  
07-16 11:33:35.366   747  1004 D wifi_gbk2utf: parseScanResults, line=bssid=3a:0f:4a:7d:eb:79
07-16 11:33:35.366   747  1004 D wifi_gbk2utf:  
07-16 11:33:35.366   747  1004 D wifi_gbk2utf: parseScanResults, line=freq=2437
07-16 11:33:35.366   747  1004 D wifi_gbk2utf:  
07-16 11:33:35.366   747  1004 D wifi_gbk2utf: parseScanResults, line=level=-92
07-16 11:33:35.366   747  1004 D wifi_gbk2utf:  
07-16 11:33:35.366   747  1004 D wifi_gbk2utf: parseScanResults, line=tsf=0000066127722071
07-16 11:33:35.366   747  1004 D wifi_gbk2utf:  
07-16 11:33:35.366   747  1004 D wifi_gbk2utf: parseScanResults, line=flags=[WPA2-PSK-CCMP][ESS]
07-16 11:33:35.366   747  1004 D wifi_gbk2utf:  
07-16 11:33:35.366   747  1004 D wifi_gbk2utf: parseScanResults, line=ssid=Andreza 
07-16 11:33:35.366   747  1004 D wifi_gbk2utf:  
07-16 11:33:35.366   747  1004 D wifi_gbk2utf: parseScanResults, ssid = Andreza , buf = Andreza ,isUTF8= 0, isCh = 0
07-16 11:33:35.366   747  1004 D wifi_gbk2utf: parseScanResults, line=====
07-16 11:33:35.366   747  1004 D wifi_gbk2utf:  
07-16 11:33:35.366   747  1004 D wifi_gbk2utf: After sscanf,ssid:Andreza , isCh:0
07-16 11:33:35.366   747  1004 D wifi_gbk2utf: parseScanResults, line=id=29
07-16 11:33:35.366   747  1004 D wifi_gbk2utf:  
07-16 11:33:35.366   747  1004 D wifi_gbk2utf: parseScanResults, line=bssid=34:db:fd:24:56:b1
07-16 11:33:35.366   747  1004 D wifi_gbk2utf:  
07-16 11:33:35.366   747  1004 D wifi_gbk2utf: parseScanResults, line=freq=2462
07-16 11:33:35.366   747  1004 D wifi_gbk2utf:  
07-16 11:33:35.366   747  1004 D wifi_gbk2utf: parseScanResults, line=level=-85
07-16 11:33:35.366   747  1004 D wifi_gbk2utf:  
07-16 11:33:35.366   747  1004 D wifi_gbk2utf: parseScanResults, line=tsf=0000066154204016
07-16 11:33:35.366   747  1004 D wifi_gbk2utf:  
07-16 11:33:35.366   747  1004 D wifi_gbk2utf: parseScanResults, line=flags=[WPA-EAP-CCMP+TKIP][WPA2-EAP-CCMP+TKIP][ESS]
07-16 11:33:35.366   747  1004 D wifi_gbk2utf:  
07-16 11:33:35.366   747  1004 D wifi_gbk2utf: parseScanResults, line=ssid=mLGE1
07-16 11:33:35.366   747  1004 D wifi_gbk2utf:  
07-16 11:33:35.366   747  1004 D wifi_gbk2utf: parseScanResults, ssid = mLGE1, buf = mLGE1,isUTF8= 0, isCh = 0
07-16 11:33:35.366   747  1004 D wifi_gbk2utf: parseScanResults, line=#### 
07-16 11:33:35.374   747  1004 E WifiStateMachine: wifi setScanResults statecom.android.server.wifi.WifiStateMachine$DisconnectedState@104e08f9 sup_state=SCANNING debouncing=false enableAutoJoinWhenAssociated=false attemptAutoJoin=true
07-16 11:33:35.374   747  1004 E WifiAutoJoinController : Drone 2.4 94:10:3e:13:4e:3d rssi=-17 cap [WPA2-PSK-CCMP][WPS][ESS] is not scored
07-16 11:33:35.374   747  1004 E WifiConfigStore: associateWithConfiguration(): try "Drone 2.4"-WPA_PSK
07-16 11:33:35.374   747  1004 E WifiAutoJoinController : WiFi Workshop 20:aa:4b:25:48:53 rssi=-26 cap [WPA2-EAP-CCMP+TKIP-preauth][ESS] is not scored
07-16 11:33:35.374   747  1004 E WifiConfigStore: associateWithConfiguration(): try "WiFi Workshop"-WPA_EAP
07-16 11:33:35.375   747  1004 E WifiAutoJoinController : Elbio com u cc:fa:00:4c:9c:c6 rssi=-55 cap [WPA2-PSK-CCMP][ESS] is not scored
07-16 11:33:35.375   747  1004 E WifiConfigStore: associateWithConfiguration(): try "Elbio com u"-WPA_PSK
07-16 11:33:35.375   747  1004 E WifiAutoJoinController : nsa 82:86:f2:fa:32:fa rssi=-66 cap [WPA2-PSK-CCMP][ESS] is not scored
07-16 11:33:35.375   747  1004 E WifiConfigStore: associateWithConfiguration(): try "nsa"-WPA_PSK
07-16 11:33:35.375   747  1004 E WifiAutoJoinController : Spot 00:66:ce:a1:4e:54 rssi=-68 cap [WPA2-PSK-CCMP][ESS] is not scored
07-16 11:33:35.375   747  1004 E WifiConfigStore: associateWithConfiguration(): try "Spot"-WPA_PSK
07-16 11:33:35.376   747  1004 E WifiAutoJoinController : gLGE1 34:db:fd:43:20:a2 rssi=-66 cap [WPA2-PSK-CCMP][ESS] is not scored
07-16 11:33:35.376   747  1004 E WifiConfigStore: associateWithConfiguration(): try "gLGE1"-WPA_PSK
07-16 11:33:35.376   747  1004 E WifiAutoJoinController : mLGE1 34:db:fd:43:20:a1 rssi=-66 cap [WPA-EAP-CCMP+TKIP][WPA2-EAP-CCMP+TKIP][ESS] is not scored
07-16 11:33:35.376   747  1004 E WifiConfigStore: associateWithConfiguration(): try "mLGE1"-WPA_EAP
07-16 11:33:35.376   747  1004 E WifiAutoJoinController : uLGE1 34:db:fd:43:20:a0 rssi=-66 cap [WPA-EAP-CCMP][WPA2-EAP-CCMP][ESS] is not scored
07-16 11:33:35.376   747  1004 E WifiConfigStore: associateWithConfiguration(): try "uLGE1"-WPA_EAP
07-16 11:33:35.376   747  1004 E WifiAutoJoinController : G Flex_7787 5c:17:d3:4c:9c:f8 rssi=-65 cap [WPA2-PSK-CCMP][ESS] is not scored
07-16 11:33:35.377   747  1004 E WifiConfigStore: associateWithConfiguration(): try "G Flex_7787"-WPA_PSK
07-16 11:33:35.377   747  1004 E WifiAutoJoinController : ATSWIFITEST 20:aa:4b:25:4e:43 rssi=-70 cap [WPA2-PSK-CCMP][ESS] is not scored
07-16 11:33:35.377   747  1004 E WifiConfigStore: associateWithConfiguration(): try "ATSWIFITEST"-WPA_PSK
07-16 11:33:35.377   747  1004 E WifiAutoJoinController : BEBE JUPTERIANO 02:1c:62:bc:49:96 rssi=-78 cap [WPA2-PSK-CCMP][ESS] is not scored
07-16 11:33:35.377   747  1004 E WifiConfigStore: associateWithConfiguration(): try "BEBE JUPTERIANO"-WPA_PSK
07-16 11:33:35.377   747  1004 E WifiAutoJoinController : hot_show 6c:71:d9:c1:cd:8f rssi=-74 cap [WPA2-PSK-CCMP][ESS] is not scored
07-16 11:33:35.377   747  1004 E WifiConfigStore: associateWithConfiguration(): try "hot_show"-WPA_PSK
07-16 11:33:35.378   747  1004 E WifiAutoJoinController : SKATESKATECOISASKATE 02:1c:62:b3:fd:1a rssi=-74 cap [WPA2-PSK-CCMP][ESS] is not scored
07-16 11:33:35.378   747  1004 E WifiConfigStore: associateWithConfiguration(): try "SKATESKATECOISASKATE"-WPA_PSK
07-16 11:33:35.378   747  1004 E WifiAutoJoinController : G4_3838 00:1c:62:b9:c0:0c rssi=-76 cap [WPA2-PSK-CCMP][WPS][ESS] is not scored
07-16 11:33:35.378   747  1004 E WifiConfigStore: associateWithConfiguration(): try "G4_3838"-WPA_PSK
07-16 11:33:35.378   747  1004 E WifiAutoJoinController : gLGE1 c0:25:5c:f2:c6:b2 rssi=-74 cap [WPA2-PSK-CCMP][ESS] is not scored
07-16 11:33:35.378   747  1004 E WifiConfigStore: associateWithConfiguration(): try "gLGE1"-WPA_PSK
07-16 11:33:35.379   747  1004 E WifiAutoJoinController : mLGE1 c0:25:5c:f2:c6:b1 rssi=-76 cap [WPA-EAP-CCMP+TKIP][WPA2-EAP-CCMP+TKIP][ESS] is not scored
07-16 11:33:35.379   747  1004 E WifiConfigStore: associateWithConfiguration(): try "mLGE1"-WPA_EAP
07-16 11:33:35.379   747  1004 E WifiAutoJoinController : uLGE1 c0:25:5c:f2:c6:b0 rssi=-75 cap [WPA-EAP-CCMP][WPA2-EAP-CCMP][ESS] is not scored
07-16 11:33:35.379   747  1004 E WifiConfigStore: associateWithConfiguration(): try "uLGE1"-WPA_EAP
07-16 11:33:35.379   747  1004 E WifiAutoJoinController : oi fc:f0:cb:00:41:bb rssi=-81 cap [WPA2-PSK-CCMP][WPS][ESS] is not scored
07-16 11:33:35.379   747  1004 E WifiConfigStore: associateWithConfiguration(): try "oi"-WPA_PSK
07-16 11:33:35.379   747  1004 E WifiAutoJoinController : LG G4 Beat_3524 c4:3f:f9:13:80:5a rssi=-89 cap [WPA2-PSK-CCMP][ESS] is not scored
07-16 11:33:35.380   747  1004 E WifiConfigStore: associateWithConfiguration(): try "LG G4 Beat_3524"-WPA_PSK
07-16 11:33:35.380   747  1004 E WifiAutoJoinController : Andreza  3a:0f:4a:7d:eb:79 rssi=-92 cap [WPA2-PSK-CCMP][ESS] is not scored
07-16 11:33:35.380   747  1004 E WifiConfigStore: associateWithConfiguration(): try "Andreza "-WPA_PSK
07-16 11:33:35.380   747  1004 E WifiAutoJoinController : mLGE1 34:db:fd:24:56:b1 rssi=-85 cap [WPA-EAP-CCMP+TKIP][WPA2-EAP-CCMP+TKIP][ESS] is not scored
07-16 11:33:35.380   747  1004 E WifiConfigStore: associateWithConfiguration(): try "mLGE1"-WPA_EAP
07-16 11:33:35.381   747  1004 E WifiAutoJoinController : ageScanResultsOut delay 40000 size 27 now 1437057215380
07-16 11:33:35.381   747  1004 E WifiAutoJoinController : newSupplicantResults size=26 known=0 true
07-16 11:33:35.381   747  1004 E WifiAutoJoinController : attemptAutoJoin nothing known=0
07-16 11:33:35.381   747  1004 E WifiConfigStore:  writeKnownNetworkHistory() num networks:0 needWrite=false
07-16 11:33:35.382   747  1004 D WifiStateMachine: handleMessage: X
07-16 11:33:35.386   747  1004 D WifiStateMachine: handleMessage: E msg.what=131131
07-16 11:33:35.386   747  1004 D WifiStateMachine: processMsg: DisconnectedState
07-16 11:33:35.386   747  1004 E WifiStateMachine:  DisconnectedState !CMD_GET_CONFIGURED_NETWORKS uid=1000 1000 0 num=0
07-16 11:33:35.387   747  1004 D WifiStateMachine: processMsg: ConnectModeState
07-16 11:33:35.387   747  1004 E WifiStateMachine:  ConnectModeState !CMD_GET_CONFIGURED_NETWORKS uid=1000 1000 0 num=0
07-16 11:33:35.387   747  1004 D WifiStateMachine: handleMessage: X
07-16 11:33:35.447  3578  3578 D WiFiOffLoadBroadcast: OPerator not supported: OPEN SCA
07-16 11:33:35.655   747  7982 V SoundPool: process 0xb8b50cc4 channel 58 event BUFFER_END
07-16 11:33:35.655   747  1177 V SoundPool: awake
07-16 11:33:35.655   747  1177 V SoundPool: Getting channel from stop list
07-16 11:33:35.655   747  1177 V SoundPool: stop
07-16 11:33:35.655   189   828 V AudioFlinger: stop(4102), calling pid 747
07-16 11:33:35.655   189   828 V AudioFlinger: not stopping/stopped => stopping/stopped (4102) on thread 0xb33b2008
07-16 11:33:35.655   747  1177 V SoundPool: done_l(58)
07-16 11:33:35.655   747  1177 V SoundPool: move to front
07-16 11:33:36.628   747   747 D InputDispatcher: Window went away: Window{b8c6fe2 u0 Toast}
07-16 11:33:37.678   189   812 D AudioSpeechEnhanceInfo: SetOutputStreamRunning 0, SPELayer 0
07-16 11:33:37.678   189   812 E         : AudioCloseDumpPCMFile file== NULL
07-16 11:33:37.678   189   812 E         : AudioCloseDumpPCMFile file== NULL
07-16 11:33:37.678   189   812 E         : AudioCloseDumpPCMFile file== NULL
07-16 11:33:37.678   189   812 E         : AudioCloseDumpPCMFile file== NULL
07-16 11:33:37.687   189   812 D MtkAudioLoud: +ResetBuffer()
07-16 11:33:37.687   189   812 D MtkAudioLoud: -ResetBuffer()
07-16 11:33:38.351   747   747 E WifiStateMachine: [LGE_PATCH] WiFiStateMachine SCAN ALARM  , INDEX : [1] inteval: [3000]
07-16 11:33:38.352   747  1004 D WifiStateMachine: handleMessage: E msg.what=131143
07-16 11:33:38.352   747  1004 D WifiStateMachine: processMsg: DisconnectedState
07-16 11:33:38.353   747  1004 E WifiStateMachine:  DisconnectedState !CMD_START_SCAN -2 -2 ic=16 proc(ms):1 full dur:626 rssi=-127 f=-1 sc=0 link=-1 tx=0,0, 0,0, 0,0  rx=0,0 fiv=20000 [on:0 tx:0 rx:0 period:3617] from screen [on:0 period:-1756825807]
07-16 11:33:38.353   747  1004 D WifiStateMachine: processMsg: ConnectModeState
07-16 11:33:38.354   747  1004 E WifiStateMachine:  ConnectModeState !CMD_START_SCAN -2 -2 ic=16 proc(ms):3 full dur:626 rssi=-127 f=-1 sc=0 link=-1 tx=0,0, 0,0, 0,0  rx=0,0 fiv=20000 [on:0 tx:0 rx:0 period:1] from screen [on:0 period:-1756825806]
07-16 11:33:38.354   747  1004 D WifiStateMachine: processMsg: DriverStartedState
07-16 11:33:38.355   747  1004 E WifiStateMachine:  DriverStartedState !CMD_START_SCAN -2 -2 ic=16 proc(ms):4 full dur:626 rssi=-127 f=-1 sc=0 link=-1 tx=0,0, 0,0, 0,0  rx=0,0 fiv=20000 [on:0 tx:0 rx:0 period:1] from screen [on:0 period:-1756825805]
07-16 11:33:38.355   747  1004 D WifiNative-wlan0: doBoolean: SCAN TYPE=ONLY
07-16 11:33:38.356  7003  7003 D wpa_supplicant: wlan0: Control interface command 'SCAN TYPE=ONLY'
07-16 11:33:38.356  7003  7003 D wpa_supplicant: wlan0: Setting scan request: 0.000000 sec
07-16 11:33:38.356  7003  7003 D wpa_supplicant: OTA_TEST prop_ota_enable: 0
