08-21 14:31:08.626  7247  7247 I iu.Environment: update battery state; isPlugged? true*
08-21 14:31:08.631  7247  7840 I iu.UploadsManager: num queued entries: 0
08-21 14:31:08.633  7247  7840 I iu.UploadsManager: num updated entries: 0
08-21 14:31:08.639  7247  7840 I iu.SyncManager: NEXT; no task
08-21 14:31:08.704  4479  4479 I CAPP_DB_LOG: opened database address/path : 0x7f6bb07780, /data/user/0/com.google.android.gms/databases/ns.db
08-21 14:31:08.705  4479  4479 I CAPP_DB_LOG:   database address : 0x7f6bb07780, pragma journal_mode = PERSIST
08-21 14:31:08.706  4479  4479 I CAPP_DB_LOG:   database address : 0x7f6bb07780, pragma journal_size_limit = 524288
08-21 14:31:08.706  4479  4479 I CAPP_DB_LOG:   database address : 0x7f6bb07780, pragma wal_autocheckpoint = 100
08-21 14:31:08.706  3386  4208 I chatty  : uid=1013(media) Binder_5 expire 15 lines
08-21 14:31:08.708  6415  6433 I chatty  : uid=10018(com.lge.smartcover) Binder_2 expire 4 lines
08-21 14:31:08.709  6415  6415 I chatty  : uid=10018(com.lge.smartcover) expire 14 lines
08-21 14:31:08.709  1567  1983 I chatty  : uid=1000(system) android.fg expire 18 lines
08-21 14:31:08.710  3599  3599 I chatty  : uid=10018(com.lge.smartcover) com.android.systemui expire 19 lines
08-21 14:31:08.711  4479  4479 I CAPP_DB_LOG: closed database address/path : 0x7f6bb07780, /data/user/0/com.google.android.gms/databases/ns.db
08-21 14:31:08.719  3386  3386 I chatty  : uid=1013(media) /system/bin/mediaserver expire 13 lines
08-21 14:31:08.719  3386 27076 I chatty  : uid=1013(media) /system/bin/mediaserver expire 36 lines
08-21 14:31:08.722 27054 27054 I chatty  : uid=1000(system) com.lge.sync expire 28 lines
08-21 14:31:08.723 14281 14281 I chatty  : uid=1010(wifi) /system/bin/wpa_supplicant expire 117 lines
08-21 14:31:08.739  3386  3541 I chatty  : uid=1013(media) Binder_3 expire 11 lines
08-21 14:31:08.750  7247 27075 I iu.FingerprintManager: Start processing all media
08-21 14:31:08.751  3386 27077 I chatty  : uid=1013(media) /system/bin/mediaserver expire 6 lines
08-21 14:31:08.752  7247 27075 I iu.FingerprintManager: Start processing media store URI: content://media/external/images/media
08-21 14:31:08.768  1567  4108 I chatty  : uid=1000(system) Binder_7 expire 27 lines
08-21 14:31:08.787  3386 24047 I chatty  : uid=1013(media) Binder_C expire 7 lines
08-21 14:31:08.829  3386 21638 I chatty  : uid=1013(media) Binder_8 expire 11 lines
08-21 14:31:08.843  3386 21639 I chatty  : uid=1013(media) Binder_9 expire 10 lines
08-21 14:31:08.860  3386 27081 I chatty  : uid=1013(media) /system/bin/mediaserver expire 7 lines
08-21 14:31:08.861  3386 27082 I chatty  : uid=1013(media) /system/bin/mediaserver expire 37 lines
08-21 14:31:08.890 24425 24425 I chatty  : uid=1000(system) com.android.settings expire 15 lines
08-21 14:31:08.894  3386 27080 I chatty  : uid=1013(media) /system/bin/mediaserver expire 63 lines
08-21 14:31:08.897  3386  3520 I chatty  : uid=1013(media) ApmAudio expire 10 lines
08-21 14:31:08.897  3386  3533 I chatty  : uid=1013(media) AudioOut_2 expire 55 lines
08-21 14:31:08.899  3386  3521 I chatty  : uid=1013(media) ApmOutput expire 21 lines
08-21 14:31:08.919  3386  3532 I chatty  : uid=1013(media) FastMixer expire 46 lines
08-21 14:31:09.006  7247 27075 I iu.FingerprintManager: Start processing media store URI: content://media/external/video/media
08-21 14:31:09.037  5746  5746 I chatty  : uid=10020(com.android.providers.media) android.process.media expire 10 lines
08-21 14:31:09.044 27054 27087 I chatty  : uid=1000(system) Thread-1354 expire 3 lines
08-21 14:31:09.111 25319 25352 E GooglePlayServicesUtil: The Google Play services resources were not found. Check your project configuration to ensure that the resources are included.
08-21 14:31:09.212  1567  3955 I chatty  : uid=1000(system) Binder_6 expire 10 lines
08-21 14:31:09.225  7247 27075 I iu.FingerprintManager: Start processing media store URI: content://media/phoneStorage/images/media
08-21 14:31:09.251 26168 26168 D WearableService: callingUid 10007, callindPid: 26168
08-21 14:31:09.284  4148  4162 D ForegroundUtils: Process died; UID 10007 PID 26256
08-21 14:31:09.285  4148  4162 D ForegroundUtils: Foreground changed, PID: 26256 UID: 10007 foreground: false
08-21 14:31:09.285  4148  4162 D ForegroundUtils: Foreground UID/PID combinations:
08-21 14:31:09.285  4148  4162 D ForegroundUtils: UID: 1000 PID: 25430
08-21 14:31:09.309  7247 27075 I iu.FingerprintManager: Start processing media store URI: content://media/phoneStorage/video/media
08-21 14:31:09.321  7247 27075 I iu.FingerprintManager: Finished generating fingerprints; 0,572 seconds
08-21 14:31:09.323  7247 27075 I iu.FingerprintManager:   numSeen=0 numGenerated=0 numDeleted=0 numFailed=0
08-21 14:31:09.354  5746 27104 I chatty  : uid=10020(com.android.providers.media) LGMtpServer expire 1 line
08-21 14:31:09.367 25319 25352 E CustomThreadFactory: UNCAUGHT in thread DataSyncServiceHelper-1
08-21 14:31:09.367 25319 25352 E CustomThreadFactory: java.lang.IllegalStateException: could not connect to GoogleApiClient: ConnectionResult{statusCode=unknown status code 16, resolution=null}
08-21 14:31:09.367 25319 25352 E CustomThreadFactory: 	at com.google.android.wearable.datatransfer.internal.DefaultPeerProvider.blockingConnect(DefaultPeerProvider.java:75)
08-21 14:31:09.367 25319 25352 E CustomThreadFactory: 	at com.google.android.wearable.datatransfer.internal.DefaultPeerProvider.getConnectedPeers(DefaultPeerProvider.java:32)
08-21 14:31:09.367 25319 25352 E CustomThreadFactory: 	at com.google.android.wearable.datatransfer.internal.DataSyncServiceHelper.processIntent(DataSyncServiceHelper.java:378)
08-21 14:31:09.367 25319 25352 E CustomThreadFactory: 	at com.google.android.wearable.datatransfer.internal.DataSyncServiceHelper.access$000(DataSyncServiceHelper.java:50)
08-21 14:31:09.367 25319 25352 E CustomThreadFactory: 	at com.google.android.wearable.datatransfer.internal.DataSyncServiceHelper$IntentProcessor.run(DataSyncServiceHelper.java:719)
08-21 14:31:09.367 25319 25352 E CustomThreadFactory: 	at java.util.concurrent.ThreadPoolExecutor.runWorker(ThreadPoolExecutor.java:1113)
08-21 14:31:09.367 25319 25352 E CustomThreadFactory: 	at java.util.concurrent.ThreadPoolExecutor$Worker.run(ThreadPoolExecutor.java:588)
08-21 14:31:09.367 25319 25352 E CustomThreadFactory: 	at java.lang.Thread.run(Thread.java:818)
08-21 14:31:09.374 27089 27089 W System  : ClassLoader referenced unknown path: /system/app/ChromeWithBrowser/lib/arm64
08-21 14:31:09.410  7247 27088 I CAPP_DB_LOG: opened database address/path : 0x7f7dd87780, /data/user/0/com.google.android.gms/databases/android_pay
08-21 14:31:09.415  7247 27088 I CAPP_DB_LOG:   database address : 0x7f7dd87780, pragma journal_mode = PERSIST
08-21 14:31:09.416  7247 27088 I CAPP_DB_LOG:   database address : 0x7f7dd87780, pragma journal_size_limit = 524288
08-21 14:31:09.416  7247 27088 I CAPP_DB_LOG:   database address : 0x7f7dd87780, pragma wal_autocheckpoint = 100
08-21 14:31:09.421  4907 27069 I GCoreUlr: WorldUpdater received intent Intent { act=com.google.android.location.reporting.ACTION_UPDATE_WORLD cmp=com.google.android.gms/com.google.android.location.reporting.service.DispatchingService (has extras) } with receiverAction android.intent.action.ACTION_POWER_CONNECTED
08-21 14:31:09.489  4479  4479 I GoogleURLConnFactory: Using platform SSLCertificateSocketFactory
08-21 14:31:09.573  4479 27109 I CAPP_DB_LOG: opened database address/path : 0x7f6bb08900, /data/user/0/com.google.android.gms/databases/phenotype.db
08-21 14:31:09.576  4479 27109 I CAPP_DB_LOG:   database address : 0x7f6bb08900, pragma journal_mode = PERSIST
08-21 14:31:09.576  4479 27109 I CAPP_DB_LOG:   database address : 0x7f6bb08900, pragma journal_size_limit = 524288
08-21 14:31:09.576  4479 27109 I CAPP_DB_LOG:   database address : 0x7f6bb08900, pragma wal_autocheckpoint = 100
08-21 14:31:09.598  1567  4114 I chatty  : uid=1000(system) Binder_9 expire 19 lines
08-21 14:31:09.639  4907 27069 I GCoreUlr: WorldUpdater:android.intent.action.ACTION_POWER_CONNECTED: Ensuring that reporting is stopped because of reasons: (no Google accounts)
08-21 14:31:09.658  4907 27069 I GCoreUlr: Unbound from all location providers
08-21 14:31:09.694   475  1311 E BandwidthController: [LG DATA] No such appUid: 10007
08-21 14:31:09.694   475  1311 D DnsProxyListener: App 10007 tries DNS query. Accept family:0 protocol:0
08-21 14:31:09.745  4907  4907 I GCoreUlr: DispatchingService.onDestroy()
08-21 14:31:09.745  4907  4907 I GCoreUlr: Stopping handler for UlrDispSvcFast
08-21 14:31:09.812  5746  6629 I chatty  : uid=10020(com.android.providers.media) Binder_3 expire 1 line
08-21 14:31:09.816  4907  4907 I GCoreUlr: Unbound from all location providers
08-21 14:31:09.822 26073 27115 E iu.UploadsManager: Insufficient permissions to process media
08-21 14:31:09.822 26073 27115 E iu.UploadsManager: java.lang.SecurityException: Permission Denial: reading com.android.providers.media.MediaProvider uri content://media/external/images/media from pid=26073, uid=10112 requires android.permission.READ_EXTERNAL_STORAGE, or grantUriPermission()
08-21 14:31:09.822 26073 27115 E iu.UploadsManager: 	at android.os.Parcel.readException(Parcel.java:1599)
08-21 14:31:09.822 26073 27115 E iu.UploadsManager: 	at android.database.DatabaseUtils.readExceptionFromParcel(DatabaseUtils.java:183)
08-21 14:31:09.822 26073 27115 E iu.UploadsManager: 	at android.database.DatabaseUtils.readExceptionFromParcel(DatabaseUtils.java:135)
08-21 14:31:09.822 26073 27115 E iu.UploadsManager: 	at android.content.ContentProviderProxy.query(ContentProviderNative.java:421)
08-21 14:31:09.822 26073 27115 E iu.UploadsManager: 	at android.content.ContentResolver.query(ContentResolver.java:498)
08-21 14:31:09.822 26073 27115 E iu.UploadsManager: 	at android.content.ContentResolver.query(ContentResolver.java:441)
08-21 14:31:09.822 26073 27115 E iu.UploadsManager: 	at gmb.a(PG:112)
08-21 14:31:09.822 26073 27115 E iu.UploadsManager: 	at com.google.android.libraries.social.autobackup.FingerprintScannerIntentService.onHandleIntent(PG:82)
08-21 14:31:09.822 26073 27115 E iu.UploadsManager: 	at android.app.IntentService$ServiceHandler.handleMessage(IntentService.java:66)
08-21 14:31:09.822 26073 27115 E iu.UploadsManager: 	at android.os.Handler.dispatchMessage(Handler.java:102)
08-21 14:31:09.822 26073 27115 E iu.UploadsManager: 	at android.os.Looper.loop(Looper.java:148)
08-21 14:31:09.822 26073 27115 E iu.UploadsManager: 	at android.os.HandlerThread.run(HandlerThread.java:61)
08-21 14:31:09.841  1567  3295 I chatty  : uid=1000(system) Binder_3 expire 10 lines
08-21 14:31:09.856  1567  4197 I chatty  : uid=1000(system) Binder_F expire 17 lines
08-21 14:31:09.857  3386  3958 I chatty  : uid=1013(media) Binder_4 expire 10 lines
08-21 14:31:09.909 27116 27116 D Agent_VoiceActivationReceiver: Action = android.intent.action.ACTION_POWER_CONNECTED
08-21 14:31:09.910 27116 27116 D Agent_VoiceActivation: stopService(): false
08-21 14:31:10.349  3599  4063 I chatty  : uid=10018(com.lge.smartcover) PhoneStatusBar expire 12 lines
08-21 14:31:10.362  4251  4747 D PhoneInterfaceManager: [PhoneIntfMgr] getDataEnabled: subId=1 phoneId=0
08-21 14:31:10.363  4251  4747 D PhoneInterfaceManager: [PhoneIntfMgr] getDataEnabled: subId=1 retVal=true
08-21 14:31:10.543  4479 27106 I System.out: propertyValue:false
08-21 14:31:10.945 27116 27116 D Agent_PhoneState: isMcAfeeLocked : false
08-21 14:31:10.992  1567  2116 I chatty  : uid=1000(system) android.io expire 1 line
08-21 14:31:10.997 27116 27116 V TelephonyAutoProfiling: [loadFeatureFromXml] *** start feature loading from xml
08-21 14:31:10.998 27116 27116 D TelephonyAutoProfiling: try parsing /etc/featureset.xml
08-21 14:31:10.998 27116 27116 D TelephonyAutoProfiling: [parse] Load xml
08-21 14:31:11.000 27116 27116 D TelephonyAutoProfiling: try parsing /etc/featuresetOpen.xml
08-21 14:31:11.000 27116 27116 D TelephonyAutoProfiling: [parse] Load xml
08-21 14:31:11.004 27116 27116 V TelephonyAutoProfiling: [getMatchedProfile] selected file : /etc/featureset.xml
08-21 14:31:11.004 27116 27116 V TelephonyAutoProfiling: [getMatchedProfile] selected file : /etc/featuresetOpen.xml
08-21 14:31:11.004 27116 27116 V TelephonyAutoProfiling: [loadFeatureFromXml] load feature from xml complete : {handle8bit=true, ConcatMTCheckTimestamp=true, retry_to_enable_cb=true, allow_sending_empty_sms=true, copy_submit_to_uicc=true, deliver_intent_to_current=true, spam=true, MANUAL_SELECTION_WITH_RAT=true, seperate_processing_sms_uicc=true, KRWapPushWithSpam=true, GLOBALspam=true, KSC5601Decoding=true, support_emoji_in_concat_message=true, turkishEncoding=true, OperatorMessage=true}
08-21 14:31:11.007 27116 27116 D Agent_PhoneState: Call State: 0
08-21 14:31:11.010 27116 27116 D Agent_VoiceActivation: Other activity ==> stopSelf
08-21 14:31:11.011 27116 27116 D Agent_VoiceActivation: stopService(): false
08-21 14:31:11.066  4148  5144 D ForegroundUtils: Process died; UID 10057 PID 26223
08-21 14:31:11.066  4148  5144 D ForegroundUtils: Foreground changed, PID: 26223 UID: 10057 foreground: false
08-21 14:31:11.066  4148  5144 D ForegroundUtils: Foreground UID/PID combinations:
08-21 14:31:11.066  4148  5144 D ForegroundUtils: UID: 1000 PID: 25430
08-21 14:31:11.376  4251  5524 D PhoneInterfaceManager: [PhoneIntfMgr] getDataEnabled: subId=1 phoneId=0
08-21 14:31:11.376  4251  5524 D PhoneInterfaceManager: [PhoneIntfMgr] getDataEnabled: subId=1 retVal=true
08-21 14:31:11.439  4479  4479 I CAPP_DB_LOG: opened database address/path : 0x7f6bb07780, /data/user/0/com.google.android.gms/databases/ns.db
08-21 14:31:11.441  4479  4479 I CAPP_DB_LOG:   database address : 0x7f6bb07780, pragma journal_mode = PERSIST
08-21 14:31:11.441  4479  4479 I CAPP_DB_LOG:   database address : 0x7f6bb07780, pragma journal_size_limit = 524288
08-21 14:31:11.441  4479  4479 I CAPP_DB_LOG:   database address : 0x7f6bb07780, pragma wal_autocheckpoint = 100
08-21 14:31:11.451  4479  4479 I CAPP_DB_LOG: closed database address/path : 0x7f6bb07780, /data/user/0/com.google.android.gms/databases/ns.db
08-21 14:31:11.464  4479  4479 I CAPP_DB_LOG: closed database address/path : 0x7f6bb08900, /data/user/0/com.google.android.gms/databases/phenotype.db
08-21 14:31:11.470  4479 27133 I CAPP_DB_LOG: opened database address/path : 0x7f6a51b500, /data/user/0/com.google.android.gms/databases/phenotype.db
08-21 14:31:11.473  4479 27133 I CAPP_DB_LOG:   database address : 0x7f6a51b500, pragma journal_mode = PERSIST
08-21 14:31:11.474  4479 27133 I CAPP_DB_LOG:   database address : 0x7f6a51b500, pragma journal_size_limit = 524288
08-21 14:31:11.474  4479 27133 I CAPP_DB_LOG:   database address : 0x7f6a51b500, pragma wal_autocheckpoint = 100
08-21 14:31:11.988  4479  4479 I CAPP_DB_LOG: closed database address/path : 0x7f6a51b500, /data/user/0/com.google.android.gms/databases/phenotype.db
08-21 14:31:12.579   707   707 I MSM-irqbalance: Decided to move IRQ332 from CPU1 to CPU0
08-21 14:31:12.905  4251  5581 D PhoneInterfaceManager: [PhoneIntfMgr] getDataEnabled: subId=1 phoneId=0
08-21 14:31:12.905  4251  5581 D PhoneInterfaceManager: [PhoneIntfMgr] getDataEnabled: subId=1 retVal=true
08-21 14:31:13.386  4251  5581 D PhoneInterfaceManager: [PhoneIntfMgr] getDataEnabled: subId=1 phoneId=0
08-21 14:31:13.387  4251  5581 D PhoneInterfaceManager: [PhoneIntfMgr] getDataEnabled: subId=1 retVal=true
08-21 14:31:14.027  4558  4558 D InCallUIReceiver: onReceive: Intent { act=android.intent.action.BATTERY_CHANGED flg=0x60000010 (has extras) }
08-21 14:31:14.027  4558  4558 D InCallUIReceiver: [batteryChangedReceivedIntentHandling] level : 96
08-21 14:31:14.032  4251  4251 D PhoneApp: onReceive: android.intent.action.BATTERY_CHANGED
08-21 14:31:14.463  4148  4162 D ForegroundUtils: Process died; UID 10124 PID 26565
08-21 14:31:14.463  4148  4162 D ForegroundUtils: Foreground changed, PID: 26565 UID: 10124 foreground: false
08-21 14:31:14.463  4148  4162 D ForegroundUtils: Foreground UID/PID combinations:
08-21 14:31:14.463  4148  4162 D ForegroundUtils: UID: 1000 PID: 25430
08-21 14:31:17.425  6415  6432 I chatty  : uid=10018(com.lge.smartcover) Binder_1 expire 3 lines
08-21 14:31:17.487 25430 25430 I chatty  : uid=1000(system) com.lge.wifisettings expire 10 lines
08-21 14:31:17.534  4251  4926 D PhoneInterfaceManager: [PhoneIntfMgr] getDataEnabled: subId=1 phoneId=0
08-21 14:31:17.534  4251  4926 D PhoneInterfaceManager: [PhoneIntfMgr] getDataEnabled: subId=1 retVal=true
08-21 14:31:21.370  1567  3244 I chatty  : uid=1000(system) WifiStateMachin expire 11 lines
08-21 14:31:22.945  4251  5577 D PhoneInterfaceManager: [PhoneIntfMgr] getDataEnabled: subId=1 phoneId=0
08-21 14:31:22.945  4251  5577 D PhoneInterfaceManager: [PhoneIntfMgr] getDataEnabled: subId=1 retVal=true
08-21 14:31:25.672  3599  4063 I chatty  : uid=10018(com.lge.smartcover) PhoneStatusBar expire 11 lines
08-21 14:31:25.687  4251  4251 D PhoneInterfaceManager: [PhoneIntfMgr] mSigLevel = 1
08-21 14:31:25.688  4251  5581 D PhoneInterfaceManager: [PhoneIntfMgr] getDataEnabled: subId=1 phoneId=0
08-21 14:31:25.689  4251  5581 D PhoneInterfaceManager: [PhoneIntfMgr] getDataEnabled: subId=1 retVal=true
08-21 14:31:28.276 14281 14281 I chatty  : uid=1010(wifi) /system/bin/wpa_supplicant expire 1649 lines
08-21 14:31:29.511  4251  4251 D PhoneInterfaceManager: [PhoneIntfMgr] mSigLevel = 2
08-21 14:31:29.534  4251  4267 D PhoneInterfaceManager: [PhoneIntfMgr] getDataEnabled: subId=1 phoneId=0
08-21 14:31:29.534  4251  4267 D PhoneInterfaceManager: [PhoneIntfMgr] getDataEnabled: subId=1 retVal=true
08-21 14:31:30.434  4479 27141 I CAPP_DB_LOG: opened database address/path : 0x7f6a409380, /data/user/0/com.google.android.gms/databases/phenotype.db
08-21 14:31:30.436  4479 27141 I CAPP_DB_LOG:   database address : 0x7f6a409380, pragma journal_mode = PERSIST
08-21 14:31:30.437  4479 27141 I CAPP_DB_LOG:   database address : 0x7f6a409380, pragma journal_size_limit = 524288
08-21 14:31:30.437  4479 27141 I CAPP_DB_LOG:   database address : 0x7f6a409380, pragma wal_autocheckpoint = 100
08-21 14:31:30.942  1567  3208 I chatty  : uid=1000 system_server expire 10 lines
08-21 14:31:30.942  1567  3214 I chatty  : uid=1000(system) SensorService expire 2 lines
08-21 14:31:31.400  4479  4479 I CAPP_DB_LOG: closed database address/path : 0x7f6a409380, /data/user/0/com.google.android.gms/databases/phenotype.db
08-21 14:31:31.548  1567  1963 I chatty  : uid=1000(system) android.ui expire 39 lines
08-21 14:31:31.711 18532 18532 D ContentViewCore: onScreenOrientationChanged() orientation : 0
08-21 14:31:31.729 25541 25541 I QRemote : [QRemoteApplication.java:239:onReceive()] oooooo getAction is [android.intent.action.CONFIGURATION_CHANGED]
08-21 14:31:31.729 25541 25541 W QRemote : [QRemoteApplication.java:244:onReceive()] oooooo if phone, return
08-21 14:31:31.741  4793  4793 D [ConciergeService]: onConfigurationChanged
08-21 14:31:31.747  4251  4251 D LGNetworkSettings: onConfigurationChanged called
08-21 14:31:31.750  4284  4284 I [LGHome]EVENT: [LauncherModel.java:188:onReceive()]onReceive intent=Intent { act=android.intent.action.CONFIGURATION_CHANGED flg=0x70000010 }
08-21 14:31:31.750  4284  4284 I [LGHome]EVENT: [LauncherModel.java:255:onReceive()]Configuration Changed: {1.0 724mcc5mnc pt_BR ldltr sw360dp w360dp h574dp 640dpi nrml port finger -keyb/v/h -nav/h s.13 fontTypeIndex0 forceEmbolden0 defclr=0xff000000}
08-21 14:31:31.751  4284  4284 I [LGHome]EVENT: [LauncherModel.java:260:onReceive()]Previous Configuration: {1.0 724mcc5mnc pt_BR ldltr sw360dp w598dp h336dp 640dpi nrml land finger -keyb/v/h -nav/h s.12 fontTypeIndex0 forceEmbolden0 defclr=0xff000000}
08-21 14:31:31.770  3599  3599 I chatty  : uid=10018(com.lge.smartcover) com.android.systemui expire 72 lines
08-21 14:31:31.779  1567  1680 I chatty  : uid=1000(system) Binder_1 expire 31 lines
08-21 14:31:31.794 25430 25430 I chatty  : uid=1000(system) com.lge.wifisettings expire 50 lines
08-21 14:31:31.833  3956  3956 D LgeImeImpl: [LgeImeImpl.java:1515:LgeImeImpl.onStartInput()] [IN] onStartInput[true]
08-21 14:31:31.834  3956  3956 E LgeImeInputHelper: [LgeImeInputHelper.java:407:LgeImeInputHelper.cancelInputComposingWord()] spellList or input is null
08-21 14:31:31.834  3956  3956 D LgeImeImpl: [LgeImeImpl.java:1532:LgeImeImpl.onStartInput()] [OUT] onStartInput
08-21 14:31:31.843  4418  4923 D LGContactsProvider3: lg queryLocal isSecretMode: false , include secret param = null
08-21 14:31:31.843  4418  4923 D LGContactsProvider3: lg queryLocal query: content://com.android.contacts/profile
08-21 14:31:31.843  4418  4923 D LGContactsProvider3: lg queryLocal match: 19000
08-21 14:31:31.843  4418  4923 D LGContactsProvider3: SELECT _id, display_name FROM view_contacts
08-21 14:31:31.844  1567  4111 I chatty  : uid=1000(system) Binder_8 expire 11 lines
08-21 14:31:31.869  1567  2117 I chatty  : uid=1000(system) android.display expire 109 lines
08-21 14:31:31.939  1567  4172 I chatty  : uid=1000(system) Binder_D expire 10 lines
08-21 14:31:32.403  4251  5581 D PhoneInterfaceManager: [PhoneIntfMgr] getDataEnabled: subId=1 phoneId=0
08-21 14:31:32.403  4251  5581 D PhoneInterfaceManager: [PhoneIntfMgr] getDataEnabled: subId=1 retVal=true
08-21 14:31:32.589   707   707 I MSM-irqbalance: Decided to move IRQ163 from CPU1 to CPU0
08-21 14:31:32.701  1567  3233 I chatty  : uid=1000(system) InputReader expire 10 lines
08-21 14:31:32.730  1567  4176 I chatty  : uid=1000(system) Binder_E expire 20 lines
08-21 14:31:32.807  1567  4125 I chatty  : uid=1000(system) Binder_A expire 15 lines
08-21 14:31:32.820  1567  1683 I chatty  : uid=1000(system) Binder_2 expire 13 lines
08-21 14:31:33.813  1567  3268 I chatty  : uid=1000(system) AudioService expire 26 lines
08-21 14:31:33.817  3386 20520 I chatty  : uid=1013(media) Binder_6 expire 35 lines
08-21 14:31:33.818  3386  3520 I chatty  : uid=1013(media) ApmAudio expire 20 lines
08-21 14:31:33.818  3386  3533 I chatty  : uid=1013(media) AudioOut_2 expire 72 lines
08-21 14:31:33.820  3386  3521 I chatty  : uid=1013(media) ApmOutput expire 34 lines
08-21 14:31:33.844  3386  3532 I chatty  : uid=1013(media) FastMixer expire 92 lines
08-21 14:31:33.971  1567  3920 I chatty  : uid=1000(system) SoundPool expire 10 lines
08-21 14:31:34.127  8659  8734 D LIA_SmartMoment_CTP_StepCounterDetected: currentStep : 6.0 - standardStep : 5.0 = storedStep: 1.0
08-21 14:31:34.279  1567  3232 I chatty  : uid=1000(system) InputDispatcher expire 10 lines
08-21 14:31:34.540  4064  4721 I chatty  : uid=1000(system) Binder_3 expire 10 lines
08-21 14:31:34.547 21264 21264 I PeopleActivity: MobileDataSetting Changed
08-21 14:31:34.548 21264 21264 I Dialer.DialpadFragment: fragment. refreshUI
08-21 14:31:34.551 21264 21264 E Dialer-DialerCmdBtnManager: getCarrier() : Fail GLOBAL is not a constant in com.android.contacts.dialpad.DialerCmdBtnManager$CarrierConfig$Carrier
08-21 14:31:34.560 21264 21264 E Dialer-DialerCmdBtnManager: getCarrier() : Fail GLOBAL is not a constant in com.android.contacts.dialpad.DialerCmdBtnManager$CarrierConfig$Carrier
08-21 14:31:34.560 21264 21264 D Dialer-DialerCmdBtnManager: Current conditions : OPEN, 
08-21 14:31:34.560 21264 21264 I Dialer-DialerCmdBtnManager: cond :OPEN, 
08-21 14:31:34.561 21264 21264 W SystemConfig: isQSlideSupported :true
08-21 14:31:34.574  1567  4152 I chatty  : uid=1000(system) Binder_C expire 22 lines
08-21 14:31:34.619  4558  4558 D DSDPConnection: HDMICable or WFD ConnectedEvent [com.lge.systemservice.core.wfdmanager.WFD_STATE_CHANGED]
08-21 14:31:34.623  4558  4558 D DSDPConnection: [DSDP]StatusReceiver::WFD Connected: false ExternalDevice: 0
08-21 14:31:34.623  4558  4558 W DsdpExternalView: dismissDsdpPopup()
08-21 14:31:34.623  4558  4558 D DsdpStatus: setIsExternalDeviceConnected() connected : false
08-21 14:31:34.631  4064  4081 I chatty  : uid=1000(system) Binder_1 expire 10 lines
08-21 14:31:34.725  7247  7247 W CastMediaRouteProvider: Invalid control category: android.media.intent.category.LIVE_AUDIO
08-21 14:31:34.775  1567  4114 I chatty  : uid=1000(system) Binder_9 expire 25 lines
08-21 14:31:34.814  4223 14333 I chatty  : uid=1000(system) P2pExtMonWorker expire 19 lines
08-21 14:31:34.953  3956  3956 D LgeImeImpl: [LgeImeImpl.java:4330:LgeImeImpl.onFinishInput()] [IN]onFinishInput
08-21 14:31:34.953  3956  3956 D LgeImeImpl: [LgeImeImpl.java:4359:LgeImeImpl.onFinishInput()] [OUT]onFinishInput
08-21 14:31:34.953  3956  3956 D LgeImeImpl: [LgeImeImpl.java:1515:LgeImeImpl.onStartInput()] [IN] onStartInput[false]
08-21 14:31:34.953  3956  3956 D LgeImeImpl: [LgeImeImpl.java:1532:LgeImeImpl.onStartInput()] [OUT] onStartInput
08-21 14:31:35.071 25487 25487 I chatty  : uid=1000(system) com.lge.myplace expire 10 lines
08-21 14:31:35.092  1567  4220 I chatty  : uid=1000(system) Binder_10 expire 13 lines
08-21 14:31:35.514  4634  4732 I chatty  : uid=1000(system) ScannerManagerT expire 11 lines
08-21 14:31:35.515  4634  4744 I chatty  : uid=1000(system) ModuleManagerTh expire 11 lines
08-21 14:31:37.588   707   707 I MSM-irqbalance: Decided to move IRQ240 from CPU0 to CPU3
08-21 14:31:41.572  1567  3641 I chatty  : uid=1000(system) Binder_4 expire 37 lines
08-21 14:31:41.575  4064 26445 I chatty  : uid=1000(system) Binder_5 expire 7 lines
08-21 14:31:41.590  4064  4582 I chatty  : uid=1000(system) LGPowerManagerH expire 10 lines
08-21 14:31:41.760  4251  5574 D PhoneInterfaceManager: [PhoneIntfMgr] getDataEnabled: subId=1 phoneId=0
08-21 14:31:41.762  4251  5574 D PhoneInterfaceManager: [PhoneIntfMgr] getDataEnabled: subId=1 retVal=true
08-21 14:31:41.785  3956  3956 D LgeImeImpl: [LgeImeImpl.java:4330:LgeImeImpl.onFinishInput()] [IN]onFinishInput
08-21 14:31:41.785  3956  3956 D LgeImeImpl: [LgeImeImpl.java:4359:LgeImeImpl.onFinishInput()] [OUT]onFinishInput
08-21 14:31:41.785  3956  3956 D LgeImeImpl: [LgeImeImpl.java:1515:LgeImeImpl.onStartInput()] [IN] onStartInput[false]
08-21 14:31:41.785  3956  3956 D LgeImeImpl: [LgeImeImpl.java:1532:LgeImeImpl.onStartInput()] [OUT] onStartInput
08-21 14:31:42.591   707   707 I MSM-irqbalance: Decided to move IRQ65 from CPU0 to CPU3
08-21 14:31:42.614  3599  3599 I chatty  : uid=10018(com.lge.smartcover) com.android.systemui expire 12 lines
08-21 14:31:45.294   516   761 E ThermalEngine: [GPU_MON] ACTION: GPU - [GPU_MON] Setting GPU[0] to 600000000
08-21 14:31:45.641  4223 14333 I chatty  : uid=1000(system) P2pExtMonWorker expire 10 lines
08-21 14:31:45.681  4131  4131 I chatty  : uid=1000(system) com.lge.myplace.engine expire 10 lines
08-21 14:31:45.752  4251  5574 D PhoneInterfaceManager: [PhoneIntfMgr] getDataEnabled: subId=1 phoneId=0
08-21 14:31:45.752  4251  5574 D PhoneInterfaceManager: [PhoneIntfMgr] getDataEnabled: subId=1 retVal=true
08-21 14:31:45.762 25430 25430 I chatty  : uid=1000(system) com.lge.wifisettings expire 26 lines
08-21 14:31:45.836  1567  4220 I chatty  : uid=1000(system) Binder_10 expire 17 lines
08-21 14:31:45.848  1567  4197 I chatty  : uid=1000(system) Binder_F expire 20 lines
08-21 14:31:45.852  1567  3954 I chatty  : uid=1000(system) Binder_5 expire 12 lines
08-21 14:31:45.970 14281 14281 I chatty  : uid=1010(wifi) /system/bin/wpa_supplicant expire 509 lines
08-21 14:31:46.687  4223  4223 I chatty  : uid=1000(system) com.lge.wifi.p2p expire 10 lines
08-21 14:31:46.839  4064  4416 I chatty  : uid=1000(system) WfdService Hand expire 10 lines
08-21 14:31:46.843  4558  4558 D DSDPConnection: HDMICable or WFD ConnectedEvent [com.lge.systemservice.core.wfdmanager.WFD_STATE_CHANGED]
08-21 14:31:46.843  4558  4558 D DSDPConnection: [DSDP]StatusReceiver::WFD Connected: false ExternalDevice: 0
08-21 14:31:46.843  4558  4558 W DsdpExternalView: dismissDsdpPopup()
08-21 14:31:46.843  4558  4558 D DsdpStatus: setIsExternalDeviceConnected() connected : false
08-21 14:31:46.854 21264 21264 I PeopleActivity: MobileDataSetting Changed
08-21 14:31:46.854 21264 21264 I Dialer.DialpadFragment: fragment. refreshUI
08-21 14:31:46.855 21264 21264 E Dialer-DialerCmdBtnManager: getCarrier() : Fail GLOBAL is not a constant in com.android.contacts.dialpad.DialerCmdBtnManager$CarrierConfig$Carrier
08-21 14:31:46.868 21264 21264 E Dialer-DialerCmdBtnManager: getCarrier() : Fail GLOBAL is not a constant in com.android.contacts.dialpad.DialerCmdBtnManager$CarrierConfig$Carrier
08-21 14:31:46.868 21264 21264 D Dialer-DialerCmdBtnManager: Current conditions : OPEN, 
08-21 14:31:46.868 21264 21264 I Dialer-DialerCmdBtnManager: cond :OPEN, 
08-21 14:31:46.868 21264 21264 W SystemConfig: isQSlideSupported :true
08-21 14:31:46.885  7247  7247 W CastMediaRouteProvider: Invalid control category: android.media.intent.category.LIVE_AUDIO
08-21 14:31:46.889  4558  4558 D DSDPConnection: HDMICable or WFD ConnectedEvent [com.lge.systemservice.core.wfdmanager.WFD_STATE_CHANGED]
08-21 14:31:46.889  4558  4558 D DSDPConnection: [DSDP]StatusReceiver::WFD Connected: false ExternalDevice: 0
08-21 14:31:46.889  4558  4558 W DsdpExternalView: dismissDsdpPopup()
08-21 14:31:46.890  4558  4558 D DsdpStatus: setIsExternalDeviceConnected() connected : false
08-21 14:31:46.932  1567  2117 I chatty  : uid=1000(system) android.display expire 135 lines
08-21 14:31:47.592   707   707 I MSM-irqbalance: Decided to move IRQ215 from CPU0 to CPU3
08-21 14:31:51.296   516   761 E ThermalEngine: [GPU_MON] Gpu Clock is back to idle state ( 600000000 Mhz ) 
08-21 14:31:51.296   516   761 E ThermalEngine: [GPU_MON] ACTION: GPU - [GPU_MON] Setting GPU[0] to 600000000
08-21 14:31:51.297   516   761 E ThermalEngine: ACTION: GPU - Setting max_pwrlevel to 0
08-21 14:31:52.071  1567  3268 I chatty  : uid=1000(system) AudioService expire 26 lines
08-21 14:31:52.075  1567  4152 I chatty  : uid=1000(system) Binder_C expire 11 lines
08-21 14:31:52.076  3386  3540 I chatty  : uid=1013(media) Binder_2 expire 11 lines
08-21 14:31:52.082  3386 22705 I chatty  : uid=1013(media) Binder_B expire 23 lines
08-21 14:31:52.082  3386  3520 I chatty  : uid=1013(media) ApmAudio expire 20 lines
08-21 14:31:52.083  3386  3533 I chatty  : uid=1013(media) AudioOut_2 expire 72 lines
08-21 14:31:52.084  3386  3521 I chatty  : uid=1013(media) ApmOutput expire 34 lines
08-21 14:31:52.086  1567  1955 I chatty  : uid=1000(system) ActivityManager expire 10 lines
08-21 14:31:52.089  4064  4722 I chatty  : uid=1000(system) Binder_4 expire 10 lines
08-21 14:31:52.102  1567  4111 I chatty  : uid=1000(system) Binder_8 expire 11 lines
08-21 14:31:52.106  3386  3532 I chatty  : uid=1013(media) FastMixer expire 92 lines
08-21 14:31:52.111  1567  4114 I chatty  : uid=1000(system) Binder_9 expire 20 lines
08-21 14:31:52.130  4148  4162 D ForegroundUtils: Foreground changed, PID: 26307 UID: 1000 foreground: true
08-21 14:31:52.130  4148  4162 D ForegroundUtils: Foreground UID/PID combinations:
08-21 14:31:52.130  4148  4162 D ForegroundUtils: UID: 1000 PID: 25430
08-21 14:31:52.130  4148  4162 D ForegroundUtils: UID: 1000 PID: 26307
08-21 14:31:52.136  8709  8724 I chatty  : uid=1000(system) Binder_2 expire 24 lines
08-21 14:31:52.143 26307 26307 I chatty  : uid=1000(system) com.lge.settings.easy expire 273 lines
08-21 14:31:52.180  4251  4747 D PhoneInterfaceManager: [PhoneIntfMgr] getDataEnabled: subId=1 phoneId=0
08-21 14:31:52.180  4251  4747 D PhoneInterfaceManager: [PhoneIntfMgr] getDataEnabled: subId=1 retVal=true
08-21 14:31:52.197  4251  5574 D PhoneInterfaceManager: [PhoneIntfMgr] getDataEnabled: subId=1 phoneId=0
08-21 14:31:52.198  4251  5574 D PhoneInterfaceManager: [PhoneIntfMgr] getDataEnabled: subId=1 retVal=true
08-21 14:31:52.237  1567  3920 I chatty  : uid=1000(system) SoundPool expire 10 lines
08-21 14:31:52.239  1567  4172 I chatty  : uid=1000(system) Binder_D expire 24 lines
08-21 14:31:52.586   707   707 I MSM-irqbalance: Decided to move IRQ137 from CPU0 to CPU3
08-21 14:31:52.613 26307 27176 I chatty  : uid=1000(system) com.lge.settings.easy expire 21 lines
08-21 14:31:52.743  4251  4268 D MmsHiddenPrefProvider: uri:content://mmshiddenpref
08-21 14:31:52.743  4251  4268 D MmsHiddenPrefProvider: uri match:1
08-21 14:31:52.743  4251  4268 D TwoPhoneManager: isSupportTwoPhoneService:false
08-21 14:31:52.767  4148  4161 D LNfcVariable: mSysState : 43
08-21 14:31:52.767  4148  4161 D LNfcVariable: mCardState : 13
08-21 14:31:52.767  4148  4161 D LNfcVariable: mDiscoveryState : 23
08-21 14:31:52.826  3956  3956 D LgeImeImpl: [LgeImeImpl.java:4330:LgeImeImpl.onFinishInput()] [IN]onFinishInput
08-21 14:31:52.826  3956  3956 D LgeImeImpl: [LgeImeImpl.java:4359:LgeImeImpl.onFinishInput()] [OUT]onFinishInput
08-21 14:31:52.826  3956  3956 D LgeImeImpl: [LgeImeImpl.java:1515:LgeImeImpl.onStartInput()] [IN] onStartInput[false]
08-21 14:31:52.826  3956  3956 D LgeImeImpl: [LgeImeImpl.java:1532:LgeImeImpl.onStartInput()] [OUT] onStartInput
08-21 14:31:52.828  1567  3295 I chatty  : uid=1000(system) Binder_3 expire 8 lines
08-21 14:31:52.861  4148  5144 D ForegroundUtils: Foreground changed, PID: 25430 UID: 1000 foreground: false
08-21 14:31:52.861  4148  5144 D ForegroundUtils: Foreground UID/PID combinations:
08-21 14:31:52.861  4148  5144 D ForegroundUtils: UID: 1000 PID: 26307
08-21 14:31:52.863  4148  5144 D ForegroundUtils: Process died; UID 2901 PID 26585
08-21 14:31:52.863  4148  5144 D ForegroundUtils: Foreground changed, PID: 26585 UID: 2901 foreground: false
08-21 14:31:52.863  4148  5144 D ForegroundUtils: Foreground UID/PID combinations:
08-21 14:31:52.863  4148  5144 D ForegroundUtils: UID: 1000 PID: 26307
08-21 14:31:52.865  1567  3955 I chatty  : uid=1000(system) Binder_6 expire 26 lines
08-21 14:31:53.138  3599  3599 I chatty  : uid=10018(com.lge.smartcover) com.android.systemui expire 60 lines
08-21 14:31:53.643  4558  4558 D InCallUIReceiver: onReceive: Intent { act=android.intent.action.BATTERY_CHANGED flg=0x60000010 (has extras) }
08-21 14:31:53.643  4558  4558 D InCallUIReceiver: [batteryChangedReceivedIntentHandling] level : 96
08-21 14:31:53.646  4251  4251 D PhoneApp: onReceive: android.intent.action.BATTERY_CHANGED
08-21 14:31:53.975  1567  3233 I chatty  : uid=1000(system) InputReader expire 10 lines
08-21 14:31:53.999  1567  3641 I chatty  : uid=1000(system) Binder_4 expire 15 lines
08-21 14:31:54.051  1567  4108 I chatty  : uid=1000(system) Binder_7 expire 27 lines
08-21 14:31:54.057  1567  4176 I chatty  : uid=1000(system) Binder_E expire 71 lines
08-21 14:31:54.287  4064  4064 I chatty  : uid=1000(system) com.lge.systemserver expire 10 lines
08-21 14:31:54.314  1567  4126 I chatty  : uid=1000(system) Binder_B expire 11 lines
08-21 14:31:54.785  3386  3539 I chatty  : uid=1013(media) Binder_1 expire 10 lines
08-21 14:31:55.350  4148  4161 D ForegroundUtils: Process died; UID 2901 PID 26206
08-21 14:31:55.350  4148  4161 D ForegroundUtils: Foreground changed, PID: 26206 UID: 2901 foreground: false
08-21 14:31:55.350  4148  4161 D ForegroundUtils: Foreground UID/PID combinations:
08-21 14:31:55.350  4148  4161 D ForegroundUtils: UID: 1000 PID: 26307
08-21 14:31:55.373  3386 20685 I chatty  : uid=1013(media) Binder_7 expire 11 lines
08-21 14:31:55.419  1567  1680 I chatty  : uid=1000(system) Binder_1 expire 10 lines
08-21 14:31:55.423  4148  4162 D ForegroundUtils: Foreground changed, PID: 25430 UID: 1000 foreground: true
08-21 14:31:55.423  4148  4162 D ForegroundUtils: Foreground UID/PID combinations:
08-21 14:31:55.423  4148  4162 D ForegroundUtils: UID: 1000 PID: 25430
08-21 14:31:55.423  4148  4162 D ForegroundUtils: UID: 1000 PID: 26307
08-21 14:31:55.488  7247  7247 W CastMediaRouteProvider: Invalid control category: android.media.intent.category.LIVE_AUDIO
08-21 14:31:55.509  1567  4125 I chatty  : uid=1000(system) Binder_A expire 25 lines
08-21 14:31:55.512  1567  1963 I chatty  : uid=1000(system) android.ui expire 10 lines
08-21 14:31:55.665  3956  3956 D LgeImeImpl: [LgeImeImpl.java:4330:LgeImeImpl.onFinishInput()] [IN]onFinishInput
08-21 14:31:55.665  3956  3956 D LgeImeImpl: [LgeImeImpl.java:4359:LgeImeImpl.onFinishInput()] [OUT]onFinishInput
08-21 14:31:55.665  3956  3956 D LgeImeImpl: [LgeImeImpl.java:1515:LgeImeImpl.onStartInput()] [IN] onStartInput[false]
08-21 14:31:55.665  3956  3956 D LgeImeImpl: [LgeImeImpl.java:1532:LgeImeImpl.onStartInput()] [OUT] onStartInput
08-21 14:31:55.824 25487 25487 I chatty  : uid=1000(system) com.lge.myplace expire 10 lines
08-21 14:31:55.829  4131  4147 I chatty  : uid=1000(system) Binder_2 expire 4 lines
08-21 14:31:56.374  4148  5144 D ForegroundUtils: Foreground changed, PID: 26307 UID: 1000 foreground: false
08-21 14:31:56.374  4148  5144 D ForegroundUtils: Foreground UID/PID combinations:
08-21 14:31:56.374  4148  5144 D ForegroundUtils: UID: 1000 PID: 25430
08-21 14:31:56.727   519   575 I chatty  : uid=1000(system) /system/bin/gbmonitor expire 10 lines
08-21 14:31:57.588   707   707 I MSM-irqbalance: Decided to move IRQ51 from CPU0 to CPU3
08-21 14:31:57.617  1567  3232 I chatty  : uid=1000(system) InputDispatcher expire 10 lines
08-21 14:31:57.672  4064  4082 I chatty  : uid=1000(system) Binder_2 expire 11 lines
08-21 14:31:57.677 21264 21264 I PeopleActivity: MobileDataSetting Changed
08-21 14:31:57.677 21264 21264 I Dialer.DialpadFragment: fragment. refreshUI
08-21 14:31:57.677 14281 14281 I chatty  : uid=1010(wifi) /system/bin/wpa_supplicant expire 4117 lines
08-21 14:31:57.677 21264 21264 E Dialer-DialerCmdBtnManager: getCarrier() : Fail GLOBAL is not a constant in com.android.contacts.dialpad.DialerCmdBtnManager$CarrierConfig$Carrier
08-21 14:31:57.684  1567  1567 I chatty  : uid=1000 system_server expire 10 lines
08-21 14:31:57.687 21264 21264 E Dialer-DialerCmdBtnManager: getCarrier() : Fail GLOBAL is not a constant in com.android.contacts.dialpad.DialerCmdBtnManager$CarrierConfig$Carrier
08-21 14:31:57.687 21264 21264 D Dialer-DialerCmdBtnManager: Current conditions : OPEN, 
08-21 14:31:57.687 21264 21264 I Dialer-DialerCmdBtnManager: cond :OPEN, 
08-21 14:31:57.687 21264 21264 W SystemConfig: isQSlideSupported :true
08-21 14:31:57.690  4558  4558 D DSDPConnection: HDMICable or WFD ConnectedEvent [com.lge.systemservice.core.wfdmanager.WFD_STATE_CHANGED]
08-21 14:31:57.690  4558  4558 D DSDPConnection: [DSDP]StatusReceiver::WFD Connected: false ExternalDevice: 0
08-21 14:31:57.690  4558  4558 W DsdpExternalView: dismissDsdpPopup()
08-21 14:31:57.690  4558  4558 D DsdpStatus: setIsExternalDeviceConnected() connected : false
08-21 14:31:57.690  4634  4634 I chatty  : uid=1000(system) com.lge.leccp expire 10 lines
08-21 14:31:57.700 25430 25430 I chatty  : uid=1000(system) com.lge.wifisettings expire 11 lines
08-21 14:31:57.704  3386  4208 I chatty  : uid=1013(media) Binder_5 expire 21 lines
08-21 14:31:57.774  3956  3956 D LgeImeImpl: [LgeImeImpl.java:4330:LgeImeImpl.onFinishInput()] [IN]onFinishInput
08-21 14:31:57.775  3956  3956 D LgeImeImpl: [LgeImeImpl.java:4359:LgeImeImpl.onFinishInput()] [OUT]onFinishInput
08-21 14:31:57.775  3956  3956 D LgeImeImpl: [LgeImeImpl.java:1515:LgeImeImpl.onStartInput()] [IN] onStartInput[false]
08-21 14:31:57.775  3956  3956 D LgeImeImpl: [LgeImeImpl.java:1532:LgeImeImpl.onStartInput()] [OUT] onStartInput
08-21 14:31:57.959  4223 14333 I chatty  : uid=1000(system) P2pExtMonWorker expire 31 lines
08-21 14:32:00.041  4793  4793 D [ConciergeService]: onStartCommand(). Type : 11
08-21 14:32:02.589   707   707 I MSM-irqbalance: Decided to move IRQ215 from CPU3 to CPU1
08-21 14:32:06.519  1567  3161 I chatty  : uid=1000 system_server expire 11 lines
08-21 14:32:07.067  1567  3268 I chatty  : uid=1000(system) AudioService expire 13 lines
08-21 14:32:07.073  3386 22564 I chatty  : uid=1013(media) Binder_A expire 21 lines
08-21 14:32:07.074  3386  3520 I chatty  : uid=1013(media) ApmAudio expire 10 lines
08-21 14:32:07.074  3386  3533 I chatty  : uid=1013(media) AudioOut_2 expire 36 lines
08-21 14:32:07.076  3386  3521 I chatty  : uid=1013(media) ApmOutput expire 17 lines
08-21 14:32:07.097  3386  3532 I chatty  : uid=1013(media) FastMixer expire 46 lines
08-21 14:32:07.124  4558  4558 D DSDPConnection: HDMICable or WFD ConnectedEvent [com.lge.systemservice.core.wfdmanager.WFD_STATE_CHANGED]
08-21 14:32:07.124  4558  4558 D DSDPConnection: [DSDP]StatusReceiver::WFD Connected: false ExternalDevice: 0
08-21 14:32:07.124  4558  4558 W DsdpExternalView: dismissDsdpPopup()
08-21 14:32:07.124  4558  4558 D DsdpStatus: setIsExternalDeviceConnected() connected : false
08-21 14:32:07.140  3599  3599 I chatty  : uid=10018(com.lge.smartcover) com.android.systemui expire 19 lines
08-21 14:32:07.146  4634  4732 I chatty  : uid=1000(system) ScannerManagerT expire 13 lines
08-21 14:32:07.227  1567  3920 I chatty  : uid=1000(system) SoundPool expire 10 lines
08-21 14:32:07.592   707   707 I MSM-irqbalance: Decided to move IRQ137 from CPU3 to CPU1
08-21 14:32:09.227  3599  4063 I chatty  : uid=10018(com.lge.smartcover) PhoneStatusBar expire 5 lines
08-21 14:32:09.232 27054 27054 I chatty  : uid=1000(system) com.lge.sync expire 10 lines
08-21 14:32:09.243  6415  6415 I chatty  : uid=10018(com.lge.smartcover) expire 12 lines
08-21 14:32:09.295 25541 25541 D QRemote : [WiFiStateReceiver.java:104:onReceive()] oooooo NETWORK_STATE_CHANGED_ACTION
08-21 14:32:09.299  4284  4284 D [LGHome][Smartbulletin]SBNotiReceiver: [SBNotiReceiver.java:49:onReceive()]onReceive : intent: Intent { act=com.lge.launcher2.smartbulletin.REMOVE_NOTIFICATION_ICON flg=0x10 (has extras) } component: com.lge.qremote/com.lge.qremote.appwidget.RemoteAppWidgetProvider
08-21 14:32:09.300  4284  4284 D [LGHome][Smartbulletin]SBNotiReceiver: [SBNotiReceiver.java:161:deleteNotiDatabase()]delete noti
08-21 14:32:09.300 25541 25541 I QRemote : [WiFiStateReceiver.java:159:onReceive()] oooooo The network is disconnected.
08-21 14:32:09.431  4223 14333 I chatty  : uid=1000(system) P2pExtMonWorker expire 66 lines
08-21 14:32:10.228 25430 25430 I chatty  : uid=1000(system) com.lge.wifisettings expire 10 lines
08-21 14:32:10.675  4131  4131 I chatty  : uid=1000(system) com.lge.myplace.engine expire 12 lines
08-21 14:32:11.301   516   761 E ThermalEngine: [GPU_MON] ACTION: GPU - [GPU_MON] Setting GPU[0] to 600000000
08-21 14:32:12.604   707   707 I MSM-irqbalance: Decided to move IRQ65 from CPU3 to CPU1
08-21 14:32:14.984  1567 14331 I chatty  : uid=1000(system) WifiMonitor expire 8 lines
08-21 14:32:15.587  1567  1567 I chatty  : uid=1000 system_server expire 10 lines
08-21 14:32:15.710  1567 27194 I chatty  : uid=1000 system_server expire 10 lines
08-21 14:32:15.821  4064  4064 I chatty  : uid=1000(system) com.lge.systemserver expire 12 lines
08-21 14:32:15.835  4558  4558 D DSDPConnection: HDMICable or WFD ConnectedEvent [com.lge.systemservice.core.wfdmanager.WFD_STATE_CHANGED]
08-21 14:32:15.835  4558  4558 D DSDPConnection: [DSDP]StatusReceiver::WFD Connected: false ExternalDevice: 0
08-21 14:32:15.835  4558  4558 W DsdpExternalView: dismissDsdpPopup()
08-21 14:32:15.835  4558  4558 D DsdpStatus: setIsExternalDeviceConnected() connected : false
08-21 14:32:15.846 27195 27195 I dhcpcd  : version 5.5.6 starting
08-21 14:32:15.860  4223  4332 I chatty  : uid=1000(system) WfdsService expire 11 lines
08-21 14:32:15.966 27195 27195 I dhcpcd  : p2p-wlan0-0: broadcasting for a lease
08-21 14:32:16.200  4558  4558 D DSDPConnection: HDMICable or WFD ConnectedEvent [com.lge.systemservice.core.wfdmanager.WFD_STATE_CHANGED]
08-21 14:32:16.200  4558  4558 D DSDPConnection: [DSDP]StatusReceiver::WFD Connected: false ExternalDevice: 0
08-21 14:32:16.200  4558  4558 W DsdpExternalView: dismissDsdpPopup()
08-21 14:32:16.200  4558  4558 D DsdpStatus: setIsExternalDeviceConnected() connected : false
08-21 14:32:16.200  4634  4634 I chatty  : uid=1000(system) com.lge.leccp expire 10 lines
08-21 14:32:16.201  4634  4744 I chatty  : uid=1000(system) ModuleManagerTh expire 10 lines
08-21 14:32:16.201  4634  4740 I chatty  : uid=1000(system) CardControllerT expire 10 lines
08-21 14:32:16.217 25430 27143 I chatty  : uid=1000(system) Binder_5 expire 4 lines
08-21 14:32:16.218  4223  4223 I chatty  : uid=1000(system) com.lge.wifi.p2p expire 10 lines
08-21 14:32:16.219  1567  3243 I chatty  : uid=1000(system) WifiP2pService expire 8 lines
08-21 14:32:16.231 26447 26447 I chatty  : uid=1000(system) com.lge.bnr expire 4 lines
08-21 14:32:16.244  6415 27154 I chatty  : uid=10018(com.lge.smartcover) Binder_3 expire 2 lines
08-21 14:32:17.601   707   707 I MSM-irqbalance: Decided to move IRQ216 from CPU3 to CPU1
08-21 14:32:17.886 27195 27195 E dhcpcd  : p2p-wlan0-0: send_raw_packet: No such file or directory
08-21 14:32:18.287 14281 14281 I chatty  : uid=1010(wifi) /system/bin/wpa_supplicant expire 3713 lines
08-21 14:32:19.599  4634  4732 I chatty  : uid=1000(system) ScannerManagerT expire 10 lines
08-21 14:32:22.600   707   707 I MSM-irqbalance: Decided to move IRQ240 from CPU3 to CPU1
08-21 14:32:23.056  4223 14333 I chatty  : uid=1000(system) P2pExtMonWorker expire 77 lines
08-21 14:32:30.452  1567  4111 I chatty  : uid=1000(system) Binder_8 expire 17 lines
08-21 14:32:30.498  4479 27233 E AppUsageEventWatcher: unexpected event type: 7
08-21 14:32:30.505  4479 27234 I CAPP_DB_LOG: opened database address/path : 0x7f6a51b500, /data/user/0/com.google.android.gms/databases/phenotype.db
08-21 14:32:30.507  4479 27234 I CAPP_DB_LOG:   database address : 0x7f6a51b500, pragma journal_mode = PERSIST
08-21 14:32:30.507  4479 27234 I CAPP_DB_LOG:   database address : 0x7f6a51b500, pragma journal_size_limit = 524288
08-21 14:32:30.508  4479 27234 I CAPP_DB_LOG:   database address : 0x7f6a51b500, pragma wal_autocheckpoint = 100
08-21 14:32:31.143  4479  4479 I CAPP_DB_LOG: closed database address/path : 0x7f6a51b500, /data/user/0/com.google.android.gms/databases/phenotype.db
08-21 14:32:32.307   516   761 E ThermalEngine: [GPU_MON] Gpu Clock is back to idle state ( 600000000 Mhz ) 
08-21 14:32:32.307   516   761 E ThermalEngine: [GPU_MON] ACTION: GPU - [GPU_MON] Setting GPU[0] to 600000000
08-21 14:32:32.307   516   761 E ThermalEngine: ACTION: GPU - Setting max_pwrlevel to 0
08-21 14:32:32.605   707   707 I MSM-irqbalance: Decided to move IRQ51 from CPU3 to CPU1
08-21 14:32:38.618 14281 14281 I chatty  : uid=1010(wifi) /system/bin/wpa_supplicant expire 3786 lines
08-21 14:32:41.106  1567  1567 I chatty  : uid=1000 system_server expire 17 lines
08-21 14:32:41.139  4634  4732 I chatty  : uid=1000(system) ScannerManagerT expire 11 lines
08-21 14:32:41.140  4634  4744 I chatty  : uid=1000(system) ModuleManagerTh expire 11 lines
08-21 14:32:48.230  4223  4223 I chatty  : uid=1000(system) com.lge.wifi.p2p expire 11 lines
08-21 14:32:53.634  3599  3599 I chatty  : uid=10018(com.lge.smartcover) com.android.systemui expire 17 lines
08-21 14:32:53.652  4558  4558 D InCallUIReceiver: onReceive: Intent { act=android.intent.action.BATTERY_CHANGED flg=0x60000010 (has extras) }
08-21 14:32:53.652  4558  4558 D InCallUIReceiver: [batteryChangedReceivedIntentHandling] level : 96
08-21 14:32:53.656  4251  4251 D PhoneApp: onReceive: android.intent.action.BATTERY_CHANGED
08-21 14:32:54.062  4223 14333 I chatty  : uid=1000(system) P2pExtMonWorker expire 34 lines
08-21 14:33:00.063  4793  4793 D [ConciergeService]: onStartCommand(). Type : 11
08-21 14:33:00.870 14281 14281 I chatty  : uid=1010(wifi) /system/bin/wpa_supplicant expire 3752 lines
08-21 14:33:02.635   707   707 I MSM-irqbalance: Decided to move IRQ51 from CPU1 to CPU3
08-21 14:33:06.527  1567  3161 I chatty  : uid=1000 system_server expire 13 lines
08-21 14:33:07.629   707   707 I MSM-irqbalance: Decided to move IRQ215 from CPU1 to CPU3
08-21 14:33:07.741  4223 14333 I chatty  : uid=1000(system) P2pExtMonWorker expire 56 lines
08-21 14:33:08.111  4634  4634 I chatty  : uid=1000(system) com.lge.leccp expire 13 lines
08-21 14:33:12.634   707   707 I MSM-irqbalance: Decided to move IRQ65 from CPU1 to CPU3
08-21 14:33:21.467 14281 14281 I chatty  : uid=1010(wifi) /system/bin/wpa_supplicant expire 3934 lines
08-21 14:33:30.547  1567  4220 I chatty  : uid=1000(system) Binder_10 expire 12 lines
08-21 14:33:30.610  4479 27245 I CAPP_DB_LOG: opened database address/path : 0x7f6a51d100, /data/user/0/com.google.android.gms/databases/phenotype.db
08-21 14:33:30.613  4479 27245 I CAPP_DB_LOG:   database address : 0x7f6a51d100, pragma journal_mode = PERSIST
08-21 14:33:30.613  4479 27245 I CAPP_DB_LOG:   database address : 0x7f6a51d100, pragma journal_size_limit = 524288
08-21 14:33:30.614  4479 27245 I CAPP_DB_LOG:   database address : 0x7f6a51d100, pragma wal_autocheckpoint = 100
08-21 14:33:30.927  4223 14333 I chatty  : uid=1000(system) P2pExtMonWorker expire 85 lines
08-21 14:33:30.957  4634  4732 I chatty  : uid=1000(system) ScannerManagerT expire 12 lines
08-21 14:33:31.198  4479  4479 I CAPP_DB_LOG: closed database address/path : 0x7f6a51d100, /data/user/0/com.google.android.gms/databases/phenotype.db
08-21 14:33:37.654   707   707 I MSM-irqbalance: Decided to move IRQ170 from CPU1 to CPU3
08-21 14:33:41.564  1567  3268 I chatty  : uid=1000(system) AudioService expire 13 lines
08-21 14:33:41.570  3386 20520 I chatty  : uid=1013(media) Binder_6 expire 13 lines
08-21 14:33:41.572  3386 21638 I chatty  : uid=1013(media) Binder_8 expire 13 lines
08-21 14:33:41.572  3386  3520 I chatty  : uid=1013(media) ApmAudio expire 10 lines
08-21 14:33:41.572  3386  3533 I chatty  : uid=1013(media) AudioOut_2 expire 36 lines
08-21 14:33:41.578  3386  3521 I chatty  : uid=1013(media) ApmOutput expire 17 lines
08-21 14:33:41.584  4064  4064 I chatty  : uid=1000(system) com.lge.systemserver expire 20 lines
08-21 14:33:41.586 25430 25441 I chatty  : uid=1000(system) Binder_1 expire 3 lines
08-21 14:33:41.598  3386  3532 I chatty  : uid=1013(media) FastMixer expire 46 lines
08-21 14:33:41.612  4558  4558 D DSDPConnection: HDMICable or WFD ConnectedEvent [com.lge.systemservice.core.wfdmanager.WFD_STATE_CHANGED]
