08-21 14:36:46.319  1567  4176 D SplitFlag: relayout.. reset flags.. flags = 1840068, sysflags = 0 of win Window{ec526fd u0 NavigationBar}
08-21 14:36:46.319  1567  4176 I PhoneWindowManagerEx: [PWM] sIsDimming=false, isDimChanging = false
08-21 14:36:46.319  1567  4176 I PhoneWindowManagerEx: [PWM][updateSystemUiVisibilityLw] tmpColorNavigationBar=0x1
08-21 14:36:46.319  1567  4176 I PhoneWindowManagerEx: [PWM][updateSystemUiVisibilityLw] mLastColorNavigationBar=0xff000000
08-21 14:36:46.319  1567  4176 D kyu     : WindowState::getSystemUiVisibilityLG = 0
08-21 14:36:46.319  1567  4176 I WindowManager: [PWM][updateSystemUiVisibilityLw] diffLG=0
08-21 14:36:46.319  1567  4176 I WindowManager: [PWM][updateSystemUiVisibilityLw] visibilityLG=0x0
08-21 14:36:46.319  1567  4176 I WindowManager: [PWM][updateSystemUiVisibilityLw] mLastSystemUiFlagsLG=0x0
08-21 14:36:46.383 14281 14281 D wpa_supplicant: nl80211: Drv Event 34 (NL80211_CMD_NEW_SCAN_RESULTS) received for wlan0
08-21 14:36:46.384 14281 14281 D wpa_supplicant: wlan0: nl80211: New scan results available
08-21 14:36:46.384 14281 14281 D wpa_supplicant: nl80211: Scan probed for SSID ''
08-21 14:36:46.384 14281 14281 D wpa_supplicant: nl80211: Scan included frequencies: 2412 2417 2422 2427 2432 2437 2442 2447 2452 2457 2462 2467 2472 5180 5200 5220 5240 5260 5280 5300 5320 5500 5520 5540 5560 5580 5600 5620 5640 5660 5680 5700 5720 5745 5765 5785 5805 5825
08-21 14:36:46.384 14281 14281 D wpa_supplicant: wlan0: Event SCAN_RESULTS (3) received
08-21 14:36:46.384 14281 14281 D wpa_supplicant: wlan0: Scan completed in 3.869388 seconds
08-21 14:36:46.384 14281 14281 D wpa_supplicant: nl80211: Received scan results (36 BSSes)
08-21 14:36:46.384 14281 14281 D wpa_supplicant: wlan0: BSS: Start scan result update 81
08-21 14:36:46.385 14281 14281 D wpa_supplicant: BSS: last_scan_res_used=36/128
08-21 14:36:46.385 14281 14281 D wpa_supplicant: wlan0: Scan-only results received
08-21 14:36:46.385 14281 14281 D wpa_supplicant: CTRL_IFACE monitor sent successfully to /data/misc/wifi/sockets/wpa_ctrl_4223-4\x00
08-21 14:36:46.385 14281 14281 D wpa_supplicant: CTRL_IFACE monitor sent successfully to /data/misc/wifi/sockets/wpa_ctrl_1567-5\x00
08-21 14:36:46.385 14281 14281 D wpa_supplicant: wlan0: Radio work 'scan'@0x7f9581c280 done in 3.976881 seconds
08-21 14:36:46.388 14281 14281 D wpa_supplicant: wlan0: Control interface command 'BSS RANGE=0- MASK=0x29d87'
08-21 14:36:46.390 14281 14281 D wpa_supplicant: wlan0: Control interface command 'BSS RANGE=591- MASK=0x29d87'
08-21 14:36:46.393 14281 14281 D wpa_supplicant: wlan0: Control interface command 'BSS RANGE=598- MASK=0x29d87'
08-21 14:36:46.395 14281 14281 D wpa_supplicant: wlan0: Control interface command 'BSS RANGE=605- MASK=0x29d87'
08-21 14:36:46.397 14281 14281 D wpa_supplicant: wlan0: Control interface command 'BSS RANGE=612- MASK=0x29d87'
08-21 14:36:46.399 14281 14281 D wpa_supplicant: wlan0: Control interface command 'BSS RANGE=623- MASK=0x29d87'
08-21 14:36:46.402 14281 14281 D wpa_supplicant: wlan0: Control interface command 'BSS RANGE=632- MASK=0x29d87'
08-21 14:36:46.423  4131  4131 I [MY_PLACE_ENGINE::CLUSTERING]: API > getOnOffStatus > status : 0
08-21 14:36:46.435  4131  4131 I [MY_PLACE_ENGINE::MOVEMENT]: WIFI_MANAGER :: 0821_143646  Engine OFF >> Do Nothing.... 
08-21 14:36:46.453 25430 25430 V WiFiOffLoadBroadcast: WiFiOffLoadBroadcast: android.net.wifi.SCAN_RESULTS
08-21 14:36:46.459 25430 25430 D WiFiOffLoadBroadcast: Not supported operator for automatic switch
08-21 14:36:46.557  1567  3161 D sensors_hal_Time: time_service_sensor1_cb: msg_type 2
08-21 14:36:46.557  1567  3161 D sensors_hal_Time: time_service_sensor1_cb: Sn 24, msg Id 3, txn Id 0
08-21 14:36:46.557  1567  3161 D sensors_hal_Time: tsOffsetIs: Apps: 12416121440367; DSPS: 407087022; Offset : -7188504717 (diff 33594 @0)
08-21 14:36:47.804   707   707 I MSM-irqbalance: Decided to move IRQ216 from CPU1 to CPU2
08-21 14:36:50.216  7247 27467 I iu.UploadsManager: End new media; added: 0, uploading: 0, time: 171 ms
08-21 14:36:51.339  1567  3233 D InputDispatcher: notifyMotion - action=ACTION_DOWN(0), id=0, x=216.000, y=342.000, tooltype=1, deviceId=4, source=0x1002, policyFlags=0x0, flags=0x0, metaState=0x0, buttonState=0x0, edgeFlags=0x0, eventTime=12420903618000, downTime=12420903618000, 
08-21 14:36:51.340  1567  3232 D InputTransport: channel '159c863 com.lge.hiddenmenu/com.lge.hiddenmenu.SVC.log_service.MainActivity (server)' : action=ACTION_DOWN(0), id=0, x=216.000, y=342.000, [tooltype=1, deviceId=4, source=0x1002, flags=0x0, edgeFlags=0x0, metaState=0x0, buttonState=0x0, downTime=12420903618000, eventTime=12420903618000, pointerCount=1
08-21 14:36:51.379  1567  3233 D InputDispatcher: notifyMotion - action=ACTION_UP(0), id=0, x=211.000, y=342.000, tooltype=1, deviceId=4, source=0x1002, policyFlags=0x0, flags=0x0, metaState=0x0, buttonState=0x0, edgeFlags=0x0, eventTime=12420944146000, downTime=12420903618000, 
08-21 14:36:51.379  1567  3232 D InputTransport: channel '159c863 com.lge.hiddenmenu/com.lge.hiddenmenu.SVC.log_service.MainActivity (server)' : action=ACTION_UP(0), id=0, x=211.000, y=342.000, [tooltype=1, deviceId=4, source=0x1002, flags=0x0, edgeFlags=0x0, metaState=0x0, buttonState=0x0, downTime=12420903618000, eventTime=12420944146000, pointerCount=1
08-21 14:36:51.448  1567  3268 V SoundPool: play sampleID=1, leftVolume=1.000000, rightVolume=1.000000, priority=0, loop=0, rate=1.000000
08-21 14:36:51.448  1567  3268 V SoundPool: mState = 0 mChannelID=380, mNumChannels=2, mPos = 0, mPriority=-1, mLoop=0
08-21 14:36:51.448  1567  3268 V SoundPool: mState = 0 mChannelID=336, mNumChannels=2, mPos = 0, mPriority=-1, mLoop=0
08-21 14:36:51.448  1567  3268 V SoundPool: mState = 4 mChannelID=319, mNumChannels=1, mPos = 0, mPriority=0, mLoop=0
08-21 14:36:51.448  1567  3268 V SoundPool: mState = 4 mChannelID=322, mNumChannels=1, mPos = 0, mPriority=0, mLoop=0
08-21 14:36:51.448  1567  3268 V SoundPool: Allocated recycled channel for same sampleID
08-21 14:36:51.448  1567  3268 V SoundPool: play channel 0x7f674e3308 state = 0
08-21 14:36:51.448  1567  3268 V SoundPool: SoundChannel::play 0x7f674e3308: sampleID=1, channelID=381, leftVolume=1.000000, rightVolume=1.000000, priority=0, loop=0, rate=1.000000
08-21 14:36:51.449  3386 21638 V APM::AudioPolicyManager: getOutput() device 2, stream 1, samplingRate 0, format 0, channelMask 3, flags 0
08-21 14:36:51.449  3386 21638 V APM::AudioPolicyManager:   getOutputForDevice() returns output 2
08-21 14:36:51.449  1567  3268 V AudioSystem: getFrameCount() output 2, frameCount 960
08-21 14:36:51.450  3386 21639 V APM::AudioPolicyManager: getOutput() device 2, stream 1, samplingRate 0, format 0, channelMask 3, flags 0
08-21 14:36:51.450  3386 21639 V APM::AudioPolicyManager:   getOutputForDevice() returns output 2
08-21 14:36:51.450  1567  3268 V AudioSystem: getOutputSamplingRate() reading from output desc
08-21 14:36:51.450  1567  3268 V AudioSystem: getSamplingRate() output 2, sampling rate 48000
08-21 14:36:51.450  1567  3268 V SoundPool: reusing track 0x7f6a505f00 for sample 1
08-21 14:36:51.450  3386  3540 V APM::AudioPolicyManager: startOutput() output 2, stream 1, session 23
08-21 14:36:51.451  3386  3540 V APM::AudioPolicyManager: setBeaconMute(1) mBeaconMuteRefCount=1 mBeaconPlayingRefCount=0
08-21 14:36:51.451  3386  3540 V APM::AudioPolicyManager: getNewOutputDevice() selected device 2
08-21 14:36:51.451  3386  3540 V APM::AudioPolicyManager: setOutputDevice() device 0002 delayMs 0
08-21 14:36:51.451  3386  3540 V APM::AudioPolicyManager: setOutputDevice() prevDevice 0x0002
08-21 14:36:51.451  3386  3540 V APM::AudioPolicyManager: AudioPolicyManagerEx::getRingerMode() mRingerMode 2
08-21 14:36:51.451  3386  3540 V APM::AudioPolicyManager: AudioPolicyManagerEx::getRingerMode() mRingerMode 2
08-21 14:36:51.451  3386  3540 V APM::AudioPolicyManager: AudioPolicyManagerEx::getRingerMode() mRingerMode 2
08-21 14:36:51.451  3386  3540 V APM::AudioPolicyManager: AudioPolicyManagerEx::getRingerMode() mRingerMode 2
08-21 14:36:51.451  3386  3540 V APM::AudioPolicyManager: AudioPolicyManagerEx::getRingerMode() mRingerMode 2
08-21 14:36:51.451  3386  3540 V APM::AudioPolicyManager: setOutputDevice() changing device
08-21 14:36:51.451  3386  3540 V AudioPolicyService: AudioCommandThread() adding create patch delay 0
08-21 14:36:51.451  3386  3540 V AudioPolicyService: inserting command: 7 at index 0, num commands 0
08-21 14:36:51.451  3386  3520 V AudioPolicyService: AudioCommandThread() waking up
08-21 14:36:51.451  3386  3520 V AudioPolicyService: AudioCommandThread() processing create audio patch
08-21 14:36:51.451  3386  3520 V AudioFlinger: sendConfigEvent_l() num events 1 event 3
08-21 14:36:51.451  3386  3533 V AudioFlinger: thread 0xf1040000 type 0 TID 3533 waking up
08-21 14:36:51.453  3386  3533 V AudioFlinger: acquireWakeLock_l() AudioOut_2 status 0
08-21 14:36:51.453  3386  3533 V AudioFlinger: processConfigEvents_l() remaining events 1
08-21 14:36:51.453  3386  3533 D audio_hw_primary: out_set_parameters: enter: usecase(1: low-latency-playback) kvpairs: routing=2
08-21 14:36:51.453  3386  3533 V audio_hw_primary: out_set_parameters: exit: code(0)
08-21 14:36:51.453  3386  3533 V AudioFlinger: processConfigEvents_l() DONE thread 0xf1040000
08-21 14:36:51.453  3386  3533 V AudioFlinger: acquireWakeLock_l() AudioOut_2 status 0
08-21 14:36:51.453  3386  3520 V AudioPolicyService: AudioCommandThread() going to sleep
08-21 14:36:51.454  3386  3540 V APM::AudioPolicyManager: setOutputDevice() createAudioPatch returned 0 patchHandle 772num_sources 1 num_sinks 1
08-21 14:36:51.455  3386  3540 V AudioPolicyService: AudioCommandThread() adding update audio patch list
08-21 14:36:51.455  3386  3540 V AudioPolicyService: inserting command: 10 at index 0, num commands 0
08-21 14:36:51.455  3386  3521 V AudioPolicyService: AudioCommandThread() waking up
08-21 14:36:51.455  3386  3540 V APM::AudioPolicyManager: checkAndSetVolume setParameters volume, volume=:0.180406 delay=:0
08-21 14:36:51.455  3386  3521 V AudioPolicyService: AudioCommandThread() processing update audio patch list
08-21 14:36:51.455  3386  3521 V AudioPolicyService: AudioCommandThread() going to sleep
08-21 14:36:51.455  3386  3540 V AudioPolicyService: AudioCommandThread() adding set parameter string fm_volume=0.1804062873, io 2 ,delay 0
08-21 14:36:51.455  3386  3540 V AudioPolicyService: inserting command: 3 at index 0, num commands 0
08-21 14:36:51.456  3386  3520 V AudioPolicyService: AudioCommandThread() waking up
08-21 14:36:51.456  3386  3520 V AudioPolicyService: AudioCommandThread() processing set parameters string fm_volume=0.1804062873, io 2
08-21 14:36:51.456  3386  3520 V AudioFlinger: setParameters(): io 2, keyvalue fm_volume=0.1804062873, calling pid 3386
08-21 14:36:51.456  3386  3520 V AudioFlinger: ThreadBase::setParameters() fm_volume=0.1804062873
08-21 14:36:51.456  3386  3520 V AudioFlinger: sendConfigEvent_l() num events 1 event 2
08-21 14:36:51.463  3386  3533 V AudioFlinger: processConfigEvents_l() remaining events 1
08-21 14:36:51.463  3386  3533 D audio_hw_primary: out_set_parameters: enter: usecase(1: low-latency-playback) kvpairs: fm_volume=0.1804062873
08-21 14:36:51.463  3386  3533 D audio_hw_fm: audio_extn_fm_set_parameters: set_fm_volume usecase
08-21 14:36:51.463  3386  3533 D audio_hw_fm: fm_set_volume: device=2 (0.180406)
08-21 14:36:51.464  3386  3533 V audio_hw_primary: out_set_parameters: exit: code(0)
08-21 14:36:51.464  3386  3533 V AudioFlinger: processConfigEvents_l() DONE thread 0xf1040000
08-21 14:36:51.464  3386  3520 V AudioPolicyService: AudioCommandThread() going to sleep
08-21 14:36:51.464  3386  3540 V APM::AudioPolicyManager: checkAndSetVolume() cannot set stream 6 volume with force use = 0 for comm
08-21 14:36:51.464  3386  3540 V AudioFlinger: signal playback thread
08-21 14:36:51.467  1567  3268 V SoundPool: delete oldTrack 0x0
08-21 14:36:51.474  3386  3533 V AudioFlinger: acquireWakeLock_l() AudioOut_2 status 0
08-21 14:36:51.477  3386  3532 D audio_hw_primary: start_output_stream: enter: stream(0xf1b28080)usecase(1: low-latency-playback) devices(0x2)
08-21 14:36:51.477  3386  3532 E audio_hw_primary: select_devices: enter and usecase(1)
08-21 14:36:51.477  3386  3532 D msm8974_platform_lge: LGE_platform_get_output_snd_device: enter(0:2)
08-21 14:36:51.477  3386  3532 V msm8974_platform: platform_get_output_snd_device: enter: output devices(0x2)
08-21 14:36:51.477  3386  3532 V msm8974_platform: platform_get_output_snd_device: exit: snd_device(speaker)
08-21 14:36:51.478  3386  3532 V platform_apt: lge_get_output_in_mandatory_depth: enter and devices(2)
08-21 14:36:51.478  3386  3532 D msm8974_platform_lge: LGE_platform_get_output_snd_device: exit: out_snd_device(speaker)
08-21 14:36:51.478  3386  3532 D audio_hw_primary: select_devices: out_snd_device(2: speaker) in_snd_device(0: )
08-21 14:36:51.478  3386  3532 V msm8974_platform: platform_check_and_set_codec_backend_cfg usecase = 1
08-21 14:36:51.478  3386  3532 W msm8974_platform: Codec backend bitwidth 16, samplerate 48000
08-21 14:36:51.478  3386  3532 V msm8974_platform: Offload playback running bw 16 sr 48000
08-21 14:36:51.478  3386  3532 E audio_hw_primary: enable_snd_device: enter  2
08-21 14:36:51.478  3386  3532 D hardware_info: hw_info_append_hw_type : device_name = speaker
08-21 14:36:51.478  3386  3532 V audio_hw_3rdP_spkr_prot: lge_audio_3rdP_spk_prot_enable: Entry
08-21 14:36:51.502  3386  3532 V audio_hw_3rdP_spkr_prot: lge_audio_3rdP_spk_prot_enable: Exit
08-21 14:36:51.502  3386  3532 V audio_hw_primary: enable_snd_device: snd_device(2: speaker)
08-21 14:36:51.503  3386  3532 I audio_hw_primary: select_devices Selected apptype: 69937
08-21 14:36:51.503  3386  3532 V audio_hw_primary: enable_audio_route: enter: usecase(1)
08-21 14:36:51.503  3386  3532 D audio_hw_utils: audio_extn_utils_send_audio_calibration: audio_extn_utils_send_audio_calibration(0)
08-21 14:36:51.503  3386  3532 V msm8974_platform: platform_send_audio_calibration: sending audio calibration for snd_device(2) acdb_id(14)
08-21 14:36:51.503  3386  3532 D ACDB-LOADER: ACDB -> send_audio_cal, acdb_id = 14, path =  0
08-21 14:36:51.503  3386  3532 D ACDB-LOADER: ACDB -> send_asm_topology
08-21 14:36:51.503  3386  3532 D ACDB-LOADER: ACDB -> ACDB_CMD_GET_AUDPROC_STREAM_TOPOLOGY_ID
08-21 14:36:51.503  3386  3532 D ACDB-LOADER: ACDB -> send_adm_topology
08-21 14:36:51.503  3386  3532 D ACDB-LOADER: ACDB -> ACDB_CMD_GET_AUDPROC_COMMON_TOPOLOGY_ID
08-21 14:36:51.503  3386  3532 D ACDB-LOADER: ACDB -> send_audtable
08-21 14:36:51.503  3386  3532 D ACDB-LOADER: ACDB -> ACDB_CMD_GET_AUDPROC_COMMON_TABLE
08-21 14:36:51.503  3386  3532 D ACDB-LOADER: ACDB -> AUDIO_SET_AUDPROC_CAL
08-21 14:36:51.503  3386  3532 D ACDB-LOADER: ACDB -> send_audvoltable
08-21 14:36:51.503  3386  3532 D ACDB-LOADER: ACDB -> ACDB_CMD_GET_AUDPROC_GAIN_DEP_STEP_TABLE
08-21 14:36:51.503  3386  3532 D ACDB-LOADER: ACDB -> AUDIO_SET_AUDPROC_VOL_CAL
08-21 14:36:51.503  3386  3532 D ACDB-LOADER: ACDB -> send_afe_cal
08-21 14:36:51.503  3386  3532 D ACDB-LOADER: ACDB -> ACDB_CMD_GET_AFE_COMMON_TABLE
08-21 14:36:51.503  3386  3532 D ACDB-LOADER: ACDB -> AUDIO_SET_AFE_CAL
08-21 14:36:51.503  3386  3532 D ACDB-LOADER: ACDB -> send_hw_delay : acdb_id = 14 path = 0
08-21 14:36:51.503  3386  3532 D ACDB-LOADER: ACDB -> ACDB_AVSYNC_INFO: ACDB_CMD_GET_DEVICE_PROPERTY
08-21 14:36:51.504  3386  3532 I audio_hw_utils: audio_extn_utils_send_app_type_cfg app_type 69937, acdb_dev_id 14, sample_rate 48000
08-21 14:36:51.504  3386  3532 V msm8974_platform_lge: LGE_platform_add_backend_name: enter: 2
08-21 14:36:51.504  3386  3532 V audio_hw_primary: enable_audio_route: apply mixer and update path: low-latency-playback quat-mi2s-speaker
08-21 14:36:51.516  3386  3532 V audio_hw_primary: enable_audio_route: exit
08-21 14:36:51.516  3386  3532 D audio_hw_primary: select_devices: done
08-21 14:36:51.516  3386  3532 V audio_hw_primary: start_output_stream: Opening PCM device card_id(0) device_id(15) format(0)
08-21 14:36:51.518  3386  3532 V msm8974_platform: platform_set_channel_map channel_count:2
08-21 14:36:51.519  3386  3532 D msm8974_platform: platform_set_channel_map mixer_ctl_name:Playback Channel Map15
08-21 14:36:51.519  3386  3532 D msm8974_platform: platform_set_channel_map: set mapping(1 2 0 0 0 0 0 0) for channel:2
08-21 14:36:51.519  3386  3532 V audio_hw_primary: start_output_stream: exit
08-21 14:36:51.623  1567 10493 V SoundPool: process 0x7f674e3308 channel 381 event BUFFER_END
08-21 14:36:51.623  1567  3920 V SoundPool: awake
08-21 14:36:51.623  1567  3920 V SoundPool: Getting channel from stop list
08-21 14:36:51.623  1567  3920 V SoundPool: stop
08-21 14:36:51.624  1567  3920 V SoundPool: done_l(381)
08-21 14:36:51.624  1567  3920 V SoundPool: move to front
08-21 14:36:51.669  3386  3533 V audio_hw_primary: out_get_latency: Latency 10
08-21 14:36:51.692  3386  3533 V audio_hw_primary: out_get_latency: Latency 10
08-21 14:36:51.699  3386  3533 V AudioFlinger: removeTracks_l removing track on session 23
08-21 14:36:51.699  3386  3533 V AudioFlinger: acquireWakeLock_l() AudioOut_2 status 0
08-21 14:36:51.710  3386  3533 V AudioPolicyService: AudioCommandThread() adding stop output 2
08-21 14:36:51.710  3386  3533 V AudioPolicyService: inserting command: 5 at index 0, num commands 0
08-21 14:36:51.710  3386  3521 V AudioPolicyService: AudioCommandThread() waking up
08-21 14:36:51.710  3386  3521 V AudioPolicyService: AudioCommandThread() processing stop output 2
08-21 14:36:51.710  3386  3521 V APM::AudioPolicyManager: stopOutput() output 2, stream 1, session 23
08-21 14:36:51.710  3386  3521 V APM::AudioPolicyManager: setBeaconMute(1) mBeaconMuteRefCount=0 mBeaconPlayingRefCount=0
08-21 14:36:51.710  3386  3521 V APM::AudioPolicyManager: getNewOutputDevice() selected device 0
08-21 14:36:51.710  3386  3521 V APM::AudioPolicyManager: setOutputDevice() device 0000 delayMs 100
08-21 14:36:51.710  3386  3521 V APM::AudioPolicyManager: setOutputDevice() prevDevice 0x0002
08-21 14:36:51.710  3386  3521 V APM::AudioPolicyManager: AudioPolicyManagerEx::getRingerMode() mRingerMode 2
08-21 14:36:51.710  3386  3521 V APM::AudioPolicyManager: AudioPolicyManagerEx::getRingerMode() mRingerMode 2
08-21 14:36:51.710  3386  3521 V APM::AudioPolicyManager: AudioPolicyManagerEx::getRingerMode() mRingerMode 2
08-21 14:36:51.710  3386  3521 V APM::AudioPolicyManager: AudioPolicyManagerEx::getRingerMode() mRingerMode 2
08-21 14:36:51.710  3386  3521 V APM::AudioPolicyManager: AudioPolicyManagerEx::getRingerMode() mRingerMode 2
08-21 14:36:51.710  3386  3521 V APM::AudioPolicyManager: setOutputDevice() setting same device 0x0000 or null device
08-21 14:36:51.710  3386  3521 V AudioPolicyService: AudioCommandThread() going to sleep
08-21 14:36:52.814   707   707 I MSM-irqbalance: Decided to move IRQ51 from CPU1 to CPU2
08-21 14:36:53.513  1567  3233 D InputDispatcher: notifyMotion - action=ACTION_DOWN(0), id=0, x=1150.000, y=10.000, tooltype=1, deviceId=4, source=0x1002, policyFlags=0x0, flags=0x0, metaState=0x0, buttonState=0x0, edgeFlags=0x0, eventTime=12423077709000, downTime=12423077709000, 
08-21 14:36:53.514  1567  3232 D InputTransport: channel '73e0648 StatusBar (server)' : action=ACTION_DOWN(0), id=0, x=1150.000, y=10.000, [tooltype=1, deviceId=4, source=0x1002, flags=0x0, edgeFlags=0x0, metaState=0x0, buttonState=0x0, downTime=12423077709000, eventTime=12423077709000, pointerCount=1
08-21 14:36:53.520  3599  3599 D [SystemUI]StatusBarWindowView: onInterceptTouchEvent() ACTION_DOWN MotionEvent { action=ACTION_DOWN, actionButton=0, id[0]=0, x[0]=1150.0, y[0]=10.0, toolType[0]=TOOL_TYPE_FINGER, buttonState=0, metaState=0, flags=0x0, edgeFlags=0x0, pointerCount=1, historySize=0, eventTime=12423077, downTime=12423077, deviceId=4, source=0x1002 }
08-21 14:36:53.527  3599  3599 D KeyguardSecurityModel: 0 Phone is READY
08-21 14:36:53.527  3599  3599 D KeyguardUpdateMonitor: ###### current user : 0
08-21 14:36:53.533  3599  3599 D [SystemUI]PanelView: onTouchEvent ACTION_DOWN mGestureWaitForTouchSlop=true,mHeightAnimator=null,mPeekAnimator=null
08-21 14:36:53.535  3599  3599 I [SystemUI]PhoneStatusBarView: go state: 0 -> 1
08-21 14:36:53.536  3599  3599 D PhoneStatusBar: disable: < expand ICONS* alerts SYSTEM_INFO* back home recent clock search quick_settings >
08-21 14:36:53.540  3599  3599 D [SystemUI]PanelView: onTouchEvent ACTION_MOVE start Tracking
08-21 14:36:53.540  3599  3599 I [SystemUI]PanelView: onTrackingStarted 
08-21 14:36:53.546  1567  4176 D SplitFlag: relayout.. reset flags.. flags = 81860040, sysflags = 600 of win Window{73e0648 u0 StatusBar}
08-21 14:36:53.546  1567  4176 I PhoneWindowManagerEx: [PWM] sIsDimming=false, isDimChanging = false
08-21 14:36:53.547  1567  4176 I PhoneWindowManagerEx: [PWM][updateSystemUiVisibilityLw] tmpColorNavigationBar=0x1
08-21 14:36:53.547  1567  4176 I PhoneWindowManagerEx: [PWM][updateSystemUiVisibilityLw] mLastColorNavigationBar=0xff000000
08-21 14:36:53.547  1567  4176 D kyu     : WindowState::getSystemUiVisibilityLG = 0
08-21 14:36:53.547  1567  4176 I WindowManager: [PWM][updateSystemUiVisibilityLw] diffLG=0
08-21 14:36:53.547  1567  4176 I WindowManager: [PWM][updateSystemUiVisibilityLw] visibilityLG=0x0
08-21 14:36:53.547  1567  4176 I WindowManager: [PWM][updateSystemUiVisibilityLw] mLastSystemUiFlagsLG=0x0
08-21 14:36:53.547  1567  4176 D WindowManager: [PWM][updateSystemUiVisibilityLw] mLastSystemUiFlagsLG=0x0
08-21 14:36:53.547  1567  1963 I SystemUI[Framework]: PhoneWindowManager.updateSystemUiVisibilityLw() :visibility=0x600, pkg=com.android.systemui
08-21 14:36:53.548  1567  4176 I PhoneWindowManagerEx: [PWM] sIsDimming=false, isDimChanging = false
08-21 14:36:53.549  1567  1963 I SystemUI[Framework]: ==>disabledNaviBtn() what=0x0, token=android.os.Binder@e09e6ff,  pkg=Window{73e0648 u0 StatusBar}
08-21 14:36:53.549  1567  1963 I SystemUI[Framework]: disableNaviBtn: mDisabledNaviBtn=0x0,  mDisableRecords.size=0
08-21 14:36:53.550  1567  4176 I PhoneWindowManagerEx: [PWM][updateSystemUiVisibilityLw] tmpColorNavigationBar=0x1
08-21 14:36:53.550  1567  4176 I PhoneWindowManagerEx: [PWM][updateSystemUiVisibilityLw] mLastColorNavigationBar=0xff000000
08-21 14:36:53.550  1567  4176 D kyu     : WindowState::getSystemUiVisibilityLG = 0
08-21 14:36:53.550  1567  4176 I WindowManager: [PWM][updateSystemUiVisibilityLw] diffLG=0
08-21 14:36:53.550  1567  4176 I WindowManager: [PWM][updateSystemUiVisibilityLw] visibilityLG=0x0
08-21 14:36:53.550  1567  4176 I WindowManager: [PWM][updateSystemUiVisibilityLw] mLastSystemUiFlagsLG=0x0
08-21 14:36:53.570  1567  4176 D InputDispatcher: Focus left window: Window{159c863 u0 com.lge.hiddenmenu/com.lge.hiddenmenu.SVC.log_service.MainActivity}
08-21 14:36:53.570  1567  4176 D InputDispatcher: Focus entered window: Window{73e0648 u0 StatusBar}
08-21 14:36:53.571  1567  4176 I PhoneWindowManagerEx: [PWM] sIsDimming=false, isDimChanging = false
08-21 14:36:53.571  1567  4176 I PhoneWindowManagerEx: [PWM][updateSystemUiVisibilityLw] tmpColorNavigationBar=0x1
08-21 14:36:53.571  1567  4176 I PhoneWindowManagerEx: [PWM][updateSystemUiVisibilityLw] mLastColorNavigationBar=0xff000000
08-21 14:36:53.571  1567  4176 D kyu     : WindowState::getSystemUiVisibilityLG = 0
08-21 14:36:53.572  1567  4176 I WindowManager: [PWM][updateSystemUiVisibilityLw] diffLG=0
08-21 14:36:53.572  1567  4176 I WindowManager: [PWM][updateSystemUiVisibilityLw] visibilityLG=0x0
08-21 14:36:53.572  1567  4176 I WindowManager: [PWM][updateSystemUiVisibilityLw] mLastSystemUiFlagsLG=0x0
08-21 14:36:53.575  3599  3599 D [SystemUI]PanelView: onApplyWindowInsets, WindowInsets : WindowInsets{systemWindowInsets=Rect(0, 0 - 0, 168) windowDecorInsets=Rect(0, 0 - 0, 0) stableInsets=Rect(0, 0 - 0, 168)}
08-21 14:36:53.575 26637 26637 W SplitWindow: update focus... 
08-21 14:36:53.632  1567  4172 D SplitFlag: relayout.. reset flags.. flags = 21840068, sysflags = 0 of win Window{ec526fd u0 NavigationBar}
08-21 14:36:53.632  1567  4172 I PhoneWindowManagerEx: [PWM] sIsDimming=false, isDimChanging = false
08-21 14:36:53.633  1567  4172 I PhoneWindowManagerEx: [PWM][updateSystemUiVisibilityLw] tmpColorNavigationBar=0x1
08-21 14:36:53.633  1567  4172 I PhoneWindowManagerEx: [PWM][updateSystemUiVisibilityLw] mLastColorNavigationBar=0xff000000
08-21 14:36:53.633  1567  4172 D kyu     : WindowState::getSystemUiVisibilityLG = 0
08-21 14:36:53.633  1567  4172 I WindowManager: [PWM][updateSystemUiVisibilityLw] diffLG=0
08-21 14:36:53.633  1567  4172 I WindowManager: [PWM][updateSystemUiVisibilityLw] visibilityLG=0x0
08-21 14:36:53.633  1567  4172 I WindowManager: [PWM][updateSystemUiVisibilityLw] mLastSystemUiFlagsLG=0x0
08-21 14:36:53.637  3599  3599 D PhoneStatusBar: setSystemUiVisibility vis=600 mask=ffffffff oldVal=0 newVal=600 diff=600
08-21 14:36:53.646  4558  4558 D InCallUIReceiver: onReceive: Intent { act=android.intent.action.BATTERY_CHANGED flg=0x60000010 (has extras) }
08-21 14:36:53.647  4558  4558 D InCallUIReceiver: [batteryChangedReceivedIntentHandling] level : 96
08-21 14:36:53.649  4251  4251 D PhoneApp: onReceive: android.intent.action.BATTERY_CHANGED
08-21 14:36:53.660  1567  3233 D InputDispatcher: notifyMotion - action=ACTION_UP(0), id=0, x=902.000, y=1282.000, tooltype=1, deviceId=4, source=0x1002, policyFlags=0x0, flags=0x0, metaState=0x0, buttonState=0x0, edgeFlags=0x0, eventTime=12423224100000, downTime=12423077709000, 
08-21 14:36:53.660  1567  3232 D InputTransport: channel '73e0648 StatusBar (server)' : action=ACTION_UP(0), id=0, x=902.000, y=1282.000, [tooltype=1, deviceId=4, source=0x1002, flags=0x0, edgeFlags=0x0, metaState=0x0, buttonState=0x0, downTime=12423077709000, eventTime=12423224100000, pointerCount=1
08-21 14:36:53.664  3599  3599 D [SystemUI]StatusBarWindowView: onInterceptTouchEvent() ACTION_UP MotionEvent { action=ACTION_UP, actionButton=0, id[0]=0, x[0]=902.0, y[0]=1282.0, toolType[0]=TOOL_TYPE_FINGER, buttonState=0, metaState=0, flags=0x0, edgeFlags=0x0, pointerCount=1, historySize=0, eventTime=12423224, downTime=12423077, deviceId=4, source=0x1002 }
08-21 14:36:53.667  3599  3599 D [SystemUI]PanelView: fling() vel:11867.843,expandBecauseOfFalsing:false,height:2560
08-21 14:36:53.667  3599  3599 I [SystemUI]PanelView: onTrackingStopped : true
08-21 14:36:53.669  3599  3599 D KeyguardUpdateMonitor: Intent.ACTION_BATTERYEX_CHANGED EXTRA_CHARGING_CURRENT : 0 / EXTRA_HVDCP_TYPE : false
08-21 14:36:53.669  3599  3599 I [SystemUI]LGPowerUI: onReceive = com.lge.android.intent.action.BATTERYEX
08-21 14:36:53.669  3599  3599 I [SystemUI]LGPowerUI: levelEx = 96, plugTypeEx = 2, WirelessAlignment = 0, chargingCurrent = 0, orientation = PORTRAIT
08-21 14:36:53.669  3599  3599 I [SystemUI]LGPowerUI: On Skip Timer : true
08-21 14:36:53.698  3599  3599 D KeyguardUpdateMonitor: Intent.ACTION_BATTERY_CHANGED status : 2 ,plugged : 2 ,level : 96 ,temperature : 322
08-21 14:36:53.698  3599  3599 I [SystemUI]LGPowerUI: onReceive = android.intent.action.BATTERY_CHANGED
08-21 14:36:53.699  3599  3599 I [SystemUI]LGPowerUI: level = 96, plugType = 2, plugged = true, mCharging = true, temperature = 335
08-21 14:36:53.701  3599  3599 D [SystemUI]LGBatteryMeterView: updateBatteryIcon: typeChanged=false, type=CHARGE, level=96
08-21 14:36:53.702  3599  3599 D [SystemUI]LGBatteryMeterView: updateBatteryIcon: typeChanged=false, type=CHARGE, level=96
08-21 14:36:53.702  3599  3599 D [SystemUI]LGBatteryMeterView: updateBatteryIcon: typeChanged=false, type=CHARGE, level=96
08-21 14:36:53.804  3599  3599 I [SystemUI]PhoneStatusBarView: go state: 1 -> 2
08-21 14:36:53.809  3599  3599 I [SystemUI]StatusBarExpansionState: status bar expansion is changed to settings_expanded
08-21 14:36:53.809  3599  3599 D [SystemUI]NavigationThemeResource: onPanelExpansionChanged, mPanelExpanded : true
08-21 14:36:53.811  3599  3599 D [SystemUI]BrightnessSlider: updateSeekBar, brightness = 177
08-21 14:36:53.812  3599  3599 E [SystemUI]BrightnessSlider: percent = 68
08-21 14:36:53.824  3599  3599 I [SystemUI]StatusBarExpansionState: sending ACTION_STATUS_BAR_EXPANDED
08-21 14:36:53.827  4064  4064 I Cliptray Service: cliptrayEventReceiver :onReceivecom.lge.statusbar.expanded
08-21 14:36:53.839  1567  4172 V NotificationVibrator: cancel()
08-21 14:36:53.839  1567  4172 I VolumeVibratorManager: cancel()
08-21 14:36:53.841  1567  4172 D lightsbindercall: calling ... updateLightList
08-21 14:36:53.841  1567  4172 E lightsbindercall: virtual void android::BpLEDManager::updateLightList(int32_t, int32_t, int, int32_t, int32_t, int32_t, const android::String16&) : Binder Transaction Start!!
08-21 14:36:53.841  1567  3295 I LGNativeVibrator: vibrator_off
08-21 14:36:53.846  1567  4172 E lightsbindercall: virtual void android::BpLEDManager::updateLightList(int32_t, int32_t, int, int32_t, int32_t, int32_t, const android::String16&) : Binder Transaction End!! (error code 0)
08-21 14:36:54.325  3386 22705 D audio_hw_extn: audio_extn_get_parameters: returns 
08-21 14:36:54.326  3386 22705 V msm8974_platform: platform_get_parameters: exit: returns - 
08-21 14:36:54.326  3386 22705 V audio_hw_primary: adev_get_parameters: exit: returns - 
08-21 14:36:54.326  3386 22705 I str_params: key: 'isSwIrrc' value: ''
08-21 14:36:54.359  3599  3599 D [SystemUI]VolumeSlider: seekbar maxVolume = 7, volume = 5, plusone = 0
08-21 14:36:54.679  3386  3533 V AudioFlinger: Audio hardware entering standby, mixer 0xf1040000, suspend count 0
08-21 14:36:54.679  3386  3533 D audio_hw_primary: out_standby: enter: stream (0xf1b28080) usecase(1: low-latency-playback)
08-21 14:36:54.682  1567  3233 D InputDispatcher: notifyMotion - action=ACTION_DOWN(0), id=0, x=731.000, y=409.000, tooltype=1, deviceId=4, source=0x1002, policyFlags=0x0, flags=0x0, metaState=0x0, buttonState=0x0, edgeFlags=0x0, eventTime=12424246356000, downTime=12424246356000, 
08-21 14:36:54.683  1567  3232 D InputTransport: channel '73e0648 StatusBar (server)' : action=ACTION_DOWN(0), id=0, x=731.000, y=409.000, [tooltype=1, deviceId=4, source=0x1002, flags=0x0, edgeFlags=0x0, metaState=0x0, buttonState=0x0, downTime=12424246356000, eventTime=12424246356000, pointerCount=1
08-21 14:36:54.689  3599  3599 D [SystemUI]StatusBarWindowView: onInterceptTouchEvent() ACTION_DOWN MotionEvent { action=ACTION_DOWN, actionButton=0, id[0]=0, x[0]=731.0, y[0]=409.0, toolType[0]=TOOL_TYPE_FINGER, buttonState=0, metaState=0, flags=0x0, edgeFlags=0x0, pointerCount=1, historySize=0, eventTime=12424246, downTime=12424246, deviceId=4, source=0x1002 }
08-21 14:36:54.692  3599  3599 D KeyguardSecurityModel: 0 Phone is READY
08-21 14:36:54.692  3599  3599 D KeyguardUpdateMonitor: ###### current user : 0
08-21 14:36:54.694  3599  3599 D [SystemUI]NotificationPanelView: onQsIntercept ACTION_DOWN shouldQuickSettingsIntercept:false,mQsExpansionAnimator=null
08-21 14:36:54.694  3599  3599 D [SystemUI]PanelView: onInterceptTouchEvent ACTION_DOWN does not cancel heightAnimator mAnimatingOnDown:false,mClosing:false,mPeekAnimator:null
08-21 14:36:54.711  3386  3533 V audio_hw_primary: stop_output_stream: enter: usecase(1: low-latency-playback)
08-21 14:36:54.711  3386  3533 V audio_hw_primary: disable_audio_route: enter: usecase(1)
08-21 14:36:54.711  3386  3533 V msm8974_platform_lge: LGE_platform_add_backend_name: enter: 2
08-21 14:36:54.711  3386  3533 V audio_hw_primary: disable_audio_route: reset and update mixer path: low-latency-playback quat-mi2s-speaker
08-21 14:36:54.714  3386  3533 V audio_hw_primary: disable_audio_route: exit
08-21 14:36:54.714  3386  3533 E audio_hw_primary: disable_snd_device: enter 2
08-21 14:36:54.714  3386  3533 D hardware_info: hw_info_append_hw_type : device_name = speaker
08-21 14:36:54.714  3386  3533 V audio_hw_primary: disable_snd_device: snd_device(2: speaker)
08-21 14:36:54.714  3386  3533 V audio_hw_3rdP_spkr_prot: lge_audio_3rdP_spk_prot_disable: Entry
08-21 14:36:54.740  3386  3533 V audio_hw_3rdP_spkr_prot: lge_audio_3rdP_spk_prot_disable: Exit
08-21 14:36:54.740  3386  3533 V audio_hw_primary: stop_output_stream: exit: status(0)
08-21 14:36:54.740  3386  3533 V audio_hw_primary: out_standby: exit
08-21 14:36:54.740  3386  3533 V AudioFlinger: releaseWakeLock_l() AudioOut_2
08-21 14:36:54.740  3386  3533 V AudioFlinger: thread 0xf1040000 type 0 TID 3533 going to sleep
08-21 14:36:54.876  3386  3541 D audio_hw_extn: audio_extn_get_parameters: returns 
08-21 14:36:54.876  3386  3541 V msm8974_platform: platform_get_parameters: exit: returns - 
08-21 14:36:54.877  3386  3541 V audio_hw_primary: adev_get_parameters: exit: returns - 
08-21 14:36:54.877  3386  3541 I str_params: key: 'isSwIrrc' value: ''
08-21 14:36:54.896  3599  3599 D [SystemUI]VolumeSlider: seekbar maxVolume = 7, volume = 5, plusone = 0
08-21 14:36:55.211  4064  4081 V SplitWindowPolicy: checkScreen => return. sourceIntent is null or not support SplitWindow component: ComponentInfo{com.lge.wifisettings/com.lge.wifisettings.activity.WifiScreenSettingsActivity}
08-21 14:36:55.212  1567  3954 V SplitWindowManager: checkScreen takes for 5 ms.
08-21 14:36:55.212  1567  3954 D SplitInfo: new ActivitySplitInfo : ActivitySplitInfo [screenZone=0/ flag=0x0/ state=NATIVE/ forceFullScreen=false]
08-21 14:36:55.212  1567  3954 V SplitWindowManager: prepareSplitWindowLocked blank for debug
08-21 14:36:55.213  1567  3954 D SplitWindowManager: adjustStackFocus returns null
08-21 14:36:55.213  1567  3954 I PhoneWindowManagerEx: [PWM] sIsDimming=false, isDimChanging = false
08-21 14:36:55.214  1567  3954 I PhoneWindowManagerEx: [PWM][updateSystemUiVisibilityLw] tmpColorNavigationBar=0x1
08-21 14:36:55.214  1567  3954 I PhoneWindowManagerEx: [PWM][updateSystemUiVisibilityLw] mLastColorNavigationBar=0xff000000
08-21 14:36:55.214  1567  3954 D kyu     : WindowState::getSystemUiVisibilityLG = 0
08-21 14:36:55.214  1567  3954 I WindowManager: [PWM][updateSystemUiVisibilityLw] diffLG=0
08-21 14:36:55.214  1567  3954 I WindowManager: [PWM][updateSystemUiVisibilityLw] visibilityLG=0x0
08-21 14:36:55.214  1567  3954 I WindowManager: [PWM][updateSystemUiVisibilityLw] mLastSystemUiFlagsLG=0x0
08-21 14:36:55.217  1567  3954 V SplitWindowManager: startActivityLocked has blank for debug ActivityRecord{21f01f5 u0 com.lge.wifisettings/.activity.WifiScreenSettingsActivity t61}
08-21 14:36:55.218  1567  3954 D FingerprintProtector: This is not product version.
08-21 14:36:55.232  4064  4582 D QcomPmext: activity start: com.lge.wifisettings/com.lge.wifisettings.activity.WifiScreenSettingsActivity
08-21 14:36:55.251  1567  2117 I PhoneWindow: [generateLayout] setColorNavigationBar => color=0x ff000001
08-21 14:36:55.258  1567  2117 D PhoneWindowEx: Ex2. SystemProperties.get result >> #ff000000
08-21 14:36:55.258  1567  2117 D PhoneWindowEx: [PWEx][generateLayout] setNavigationBarColor2 : colors=0xff000000
08-21 14:36:55.258  1567  2117 I PhoneWindow: [setNavigationBarColor2] color=0x ff000000
08-21 14:36:55.268  1567  3954 I SplitWindowManager: updateActivityState: ActivityRecord{47d8006 u0 com.lge.hiddenmenu/.SVC.log_service.MainActivity t54}/ resumed=false
08-21 14:36:55.268  1567  3954 V SplitWindowManager: SplitWindowManager dumpstate.(_mState : NORMAL)
08-21 14:36:55.268  1567  3954 V SplitWindowManager: _mSplitActivityList(1)_______
08-21 14:36:55.268  1567  3954 V SplitWindowManager:  * SplitActivity{9cb2d91 com.lge.hiddenmenu/.SVC.log_service.MainActivity t54 s2 PAUSING ActivitySplitInfo [screenZone=0/ flag=0x0/ state=NATIVE/ forceFullScreen=false]
08-21 14:36:55.268  1567  3954 V SplitWindowManager: _mPreparedActivity : 
08-21 14:36:55.269  1567  1955 D SplitWindowManager: SplitWindowManagerHandler:handleMessage: 501
08-21 14:36:55.269  4064  4721 D SplitWindowPolicy: updateActivityStateChanged: resumed=false, screenId=2, isScreenFull=true
08-21 14:36:55.269  4064  4721 D SplitWindowPolicy: topRunningActivity=ActivityInfo{5f15dcb com.lge.hiddenmenu.SVC.log_service.MainActivity}, taskId=54, activityType=0, bIsSplit=false
08-21 14:36:55.272  1567  3954 I PhoneWindowManagerEx: [PWM] sIsDimming=false, isDimChanging = false
08-21 14:36:55.272  1567  3954 I PhoneWindowManagerEx: [PWM][updateSystemUiVisibilityLw] tmpColorNavigationBar=0x1
08-21 14:36:55.272  1567  3954 I PhoneWindowManagerEx: [PWM][updateSystemUiVisibilityLw] mLastColorNavigationBar=0xff000000
08-21 14:36:55.272  1567  3954 D kyu     : WindowState::getSystemUiVisibilityLG = 0
08-21 14:36:55.273  1567  3954 I WindowManager: [PWM][updateSystemUiVisibilityLw] diffLG=0
08-21 14:36:55.273  1567  3954 I WindowManager: [PWM][updateSystemUiVisibilityLw] visibilityLG=0x0
08-21 14:36:55.273  1567  3954 I WindowManager: [PWM][updateSystemUiVisibilityLw] mLastSystemUiFlagsLG=0x0
08-21 14:36:55.275  1567  4152 D FingerprintProtector: This is not product version.
08-21 14:36:55.276  1567  4152 D SplitWindowManager: updateStackInfo as SplitActivity{f4a9548 com.lge.wifisettings/.activity.WifiScreenSettingsActivity t61 s2 INITIALIZING ActivitySplitInfo [screenZone=0/ flag=0x0/ state=NATIVE/ forceFullScreen=false]
08-21 14:36:55.276  1567  4152 I SplitWindowManager: new SplitActivity created. 256546120: ActivityRecord{21f01f5 u0 com.lge.wifisettings/.activity.WifiScreenSettingsActivity t61}
08-21 14:36:55.276  1567  4152 V SplitWindowManager:   check task = TaskRecord{98c532c #61 I=com.lge.wifisettings/.activity.WifiScreenSettingsActivity U=0 sz=1}
08-21 14:36:55.276  1567  4152 V SplitWindowManager:   check stack = ActivityStack{a0ad853 stackId=2, 7 tasks}
08-21 14:36:55.276  1567  4152 V SplitWindowManager:  has blank for debug on ensureActivitiesVisibleLocked
08-21 14:36:55.276  1567  2117 D SplitFlag: relayout.. reset flags.. flags = 81830118, sysflags = 600 of win Window{5ad0b3a u0 Starting com.lge.wifisettings}
08-21 14:36:55.279  1567  2117 I PhoneWindowManagerEx: [PWM] sIsDimming=false, isDimChanging = false
08-21 14:36:55.279  1567  2117 I PhoneWindowManagerEx: [PWM][updateSystemUiVisibilityLw] tmpColorNavigationBar=0x1
08-21 14:36:55.279  1567  2117 I PhoneWindowManagerEx: [PWM][updateSystemUiVisibilityLw] mLastColorNavigationBar=0xff000000
08-21 14:36:55.279  1567  2117 D kyu     : WindowState::getSystemUiVisibilityLG = 0
08-21 14:36:55.279  1567  2117 I WindowManager: [PWM][updateSystemUiVisibilityLw] diffLG=0
08-21 14:36:55.279  1567  2117 I WindowManager: [PWM][updateSystemUiVisibilityLw] visibilityLG=0x0
08-21 14:36:55.279  1567  2117 I WindowManager: [PWM][updateSystemUiVisibilityLw] mLastSystemUiFlagsLG=0x0
08-21 14:36:55.293  1567  4152 I SplitWindowManager: updateActivityState: ActivityRecord{21f01f5 u0 com.lge.wifisettings/.activity.WifiScreenSettingsActivity t61}/ resumed=true
08-21 14:36:55.293  1567  4152 V SplitWindowManager: remove from list : SplitActivity{9cb2d91 com.lge.hiddenmenu/.SVC.log_service.MainActivity t54 s2 PAUSED ActivitySplitInfo [screenZone=0/ flag=0x0/ state=NATIVE/ forceFullScreen=false]
08-21 14:36:55.293  1567  4152 V SplitWindowManager: add to list : SplitActivity{f4a9548 com.lge.wifisettings/.activity.WifiScreenSettingsActivity t61 s2 RESUMED ActivitySplitInfo [screenZone=0/ flag=0x0/ state=NATIVE/ forceFullScreen=false]
08-21 14:36:55.293  1567  4152 V SplitWindowManager: SplitWindowManager dumpstate.(_mState : NORMAL)
08-21 14:36:55.293  1567  4152 V SplitWindowManager: _mSplitActivityList(1)_______
08-21 14:36:55.293  1567  4152 V SplitWindowManager:  * SplitActivity{f4a9548 com.lge.wifisettings/.activity.WifiScreenSettingsActivity t61 s2 RESUMED ActivitySplitInfo [screenZone=0/ flag=0x0/ state=NATIVE/ forceFullScreen=false]
08-21 14:36:55.293  1567  4152 V SplitWindowManager: _mPreparedActivity : 
08-21 14:36:55.293  1567  4152 V SplitWindowManager: ensureActivitiesVisibleLocked has blank for debug 
08-21 14:36:55.294  1567  4152 I PhoneWindowManagerEx: [PWM] sIsDimming=false, isDimChanging = false
08-21 14:36:55.294  1567  4152 I PhoneWindowManagerEx: [PWM][updateSystemUiVisibilityLw] tmpColorNavigationBar=0x1
08-21 14:36:55.294  1567  4152 I PhoneWindowManagerEx: [PWM][updateSystemUiVisibilityLw] mLastColorNavigationBar=0xff000000
08-21 14:36:55.294  1567  4152 D kyu     : WindowState::getSystemUiVisibilityLG = 0
08-21 14:36:55.294  1567  4152 I WindowManager: [PWM][updateSystemUiVisibilityLw] diffLG=0
08-21 14:36:55.294  1567  4152 I WindowManager: [PWM][updateSystemUiVisibilityLw] visibilityLG=0x0
08-21 14:36:55.294  1567  4152 I WindowManager: [PWM][updateSystemUiVisibilityLw] mLastSystemUiFlagsLG=0x0
08-21 14:36:55.296  4064  4582 D QcomPmext: activity start: com.lge.wifisettings/com.lge.wifisettings.activity.WifiScreenSettingsActivity
08-21 14:36:55.298  1567  1955 D SplitWindowManager: SplitWindowManagerHandler:handleMessage: 501
08-21 14:36:55.299  4064  4722 D SplitWindowPolicy: updateActivityStateChanged: resumed=true, screenId=2, isScreenFull=true
08-21 14:36:55.299  4064  4722 D SplitWindowPolicy: topRunningActivity=ActivityInfo{85af9a8 com.lge.wifisettings.activity.WifiScreenSettingsActivity}, taskId=61, activityType=0, bIsSplit=false
08-21 14:36:55.299  4148  5144 D ForegroundUtils: Foreground changed, PID: 25430 UID: 1000 foreground: true
08-21 14:36:55.299  4148  5144 D ForegroundUtils: Foreground UID/PID combinations:
08-21 14:36:55.299  4148  5144 D ForegroundUtils: UID: 1000 PID: 25430
08-21 14:36:55.299  4148  5144 D ForegroundUtils: UID: 1000 PID: 26637
08-21 14:36:55.303  8709 10630 I CAPP_DB_LOG: opened database address/path : 0x7f85c57c00, /data/user/0/com.lge.lpd/databases/LPD_DB.db
08-21 14:36:55.305 25430 25430 D WifiSettings: mWfd_supported = true
08-21 14:36:55.305  3599  3599 D [SystemUI]NotificationPanelView: onQsExpansionStarted overscrollAmount:0
08-21 14:36:55.306 25430 25430 I PhoneWindow: [generateLayout] setColorNavigationBar => color=0x ff000001
08-21 14:36:55.308 25430 25430 D PhoneWindowEx: Ex2. SystemProperties.get result >> #ff000000
08-21 14:36:55.309 25430 25430 D PhoneWindowEx: [PWEx][generateLayout] setNavigationBarColor2 : colors=0xff000000
08-21 14:36:55.309 25430 25430 I PhoneWindow: [setNavigationBarColor2] color=0x ff000000
08-21 14:36:55.312  1567  4126 D SplitFlag: relayout.. reset flags.. flags = 81840048, sysflags = 600 of win Window{73e0648 u0 StatusBar}
08-21 14:36:55.313  1567  4126 D InputDispatcher: Focus left window: Window{73e0648 u0 StatusBar}
08-21 14:36:55.315  8709 10630 I CAPP_DB_LOG:   database address : 0x7f85c57c00, pragma journal_mode = PERSIST
08-21 14:36:55.316  8709 10630 I CAPP_DB_LOG:   database address : 0x7f85c57c00, pragma journal_size_limit = 524288
08-21 14:36:55.316  8709 10630 I CAPP_DB_LOG:   database address : 0x7f85c57c00, pragma wal_autocheckpoint = 100
08-21 14:36:55.320  8709 10630 D AppInfoDao: topacitivyt exist app = android.uid.system:1000
08-21 14:36:55.328  8709 10630 D AppInfoDao: topacitivyt update app = android.uid.system:1000 time = 2015-08-21 14:36 date = 20150821
08-21 14:36:55.329  8709 10630 I CAPP_DB_LOG: closed database address/path : 0x7f85c57c00, /data/user/0/com.lge.lpd/databases/LPD_DB.db
08-21 14:36:55.330  8709 10630 I CAPP_DB_LOG: opened database address/path : 0x7f85c57c00, /data/user/0/com.lge.lpd/databases/LPD_DB.db
08-21 14:36:55.331  8709 10630 I CAPP_DB_LOG:   database address : 0x7f85c57c00, pragma journal_mode = PERSIST
08-21 14:36:55.331  8709 10630 I CAPP_DB_LOG:   database address : 0x7f85c57c00, pragma journal_size_limit = 524288
08-21 14:36:55.331  8709 10630 I CAPP_DB_LOG:   database address : 0x7f85c57c00, pragma wal_autocheckpoint = 100
08-21 14:36:55.331 25430 25430 D WifiSettings: [madoga] action name: android.settings.WIFI_SCREEN_SHARE
08-21 14:36:55.333  8709 10630 I CAPP_DB_LOG: closed database address/path : 0x7f85c57c00, /data/user/0/com.lge.lpd/databases/LPD_DB.db
08-21 14:36:55.343 25430 25430 V WifiScreenSettings: Miracast Setting Created: true
08-21 14:36:55.344  1567  2117 I PhoneWindowManagerEx: [PWM] sIsDimming=false, isDimChanging = false
08-21 14:36:55.344  1567  2117 I PhoneWindowManagerEx: [PWM][updateSystemUiVisibilityLw] tmpColorNavigationBar=0xff000000
08-21 14:36:55.344  1567  2117 I PhoneWindowManagerEx: [PWM][updateSystemUiVisibilityLw] mLastColorNavigationBar=0xff000000
08-21 14:36:55.344  1567  2117 D kyu     : WindowState::getSystemUiVisibilityLG = 0
08-21 14:36:55.344  1567  2117 I WindowManager: [PWM][updateSystemUiVisibilityLw] diffLG=0
08-21 14:36:55.344  1567  2117 I WindowManager: [PWM][updateSystemUiVisibilityLw] visibilityLG=0x0
08-21 14:36:55.344  1567  2117 I WindowManager: [PWM][updateSystemUiVisibilityLw] mLastSystemUiFlagsLG=0x0
08-21 14:36:55.344  1567  2117 D WindowManager: [PWM][updateSystemUiVisibilityLw] mLastSystemUiFlagsLG=0x0
08-21 14:36:55.344  1567  1963 I SystemUI[Framework]: PhoneWindowManager.updateSystemUiVisibilityLw() :visibility=0x8600, pkg=com.lge.wifisettings
08-21 14:36:55.345  1567  2117 I PhoneWindowManagerEx: [PWM] sIsDimming=false, isDimChanging = false
08-21 14:36:55.345  1567  2117 I PhoneWindowManagerEx: [PWM][updateSystemUiVisibilityLw] tmpColorNavigationBar=0xff000000
08-21 14:36:55.345  1567  2117 I PhoneWindowManagerEx: [PWM][updateSystemUiVisibilityLw] mLastColorNavigationBar=0xff000000
08-21 14:36:55.345  1567  2117 D kyu     : WindowState::getSystemUiVisibilityLG = 0
08-21 14:36:55.345  1567  2117 I WindowManager: [PWM][updateSystemUiVisibilityLw] diffLG=0
08-21 14:36:55.345  1567  2117 I WindowManager: [PWM][updateSystemUiVisibilityLw] visibilityLG=0x0
08-21 14:36:55.345  1567  2117 I WindowManager: [PWM][updateSystemUiVisibilityLw] mLastSystemUiFlagsLG=0x0
08-21 14:36:55.345  1567  1963 I SystemUI[Framework]: ==>disabledNaviBtn() what=0x0, token=android.os.Binder@e09e6ff,  pkg=Window{5ad0b3a u0 Starting com.lge.wifisettings}
08-21 14:36:55.345  1567  1963 I SystemUI[Framework]: disableNaviBtn: mDisabledNaviBtn=0x0,  mDisableRecords.size=0
08-21 14:36:55.349 25430 25430 V WifiScreenSettings: WifiScreenSettingsAsDefault
08-21 14:36:55.351  1567  2117 I PhoneWindowManagerEx: [PWM] sIsDimming=false, isDimChanging = false
08-21 14:36:55.351  1567  2117 I PhoneWindowManagerEx: [PWM][updateSystemUiVisibilityLw] tmpColorNavigationBar=0xff000000
08-21 14:36:55.351  1567  2117 I PhoneWindowManagerEx: [PWM][updateSystemUiVisibilityLw] mLastColorNavigationBar=0xff000000
08-21 14:36:55.351  1567  2117 D kyu     : WindowState::getSystemUiVisibilityLG = 0
08-21 14:36:55.351  1567  2117 I WindowManager: [PWM][updateSystemUiVisibilityLw] diffLG=0
08-21 14:36:55.351  1567  2117 I WindowManager: [PWM][updateSystemUiVisibilityLw] visibilityLG=0x0
08-21 14:36:55.351  1567  2117 I WindowManager: [PWM][updateSystemUiVisibilityLw] mLastSystemUiFlagsLG=0x0
08-21 14:36:55.359 25430 25430 I WfdManager: setUiStateOn
08-21 14:36:55.363  3599  3599 D PhoneStatusBar: setSystemUiVisibility vis=8600 mask=ffffffff oldVal=600 newVal=8600 diff=8000
08-21 14:36:55.363  3599  3599 D [SystemUI]PhoneStatusBar: StatusBarMode is changed (MODE_OPAQUE -> MODE_TRANSPARENT)
08-21 14:36:55.363  3599  3599 D [SystemUI]PhoneStatusBar: NavigationBarMode is changed (MODE_OPAQUE -> MODE_TRANSPARENT)
08-21 14:36:55.364  3599  3599 D [SystemUI]NavigationThemeResource: Bar mode is changed (0 -> 4)
08-21 14:36:55.364  3599  3599 I [SystemUI]NavigationThemeResource: NavigationKey Color is changed(WHITE -> WHITE_WITH_SHADOW)
08-21 14:36:55.364  3599  3599 I [SystemUI]NavigationThemeResource:  BarMode=4, Theme=BLACK, LightBackground=false (NOT Transparent)
08-21 14:36:55.364  3599  3599 I [SystemUI]NavigationThemeResource: , Keyguard show=false, IME shown=false, Panel expanded=true
08-21 14:36:55.365  4064  4082 D WfdStateTracker: setUiStateOn: 5
08-21 14:36:55.367  1567  3295 I PhoneWindowManagerEx: [PWM] sIsDimming=false, isDimChanging = false
08-21 14:36:55.367  1567  3295 I PhoneWindowManagerEx: [PWM][updateSystemUiVisibilityLw] tmpColorNavigationBar=0xff000000
08-21 14:36:55.367  1567  3295 I PhoneWindowManagerEx: [PWM][updateSystemUiVisibilityLw] mLastColorNavigationBar=0xff000000
08-21 14:36:55.367  1567  3295 D kyu     : WindowState::getSystemUiVisibilityLG = 0
08-21 14:36:55.367  1567  3295 I WindowManager: [PWM][updateSystemUiVisibilityLw] diffLG=0
08-21 14:36:55.367  1567  3295 I WindowManager: [PWM][updateSystemUiVisibilityLw] visibilityLG=0x0
08-21 14:36:55.367  1567  3295 I WindowManager: [PWM][updateSystemUiVisibilityLw] mLastSystemUiFlagsLG=0x0
08-21 14:36:55.368 25430 25430 V WifiScreenEnabler: handleScreenStateChanged: 0 set: false enabled: true
08-21 14:36:55.376  3599  3599 D BarTransitions: draw background and invalidate : color = ef000000
08-21 14:36:55.379  1567  1578 I art     : Background partial concurrent mark sweep GC freed 69008(2MB) AllocSpace objects, 7(284KB) LOS objects, 25% free, 46MB/62MB, paused 1.372ms total 116.101ms
08-21 14:36:55.381  3599  3599 D BarTransitions: draw background and invalidate : color = e9000000
08-21 14:36:55.398  7247  7247 W CastMediaRouteProvider: Invalid control category: android.media.intent.category.LIVE_AUDIO
08-21 14:36:55.426  3386 21639 D audio_hw_extn: audio_extn_get_parameters: returns 
08-21 14:36:55.426  3386 21639 V msm8974_platform: platform_get_parameters: exit: returns - 
08-21 14:36:55.426  3386 21639 V audio_hw_primary: adev_get_parameters: exit: returns - 
08-21 14:36:55.426  3386 21639 I str_params: key: 'isSwIrrc' value: ''
08-21 14:36:55.446 25430 25430 V WifiScreenEnabler: handleScreenStateChanged: 0 set: false enabled: true
08-21 14:36:55.451 25430 25430 D WifiScreenSettings: handleScreenStateChanged == 0
08-21 14:36:55.467  1567  4176 D SplitFlag: relayout.. reset flags.. flags = 81810100, sysflags = 600 of win Window{2208c24 u0 com.lge.wifisettings/com.lge.wifisettings.activity.WifiScreenSettingsActivity}
08-21 14:36:55.473  1567  4176 I PhoneWindowManagerEx: [PWM] sIsDimming=false, isDimChanging = false
