08-21 17:00:22.787  8709  8724 D AppInfoDao: topacitivyt update app = android.uid.system:1000 time = 2015-08-21 17:00 date = 20150821
08-21 17:00:22.788  8709  8724 I CAPP_DB_LOG: closed database address/path : 0x7f8c154b80, /data/user/0/com.lge.lpd/databases/LPD_DB.db
08-21 17:00:22.789  8709  8724 I CAPP_DB_LOG: opened database address/path : 0x7f8c154b80, /data/user/0/com.lge.lpd/databases/LPD_DB.db
08-21 17:00:22.791  8709  8724 I CAPP_DB_LOG:   database address : 0x7f8c154b80, pragma journal_mode = PERSIST
08-21 17:00:22.791  8709  8724 I CAPP_DB_LOG:   database address : 0x7f8c154b80, pragma journal_size_limit = 524288
08-21 17:00:22.791  8709  8724 I CAPP_DB_LOG:   database address : 0x7f8c154b80, pragma wal_autocheckpoint = 100
08-21 17:00:22.793  8709  8724 I CAPP_DB_LOG: closed database address/path : 0x7f8c154b80, /data/user/0/com.lge.lpd/databases/LPD_DB.db
08-21 17:00:22.825  1567  1578 I art     : Background partial concurrent mark sweep GC freed 23578(845KB) AllocSpace objects, 0(0B) LOS objects, 25% free, 46MB/62MB, paused 1.171ms total 101.685ms
08-21 17:00:22.849  1567  2117 I PhoneWindowManagerEx: [PWM] sIsDimming=false, isDimChanging = false
08-21 17:00:22.849  1567  2117 I PhoneWindowManagerEx: [PWM][updateSystemUiVisibilityLw] tmpColorNavigationBar=0x1
08-21 17:00:22.849  1567  2117 I PhoneWindowManagerEx: [PWM][updateSystemUiVisibilityLw] mLastColorNavigationBar=0xff000000
08-21 17:00:22.849  1567  2117 D kyu     : WindowState::getSystemUiVisibilityLG = 0
08-21 17:00:22.849  1567  2117 I WindowManager: [PWM][updateSystemUiVisibilityLw] diffLG=0
08-21 17:00:22.849  1567  2117 I WindowManager: [PWM][updateSystemUiVisibilityLw] visibilityLG=0x0
08-21 17:00:22.849  1567  2117 I WindowManager: [PWM][updateSystemUiVisibilityLw] mLastSystemUiFlagsLG=0x0
08-21 17:00:22.849 26637 26637 W SplitWindow: update focus... 
08-21 17:00:22.853  1567  2117 I PhoneWindowManagerEx: [PWM] sIsDimming=false, isDimChanging = false
08-21 17:00:22.853  1567  2117 I PhoneWindowManagerEx: [PWM][updateSystemUiVisibilityLw] tmpColorNavigationBar=0x1
08-21 17:00:22.853  1567  2117 I PhoneWindowManagerEx: [PWM][updateSystemUiVisibilityLw] mLastColorNavigationBar=0xff000000
08-21 17:00:22.853  1567  2117 D kyu     : WindowState::getSystemUiVisibilityLG = 0
08-21 17:00:22.853  1567  2117 I WindowManager: [PWM][updateSystemUiVisibilityLw] diffLG=0
08-21 17:00:22.853  1567  2117 I WindowManager: [PWM][updateSystemUiVisibilityLw] visibilityLG=0x0
08-21 17:00:22.853  1567  2117 I WindowManager: [PWM][updateSystemUiVisibilityLw] mLastSystemUiFlagsLG=0x0
08-21 17:00:22.853  1567  2117 D WindowManager: [PWM][updateSystemUiVisibilityLw] mLastSystemUiFlagsLG=0x0
08-21 17:00:22.853  1567  1963 I SystemUI[Framework]: PhoneWindowManager.updateSystemUiVisibilityLw() :visibility=0x0, pkg=com.lge.hiddenmenu
08-21 17:00:22.854  1567  2117 I PhoneWindowManagerEx: [PWM] sIsDimming=false, isDimChanging = false
08-21 17:00:22.854  1567  2117 I PhoneWindowManagerEx: [PWM][updateSystemUiVisibilityLw] tmpColorNavigationBar=0x1
08-21 17:00:22.854  1567  2117 I PhoneWindowManagerEx: [PWM][updateSystemUiVisibilityLw] mLastColorNavigationBar=0xff000000
08-21 17:00:22.854  1567  2117 D kyu     : WindowState::getSystemUiVisibilityLG = 0
08-21 17:00:22.854  1567  1963 I SystemUI[Framework]: ==>disabledNaviBtn() what=0x0, token=android.os.Binder@e09e6ff,  pkg=Window{159c863 u0 com.lge.hiddenmenu/com.lge.hiddenmenu.SVC.log_service.MainActivity}
08-21 17:00:22.854  1567  1963 I SystemUI[Framework]: disableNaviBtn: mDisabledNaviBtn=0x0,  mDisableRecords.size=0
08-21 17:00:22.854  1567  2117 I WindowManager: [PWM][updateSystemUiVisibilityLw] diffLG=0
08-21 17:00:22.854  1567  2117 I WindowManager: [PWM][updateSystemUiVisibilityLw] visibilityLG=0x0
08-21 17:00:22.854  1567  2117 I WindowManager: [PWM][updateSystemUiVisibilityLw] mLastSystemUiFlagsLG=0x0
08-21 17:00:22.854  3599  3599 D PhoneStatusBar: setSystemUiVisibility vis=0 mask=ffffffff oldVal=8000 newVal=0 diff=8000
08-21 17:00:22.855  3599  3599 D [SystemUI]PhoneStatusBar: StatusBarMode is changed (MODE_TRANSPARENT -> MODE_OPAQUE)
08-21 17:00:22.855  3599  3599 D [SystemUI]PhoneStatusBar: NavigationBarMode is changed (MODE_TRANSPARENT -> MODE_OPAQUE)
08-21 17:00:22.855  1567  2117 I ActivityManager: Displayed com.lge.hiddenmenu/.SVC.log_service.MainActivity: +114ms
08-21 17:00:22.857  3599  3599 D [SystemUI]NavigationThemeResource: Bar mode is changed (4 -> 0)
08-21 17:00:22.861  3599  3599 D BarTransitions: draw background and invalidate : color = 7000000
08-21 17:00:22.864  1567   913 V SoundPool: process 0x7f674e34d0 channel 532 event BUFFER_END
08-21 17:00:22.864  1567  3920 V SoundPool: awake
08-21 17:00:22.864  1567  3920 V SoundPool: Getting channel from stop list
08-21 17:00:22.864  1567  3920 V SoundPool: stop
08-21 17:00:22.866  1567  2117 I PhoneWindowManagerEx: [PWM] sIsDimming=false, isDimChanging = false
08-21 17:00:22.866  1567  2117 I PhoneWindowManagerEx: [PWM][updateSystemUiVisibilityLw] tmpColorNavigationBar=0x1
08-21 17:00:22.866  1567  2117 I PhoneWindowManagerEx: [PWM][updateSystemUiVisibilityLw] mLastColorNavigationBar=0xff000000
08-21 17:00:22.866  1567  2117 D kyu     : WindowState::getSystemUiVisibilityLG = 0
08-21 17:00:22.866  1567  2117 I WindowManager: [PWM][updateSystemUiVisibilityLw] diffLG=0
08-21 17:00:22.866  1567  2117 I WindowManager: [PWM][updateSystemUiVisibilityLw] visibilityLG=0x0
08-21 17:00:22.866  1567  2117 I WindowManager: [PWM][updateSystemUiVisibilityLw] mLastSystemUiFlagsLG=0x0
08-21 17:00:22.866  3599  3599 D BarTransitions: draw background and invalidate : color = b000000
08-21 17:00:22.874  3386  3533 V audio_hw_primary: out_get_latency: Latency 10
08-21 17:00:22.881  1567  3920 V SoundPool: done_l(532)
08-21 17:00:22.881  1567  3920 V SoundPool: move to front
08-21 17:00:22.886  1567  4111 I PhoneWindowManagerEx: [PWM] sIsDimming=false, isDimChanging = false
08-21 17:00:22.886  1567  4111 I PhoneWindowManagerEx: [PWM][updateSystemUiVisibilityLw] tmpColorNavigationBar=0x1
08-21 17:00:22.886  1567  4111 I PhoneWindowManagerEx: [PWM][updateSystemUiVisibilityLw] mLastColorNavigationBar=0xff000000
08-21 17:00:22.887  1567  4111 D kyu     : WindowState::getSystemUiVisibilityLG = 0
08-21 17:00:22.887  1567  4111 I WindowManager: [PWM][updateSystemUiVisibilityLw] diffLG=0
08-21 17:00:22.887  1567  4111 I WindowManager: [PWM][updateSystemUiVisibilityLw] visibilityLG=0x0
08-21 17:00:22.887  1567  4111 I WindowManager: [PWM][updateSystemUiVisibilityLw] mLastSystemUiFlagsLG=0x0
08-21 17:00:22.894  1567  4220 V SplitWindowManager: ensureActivitiesVisibleLocked has blank for debug 
08-21 17:00:22.905  3956  3956 D LgeImeImpl: [LgeImeImpl.java:4330:LgeImeImpl.onFinishInput()] [IN]onFinishInput
08-21 17:00:22.905  3956  3956 D LgeImeImpl: [LgeImeImpl.java:4359:LgeImeImpl.onFinishInput()] [OUT]onFinishInput
08-21 17:00:22.905  3956  3956 D LgeImeImpl: [LgeImeImpl.java:1515:LgeImeImpl.onStartInput()] [IN] onStartInput[false]
08-21 17:00:22.905  3956  3956 D LgeImeImpl: [LgeImeImpl.java:1532:LgeImeImpl.onStartInput()] [OUT] onStartInput
08-21 17:00:22.924  3386  3533 V audio_hw_primary: out_get_latency: Latency 10
08-21 17:00:22.931  3386  3533 V AudioFlinger: removeTracks_l removing track on session 945
08-21 17:00:22.931  3386  3533 V AudioFlinger: acquireWakeLock_l() AudioOut_2 status 0
08-21 17:00:22.941  3386  3533 V AudioPolicyService: AudioCommandThread() adding stop output 2
08-21 17:00:22.941  3386  3533 V AudioPolicyService: inserting command: 5 at index 0, num commands 0
08-21 17:00:22.941  3386  3521 V AudioPolicyService: AudioCommandThread() waking up
08-21 17:00:22.941  3386  3521 V AudioPolicyService: AudioCommandThread() processing stop output 2
08-21 17:00:22.941  3386  3521 V APM::AudioPolicyManager: stopOutput() output 2, stream 1, session 945
08-21 17:00:22.941  3386  3521 V APM::AudioPolicyManager: setBeaconMute(1) mBeaconMuteRefCount=0 mBeaconPlayingRefCount=0
08-21 17:00:22.941  3386  3521 V APM::AudioPolicyManager: getNewOutputDevice() selected device 0
08-21 17:00:22.941  3386  3521 V APM::AudioPolicyManager: setOutputDevice() device 0000 delayMs 100
08-21 17:00:22.941  3386  3521 V APM::AudioPolicyManager: setOutputDevice() prevDevice 0x0002
08-21 17:00:22.941  3386  3521 V APM::AudioPolicyManager: AudioPolicyManagerEx::getRingerMode() mRingerMode 2
08-21 17:00:22.941  3386  3521 V APM::AudioPolicyManager: AudioPolicyManagerEx::getRingerMode() mRingerMode 2
08-21 17:00:22.941  3386  3521 V APM::AudioPolicyManager: AudioPolicyManagerEx::getRingerMode() mRingerMode 2
08-21 17:00:22.941  3386  3521 V APM::AudioPolicyManager: AudioPolicyManagerEx::getRingerMode() mRingerMode 2
08-21 17:00:22.941  3386  3521 V APM::AudioPolicyManager: AudioPolicyManagerEx::getRingerMode() mRingerMode 2
08-21 17:00:22.941  3386  3521 V APM::AudioPolicyManager: setOutputDevice() setting same device 0x0000 or null device
08-21 17:00:22.941  3386  3521 V AudioPolicyService: AudioCommandThread() going to sleep
08-21 17:00:23.563  1567  2117 I PhoneWindowManagerEx: [PWM] sIsDimming=false, isDimChanging = false
08-21 17:00:23.563  1567  2117 I PhoneWindowManagerEx: [PWM][updateSystemUiVisibilityLw] tmpColorNavigationBar=0x1
08-21 17:00:23.563  1567  2117 I PhoneWindowManagerEx: [PWM][updateSystemUiVisibilityLw] mLastColorNavigationBar=0xff000000
08-21 17:00:23.563  1567  2117 D kyu     : WindowState::getSystemUiVisibilityLG = 0
08-21 17:00:23.563  1567  2117 I WindowManager: [PWM][updateSystemUiVisibilityLw] diffLG=0
08-21 17:00:23.563  1567  2117 I WindowManager: [PWM][updateSystemUiVisibilityLw] visibilityLG=0x0
08-21 17:00:23.563  1567  2117 I WindowManager: [PWM][updateSystemUiVisibilityLw] mLastSystemUiFlagsLG=0x0
08-21 17:00:23.598  1567  1955 V SplitWindowManager: ensureActivitiesVisibleLocked has blank for debug 
08-21 17:00:23.598  1567  2117 I PhoneWindowManagerEx: [PWM] sIsDimming=false, isDimChanging = false
08-21 17:00:23.598  1567  2117 I PhoneWindowManagerEx: [PWM][updateSystemUiVisibilityLw] tmpColorNavigationBar=0x1
08-21 17:00:23.598  1567  2117 I PhoneWindowManagerEx: [PWM][updateSystemUiVisibilityLw] mLastColorNavigationBar=0xff000000
08-21 17:00:23.598  1567  2117 D kyu     : WindowState::getSystemUiVisibilityLG = 0
08-21 17:00:23.598  1567  2117 I WindowManager: [PWM][updateSystemUiVisibilityLw] diffLG=0
08-21 17:00:23.598  1567  2117 I WindowManager: [PWM][updateSystemUiVisibilityLw] visibilityLG=0x0
08-21 17:00:23.598  1567  2117 I WindowManager: [PWM][updateSystemUiVisibilityLw] mLastSystemUiFlagsLG=0x0
08-21 17:00:23.601  1567  2117 I PhoneWindowManagerEx: [PWM] sIsDimming=false, isDimChanging = false
08-21 17:00:23.601  1567  2117 I PhoneWindowManagerEx: [PWM][updateSystemUiVisibilityLw] tmpColorNavigationBar=0x1
08-21 17:00:23.601  1567  2117 I PhoneWindowManagerEx: [PWM][updateSystemUiVisibilityLw] mLastColorNavigationBar=0xff000000
08-21 17:00:23.601  1567  2117 D kyu     : WindowState::getSystemUiVisibilityLG = 0
08-21 17:00:23.602  1567  2117 I WindowManager: [PWM][updateSystemUiVisibilityLw] diffLG=0
08-21 17:00:23.602  1567  2117 I WindowManager: [PWM][updateSystemUiVisibilityLw] visibilityLG=0x0
08-21 17:00:23.602  1567  2117 I WindowManager: [PWM][updateSystemUiVisibilityLw] mLastSystemUiFlagsLG=0x0
08-21 17:00:23.602   519   575 I GBMv2   : GBM state [0]
08-21 17:00:23.602   519   575 I GBMv2   : GBM state [1]
08-21 17:00:23.607 31963 31963 I WfdManager: setUiStateOff
08-21 17:00:23.610  4064 27317 D WfdStateTracker: setUiStateOff: 7
08-21 17:00:23.610  4148  5144 D ForegroundUtils: Foreground changed, PID: 31963 UID: 1000 foreground: false
08-21 17:00:23.610  4148  5144 D ForegroundUtils: Foreground UID/PID combinations:
08-21 17:00:23.610  4148  5144 D ForegroundUtils: UID: 1000 PID: 26637
08-21 17:00:23.613  1567  2117 I PhoneWindowManagerEx: [PWM] sIsDimming=false, isDimChanging = false
08-21 17:00:23.613  1567  2117 I PhoneWindowManagerEx: [PWM][updateSystemUiVisibilityLw] tmpColorNavigationBar=0x1
08-21 17:00:23.613  1567  2117 I PhoneWindowManagerEx: [PWM][updateSystemUiVisibilityLw] mLastColorNavigationBar=0xff000000
08-21 17:00:23.613  1567  2117 D kyu     : WindowState::getSystemUiVisibilityLG = 0
08-21 17:00:23.613  1567  2117 I WindowManager: [PWM][updateSystemUiVisibilityLw] diffLG=0
08-21 17:00:23.613  1567  2117 I WindowManager: [PWM][updateSystemUiVisibilityLw] visibilityLG=0x0
08-21 17:00:23.613  1567  2117 I WindowManager: [PWM][updateSystemUiVisibilityLw] mLastSystemUiFlagsLG=0x0
08-21 17:00:23.619 31963 31963 D WifiScreenSettings: - unscheduleRouteInfoUpdate: false
08-21 17:00:23.621  7247  7247 W CastMediaRouteProvider: Invalid control category: android.media.intent.category.LIVE_AUDIO
08-21 17:00:23.626  1567  4125 I PhoneWindowManagerEx: [PWM] sIsDimming=false, isDimChanging = false
08-21 17:00:23.626  1567  4125 I PhoneWindowManagerEx: [PWM][updateSystemUiVisibilityLw] tmpColorNavigationBar=0x1
08-21 17:00:23.626  1567  4125 I PhoneWindowManagerEx: [PWM][updateSystemUiVisibilityLw] mLastColorNavigationBar=0xff000000
08-21 17:00:23.626  1567  4125 D kyu     : WindowState::getSystemUiVisibilityLG = 0
08-21 17:00:23.626  1567  4125 I WindowManager: [PWM][updateSystemUiVisibilityLw] diffLG=0
08-21 17:00:23.626  1567  4125 I WindowManager: [PWM][updateSystemUiVisibilityLw] visibilityLG=0x0
08-21 17:00:23.626  1567  4125 I WindowManager: [PWM][updateSystemUiVisibilityLw] mLastSystemUiFlagsLG=0x0
08-21 17:00:23.627  1567  4125 D InputDispatcher: Window went away: Window{bc0131a u0 com.lge.wifisettings/com.lge.wifisettings.activity.WifiScreenSettingsActivity}
08-21 17:00:23.634  1567  3295 D FingerprintProtector: This is not product version.
08-21 17:00:23.776  3599  3599 D [SystemUI]SystemServicesProxy: RecentApps has 25 item(s).
08-21 17:00:24.611  4064  4416 D WfdStateTracker: handleUiStateChangeEvent : 0, 0
08-21 17:00:25.757   707   707 I MSM-irqbalance: Decided to move IRQ222 from CPU1 to CPU3
08-21 17:00:25.911  3386  3533 V AudioFlinger: Audio hardware entering standby, mixer 0xf1040000, suspend count 0
08-21 17:00:25.911  3386  3533 D audio_hw_primary: out_standby: enter: stream (0xf1b28080) usecase(1: low-latency-playback)
08-21 17:00:25.943  3386  3533 V audio_hw_primary: stop_output_stream: enter: usecase(1: low-latency-playback)
08-21 17:00:25.943  3386  3533 V audio_hw_primary: disable_audio_route: enter: usecase(1)
08-21 17:00:25.943  3386  3533 V msm8974_platform_lge: LGE_platform_add_backend_name: enter: 2
08-21 17:00:25.943  3386  3533 V audio_hw_primary: disable_audio_route: reset and update mixer path: low-latency-playback quat-mi2s-speaker
08-21 17:00:25.946  3386  3533 V audio_hw_primary: disable_audio_route: exit
08-21 17:00:25.946  3386  3533 E audio_hw_primary: disable_snd_device: enter 2
08-21 17:00:25.946  3386  3533 D hardware_info: hw_info_append_hw_type : device_name = speaker
08-21 17:00:25.946  3386  3533 V audio_hw_primary: disable_snd_device: snd_device(2: speaker)
08-21 17:00:25.946  3386  3533 V audio_hw_3rdP_spkr_prot: lge_audio_3rdP_spk_prot_disable: Entry
08-21 17:00:25.973  3386  3533 V audio_hw_3rdP_spkr_prot: lge_audio_3rdP_spk_prot_disable: Exit
08-21 17:00:25.973  3386  3533 V audio_hw_primary: stop_output_stream: exit: status(0)
08-21 17:00:25.973  3386  3533 V audio_hw_primary: out_standby: exit
08-21 17:00:25.973  3386  3533 V AudioFlinger: releaseWakeLock_l() AudioOut_2
08-21 17:00:25.974  3386  3533 V AudioFlinger: thread 0xf1040000 type 0 TID 3533 going to sleep
08-21 17:00:26.475  1567  3233 D InputDispatcher: notifyMotion - action=ACTION_DOWN(0), id=0, x=329.000, y=333.000, tooltype=1, deviceId=4, source=0x1002, policyFlags=0x0, flags=0x0, metaState=0x0, buttonState=0x0, edgeFlags=0x0, eventTime=14378586850000, downTime=14378586850000, 
08-21 17:00:26.476  1567  3232 D InputTransport: channel '159c863 com.lge.hiddenmenu/com.lge.hiddenmenu.SVC.log_service.MainActivity (server)' : action=ACTION_DOWN(0), id=0, x=329.000, y=333.000, [tooltype=1, deviceId=4, source=0x1002, flags=0x0, edgeFlags=0x0, metaState=0x0, buttonState=0x0, downTime=14378586850000, eventTime=14378586850000, pointerCount=1
08-21 17:00:26.493  1567  3233 D InputDispatcher: notifyMotion - action=ACTION_UP(0), id=0, x=329.000, y=332.000, tooltype=1, deviceId=4, source=0x1002, policyFlags=0x0, flags=0x0, metaState=0x0, buttonState=0x0, edgeFlags=0x0, eventTime=14378603975000, downTime=14378586850000, 
08-21 17:00:26.493  1567  3232 D InputTransport: channel '159c863 com.lge.hiddenmenu/com.lge.hiddenmenu.SVC.log_service.MainActivity (server)' : action=ACTION_UP(0), id=0, x=329.000, y=332.000, [tooltype=1, deviceId=4, source=0x1002, flags=0x0, edgeFlags=0x0, metaState=0x0, buttonState=0x0, downTime=14378586850000, eventTime=14378603975000, pointerCount=1
08-21 17:00:26.574  1567  3268 V SoundPool: play sampleID=1, leftVolume=1.000000, rightVolume=1.000000, priority=0, loop=0, rate=1.000000
08-21 17:00:26.575  1567  3268 V SoundPool: mState = 4 mChannelID=515, mNumChannels=2, mPos = 0, mPriority=0, mLoop=0
08-21 17:00:26.575  1567  3268 V SoundPool: mState = 0 mChannelID=516, mNumChannels=2, mPos = 0, mPriority=-1, mLoop=0
08-21 17:00:26.575  1567  3268 V SoundPool: mState = 4 mChannelID=524, mNumChannels=2, mPos = 0, mPriority=0, mLoop=0
08-21 17:00:26.575  1567  3268 V SoundPool: mState = 0 mChannelID=532, mNumChannels=2, mPos = 0, mPriority=-1, mLoop=0
08-21 17:00:26.575  1567  3268 V SoundPool: Allocated recycled channel for same sampleID
08-21 17:00:26.575  1567  3268 V SoundPool: play channel 0x7f674e34d0 state = 0
08-21 17:00:26.575  1567  3268 V SoundPool: SoundChannel::play 0x7f674e34d0: sampleID=1, channelID=533, leftVolume=1.000000, rightVolume=1.000000, priority=0, loop=0, rate=1.000000
08-21 17:00:26.575  3386  3958 V APM::AudioPolicyManager: getOutput() device 2, stream 1, samplingRate 0, format 0, channelMask 3, flags 0
08-21 17:00:26.575  3386  3958 V APM::AudioPolicyManager:   getOutputForDevice() returns output 2
08-21 17:00:26.576  1567  3268 V AudioSystem: getFrameCount() output 2, frameCount 960
08-21 17:00:26.576  3386  3541 V APM::AudioPolicyManager: getOutput() device 2, stream 1, samplingRate 0, format 0, channelMask 3, flags 0
08-21 17:00:26.576  3386  3541 V APM::AudioPolicyManager:   getOutputForDevice() returns output 2
08-21 17:00:26.576  1567  3268 V AudioSystem: getOutputSamplingRate() reading from output desc
08-21 17:00:26.577  1567  3268 V AudioSystem: getSamplingRate() output 2, sampling rate 48000
08-21 17:00:26.577  1567  3268 V SoundPool: reusing track 0x7f70e1d700 for sample 1
08-21 17:00:26.577  3386  3539 V APM::AudioPolicyManager: startOutput() output 2, stream 1, session 945
08-21 17:00:26.577  3386  3539 V APM::AudioPolicyManager: setBeaconMute(1) mBeaconMuteRefCount=1 mBeaconPlayingRefCount=0
08-21 17:00:26.577  3386  3539 V APM::AudioPolicyManager: getNewOutputDevice() selected device 2
08-21 17:00:26.577  3386  3539 V APM::AudioPolicyManager: setOutputDevice() device 0002 delayMs 0
08-21 17:00:26.577  3386  3539 V APM::AudioPolicyManager: setOutputDevice() prevDevice 0x0002
08-21 17:00:26.577  3386  3539 V APM::AudioPolicyManager: AudioPolicyManagerEx::getRingerMode() mRingerMode 2
08-21 17:00:26.577  3386  3539 V APM::AudioPolicyManager: AudioPolicyManagerEx::getRingerMode() mRingerMode 2
08-21 17:00:26.578  3386  3539 V APM::AudioPolicyManager: AudioPolicyManagerEx::getRingerMode() mRingerMode 2
08-21 17:00:26.578  3386  3539 V APM::AudioPolicyManager: AudioPolicyManagerEx::getRingerMode() mRingerMode 2
08-21 17:00:26.578  3386  3539 V APM::AudioPolicyManager: AudioPolicyManagerEx::getRingerMode() mRingerMode 2
08-21 17:00:26.578  3386  3539 V APM::AudioPolicyManager: setOutputDevice() changing device
08-21 17:00:26.578  3386  3539 V AudioPolicyService: AudioCommandThread() adding create patch delay 0
08-21 17:00:26.578  3386  3539 V AudioPolicyService: inserting command: 7 at index 0, num commands 0
08-21 17:00:26.578  3386  3520 V AudioPolicyService: AudioCommandThread() waking up
08-21 17:00:26.578  3386  3520 V AudioPolicyService: AudioCommandThread() processing create audio patch
08-21 17:00:26.578  3386  3520 V AudioFlinger: sendConfigEvent_l() num events 1 event 3
08-21 17:00:26.578  3386  3533 V AudioFlinger: thread 0xf1040000 type 0 TID 3533 waking up
08-21 17:00:26.579  3386  3533 V AudioFlinger: acquireWakeLock_l() AudioOut_2 status 0
08-21 17:00:26.579  3386  3533 V AudioFlinger: processConfigEvents_l() remaining events 1
08-21 17:00:26.579  3386  3533 D audio_hw_primary: out_set_parameters: enter: usecase(1: low-latency-playback) kvpairs: routing=2
08-21 17:00:26.579  3386  3533 V audio_hw_primary: out_set_parameters: exit: code(0)
08-21 17:00:26.579  3386  3533 V AudioFlinger: processConfigEvents_l() DONE thread 0xf1040000
08-21 17:00:26.579  3386  3533 V AudioFlinger: acquireWakeLock_l() AudioOut_2 status 0
08-21 17:00:26.579  3386  3520 V AudioPolicyService: AudioCommandThread() going to sleep
08-21 17:00:26.579  3386  3539 V APM::AudioPolicyManager: setOutputDevice() createAudioPatch returned 0 patchHandle 971num_sources 1 num_sinks 1
08-21 17:00:26.579  3386  3539 V AudioPolicyService: AudioCommandThread() adding update audio patch list
08-21 17:00:26.579  3386  3539 V AudioPolicyService: inserting command: 10 at index 0, num commands 0
08-21 17:00:26.580  3386  3539 V APM::AudioPolicyManager: checkAndSetVolume setParameters volume, volume=:0.180406 delay=:0
08-21 17:00:26.580  3386  3539 V AudioPolicyService: AudioCommandThread() adding set parameter string fm_volume=0.1804062873, io 2 ,delay 0
08-21 17:00:26.580  3386  3539 V AudioPolicyService: inserting command: 3 at index 0, num commands 0
08-21 17:00:26.580  3386  3520 V AudioPolicyService: AudioCommandThread() waking up
08-21 17:00:26.580  3386  3520 V AudioPolicyService: AudioCommandThread() processing set parameters string fm_volume=0.1804062873, io 2
08-21 17:00:26.580  3386  3521 V AudioPolicyService: AudioCommandThread() waking up
08-21 17:00:26.580  3386  3520 V AudioFlinger: setParameters(): io 2, keyvalue fm_volume=0.1804062873, calling pid 3386
08-21 17:00:26.580  3386  3521 V AudioPolicyService: AudioCommandThread() processing update audio patch list
08-21 17:00:26.580  3386  3520 V AudioFlinger: ThreadBase::setParameters() fm_volume=0.1804062873
08-21 17:00:26.580  3386  3521 V AudioPolicyService: AudioCommandThread() going to sleep
08-21 17:00:26.580  3386  3520 V AudioFlinger: sendConfigEvent_l() num events 1 event 2
08-21 17:00:26.589  3386  3533 V AudioFlinger: processConfigEvents_l() remaining events 1
08-21 17:00:26.589  3386  3533 D audio_hw_primary: out_set_parameters: enter: usecase(1: low-latency-playback) kvpairs: fm_volume=0.1804062873
08-21 17:00:26.589  3386  3533 D audio_hw_fm: audio_extn_fm_set_parameters: set_fm_volume usecase
08-21 17:00:26.589  3386  3533 D audio_hw_fm: fm_set_volume: device=2 (0.180406)
08-21 17:00:26.590  3386  3533 V audio_hw_primary: out_set_parameters: exit: code(0)
08-21 17:00:26.590  3386  3533 V AudioFlinger: processConfigEvents_l() DONE thread 0xf1040000
08-21 17:00:26.591  3386  3520 V AudioPolicyService: AudioCommandThread() going to sleep
08-21 17:00:26.591  3386  3539 V APM::AudioPolicyManager: checkAndSetVolume() cannot set stream 6 volume with force use = 0 for comm
08-21 17:00:26.591  3386  3539 V AudioFlinger: signal playback thread
08-21 17:00:26.591  1567  3268 V SoundPool: delete oldTrack 0x0
08-21 17:00:26.600  3386  3533 V AudioFlinger: acquireWakeLock_l() AudioOut_2 status 0
08-21 17:00:26.604  3386  3532 D audio_hw_primary: start_output_stream: enter: stream(0xf1b28080)usecase(1: low-latency-playback) devices(0x2)
08-21 17:00:26.604  3386  3532 E audio_hw_primary: select_devices: enter and usecase(1)
08-21 17:00:26.604  3386  3532 D msm8974_platform_lge: LGE_platform_get_output_snd_device: enter(0:2)
08-21 17:00:26.604  3386  3532 V msm8974_platform: platform_get_output_snd_device: enter: output devices(0x2)
08-21 17:00:26.604  3386  3532 V msm8974_platform: platform_get_output_snd_device: exit: snd_device(speaker)
08-21 17:00:26.604  3386  3532 V platform_apt: lge_get_output_in_mandatory_depth: enter and devices(2)
08-21 17:00:26.604  3386  3532 D msm8974_platform_lge: LGE_platform_get_output_snd_device: exit: out_snd_device(speaker)
08-21 17:00:26.604  3386  3532 D audio_hw_primary: select_devices: out_snd_device(2: speaker) in_snd_device(0: )
08-21 17:00:26.604  3386  3532 V msm8974_platform: platform_check_and_set_codec_backend_cfg usecase = 1
08-21 17:00:26.604  3386  3532 W msm8974_platform: Codec backend bitwidth 16, samplerate 48000
08-21 17:00:26.604  3386  3532 V msm8974_platform: Offload playback running bw 16 sr 48000
08-21 17:00:26.604  3386  3532 E audio_hw_primary: enable_snd_device: enter  2
08-21 17:00:26.604  3386  3532 D hardware_info: hw_info_append_hw_type : device_name = speaker
08-21 17:00:26.604  3386  3532 V audio_hw_3rdP_spkr_prot: lge_audio_3rdP_spk_prot_enable: Entry
08-21 17:00:26.614  3386  3533 V AudioFlinger: mixer(0xf1040000) throttle begin: ret(7680) deltaMs(0) requires sleep 10 ms
08-21 17:00:26.632  3386  3532 V audio_hw_3rdP_spkr_prot: lge_audio_3rdP_spk_prot_enable: Exit
08-21 17:00:26.632  3386  3532 V audio_hw_primary: enable_snd_device: snd_device(2: speaker)
08-21 17:00:26.633  3386  3532 I audio_hw_primary: select_devices Selected apptype: 69937
08-21 17:00:26.633  3386  3532 V audio_hw_primary: enable_audio_route: enter: usecase(1)
08-21 17:00:26.633  3386  3532 D audio_hw_utils: audio_extn_utils_send_audio_calibration: audio_extn_utils_send_audio_calibration(0)
08-21 17:00:26.633  3386  3532 V msm8974_platform: platform_send_audio_calibration: sending audio calibration for snd_device(2) acdb_id(14)
08-21 17:00:26.633  3386  3532 D ACDB-LOADER: ACDB -> send_audio_cal, acdb_id = 14, path =  0
08-21 17:00:26.633  3386  3532 D ACDB-LOADER: ACDB -> send_asm_topology
08-21 17:00:26.633  3386  3532 D ACDB-LOADER: ACDB -> ACDB_CMD_GET_AUDPROC_STREAM_TOPOLOGY_ID
08-21 17:00:26.633  3386  3532 D ACDB-LOADER: ACDB -> send_adm_topology
08-21 17:00:26.633  3386  3532 D ACDB-LOADER: ACDB -> ACDB_CMD_GET_AUDPROC_COMMON_TOPOLOGY_ID
08-21 17:00:26.633  3386  3532 D ACDB-LOADER: ACDB -> send_audtable
08-21 17:00:26.633  3386  3532 D ACDB-LOADER: ACDB -> ACDB_CMD_GET_AUDPROC_COMMON_TABLE
08-21 17:00:26.633  3386  3532 D ACDB-LOADER: ACDB -> AUDIO_SET_AUDPROC_CAL
08-21 17:00:26.633  3386  3532 D ACDB-LOADER: ACDB -> send_audvoltable
08-21 17:00:26.633  3386  3532 D ACDB-LOADER: ACDB -> ACDB_CMD_GET_AUDPROC_GAIN_DEP_STEP_TABLE
08-21 17:00:26.633  3386  3532 D ACDB-LOADER: ACDB -> AUDIO_SET_AUDPROC_VOL_CAL
08-21 17:00:26.633  3386  3532 D ACDB-LOADER: ACDB -> send_afe_cal
08-21 17:00:26.633  3386  3532 D ACDB-LOADER: ACDB -> ACDB_CMD_GET_AFE_COMMON_TABLE
08-21 17:00:26.633  3386  3532 D ACDB-LOADER: ACDB -> AUDIO_SET_AFE_CAL
08-21 17:00:26.633  3386  3532 D ACDB-LOADER: ACDB -> send_hw_delay : acdb_id = 14 path = 0
08-21 17:00:26.633  3386  3532 D ACDB-LOADER: ACDB -> ACDB_AVSYNC_INFO: ACDB_CMD_GET_DEVICE_PROPERTY
08-21 17:00:26.634  3386  3532 I audio_hw_utils: audio_extn_utils_send_app_type_cfg app_type 69937, acdb_dev_id 14, sample_rate 48000
08-21 17:00:26.634  3386  3532 V msm8974_platform_lge: LGE_platform_add_backend_name: enter: 2
08-21 17:00:26.634  3386  3532 V audio_hw_primary: enable_audio_route: apply mixer and update path: low-latency-playback quat-mi2s-speaker
08-21 17:00:26.636  3386  3532 V audio_hw_primary: enable_audio_route: exit
08-21 17:00:26.636  3386  3532 D audio_hw_primary: select_devices: done
08-21 17:00:26.636  3386  3532 V audio_hw_primary: start_output_stream: Opening PCM device card_id(0) device_id(15) format(0)
08-21 17:00:26.639  3386  3533 D AudioFlinger: mixer(0xf1040000) throttle end: throttle time(10)
08-21 17:00:26.639  3386  3532 V msm8974_platform: platform_set_channel_map channel_count:2
08-21 17:00:26.639  3386  3532 D msm8974_platform: platform_set_channel_map mixer_ctl_name:Playback Channel Map15
08-21 17:00:26.639  3386  3532 D msm8974_platform: platform_set_channel_map: set mapping(1 2 0 0 0 0 0 0) for channel:2
08-21 17:00:26.640  3386  3532 V audio_hw_primary: start_output_stream: exit
08-21 17:00:26.742  1567   913 V SoundPool: process 0x7f674e34d0 channel 533 event BUFFER_END
08-21 17:00:26.742  1567  3920 V SoundPool: awake
08-21 17:00:26.742  1567  3920 V SoundPool: Getting channel from stop list
08-21 17:00:26.742  1567  3920 V SoundPool: stop
08-21 17:00:26.743  1567  3920 V SoundPool: done_l(533)
08-21 17:00:26.743  1567  3920 V SoundPool: move to front
08-21 17:00:26.794  3386  3533 V audio_hw_primary: out_get_latency: Latency 10
08-21 17:00:26.817  3386  3533 V audio_hw_primary: out_get_latency: Latency 10
08-21 17:00:26.821  3386  3533 V AudioFlinger: removeTracks_l removing track on session 945
08-21 17:00:26.821  3386  3533 V AudioFlinger: acquireWakeLock_l() AudioOut_2 status 0
08-21 17:00:26.831  3386  3533 V AudioPolicyService: AudioCommandThread() adding stop output 2
08-21 17:00:26.831  3386  3533 V AudioPolicyService: inserting command: 5 at index 0, num commands 0
08-21 17:00:26.832  3386  3521 V AudioPolicyService: AudioCommandThread() waking up
08-21 17:00:26.832  3386  3521 V AudioPolicyService: AudioCommandThread() processing stop output 2
08-21 17:00:26.832  3386  3521 V APM::AudioPolicyManager: stopOutput() output 2, stream 1, session 945
08-21 17:00:26.832  3386  3521 V APM::AudioPolicyManager: setBeaconMute(1) mBeaconMuteRefCount=0 mBeaconPlayingRefCount=0
08-21 17:00:26.832  3386  3521 V APM::AudioPolicyManager: getNewOutputDevice() selected device 0
08-21 17:00:26.832  3386  3521 V APM::AudioPolicyManager: setOutputDevice() device 0000 delayMs 100
08-21 17:00:26.832  3386  3521 V APM::AudioPolicyManager: setOutputDevice() prevDevice 0x0002
08-21 17:00:26.832  3386  3521 V APM::AudioPolicyManager: AudioPolicyManagerEx::getRingerMode() mRingerMode 2
08-21 17:00:26.832  3386  3521 V APM::AudioPolicyManager: AudioPolicyManagerEx::getRingerMode() mRingerMode 2
08-21 17:00:26.832  3386  3521 V APM::AudioPolicyManager: AudioPolicyManagerEx::getRingerMode() mRingerMode 2
08-21 17:00:26.832  3386  3521 V APM::AudioPolicyManager: AudioPolicyManagerEx::getRingerMode() mRingerMode 2
08-21 17:00:26.832  3386  3521 V APM::AudioPolicyManager: AudioPolicyManagerEx::getRingerMode() mRingerMode 2
08-21 17:00:26.832  3386  3521 V APM::AudioPolicyManager: setOutputDevice() setting same device 0x0000 or null device
08-21 17:00:26.832  3386  3521 V AudioPolicyService: AudioCommandThread() going to sleep
08-21 17:00:27.926  1567  3233 D InputDispatcher: notifyMotion - action=ACTION_DOWN(0), id=0, x=224.000, y=12.000, tooltype=1, deviceId=4, source=0x1002, policyFlags=0x0, flags=0x0, metaState=0x0, buttonState=0x0, edgeFlags=0x0, eventTime=14380037816000, downTime=14380037816000, 
08-21 17:00:27.927  1567  3232 D InputTransport: channel '73e0648 StatusBar (server)' : action=ACTION_DOWN(0), id=0, x=224.000, y=12.000, [tooltype=1, deviceId=4, source=0x1002, flags=0x0, edgeFlags=0x0, metaState=0x0, buttonState=0x0, downTime=14380037816000, eventTime=14380037816000, pointerCount=1
08-21 17:00:27.928  3599  3599 D [SystemUI]StatusBarWindowView: onInterceptTouchEvent() ACTION_DOWN MotionEvent { action=ACTION_DOWN, actionButton=0, id[0]=0, x[0]=224.0, y[0]=12.0, toolType[0]=TOOL_TYPE_FINGER, buttonState=0, metaState=0, flags=0x0, edgeFlags=0x0, pointerCount=1, historySize=0, eventTime=14380037, downTime=14380037, deviceId=4, source=0x1002 }
08-21 17:00:27.949  3599  3599 D KeyguardSecurityModel: 0 Phone is READY
08-21 17:00:27.949  3599  3599 D KeyguardUpdateMonitor: ###### current user : 0
08-21 17:00:27.962  3599  3599 D [SystemUI]PanelView: onTouchEvent ACTION_DOWN mGestureWaitForTouchSlop=true,mHeightAnimator=null,mPeekAnimator=null
08-21 17:00:27.965  3599  3599 I [SystemUI]PhoneStatusBarView: go state: 0 -> 1
08-21 17:00:27.966  3599  3599 D PhoneStatusBar: disable: < expand ICONS* alerts SYSTEM_INFO* back home recent clock search quick_settings >
08-21 17:00:27.980  3599  3599 D [SystemUI]PanelView: onTouchEvent ACTION_MOVE start Tracking
08-21 17:00:27.980  3599  3599 I [SystemUI]PanelView: onTrackingStarted 
08-21 17:00:27.984  1567  4220 D SplitFlag: relayout.. reset flags.. flags = 81860040, sysflags = 600 of win Window{73e0648 u0 StatusBar}
08-21 17:00:27.984  1567  4220 I PhoneWindowManagerEx: [PWM] sIsDimming=false, isDimChanging = false
08-21 17:00:27.985  1567  4220 I PhoneWindowManagerEx: [PWM][updateSystemUiVisibilityLw] tmpColorNavigationBar=0x1
08-21 17:00:27.985  1567  4220 I PhoneWindowManagerEx: [PWM][updateSystemUiVisibilityLw] mLastColorNavigationBar=0xff000000
08-21 17:00:27.985  1567  4220 D kyu     : WindowState::getSystemUiVisibilityLG = 0
08-21 17:00:27.985  1567  4220 I WindowManager: [PWM][updateSystemUiVisibilityLw] diffLG=0
08-21 17:00:27.985  1567  4220 I WindowManager: [PWM][updateSystemUiVisibilityLw] visibilityLG=0x0
08-21 17:00:27.985  1567  4220 I WindowManager: [PWM][updateSystemUiVisibilityLw] mLastSystemUiFlagsLG=0x0
08-21 17:00:27.985  1567  4220 D WindowManager: [PWM][updateSystemUiVisibilityLw] mLastSystemUiFlagsLG=0x0
08-21 17:00:27.985  1567  1963 I SystemUI[Framework]: PhoneWindowManager.updateSystemUiVisibilityLw() :visibility=0x600, pkg=com.android.systemui
08-21 17:00:27.986  1567  4220 I PhoneWindowManagerEx: [PWM] sIsDimming=false, isDimChanging = false
08-21 17:00:27.986  1567  4220 I PhoneWindowManagerEx: [PWM][updateSystemUiVisibilityLw] tmpColorNavigationBar=0x1
08-21 17:00:27.986  1567  4220 I PhoneWindowManagerEx: [PWM][updateSystemUiVisibilityLw] mLastColorNavigationBar=0xff000000
08-21 17:00:27.986  1567  4220 D kyu     : WindowState::getSystemUiVisibilityLG = 0
08-21 17:00:27.986  1567  4220 I WindowManager: [PWM][updateSystemUiVisibilityLw] diffLG=0
08-21 17:00:27.986  1567  4220 I WindowManager: [PWM][updateSystemUiVisibilityLw] visibilityLG=0x0
08-21 17:00:27.986  1567  4220 I WindowManager: [PWM][updateSystemUiVisibilityLw] mLastSystemUiFlagsLG=0x0
08-21 17:00:27.990  1567  1963 I SystemUI[Framework]: ==>disabledNaviBtn() what=0x0, token=android.os.Binder@e09e6ff,  pkg=Window{73e0648 u0 StatusBar}
08-21 17:00:27.990  1567  1963 I SystemUI[Framework]: disableNaviBtn: mDisabledNaviBtn=0x0,  mDisableRecords.size=0
08-21 17:00:28.014  1567  4220 D InputDispatcher: Focus left window: Window{159c863 u0 com.lge.hiddenmenu/com.lge.hiddenmenu.SVC.log_service.MainActivity}
08-21 17:00:28.014  1567  4220 D InputDispatcher: Focus entered window: Window{73e0648 u0 StatusBar}
08-21 17:00:28.017  1567  4220 I PhoneWindowManagerEx: [PWM] sIsDimming=false, isDimChanging = false
08-21 17:00:28.017  1567  4220 I PhoneWindowManagerEx: [PWM][updateSystemUiVisibilityLw] tmpColorNavigationBar=0x1
08-21 17:00:28.017  1567  4220 I PhoneWindowManagerEx: [PWM][updateSystemUiVisibilityLw] mLastColorNavigationBar=0xff000000
08-21 17:00:28.017  1567  4220 D kyu     : WindowState::getSystemUiVisibilityLG = 0
08-21 17:00:28.017  1567  4220 I WindowManager: [PWM][updateSystemUiVisibilityLw] diffLG=0
08-21 17:00:28.017  1567  4220 I WindowManager: [PWM][updateSystemUiVisibilityLw] visibilityLG=0x0
08-21 17:00:28.017  1567  4220 I WindowManager: [PWM][updateSystemUiVisibilityLw] mLastSystemUiFlagsLG=0x0
08-21 17:00:28.026  3599  3599 D [SystemUI]PanelView: onApplyWindowInsets, WindowInsets : WindowInsets{systemWindowInsets=Rect(0, 0 - 0, 168) windowDecorInsets=Rect(0, 0 - 0, 0) stableInsets=Rect(0, 0 - 0, 168)}
08-21 17:00:28.034  1567  3233 D InputDispatcher: notifyMotion - action=ACTION_UP(0), id=0, x=461.000, y=892.000, tooltype=1, deviceId=4, source=0x1002, policyFlags=0x0, flags=0x0, metaState=0x0, buttonState=0x0, edgeFlags=0x0, eventTime=14380145555000, downTime=14380037816000, 
08-21 17:00:28.034  1567  3232 D InputTransport: channel '73e0648 StatusBar (server)' : action=ACTION_UP(0), id=0, x=461.000, y=892.000, [tooltype=1, deviceId=4, source=0x1002, flags=0x0, edgeFlags=0x0, metaState=0x0, buttonState=0x0, downTime=14380037816000, eventTime=14380145555000, pointerCount=1
08-21 17:00:28.040 26637 26637 W SplitWindow: update focus... 
08-21 17:00:28.098  1567  3641 D SplitFlag: relayout.. reset flags.. flags = 21840068, sysflags = 0 of win Window{ec526fd u0 NavigationBar}
08-21 17:00:28.100  1567  3641 I PhoneWindowManagerEx: [PWM] sIsDimming=false, isDimChanging = false
08-21 17:00:28.100  1567  3641 I PhoneWindowManagerEx: [PWM][updateSystemUiVisibilityLw] tmpColorNavigationBar=0x1
08-21 17:00:28.100  1567  3641 I PhoneWindowManagerEx: [PWM][updateSystemUiVisibilityLw] mLastColorNavigationBar=0xff000000
08-21 17:00:28.100  1567  3641 D kyu     : WindowState::getSystemUiVisibilityLG = 0
08-21 17:00:28.100  1567  3641 I WindowManager: [PWM][updateSystemUiVisibilityLw] diffLG=0
08-21 17:00:28.100  1567  3641 I WindowManager: [PWM][updateSystemUiVisibilityLw] visibilityLG=0x0
08-21 17:00:28.100  1567  3641 I WindowManager: [PWM][updateSystemUiVisibilityLw] mLastSystemUiFlagsLG=0x0
08-21 17:00:28.125  3599  3599 D [SystemUI]StatusBarWindowView: onInterceptTouchEvent() ACTION_UP MotionEvent { action=ACTION_UP, actionButton=0, id[0]=0, x[0]=461.0, y[0]=892.0, toolType[0]=TOOL_TYPE_FINGER, buttonState=0, metaState=0, flags=0x0, edgeFlags=0x0, pointerCount=1, historySize=0, eventTime=14380145, downTime=14380037, deviceId=4, source=0x1002 }
08-21 17:00:28.134  3599  3599 D [SystemUI]PanelView: fling() vel:19085.814,expandBecauseOfFalsing:false,height:2560
08-21 17:00:28.134  3599  3599 I [SystemUI]PanelView: onTrackingStopped : true
08-21 17:00:28.166  3599  3599 D PhoneStatusBar: setSystemUiVisibility vis=600 mask=ffffffff oldVal=0 newVal=600 diff=600
08-21 17:00:28.261  3599  3599 I [SystemUI]PhoneStatusBarView: go state: 1 -> 2
08-21 17:00:28.269  3599  3599 I [SystemUI]StatusBarExpansionState: status bar expansion is changed to settings_expanded
08-21 17:00:28.269  3599  3599 D [SystemUI]NavigationThemeResource: onPanelExpansionChanged, mPanelExpanded : true
08-21 17:00:28.278  3599  3599 D [SystemUI]BrightnessSlider: updateSeekBar, brightness = 177
08-21 17:00:28.279  3599  3599 E [SystemUI]BrightnessSlider: percent = 68
08-21 17:00:28.302  3599  3599 I [SystemUI]StatusBarExpansionState: sending ACTION_STATUS_BAR_EXPANDED
08-21 17:00:28.309  4064  4064 I Cliptray Service: cliptrayEventReceiver :onReceivecom.lge.statusbar.expanded
08-21 17:00:28.332  1567  3641 V NotificationVibrator: cancel()
08-21 17:00:28.332  1567  3641 I VolumeVibratorManager: cancel()
08-21 17:00:28.337  1567  3641 D lightsbindercall: calling ... updateLightList
08-21 17:00:28.338  1567  3641 E lightsbindercall: virtual void android::BpLEDManager::updateLightList(int32_t, int32_t, int, int32_t, int32_t, int32_t, const android::String16&) : Binder Transaction Start!!
08-21 17:00:28.339  1567  4114 I LGNativeVibrator: vibrator_off
08-21 17:00:28.350  1567  3641 E lightsbindercall: virtual void android::BpLEDManager::updateLightList(int32_t, int32_t, int, int32_t, int32_t, int32_t, const android::String16&) : Binder Transaction End!! (error code 0)
08-21 17:00:28.356  7247  2375 I iu.UploadsManager: End new media; added: 0, uploading: 0, time: 415 ms
08-21 17:00:28.649  1567  3954 I AccountManagerService: getTypesVisibleToCaller: isPermitted? true
08-21 17:00:28.803  3386 21639 D audio_hw_extn: audio_extn_get_parameters: returns 
08-21 17:00:28.804  3386 21639 V msm8974_platform: platform_get_parameters: exit: returns - 
08-21 17:00:28.804  3386 21639 V audio_hw_primary: adev_get_parameters: exit: returns - 
08-21 17:00:28.804  3386 21639 I str_params: key: 'isSwIrrc' value: ''
08-21 17:00:28.846  1567  3233 D InputDispatcher: notifyMotion - action=ACTION_DOWN(0), id=0, x=711.000, y=375.000, tooltype=1, deviceId=4, source=0x1002, policyFlags=0x0, flags=0x0, metaState=0x0, buttonState=0x0, edgeFlags=0x0, eventTime=14380957798000, downTime=14380957798000, 
08-21 17:00:28.846  1567  3232 D InputTransport: channel '73e0648 StatusBar (server)' : action=ACTION_DOWN(0), id=0, x=711.000, y=375.000, [tooltype=1, deviceId=4, source=0x1002, flags=0x0, edgeFlags=0x0, metaState=0x0, buttonState=0x0, downTime=14380957798000, eventTime=14380957798000, pointerCount=1
08-21 17:00:28.869  3599  3599 D [SystemUI]VolumeSlider: seekbar maxVolume = 7, volume = 5, plusone = 0
08-21 17:00:28.886  3599  3599 D [SystemUI]StatusBarWindowView: onInterceptTouchEvent() ACTION_DOWN MotionEvent { action=ACTION_DOWN, actionButton=0, id[0]=0, x[0]=711.0, y[0]=375.0, toolType[0]=TOOL_TYPE_FINGER, buttonState=0, metaState=0, flags=0x0, edgeFlags=0x0, pointerCount=1, historySize=0, eventTime=14380957, downTime=14380957, deviceId=4, source=0x1002 }
08-21 17:00:28.914  3599  3599 D KeyguardSecurityModel: 0 Phone is READY
08-21 17:00:28.914  3599  3599 D KeyguardUpdateMonitor: ###### current user : 0
08-21 17:00:28.916  4479  2377 I CAPP_DB_LOG: opened database address/path : 0x7f6b716380, /data/user/0/com.google.android.gms/databases/phenotype.db
08-21 17:00:28.917  3599  3599 D [SystemUI]NotificationPanelView: onQsIntercept ACTION_DOWN shouldQuickSettingsIntercept:false,mQsExpansionAnimator=null
08-21 17:00:28.917  3599  3599 D [SystemUI]PanelView: onInterceptTouchEvent ACTION_DOWN does not cancel heightAnimator mAnimatingOnDown:false,mClosing:false,mPeekAnimator:null
08-21 17:00:28.918  4479  2377 I CAPP_DB_LOG:   database address : 0x7f6b716380, pragma journal_mode = PERSIST
08-21 17:00:28.919  4479  2377 I CAPP_DB_LOG:   database address : 0x7f6b716380, pragma journal_size_limit = 524288
08-21 17:00:28.919  4479  2377 I CAPP_DB_LOG:   database address : 0x7f6b716380, pragma wal_autocheckpoint = 100
08-21 17:00:29.481  4064  4722 V SplitWindowPolicy: checkScreen => return. sourceIntent is null or not support SplitWindow component: ComponentInfo{com.lge.wifisettings/com.lge.wifisettings.activity.WifiScreenSettingsActivity}
08-21 17:00:29.481  1567  4197 V SplitWindowManager: checkScreen takes for 24 ms.
08-21 17:00:29.481  1567  4197 D SplitInfo: new ActivitySplitInfo : ActivitySplitInfo [screenZone=0/ flag=0x0/ state=NATIVE/ forceFullScreen=false]
08-21 17:00:29.481  1567  4197 V SplitWindowManager: prepareSplitWindowLocked blank for debug
08-21 17:00:29.482  1567  4197 D SplitWindowManager: adjustStackFocus returns null
08-21 17:00:29.482  1567  4197 I PhoneWindowManagerEx: [PWM] sIsDimming=false, isDimChanging = false
08-21 17:00:29.482  1567  4197 I PhoneWindowManagerEx: [PWM][updateSystemUiVisibilityLw] tmpColorNavigationBar=0x1
08-21 17:00:29.482  1567  4197 I PhoneWindowManagerEx: [PWM][updateSystemUiVisibilityLw] mLastColorNavigationBar=0xff000000
08-21 17:00:29.482  1567  4197 D kyu     : WindowState::getSystemUiVisibilityLG = 0
08-21 17:00:29.482  1567  4197 I WindowManager: [PWM][updateSystemUiVisibilityLw] diffLG=0
08-21 17:00:29.482  1567  4197 I WindowManager: [PWM][updateSystemUiVisibilityLw] visibilityLG=0x0
08-21 17:00:29.483  1567  4197 I WindowManager: [PWM][updateSystemUiVisibilityLw] mLastSystemUiFlagsLG=0x0
08-21 17:00:29.489  1567  4197 V SplitWindowManager: startActivityLocked has blank for debug ActivityRecord{da432ed u0 com.lge.wifisettings/.activity.WifiScreenSettingsActivity t76}
08-21 17:00:29.496  1567  2117 I PhoneWindow: [generateLayout] setColorNavigationBar => color=0x ff000001
08-21 17:00:29.501  1567  4197 D FingerprintProtector: This is not product version.
08-21 17:00:29.507  1567  2117 D PhoneWindowEx: Ex2. SystemProperties.get result >> #ff000000
08-21 17:00:29.507  1567  2117 D PhoneWindowEx: [PWEx][generateLayout] setNavigationBarColor2 : colors=0xff000000
08-21 17:00:29.507  1567  2117 I PhoneWindow: [setNavigationBarColor2] color=0x ff000000
08-21 17:00:29.511  4064  4582 D QcomPmext: activity start: com.lge.wifisettings/com.lge.wifisettings.activity.WifiScreenSettingsActivity
08-21 17:00:29.547  1567  2117 D SplitFlag: relayout.. reset flags.. flags = 81830118, sysflags = 600 of win Window{ef80ad2 u0 Starting com.lge.wifisettings}
08-21 17:00:29.550  1567  2117 I PhoneWindowManagerEx: [PWM] sIsDimming=false, isDimChanging = false
08-21 17:00:29.550  1567  2117 I PhoneWindowManagerEx: [PWM][updateSystemUiVisibilityLw] tmpColorNavigationBar=0x1
08-21 17:00:29.550  1567  2117 I PhoneWindowManagerEx: [PWM][updateSystemUiVisibilityLw] mLastColorNavigationBar=0xff000000
08-21 17:00:29.550  1567  2117 D kyu     : WindowState::getSystemUiVisibilityLG = 0
08-21 17:00:29.550  1567  2117 I WindowManager: [PWM][updateSystemUiVisibilityLw] diffLG=0
08-21 17:00:29.550  1567  2117 I WindowManager: [PWM][updateSystemUiVisibilityLw] visibilityLG=0x0
08-21 17:00:29.550  1567  2117 I WindowManager: [PWM][updateSystemUiVisibilityLw] mLastSystemUiFlagsLG=0x0
08-21 17:00:29.552  1567  4197 I SplitWindowManager: updateActivityState: ActivityRecord{47d8006 u0 com.lge.hiddenmenu/.SVC.log_service.MainActivity t54}/ resumed=false
08-21 17:00:29.552  1567  4197 V SplitWindowManager: SplitWindowManager dumpstate.(_mState : NORMAL)
08-21 17:00:29.552  1567  4197 V SplitWindowManager: _mSplitActivityList(1)_______
08-21 17:00:29.552  1567  4197 V SplitWindowManager:  * SplitActivity{4f5eb72 com.lge.hiddenmenu/.SVC.log_service.MainActivity t54 s2 PAUSING ActivitySplitInfo [screenZone=0/ flag=0x0/ state=NATIVE/ forceFullScreen=false]
08-21 17:00:29.552  1567  4197 V SplitWindowManager: _mPreparedActivity : 
08-21 17:00:29.552  1567  1955 D SplitWindowManager: SplitWindowManagerHandler:handleMessage: 501
08-21 17:00:29.554  4064  4081 D SplitWindowPolicy: updateActivityStateChanged: resumed=false, screenId=2, isScreenFull=true
08-21 17:00:29.554  4064  4081 D SplitWindowPolicy: topRunningActivity=ActivityInfo{aa7409f com.lge.hiddenmenu.SVC.log_service.MainActivity}, taskId=54, activityType=0, bIsSplit=false
08-21 17:00:29.557  1567  4197 I PhoneWindowManagerEx: [PWM] sIsDimming=false, isDimChanging = false
08-21 17:00:29.557  1567  4197 I PhoneWindowManagerEx: [PWM][updateSystemUiVisibilityLw] tmpColorNavigationBar=0x1
08-21 17:00:29.557  1567  4197 I PhoneWindowManagerEx: [PWM][updateSystemUiVisibilityLw] mLastColorNavigationBar=0xff000000
08-21 17:00:29.557  1567  4197 D kyu     : WindowState::getSystemUiVisibilityLG = 0
08-21 17:00:29.557  1567  4197 I WindowManager: [PWM][updateSystemUiVisibilityLw] diffLG=0
08-21 17:00:29.557  1567  4197 I WindowManager: [PWM][updateSystemUiVisibilityLw] visibilityLG=0x0
08-21 17:00:29.557  1567  4197 I WindowManager: [PWM][updateSystemUiVisibilityLw] mLastSystemUiFlagsLG=0x0
08-21 17:00:29.562  1567  1683 D FingerprintProtector: This is not product version.
08-21 17:00:29.563  1567  1683 D SplitWindowManager: updateStackInfo as SplitActivity{afedaa0 com.lge.wifisettings/.activity.WifiScreenSettingsActivity t76 s2 INITIALIZING ActivitySplitInfo [screenZone=0/ flag=0x0/ state=NATIVE/ forceFullScreen=false]
08-21 17:00:29.563  1567  1683 I SplitWindowManager: new SplitActivity created. 184474272: ActivityRecord{da432ed u0 com.lge.wifisettings/.activity.WifiScreenSettingsActivity t76}
08-21 17:00:29.563  1567  1683 V SplitWindowManager:   check task = TaskRecord{c444d04 #76 I=com.lge.wifisettings/.activity.WifiScreenSettingsActivity U=0 sz=1}
08-21 17:00:29.563  1567  1683 V SplitWindowManager:   check stack = ActivityStack{a0ad853 stackId=2, 12 tasks}
08-21 17:00:29.563  1567  1683 V SplitWindowManager:  has blank for debug on ensureActivitiesVisibleLocked
08-21 17:00:29.578  1567  1683 I SplitWindowManager: updateActivityState: ActivityRecord{da432ed u0 com.lge.wifisettings/.activity.WifiScreenSettingsActivity t76}/ resumed=true
08-21 17:00:29.578  1567  1683 V SplitWindowManager: remove from list : SplitActivity{4f5eb72 com.lge.hiddenmenu/.SVC.log_service.MainActivity t54 s2 PAUSED ActivitySplitInfo [screenZone=0/ flag=0x0/ state=NATIVE/ forceFullScreen=false]
08-21 17:00:29.578  1567  1683 V SplitWindowManager: add to list : SplitActivity{afedaa0 com.lge.wifisettings/.activity.WifiScreenSettingsActivity t76 s2 RESUMED ActivitySplitInfo [screenZone=0/ flag=0x0/ state=NATIVE/ forceFullScreen=false]
08-21 17:00:29.578  1567  1683 V SplitWindowManager: SplitWindowManager dumpstate.(_mState : NORMAL)
08-21 17:00:29.578  1567  1683 V SplitWindowManager: _mSplitActivityList(1)_______
08-21 17:00:29.578  1567  1683 V SplitWindowManager:  * SplitActivity{afedaa0 com.lge.wifisettings/.activity.WifiScreenSettingsActivity t76 s2 RESUMED ActivitySplitInfo [screenZone=0/ flag=0x0/ state=NATIVE/ forceFullScreen=false]
08-21 17:00:29.578  1567  1683 V SplitWindowManager: _mPreparedActivity : 
08-21 17:00:29.578  1567  1683 V SplitWindowManager: ensureActivitiesVisibleLocked has blank for debug 
08-21 17:00:29.579  1567  1683 I PhoneWindowManagerEx: [PWM] sIsDimming=false, isDimChanging = false
08-21 17:00:29.579  1567  1683 I PhoneWindowManagerEx: [PWM][updateSystemUiVisibilityLw] tmpColorNavigationBar=0x1
08-21 17:00:29.579  1567  1683 I PhoneWindowManagerEx: [PWM][updateSystemUiVisibilityLw] mLastColorNavigationBar=0xff000000
08-21 17:00:29.579  1567  1683 D kyu     : WindowState::getSystemUiVisibilityLG = 0
08-21 17:00:29.579  1567  1683 I WindowManager: [PWM][updateSystemUiVisibilityLw] diffLG=0
08-21 17:00:29.579  1567  1683 I WindowManager: [PWM][updateSystemUiVisibilityLw] visibilityLG=0x0
08-21 17:00:29.579  1567  1683 I WindowManager: [PWM][updateSystemUiVisibilityLw] mLastSystemUiFlagsLG=0x0
08-21 17:00:29.583  4064  4582 D QcomPmext: activity start: com.lge.wifisettings/com.lge.wifisettings.activity.WifiScreenSettingsActivity
08-21 17:00:29.587  1567  1955 D SplitWindowManager: SplitWindowManagerHandler:handleMessage: 501
08-21 17:00:29.608   519   575 I GBMv2   : GBM state [8]
08-21 17:00:29.608  4148  4162 D ForegroundUtils: Foreground changed, PID: 31963 UID: 1000 foreground: true
08-21 17:00:29.608  4148  4162 D ForegroundUtils: Foreground UID/PID combinations:
08-21 17:00:29.608  4148  4162 D ForegroundUtils: UID: 1000 PID: 26637
08-21 17:00:29.608  4148  4162 D ForegroundUtils: UID: 1000 PID: 31963
