08-21 16:59:29.814  4479  4590 I art     : Explicit concurrent mark sweep GC freed 1750(74KB) AllocSpace objects, 0(0B) LOS objects, 34% free, 30MB/46MB, paused 711us total 41.776ms
08-21 16:59:29.837  4479  4590 I art     : Starting a blocking GC Explicit
08-21 16:59:29.861  4907 11388 I ClearcutLoggerApiImpl: disconnect managed GoogleApiClient
08-21 16:59:29.874  4479  4590 I art     : Explicit concurrent mark sweep GC freed 3(96B) AllocSpace objects, 0(0B) LOS objects, 34% free, 30MB/46MB, paused 649us total 36.755ms
08-21 16:59:29.889  4479  4590 I art     : Starting a blocking GC Explicit
08-21 16:59:29.923  4479  4590 I art     : Explicit concurrent mark sweep GC freed 3(96B) AllocSpace objects, 0(0B) LOS objects, 34% free, 30MB/46MB, paused 542us total 33.654ms
08-21 16:59:29.938  4479  4590 I art     : Starting a blocking GC Explicit
08-21 16:59:29.965  4479  4590 I art     : Explicit concurrent mark sweep GC freed 3(96B) AllocSpace objects, 0(0B) LOS objects, 34% free, 30MB/46MB, paused 425us total 26.893ms
08-21 16:59:30.089  7247  7258 I art     : Starting a blocking GC Explicit
08-21 16:59:30.151  7247  7258 I art     : Explicit concurrent mark sweep GC freed 2834(159KB) AllocSpace objects, 1(20KB) LOS objects, 32% free, 32MB/48MB, paused 959us total 60.999ms
08-21 16:59:30.177  7247  7258 I art     : Starting a blocking GC Explicit
08-21 16:59:30.223  7247  7258 I art     : Explicit concurrent mark sweep GC freed 368(14KB) AllocSpace objects, 0(0B) LOS objects, 32% free, 32MB/48MB, paused 678us total 45.531ms
08-21 16:59:30.240  7247  7258 I art     : Starting a blocking GC Explicit
08-21 16:59:30.276  7247  7258 I art     : Explicit concurrent mark sweep GC freed 3(96B) AllocSpace objects, 0(0B) LOS objects, 32% free, 32MB/48MB, paused 590us total 35.323ms
08-21 16:59:30.291  7247  7258 I art     : Starting a blocking GC Explicit
08-21 16:59:30.323  7247  7258 I art     : Explicit concurrent mark sweep GC freed 3(96B) AllocSpace objects, 0(0B) LOS objects, 32% free, 32MB/48MB, paused 413us total 32.164ms
08-21 16:59:30.334  7247  7258 I art     : Starting a blocking GC Explicit
08-21 16:59:30.356  7247  7258 I art     : Explicit concurrent mark sweep GC freed 3(96B) AllocSpace objects, 0(0B) LOS objects, 32% free, 32MB/48MB, paused 341us total 21.497ms
08-21 16:59:30.444 28191 28205 I art     : Starting a blocking GC Explicit
08-21 16:59:30.478 28191 28205 I art     : Explicit concurrent mark sweep GC freed 1814(101KB) AllocSpace objects, 1(20KB) LOS objects, 22% free, 27MB/35MB, paused 762us total 32.647ms
08-21 16:59:30.502 28191 28205 I art     : Starting a blocking GC Explicit
08-21 16:59:30.532 28191 28205 I art     : Explicit concurrent mark sweep GC freed 22(784B) AllocSpace objects, 0(0B) LOS objects, 22% free, 27MB/35MB, paused 820us total 29.408ms
08-21 16:59:30.558 28191 28205 I art     : Starting a blocking GC Explicit
08-21 16:59:30.585 28191 28205 I art     : Explicit concurrent mark sweep GC freed 3(96B) AllocSpace objects, 0(0B) LOS objects, 22% free, 27MB/35MB, paused 715us total 26.904ms
08-21 16:59:30.604 28191 28205 I art     : Starting a blocking GC Explicit
08-21 16:59:30.629 28191 28205 I art     : Explicit concurrent mark sweep GC freed 3(96B) AllocSpace objects, 0(0B) LOS objects, 22% free, 27MB/35MB, paused 623us total 24.125ms
08-21 16:59:30.645 28191 28205 I art     : Starting a blocking GC Explicit
08-21 16:59:30.667 28191 28205 I art     : Explicit concurrent mark sweep GC freed 3(96B) AllocSpace objects, 0(0B) LOS objects, 22% free, 27MB/35MB, paused 435us total 21.559ms
08-21 16:59:30.779  1529  1540 I art     : Starting a blocking GC Explicit
08-21 16:59:30.796  1529  1540 I art     : Explicit concurrent mark sweep GC freed 1760(98KB) AllocSpace objects, 1(20KB) LOS objects, 24% free, 24MB/32MB, paused 272us total 16.199ms
08-21 16:59:30.823  1529  1540 I art     : Starting a blocking GC Explicit
08-21 16:59:30.840  1529  1540 I art     : Explicit concurrent mark sweep GC freed 25(856B) AllocSpace objects, 0(0B) LOS objects, 24% free, 24MB/32MB, paused 316us total 15.926ms
08-21 16:59:30.859  1529  1540 I art     : Starting a blocking GC Explicit
08-21 16:59:30.873  1529  1540 I art     : Explicit concurrent mark sweep GC freed 3(96B) AllocSpace objects, 0(0B) LOS objects, 24% free, 24MB/32MB, paused 261us total 13.749ms
08-21 16:59:30.896  1529  1540 I art     : Starting a blocking GC Explicit
08-21 16:59:30.911  1529  1540 I art     : Explicit concurrent mark sweep GC freed 3(96B) AllocSpace objects, 0(0B) LOS objects, 24% free, 24MB/32MB, paused 244us total 13.980ms
08-21 16:59:30.928  1529  1540 I art     : Starting a blocking GC Explicit
08-21 16:59:30.942  1529  1540 I art     : Explicit concurrent mark sweep GC freed 3(96B) AllocSpace objects, 0(0B) LOS objects, 24% free, 24MB/32MB, paused 214us total 13.863ms
08-21 16:59:31.024  1488  1521 I art     : Starting a blocking GC Explicit
08-21 16:59:31.042  1488  1521 I art     : Explicit concurrent mark sweep GC freed 1772(99KB) AllocSpace objects, 1(20KB) LOS objects, 24% free, 24MB/32MB, paused 342us total 17.137ms
08-21 16:59:31.068  1488  1521 I art     : Starting a blocking GC Explicit
08-21 16:59:31.083  1488  1521 I art     : Explicit concurrent mark sweep GC freed 20(696B) AllocSpace objects, 0(0B) LOS objects, 24% free, 24MB/32MB, paused 287us total 15.315ms
08-21 16:59:31.103  1488  1521 I art     : Starting a blocking GC Explicit
08-21 16:59:31.117  1488  1521 I art     : Explicit concurrent mark sweep GC freed 3(96B) AllocSpace objects, 0(0B) LOS objects, 24% free, 24MB/32MB, paused 282us total 14.199ms
08-21 16:59:31.133  1488  1521 I art     : Starting a blocking GC Explicit
08-21 16:59:31.146  1488  1521 I art     : Explicit concurrent mark sweep GC freed 3(96B) AllocSpace objects, 0(0B) LOS objects, 24% free, 24MB/32MB, paused 253us total 12.804ms
08-21 16:59:31.162  1488  1521 I art     : Starting a blocking GC Explicit
08-21 16:59:31.174  1488  1521 I art     : Explicit concurrent mark sweep GC freed 3(96B) AllocSpace objects, 0(0B) LOS objects, 24% free, 24MB/32MB, paused 224us total 11.715ms
08-21 16:59:31.268  1460  1473 I chatty  : uid=1000(system) Binder_2 expire 10 lines
08-21 16:59:31.496 30988 31002 I art     : Starting a blocking GC Explicit
08-21 16:59:31.512 30988 31002 I art     : Explicit concurrent mark sweep GC freed 1704(95KB) AllocSpace objects, 1(20KB) LOS objects, 24% free, 24MB/32MB, paused 277us total 14.645ms
08-21 16:59:31.542 30988 31002 I art     : Starting a blocking GC Explicit
08-21 16:59:31.556 30988 31002 I art     : Explicit concurrent mark sweep GC freed 18(616B) AllocSpace objects, 0(0B) LOS objects, 24% free, 24MB/32MB, paused 251us total 13.694ms
08-21 16:59:31.583 30988 31002 I art     : Starting a blocking GC Explicit
08-21 16:59:31.597 30988 31002 I art     : Explicit concurrent mark sweep GC freed 3(96B) AllocSpace objects, 0(0B) LOS objects, 24% free, 24MB/32MB, paused 231us total 13.611ms
08-21 16:59:31.621 30988 31002 I art     : Starting a blocking GC Explicit
08-21 16:59:31.634 30988 31002 I art     : Explicit concurrent mark sweep GC freed 3(96B) AllocSpace objects, 0(0B) LOS objects, 24% free, 24MB/32MB, paused 216us total 12.454ms
08-21 16:59:31.656 30988 31002 I art     : Starting a blocking GC Explicit
08-21 16:59:31.669 30988 31002 I art     : Explicit concurrent mark sweep GC freed 3(96B) AllocSpace objects, 0(0B) LOS objects, 24% free, 24MB/32MB, paused 185us total 11.933ms
08-21 16:59:31.844 11861 11872 I chatty  : uid=1000(system) Binder_1 expire 10 lines
08-21 16:59:32.101  4793  4806 I art     : Starting a blocking GC Explicit
08-21 16:59:32.117  4793  4806 I art     : Explicit concurrent mark sweep GC freed 1774(99KB) AllocSpace objects, 1(20KB) LOS objects, 24% free, 24MB/32MB, paused 300us total 15.508ms
08-21 16:59:32.141  4793  4806 I art     : Starting a blocking GC Explicit
08-21 16:59:32.158  4793  4806 I art     : Explicit concurrent mark sweep GC freed 20(696B) AllocSpace objects, 0(0B) LOS objects, 24% free, 24MB/32MB, paused 249us total 15.949ms
08-21 16:59:32.177  4793  4806 I art     : Starting a blocking GC Explicit
08-21 16:59:32.192  4793  4806 I art     : Explicit concurrent mark sweep GC freed 3(96B) AllocSpace objects, 0(0B) LOS objects, 24% free, 24MB/32MB, paused 243us total 14.551ms
08-21 16:59:32.208  4793  4806 I art     : Starting a blocking GC Explicit
08-21 16:59:32.221  4793  4806 I art     : Explicit concurrent mark sweep GC freed 3(96B) AllocSpace objects, 0(0B) LOS objects, 24% free, 24MB/32MB, paused 209us total 12.481ms
08-21 16:59:32.237  4793  4806 I art     : Starting a blocking GC Explicit
08-21 16:59:32.249  4793  4806 I art     : Explicit concurrent mark sweep GC freed 3(96B) AllocSpace objects, 0(0B) LOS objects, 24% free, 24MB/32MB, paused 612us total 12.522ms
08-21 16:59:32.319  8709  8723 I chatty  : uid=1000(system) Binder_1 expire 10 lines
08-21 16:59:32.494  4907  6958 I art     : Starting a blocking GC Explicit
08-21 16:59:32.546  4907  6958 I art     : Explicit concurrent mark sweep GC freed 2342(123KB) AllocSpace objects, 1(20KB) LOS objects, 34% free, 30MB/46MB, paused 650us total 51.545ms
08-21 16:59:32.565  4907  6958 I art     : Starting a blocking GC Explicit
08-21 16:59:32.600  4907  6958 I art     : Explicit concurrent mark sweep GC freed 25(896B) AllocSpace objects, 0(0B) LOS objects, 34% free, 30MB/46MB, paused 760us total 34.929ms
08-21 16:59:32.614  4907  6958 I art     : Starting a blocking GC Explicit
08-21 16:59:32.646  4907  6958 I art     : Explicit concurrent mark sweep GC freed 3(96B) AllocSpace objects, 0(0B) LOS objects, 34% free, 30MB/46MB, paused 476us total 31.371ms
08-21 16:59:32.658  4907  6958 I art     : Starting a blocking GC Explicit
08-21 16:59:32.686  4907  6958 I art     : Explicit concurrent mark sweep GC freed 3(96B) AllocSpace objects, 0(0B) LOS objects, 34% free, 30MB/46MB, paused 451us total 28.105ms
08-21 16:59:32.697  4907  6958 I art     : Starting a blocking GC Explicit
08-21 16:59:32.723  4907  6958 I art     : Explicit concurrent mark sweep GC freed 3(96B) AllocSpace objects, 0(0B) LOS objects, 34% free, 30MB/46MB, paused 369us total 25.646ms
08-21 16:59:32.837 32646 32658 I art     : Starting a blocking GC Explicit
08-21 16:59:32.854 32646 32658 I art     : Explicit concurrent mark sweep GC freed 1724(96KB) AllocSpace objects, 1(20KB) LOS objects, 24% free, 24MB/32MB, paused 278us total 16.502ms
08-21 16:59:32.883 32646 32658 I art     : Starting a blocking GC Explicit
08-21 16:59:32.899 32646 32658 I art     : Explicit concurrent mark sweep GC freed 18(616B) AllocSpace objects, 0(0B) LOS objects, 24% free, 24MB/32MB, paused 252us total 15.151ms
08-21 16:59:32.925 32646 32658 I art     : Starting a blocking GC Explicit
08-21 16:59:32.941 32646 32658 I art     : Explicit concurrent mark sweep GC freed 3(96B) AllocSpace objects, 0(0B) LOS objects, 24% free, 24MB/32MB, paused 227us total 15.248ms
08-21 16:59:32.965 32646 32658 I art     : Starting a blocking GC Explicit
08-21 16:59:32.978 32646 32658 I art     : Explicit concurrent mark sweep GC freed 3(96B) AllocSpace objects, 0(0B) LOS objects, 24% free, 24MB/32MB, paused 219us total 12.616ms
08-21 16:59:32.999 32646 32658 I art     : Starting a blocking GC Explicit
08-21 16:59:33.009 32646 32658 I art     : Explicit concurrent mark sweep GC freed 3(96B) AllocSpace objects, 0(0B) LOS objects, 24% free, 24MB/32MB, paused 161us total 10.334ms
08-21 16:59:33.186 24812 29053 I art     : Starting a blocking GC Explicit
08-21 16:59:33.220 24812 29053 I art     : Explicit concurrent mark sweep GC freed 2008(110KB) AllocSpace objects, 1(20KB) LOS objects, 19% free, 33MB/41MB, paused 678us total 33.374ms
08-21 16:59:33.246 24812 29053 I art     : Starting a blocking GC Explicit
08-21 16:59:33.272 24812 29053 I art     : Explicit concurrent mark sweep GC freed 1115(34KB) AllocSpace objects, 0(0B) LOS objects, 19% free, 32MB/40MB, paused 588us total 26.035ms
08-21 16:59:33.291 24812 29053 I art     : Starting a blocking GC Explicit
08-21 16:59:33.314 24812 29053 I art     : Explicit concurrent mark sweep GC freed 3(96B) AllocSpace objects, 0(0B) LOS objects, 19% free, 32MB/40MB, paused 555us total 22.246ms
08-21 16:59:33.331 24812 29053 I art     : Starting a blocking GC Explicit
08-21 16:59:33.352 24812 29053 I art     : Explicit concurrent mark sweep GC freed 3(96B) AllocSpace objects, 0(0B) LOS objects, 19% free, 32MB/40MB, paused 483us total 20.918ms
08-21 16:59:33.366 24812 29053 I art     : Starting a blocking GC Explicit
08-21 16:59:33.382 24812 29053 I art     : Explicit concurrent mark sweep GC freed 3(96B) AllocSpace objects, 0(0B) LOS objects, 19% free, 32MB/40MB, paused 337us total 15.726ms
08-21 16:59:33.476 24843   468 I art     : Starting a blocking GC Explicit
08-21 16:59:33.495 24843   468 I art     : Explicit concurrent mark sweep GC freed 1794(100KB) AllocSpace objects, 1(20KB) LOS objects, 24% free, 24MB/32MB, paused 372us total 17.913ms
08-21 16:59:33.515 24843   468 I art     : Starting a blocking GC Explicit
08-21 16:59:33.532 24843   468 I art     : Explicit concurrent mark sweep GC freed 20(696B) AllocSpace objects, 0(0B) LOS objects, 24% free, 24MB/32MB, paused 376us total 17.149ms
08-21 16:59:33.553 24843   468 I art     : Starting a blocking GC Explicit
08-21 16:59:33.572 24843   468 I art     : Explicit concurrent mark sweep GC freed 3(96B) AllocSpace objects, 0(0B) LOS objects, 24% free, 24MB/32MB, paused 346us total 17.995ms
08-21 16:59:33.590 24843   468 I art     : Starting a blocking GC Explicit
08-21 16:59:33.607 24843   468 I art     : Explicit concurrent mark sweep GC freed 3(96B) AllocSpace objects, 0(0B) LOS objects, 24% free, 24MB/32MB, paused 294us total 16.212ms
08-21 16:59:33.623 24843   468 I art     : Starting a blocking GC Explicit
08-21 16:59:33.639 24843   468 I art     : Explicit concurrent mark sweep GC freed 3(96B) AllocSpace objects, 0(0B) LOS objects, 24% free, 24MB/32MB, paused 310us total 15.104ms
08-21 16:59:33.766   309   357 I art     : Starting a blocking GC Explicit
08-21 16:59:33.785   309   357 I art     : Explicit concurrent mark sweep GC freed 1721(96KB) AllocSpace objects, 1(20KB) LOS objects, 24% free, 24MB/32MB, paused 280us total 17.718ms
08-21 16:59:33.810   309   357 I art     : Starting a blocking GC Explicit
08-21 16:59:33.825   309   357 I art     : Explicit concurrent mark sweep GC freed 18(616B) AllocSpace objects, 0(0B) LOS objects, 24% free, 24MB/32MB, paused 309us total 14.273ms
08-21 16:59:33.851   309   357 I art     : Starting a blocking GC Explicit
08-21 16:59:33.865   309   357 I art     : Explicit concurrent mark sweep GC freed 3(96B) AllocSpace objects, 0(0B) LOS objects, 24% free, 24MB/32MB, paused 280us total 13.927ms
08-21 16:59:33.892   309   357 I art     : Starting a blocking GC Explicit
08-21 16:59:33.907   309   357 I art     : Explicit concurrent mark sweep GC freed 3(96B) AllocSpace objects, 0(0B) LOS objects, 24% free, 24MB/32MB, paused 246us total 13.960ms
08-21 16:59:33.930   309   357 I art     : Starting a blocking GC Explicit
08-21 16:59:33.943   309   357 I art     : Explicit concurrent mark sweep GC freed 3(96B) AllocSpace objects, 0(0B) LOS objects, 24% free, 24MB/32MB, paused 228us total 12.630ms
08-21 16:59:34.096   527   547 I art     : Starting a blocking GC Explicit
08-21 16:59:34.138   527   547 I art     : Explicit concurrent mark sweep GC freed 1844(102KB) AllocSpace objects, 1(20KB) LOS objects, 20% free, 31MB/39MB, paused 398us total 41.914ms
08-21 16:59:34.168   527   547 I art     : Starting a blocking GC Explicit
08-21 16:59:34.203   527   547 I art     : Explicit concurrent mark sweep GC freed 22(776B) AllocSpace objects, 0(0B) LOS objects, 20% free, 31MB/39MB, paused 389us total 34.381ms
08-21 16:59:34.230   527   547 I art     : Starting a blocking GC Explicit
08-21 16:59:34.263   527   547 I art     : Explicit concurrent mark sweep GC freed 3(96B) AllocSpace objects, 0(0B) LOS objects, 20% free, 31MB/39MB, paused 322us total 32.787ms
08-21 16:59:34.284   527   547 I art     : Starting a blocking GC Explicit
08-21 16:59:34.314   527   547 I art     : Explicit concurrent mark sweep GC freed 3(96B) AllocSpace objects, 0(0B) LOS objects, 20% free, 31MB/39MB, paused 303us total 29.612ms
08-21 16:59:34.331   527   547 I art     : Starting a blocking GC Explicit
08-21 16:59:34.353   527   547 I art     : Explicit concurrent mark sweep GC freed 3(96B) AllocSpace objects, 0(0B) LOS objects, 20% free, 31MB/39MB, paused 230us total 21.916ms
08-21 16:59:34.465 30543 30555 I art     : Starting a blocking GC Explicit
08-21 16:59:34.499 30543 30555 I art     : Explicit concurrent mark sweep GC freed 1668(93KB) AllocSpace objects, 1(20KB) LOS objects, 22% free, 27MB/35MB, paused 221us total 32.726ms
08-21 16:59:34.517 30543 30555 I art     : Starting a blocking GC Explicit
08-21 16:59:34.544 30543 30555 I art     : Explicit concurrent mark sweep GC freed 129(5KB) AllocSpace objects, 0(0B) LOS objects, 22% free, 27MB/35MB, paused 209us total 26.952ms
08-21 16:59:34.559 30543 30555 I art     : Starting a blocking GC Explicit
08-21 16:59:34.585 30543 30555 I art     : Explicit concurrent mark sweep GC freed 3(96B) AllocSpace objects, 0(0B) LOS objects, 22% free, 27MB/35MB, paused 182us total 25.716ms
08-21 16:59:34.598 30543 30555 I art     : Starting a blocking GC Explicit
08-21 16:59:34.623 30543 30555 I art     : Explicit concurrent mark sweep GC freed 3(96B) AllocSpace objects, 0(0B) LOS objects, 22% free, 27MB/35MB, paused 165us total 24.581ms
08-21 16:59:34.636 30543 30555 I art     : Starting a blocking GC Explicit
08-21 16:59:34.655 30543 30555 I art     : Explicit concurrent mark sweep GC freed 3(96B) AllocSpace objects, 0(0B) LOS objects, 22% free, 27MB/35MB, paused 135us total 19.268ms
08-21 16:59:34.731 27054 27065 I chatty  : uid=1000(system) Binder_1 expire 10 lines
08-21 16:59:34.977 30501 30512 I art     : Starting a blocking GC Explicit
08-21 16:59:34.999 30501 30512 I art     : Explicit concurrent mark sweep GC freed 1797(102KB) AllocSpace objects, 1(20KB) LOS objects, 24% free, 25MB/33MB, paused 416us total 20.989ms
08-21 16:59:35.027 30501 30512 I art     : Starting a blocking GC Explicit
08-21 16:59:35.043 30501 30512 I art     : Explicit concurrent mark sweep GC freed 20(696B) AllocSpace objects, 0(0B) LOS objects, 24% free, 25MB/33MB, paused 374us total 16.234ms
08-21 16:59:35.072 30501 30512 I art     : Starting a blocking GC Explicit
08-21 16:59:35.088 30501 30512 I art     : Explicit concurrent mark sweep GC freed 3(96B) AllocSpace objects, 0(0B) LOS objects, 24% free, 25MB/33MB, paused 310us total 16.260ms
08-21 16:59:35.112 30501 30512 I art     : Starting a blocking GC Explicit
08-21 16:59:35.126 30501 30512 I art     : Explicit concurrent mark sweep GC freed 3(96B) AllocSpace objects, 0(0B) LOS objects, 24% free, 25MB/33MB, paused 268us total 14.489ms
08-21 16:59:35.148 30501 30512 I art     : Starting a blocking GC Explicit
08-21 16:59:35.162 30501 30512 I art     : Explicit concurrent mark sweep GC freed 3(96B) AllocSpace objects, 0(0B) LOS objects, 24% free, 25MB/33MB, paused 203us total 12.980ms
08-21 16:59:35.256 32626 32640 I art     : Starting a blocking GC Explicit
08-21 16:59:35.278 32626 32640 I art     : Explicit concurrent mark sweep GC freed 1667(93KB) AllocSpace objects, 1(20KB) LOS objects, 24% free, 24MB/32MB, paused 263us total 21.104ms
08-21 16:59:35.298 32626 32640 I art     : Starting a blocking GC Explicit
08-21 16:59:35.317 32626 32640 I art     : Explicit concurrent mark sweep GC freed 18(624B) AllocSpace objects, 0(0B) LOS objects, 24% free, 24MB/32MB, paused 213us total 18.334ms
08-21 16:59:35.336 32626 32640 I art     : Starting a blocking GC Explicit
08-21 16:59:35.354 32626 32640 I art     : Explicit concurrent mark sweep GC freed 3(96B) AllocSpace objects, 0(0B) LOS objects, 24% free, 24MB/32MB, paused 197us total 17.465ms
08-21 16:59:35.367 32626 32640 I art     : Starting a blocking GC Explicit
08-21 16:59:35.384 32626 32640 I art     : Explicit concurrent mark sweep GC freed 3(96B) AllocSpace objects, 0(0B) LOS objects, 24% free, 24MB/32MB, paused 180us total 16.774ms
08-21 16:59:35.396 32626 32640 I art     : Starting a blocking GC Explicit
08-21 16:59:35.412 32626 32640 I art     : Explicit concurrent mark sweep GC freed 3(96B) AllocSpace objects, 0(0B) LOS objects, 24% free, 24MB/32MB, paused 167us total 15.651ms
08-21 16:59:35.529 25319 25331 I art     : Starting a blocking GC Explicit
08-21 16:59:35.549 25319 25331 I art     : Explicit concurrent mark sweep GC freed 1832(102KB) AllocSpace objects, 1(20KB) LOS objects, 24% free, 24MB/32MB, paused 361us total 18.866ms
08-21 16:59:35.582 25319 25331 I art     : Starting a blocking GC Explicit
08-21 16:59:35.599 25319 25331 I art     : Explicit concurrent mark sweep GC freed 22(776B) AllocSpace objects, 0(0B) LOS objects, 24% free, 24MB/32MB, paused 307us total 15.922ms
08-21 16:59:35.628 25319 25331 I art     : Starting a blocking GC Explicit
08-21 16:59:35.644 25319 25331 I art     : Explicit concurrent mark sweep GC freed 3(96B) AllocSpace objects, 0(0B) LOS objects, 24% free, 24MB/32MB, paused 350us total 15.725ms
08-21 16:59:35.671 25319 25331 I art     : Starting a blocking GC Explicit
08-21 16:59:35.686 25319 25331 I art     : Explicit concurrent mark sweep GC freed 3(96B) AllocSpace objects, 0(0B) LOS objects, 24% free, 24MB/32MB, paused 262us total 14.140ms
08-21 16:59:35.709 25319 25331 I art     : Starting a blocking GC Explicit
08-21 16:59:35.722 25319 25331 I art     : Explicit concurrent mark sweep GC freed 3(96B) AllocSpace objects, 0(0B) LOS objects, 24% free, 24MB/32MB, paused 229us total 12.583ms
08-21 16:59:35.813 32606 32618 I art     : Starting a blocking GC Explicit
08-21 16:59:35.830 32606 32618 I art     : Explicit concurrent mark sweep GC freed 1706(95KB) AllocSpace objects, 1(20KB) LOS objects, 24% free, 24MB/32MB, paused 305us total 16.056ms
08-21 16:59:35.852 32606 32618 I art     : Starting a blocking GC Explicit
08-21 16:59:35.866 32606 32618 I art     : Explicit concurrent mark sweep GC freed 18(616B) AllocSpace objects, 0(0B) LOS objects, 24% free, 24MB/32MB, paused 274us total 13.990ms
08-21 16:59:35.888 32606 32618 I art     : Starting a blocking GC Explicit
08-21 16:59:35.902 32606 32618 I art     : Explicit concurrent mark sweep GC freed 3(96B) AllocSpace objects, 0(0B) LOS objects, 24% free, 24MB/32MB, paused 268us total 13.721ms
08-21 16:59:35.923 32606 32618 I art     : Starting a blocking GC Explicit
08-21 16:59:35.938 32606 32618 I art     : Explicit concurrent mark sweep GC freed 3(96B) AllocSpace objects, 0(0B) LOS objects, 24% free, 24MB/32MB, paused 254us total 13.970ms
08-21 16:59:35.955 32606 32618 I art     : Starting a blocking GC Explicit
08-21 16:59:35.969 32606 32618 I art     : Explicit concurrent mark sweep GC freed 3(96B) AllocSpace objects, 0(0B) LOS objects, 24% free, 24MB/32MB, paused 227us total 13.061ms
08-21 16:59:36.050 32514 32525 I art     : Starting a blocking GC Explicit
08-21 16:59:36.076 32514 32525 I art     : Explicit concurrent mark sweep GC freed 1676(94KB) AllocSpace objects, 1(20KB) LOS objects, 23% free, 25MB/33MB, paused 537us total 25.197ms
08-21 16:59:36.096 32514 32525 I art     : Starting a blocking GC Explicit
08-21 16:59:36.120 32514 32525 I art     : Explicit concurrent mark sweep GC freed 18(624B) AllocSpace objects, 0(0B) LOS objects, 23% free, 25MB/33MB, paused 605us total 23.343ms
08-21 16:59:36.139 32514 32525 I art     : Starting a blocking GC Explicit
08-21 16:59:36.160 32514 32525 I art     : Explicit concurrent mark sweep GC freed 3(96B) AllocSpace objects, 0(0B) LOS objects, 23% free, 25MB/33MB, paused 533us total 20.381ms
08-21 16:59:36.173 32514 32525 I art     : Starting a blocking GC Explicit
08-21 16:59:36.193 32514 32525 I art     : Explicit concurrent mark sweep GC freed 3(96B) AllocSpace objects, 0(0B) LOS objects, 23% free, 25MB/33MB, paused 462us total 19.407ms
08-21 16:59:36.205 32514 32525 I art     : Starting a blocking GC Explicit
08-21 16:59:36.224 32514 32525 I art     : Explicit concurrent mark sweep GC freed 3(96B) AllocSpace objects, 0(0B) LOS objects, 23% free, 25MB/33MB, paused 410us total 18.206ms
08-21 16:59:36.329 32565 32579 I chatty  : uid=1000(system) com.lge.lockscreensettings expire 10 lines
08-21 16:59:36.591 19502 27149 I art     : Starting a blocking GC Explicit
08-21 16:59:36.614 19502 27149 I art     : Explicit concurrent mark sweep GC freed 1943(107KB) AllocSpace objects, 1(20KB) LOS objects, 17% free, 37MB/45MB, paused 404us total 22.362ms
08-21 16:59:36.645 19502 27149 I art     : Starting a blocking GC Explicit
08-21 16:59:36.663 19502 27149 I art     : Explicit concurrent mark sweep GC freed 18(616B) AllocSpace objects, 0(0B) LOS objects, 17% free, 37MB/45MB, paused 360us total 17.781ms
08-21 16:59:36.687 19502 27149 I art     : Starting a blocking GC Explicit
08-21 16:59:36.704 19502 27149 I art     : Explicit concurrent mark sweep GC freed 3(96B) AllocSpace objects, 0(0B) LOS objects, 17% free, 37MB/45MB, paused 330us total 16.219ms
08-21 16:59:36.726 19502 27149 I art     : Starting a blocking GC Explicit
08-21 16:59:36.741 19502 27149 I art     : Explicit concurrent mark sweep GC freed 3(96B) AllocSpace objects, 0(0B) LOS objects, 17% free, 37MB/45MB, paused 238us total 14.920ms
08-21 16:59:36.758 19502 27149 I art     : Starting a blocking GC Explicit
08-21 16:59:36.771 19502 27149 I art     : Explicit concurrent mark sweep GC freed 3(96B) AllocSpace objects, 0(0B) LOS objects, 17% free, 37MB/45MB, paused 240us total 12.940ms
08-21 16:59:36.845  4418 24544 I art     : Starting a blocking GC Explicit
08-21 16:59:36.870  4418 24544 I art     : Explicit concurrent mark sweep GC freed 1957(109KB) AllocSpace objects, 1(20KB) LOS objects, 23% free, 25MB/33MB, paused 304us total 24.584ms
08-21 16:59:36.891  4418 24544 I art     : Starting a blocking GC Explicit
08-21 16:59:36.916  4418 24544 I art     : Explicit concurrent mark sweep GC freed 24(864B) AllocSpace objects, 0(0B) LOS objects, 23% free, 25MB/33MB, paused 240us total 24.277ms
08-21 16:59:36.934  4418 24544 I art     : Starting a blocking GC Explicit
08-21 16:59:36.958  4418 24544 I art     : Explicit concurrent mark sweep GC freed 3(96B) AllocSpace objects, 0(0B) LOS objects, 23% free, 25MB/33MB, paused 245us total 22.891ms
08-21 16:59:36.972  4418 24544 I art     : Starting a blocking GC Explicit
08-21 16:59:36.994  4418 24544 I art     : Explicit concurrent mark sweep GC freed 3(96B) AllocSpace objects, 0(0B) LOS objects, 23% free, 25MB/33MB, paused 225us total 21.677ms
08-21 16:59:37.006  4418 24544 I art     : Starting a blocking GC Explicit
08-21 16:59:37.028  4418 24544 I art     : Explicit concurrent mark sweep GC freed 3(96B) AllocSpace objects, 0(0B) LOS objects, 23% free, 25MB/33MB, paused 199us total 21.173ms
08-21 16:59:37.149 19758 20551 I art     : Starting a blocking GC Explicit
08-21 16:59:37.172 19758 20551 I art     : Explicit concurrent mark sweep GC freed 1784(100KB) AllocSpace objects, 1(20KB) LOS objects, 24% free, 24MB/32MB, paused 319us total 22.877ms
08-21 16:59:37.199 19758 20551 I art     : Starting a blocking GC Explicit
08-21 16:59:37.214 19758 20551 I art     : Explicit concurrent mark sweep GC freed 20(696B) AllocSpace objects, 0(0B) LOS objects, 24% free, 24MB/32MB, paused 286us total 14.669ms
08-21 16:59:37.234 19758 20551 I art     : Starting a blocking GC Explicit
08-21 16:59:37.249 19758 20551 I art     : Explicit concurrent mark sweep GC freed 3(96B) AllocSpace objects, 0(0B) LOS objects, 24% free, 24MB/32MB, paused 372us total 14.704ms
08-21 16:59:37.272 19758 20551 I art     : Starting a blocking GC Explicit
08-21 16:59:37.287 19758 20551 I art     : Explicit concurrent mark sweep GC freed 3(96B) AllocSpace objects, 0(0B) LOS objects, 24% free, 24MB/32MB, paused 250us total 14.621ms
08-21 16:59:37.304 19758 20551 I art     : Starting a blocking GC Explicit
08-21 16:59:37.317 19758 20551 I art     : Explicit concurrent mark sweep GC freed 3(96B) AllocSpace objects, 0(0B) LOS objects, 24% free, 24MB/32MB, paused 220us total 13.085ms
08-21 16:59:37.388  5648  5659 I art     : Starting a blocking GC Explicit
08-21 16:59:37.412  5648  5659 I art     : Explicit concurrent mark sweep GC freed 1656(93KB) AllocSpace objects, 1(20KB) LOS objects, 39% free, 24MB/40MB, paused 241us total 22.491ms
08-21 16:59:37.431  5648  5659 I art     : Starting a blocking GC Explicit
08-21 16:59:37.452  5648  5659 I art     : Explicit concurrent mark sweep GC freed 18(624B) AllocSpace objects, 0(0B) LOS objects, 39% free, 24MB/40MB, paused 231us total 20.596ms
08-21 16:59:37.471  5648  5659 I art     : Starting a blocking GC Explicit
08-21 16:59:37.490  5648  5659 I art     : Explicit concurrent mark sweep GC freed 3(96B) AllocSpace objects, 0(0B) LOS objects, 39% free, 24MB/40MB, paused 204us total 18.600ms
08-21 16:59:37.503  5648  5659 I art     : Starting a blocking GC Explicit
08-21 16:59:37.521  5648  5659 I art     : Explicit concurrent mark sweep GC freed 3(96B) AllocSpace objects, 0(0B) LOS objects, 39% free, 24MB/40MB, paused 203us total 17.692ms
08-21 16:59:37.534  5648  5659 I art     : Starting a blocking GC Explicit
08-21 16:59:37.551  5648  5659 I art     : Explicit concurrent mark sweep GC freed 3(96B) AllocSpace objects, 0(0B) LOS objects, 39% free, 24MB/40MB, paused 191us total 16.614ms
08-21 16:59:37.664  6999 12540 I art     : Starting a blocking GC Explicit
08-21 16:59:37.695  6999 12540 I art     : Explicit concurrent mark sweep GC freed 1721(96KB) AllocSpace objects, 1(20KB) LOS objects, 23% free, 25MB/33MB, paused 532us total 30.415ms
08-21 16:59:37.716  6999 12540 I art     : Starting a blocking GC Explicit
08-21 16:59:37.732  6999 12540 I art     : Explicit concurrent mark sweep GC freed 23(776B) AllocSpace objects, 0(0B) LOS objects, 23% free, 25MB/33MB, paused 263us total 16.579ms
08-21 16:59:37.749  6999 12540 I art     : Starting a blocking GC Explicit
08-21 16:59:37.764  6999 12540 I art     : Explicit concurrent mark sweep GC freed 3(96B) AllocSpace objects, 0(0B) LOS objects, 23% free, 25MB/33MB, paused 246us total 14.550ms
08-21 16:59:37.780  6999 12540 I art     : Starting a blocking GC Explicit
08-21 16:59:37.794  6999 12540 I art     : Explicit concurrent mark sweep GC freed 3(96B) AllocSpace objects, 0(0B) LOS objects, 23% free, 25MB/33MB, paused 227us total 13.284ms
08-21 16:59:37.807  6999 12540 I art     : Starting a blocking GC Explicit
08-21 16:59:37.817  6999 12540 I art     : Explicit concurrent mark sweep GC freed 3(96B) AllocSpace objects, 0(0B) LOS objects, 23% free, 25MB/33MB, paused 169us total 10.446ms
08-21 16:59:37.999 21705 21760 I art     : Starting a blocking GC Explicit
08-21 16:59:38.119 14281 14281 I chatty  : uid=1010(wifi) /system/bin/wpa_supplicant expire 2083 lines
08-21 16:59:38.125  4223 14333 I chatty  : uid=1000(system) P2pExtMonWorker expire 27 lines
08-21 16:59:38.126 21705 21760 I art     : Explicit concurrent mark sweep GC freed 2695(137KB) AllocSpace objects, 1(20KB) LOS objects, 8% free, 87MB/95MB, paused 1.135ms total 126.780ms
08-21 16:59:38.160 21705 21760 I art     : Starting a blocking GC Explicit
08-21 16:59:38.241 21705 21760 I art     : Explicit concurrent mark sweep GC freed 71(2672B) AllocSpace objects, 0(0B) LOS objects, 8% free, 87MB/95MB, paused 730us total 80.684ms
08-21 16:59:38.263 21705 21760 I art     : Starting a blocking GC Explicit
08-21 16:59:38.317 21705 21760 I art     : Explicit concurrent mark sweep GC freed 3(96B) AllocSpace objects, 0(0B) LOS objects, 8% free, 87MB/95MB, paused 542us total 53.698ms
08-21 16:59:38.334 21705 21760 I art     : Starting a blocking GC Explicit
08-21 16:59:38.385 21705 21760 I art     : Explicit concurrent mark sweep GC freed 3(96B) AllocSpace objects, 0(0B) LOS objects, 8% free, 87MB/95MB, paused 527us total 50.547ms
08-21 16:59:38.400 21705 21760 I art     : Starting a blocking GC Explicit
08-21 16:59:38.452 21705 21760 I art     : Explicit concurrent mark sweep GC freed 3(96B) AllocSpace objects, 0(0B) LOS objects, 8% free, 87MB/95MB, paused 533us total 51.027ms
08-21 16:59:38.548 20266 20277 I art     : Starting a blocking GC Explicit
08-21 16:59:38.564 20266 20277 I art     : Explicit concurrent mark sweep GC freed 1803(101KB) AllocSpace objects, 1(20KB) LOS objects, 24% free, 24MB/32MB, paused 285us total 15.477ms
08-21 16:59:38.583 20266 20277 I art     : Starting a blocking GC Explicit
08-21 16:59:38.597 20266 20277 I art     : Explicit concurrent mark sweep GC freed 20(696B) AllocSpace objects, 0(0B) LOS objects, 24% free, 24MB/32MB, paused 279us total 13.960ms
08-21 16:59:38.617 20266 20277 I art     : Starting a blocking GC Explicit
08-21 16:59:38.632 20266 20277 I art     : Explicit concurrent mark sweep GC freed 3(96B) AllocSpace objects, 0(0B) LOS objects, 24% free, 24MB/32MB, paused 242us total 13.993ms
08-21 16:59:38.649 20266 20277 I art     : Starting a blocking GC Explicit
08-21 16:59:38.663 20266 20277 I art     : Explicit concurrent mark sweep GC freed 3(96B) AllocSpace objects, 0(0B) LOS objects, 24% free, 24MB/32MB, paused 204us total 14.025ms
08-21 16:59:38.679 20266 20277 I art     : Starting a blocking GC Explicit
08-21 16:59:38.692 20266 20277 I art     : Explicit concurrent mark sweep GC freed 3(96B) AllocSpace objects, 0(0B) LOS objects, 24% free, 24MB/32MB, paused 217us total 12.625ms
08-21 16:59:38.780  8659 10062 I art     : Starting a blocking GC Explicit
08-21 16:59:38.803  8659 10062 I art     : Explicit concurrent mark sweep GC freed 1897(105KB) AllocSpace objects, 1(20KB) LOS objects, 38% free, 25MB/41MB, paused 903us total 21.653ms
08-21 16:59:38.824  8659 10062 I art     : Starting a blocking GC Explicit
08-21 16:59:38.846  8659 10062 I art     : Explicit concurrent mark sweep GC freed 26(936B) AllocSpace objects, 0(0B) LOS objects, 38% free, 25MB/41MB, paused 669us total 21.278ms
08-21 16:59:38.865  8659 10062 I art     : Starting a blocking GC Explicit
08-21 16:59:38.885  8659 10062 I art     : Explicit concurrent mark sweep GC freed 3(96B) AllocSpace objects, 0(0B) LOS objects, 38% free, 25MB/41MB, paused 629us total 20.278ms
08-21 16:59:38.902  8659 10062 I art     : Starting a blocking GC Explicit
08-21 16:59:38.921  8659 10062 I art     : Explicit concurrent mark sweep GC freed 3(96B) AllocSpace objects, 0(0B) LOS objects, 38% free, 25MB/41MB, paused 921us total 18.198ms
08-21 16:59:38.934  8659 10062 I art     : Starting a blocking GC Explicit
08-21 16:59:38.947  8659 10062 I art     : Explicit concurrent mark sweep GC freed 3(96B) AllocSpace objects, 0(0B) LOS objects, 38% free, 25MB/41MB, paused 439us total 13.199ms
08-21 16:59:39.063  6603  6615 I art     : Starting a blocking GC Explicit
08-21 16:59:39.078  6603  6615 I art     : Explicit concurrent mark sweep GC freed 1687(95KB) AllocSpace objects, 1(20KB) LOS objects, 24% free, 23MB/31MB, paused 260us total 14.393ms
08-21 16:59:39.101  6603  6615 I art     : Starting a blocking GC Explicit
08-21 16:59:39.116  6603  6615 I art     : Explicit concurrent mark sweep GC freed 18(616B) AllocSpace objects, 0(0B) LOS objects, 25% free, 23MB/31MB, paused 262us total 13.855ms
08-21 16:59:39.136  6603  6615 I art     : Starting a blocking GC Explicit
08-21 16:59:39.151  6603  6615 I art     : Explicit concurrent mark sweep GC freed 3(96B) AllocSpace objects, 0(0B) LOS objects, 25% free, 23MB/31MB, paused 241us total 14.250ms
08-21 16:59:39.170  6603  6615 I art     : Starting a blocking GC Explicit
08-21 16:59:39.184  6603  6615 I art     : Explicit concurrent mark sweep GC freed 3(96B) AllocSpace objects, 0(0B) LOS objects, 25% free, 23MB/31MB, paused 211us total 13.919ms
08-21 16:59:39.200  6603  6615 I art     : Starting a blocking GC Explicit
08-21 16:59:39.213  6603  6615 I art     : Explicit concurrent mark sweep GC freed 3(96B) AllocSpace objects, 0(0B) LOS objects, 25% free, 23MB/31MB, paused 217us total 12.219ms
08-21 16:59:39.309  7291  7302 I chatty  : uid=1000(system) Binder_1 expire 10 lines
08-21 16:59:39.525  9451  9463 I chatty  : uid=1000(system) Binder_1 expire 10 lines
08-21 16:59:39.762  4683  4695 I art     : Starting a blocking GC Explicit
08-21 16:59:39.781  4683  4695 I art     : Explicit concurrent mark sweep GC freed 1642(93KB) AllocSpace objects, 1(20KB) LOS objects, 40% free, 23MB/39MB, paused 273us total 18.128ms
08-21 16:59:39.798  4683  4695 I art     : Starting a blocking GC Explicit
08-21 16:59:39.816  4683  4695 I art     : Explicit concurrent mark sweep GC freed 18(624B) AllocSpace objects, 0(0B) LOS objects, 40% free, 23MB/39MB, paused 251us total 17.519ms
08-21 16:59:39.832  4683  4695 I art     : Starting a blocking GC Explicit
08-21 16:59:39.850  4683  4695 I art     : Explicit concurrent mark sweep GC freed 3(96B) AllocSpace objects, 0(0B) LOS objects, 40% free, 23MB/39MB, paused 213us total 17.649ms
08-21 16:59:39.863  4683  4695 I art     : Starting a blocking GC Explicit
08-21 16:59:39.881  4683  4695 I art     : Explicit concurrent mark sweep GC freed 3(96B) AllocSpace objects, 0(0B) LOS objects, 40% free, 23MB/39MB, paused 189us total 17.648ms
08-21 16:59:39.893  4683  4695 I art     : Starting a blocking GC Explicit
08-21 16:59:39.909  4683  4695 I art     : Explicit concurrent mark sweep GC freed 3(96B) AllocSpace objects, 0(0B) LOS objects, 40% free, 23MB/39MB, paused 195us total 15.119ms
08-21 16:59:39.971  4558 27152 I art     : Starting a blocking GC Explicit
08-21 16:59:39.990  4558 27152 I art     : Explicit concurrent mark sweep GC freed 1647(93KB) AllocSpace objects, 1(20KB) LOS objects, 39% free, 24MB/40MB, paused 210us total 18.463ms
08-21 16:59:40.005  4558 27152 I art     : Starting a blocking GC Explicit
08-21 16:59:40.023  4558 27152 I art     : Explicit concurrent mark sweep GC freed 18(624B) AllocSpace objects, 0(0B) LOS objects, 39% free, 24MB/40MB, paused 177us total 18.090ms
08-21 16:59:40.038  4558 27152 I art     : Starting a blocking GC Explicit
08-21 16:59:40.057  4558 27152 I art     : Explicit concurrent mark sweep GC freed 3(96B) AllocSpace objects, 0(0B) LOS objects, 39% free, 24MB/40MB, paused 188us total 18.208ms
08-21 16:59:40.073  4558 27152 I art     : Starting a blocking GC Explicit
08-21 16:59:40.091  4558 27152 I art     : Explicit concurrent mark sweep GC freed 3(96B) AllocSpace objects, 0(0B) LOS objects, 39% free, 24MB/40MB, paused 178us total 17.611ms
08-21 16:59:40.105  4558 27152 I art     : Starting a blocking GC Explicit
08-21 16:59:40.123  4558 27152 I art     : Explicit concurrent mark sweep GC freed 3(96B) AllocSpace objects, 0(0B) LOS objects, 39% free, 24MB/40MB, paused 181us total 18.130ms
08-21 16:59:40.205  6415 27154 I art     : Starting a blocking GC Explicit
08-21 16:59:40.223  6415 27154 I art     : Explicit concurrent mark sweep GC freed 1769(99KB) AllocSpace objects, 1(20KB) LOS objects, 39% free, 24MB/40MB, paused 331us total 17.357ms
08-21 16:59:40.251  6415 27154 I art     : Starting a blocking GC Explicit
08-21 16:59:40.267  6415 27154 I art     : Explicit concurrent mark sweep GC freed 20(696B) AllocSpace objects, 0(0B) LOS objects, 39% free, 24MB/40MB, paused 294us total 15.832ms
08-21 16:59:40.291  6415 27154 I art     : Starting a blocking GC Explicit
08-21 16:59:40.305  6415 27154 I art     : Explicit concurrent mark sweep GC freed 3(96B) AllocSpace objects, 0(0B) LOS objects, 39% free, 24MB/40MB, paused 270us total 13.813ms
08-21 16:59:40.327  6415 27154 I art     : Starting a blocking GC Explicit
08-21 16:59:40.340  6415 27154 I art     : Explicit concurrent mark sweep GC freed 3(96B) AllocSpace objects, 0(0B) LOS objects, 39% free, 24MB/40MB, paused 280us total 13.131ms
08-21 16:59:40.356  6415 27154 I art     : Starting a blocking GC Explicit
08-21 16:59:40.367  6415 27154 I art     : Explicit concurrent mark sweep GC freed 3(96B) AllocSpace objects, 0(0B) LOS objects, 39% free, 24MB/40MB, paused 190us total 9.998ms
08-21 16:59:40.475  4634  4650 I chatty  : uid=1000(system) Binder_1 expire 10 lines
08-21 16:59:40.692  4270  4281 I chatty  : uid=1000(system) Binder_1 expire 10 lines
08-21 16:59:40.992  4251  4267 I art     : Starting a blocking GC Explicit
08-21 16:59:41.077  4251  4267 I art     : Explicit concurrent mark sweep GC freed 3331(225KB) AllocSpace objects, 3(60KB) LOS objects, 36% free, 27MB/43MB, paused 1.154ms total 84.230ms
08-21 16:59:41.105  4251  4267 I art     : Starting a blocking GC Explicit
08-21 16:59:41.149  4251  4267 I art     : Explicit concurrent mark sweep GC freed 73(2672B) AllocSpace objects, 0(0B) LOS objects, 36% free, 27MB/43MB, paused 777us total 42.940ms
08-21 16:59:41.170  4251  4267 I art     : Starting a blocking GC Explicit
08-21 16:59:41.203  4251  4267 I art     : Explicit concurrent mark sweep GC freed 3(96B) AllocSpace objects, 0(0B) LOS objects, 36% free, 27MB/43MB, paused 521us total 33.005ms
08-21 16:59:41.219  4251  4267 I art     : Starting a blocking GC Explicit
08-21 16:59:41.250  4251  4267 I art     : Explicit concurrent mark sweep GC freed 3(96B) AllocSpace objects, 0(0B) LOS objects, 36% free, 27MB/43MB, paused 663us total 30.361ms
08-21 16:59:41.265  4251  4267 I art     : Starting a blocking GC Explicit
08-21 16:59:41.291  4251  4267 I art     : Explicit concurrent mark sweep GC freed 3(96B) AllocSpace objects, 0(0B) LOS objects, 36% free, 27MB/43MB, paused 354us total 26.474ms
08-21 16:59:41.370  4241  4258 I art     : Starting a blocking GC Explicit
08-21 16:59:41.416  4241  4258 I art     : Explicit concurrent mark sweep GC freed 1702(95KB) AllocSpace objects, 1(20KB) LOS objects, 39% free, 24MB/40MB, paused 787us total 44.817ms
08-21 16:59:41.451  4241  4258 I art     : Starting a blocking GC Explicit
08-21 16:59:41.468  4241  4258 I art     : Explicit concurrent mark sweep GC freed 18(616B) AllocSpace objects, 0(0B) LOS objects, 39% free, 24MB/40MB, paused 289us total 16.281ms
08-21 16:59:41.494  4241  4258 I art     : Starting a blocking GC Explicit
08-21 16:59:41.510  4241  4258 I art     : Explicit concurrent mark sweep GC freed 3(96B) AllocSpace objects, 0(0B) LOS objects, 39% free, 24MB/40MB, paused 275us total 15.047ms
08-21 16:59:41.539  4241  4258 I art     : Starting a blocking GC Explicit
08-21 16:59:41.554  4241  4258 I art     : Explicit concurrent mark sweep GC freed 3(96B) AllocSpace objects, 0(0B) LOS objects, 39% free, 24MB/40MB, paused 248us total 14.682ms
08-21 16:59:41.576  4241  4258 I art     : Starting a blocking GC Explicit
08-21 16:59:41.590  4241  4258 I art     : Explicit concurrent mark sweep GC freed 3(96B) AllocSpace objects, 0(0B) LOS objects, 39% free, 24MB/40MB, paused 226us total 13.042ms
08-21 16:59:41.702  4223  4239 I chatty  : uid=1000(system) Binder_1 expire 10 lines
08-21 16:59:41.917  4212  4230 I art     : Starting a blocking GC Explicit
08-21 16:59:41.936  4212  4230 I art     : Explicit concurrent mark sweep GC freed 2327(146KB) AllocSpace objects, 2(40KB) LOS objects, 39% free, 24MB/40MB, paused 232us total 19.030ms
08-21 16:59:41.951  4212  4230 I art     : Starting a blocking GC Explicit
08-21 16:59:41.965  4212  4230 I art     : Explicit concurrent mark sweep GC freed 43(1504B) AllocSpace objects, 0(0B) LOS objects, 39% free, 24MB/40MB, paused 141us total 13.755ms
08-21 16:59:41.975  4212  4230 I art     : Starting a blocking GC Explicit
08-21 16:59:41.988  4212  4230 I art     : Explicit concurrent mark sweep GC freed 3(96B) AllocSpace objects, 0(0B) LOS objects, 39% free, 24MB/40MB, paused 133us total 12.212ms
08-21 16:59:41.997  4212  4230 I art     : Starting a blocking GC Explicit
08-21 16:59:42.010  4212  4230 I art     : Explicit concurrent mark sweep GC freed 3(96B) AllocSpace objects, 0(0B) LOS objects, 39% free, 24MB/40MB, paused 122us total 12.736ms
08-21 16:59:42.018  4212  4230 I art     : Starting a blocking GC Explicit
08-21 16:59:42.031  4212  4230 I art     : Explicit concurrent mark sweep GC freed 3(96B) AllocSpace objects, 0(0B) LOS objects, 39% free, 24MB/40MB, paused 118us total 12.277ms
08-21 16:59:42.124  4194  4211 I chatty  : uid=1000(system) Binder_2 expire 10 lines
08-21 16:59:42.352  4181  4199 I art     : Starting a blocking GC Explicit
08-21 16:59:42.369  4181  4199 I art     : Explicit concurrent mark sweep GC freed 1967(110KB) AllocSpace objects, 1(20KB) LOS objects, 40% free, 23MB/39MB, paused 276us total 16.116ms
08-21 16:59:42.390  4181  4199 I art     : Starting a blocking GC Explicit
08-21 16:59:42.406  4181  4199 I art     : Explicit concurrent mark sweep GC freed 32(1176B) AllocSpace objects, 0(0B) LOS objects, 40% free, 23MB/39MB, paused 277us total 14.873ms
08-21 16:59:42.428  4181  4199 I art     : Starting a blocking GC Explicit
08-21 16:59:42.445  4181  4199 I art     : Explicit concurrent mark sweep GC freed 3(96B) AllocSpace objects, 0(0B) LOS objects, 40% free, 23MB/39MB, paused 255us total 16.082ms
08-21 16:59:42.462  4181  4199 I art     : Starting a blocking GC Explicit
08-21 16:59:42.477  4181  4199 I art     : Explicit concurrent mark sweep GC freed 3(96B) AllocSpace objects, 0(0B) LOS objects, 40% free, 23MB/39MB, paused 266us total 14.529ms
08-21 16:59:42.495  4181  4199 I art     : Starting a blocking GC Explicit
08-21 16:59:42.509  4181  4199 I art     : Explicit concurrent mark sweep GC freed 3(96B) AllocSpace objects, 0(0B) LOS objects, 40% free, 23MB/39MB, paused 370us total 14.055ms
08-21 16:59:42.606  4163  4177 I chatty  : uid=1000(system) Binder_1 expire 10 lines
08-21 16:59:42.879  4148  4161 I art     : Starting a blocking GC Explicit
08-21 16:59:42.901  4148  4161 I art     : Explicit concurrent mark sweep GC freed 1927(133KB) AllocSpace objects, 3(60KB) LOS objects, 39% free, 24MB/40MB, paused 932us total 21.229ms
08-21 16:59:42.925  4148  4161 I art     : Starting a blocking GC Explicit
08-21 16:59:42.947  4148  4161 I art     : Explicit concurrent mark sweep GC freed 48(1656B) AllocSpace objects, 0(0B) LOS objects, 39% free, 24MB/40MB, paused 687us total 21.409ms
08-21 16:59:42.970  4148  4161 I art     : Starting a blocking GC Explicit
08-21 16:59:42.991  4148  4161 I art     : Explicit concurrent mark sweep GC freed 3(96B) AllocSpace objects, 0(0B) LOS objects, 39% free, 24MB/40MB, paused 738us total 19.996ms
08-21 16:59:43.009  4148  4161 I art     : Starting a blocking GC Explicit
08-21 16:59:43.028  4148  4161 I art     : Explicit concurrent mark sweep GC freed 3(96B) AllocSpace objects, 0(0B) LOS objects, 39% free, 24MB/40MB, paused 560us total 18.690ms
08-21 16:59:43.045  4148  4161 I art     : Starting a blocking GC Explicit
08-21 16:59:43.062  4148  4161 I art     : Explicit concurrent mark sweep GC freed 3(96B) AllocSpace objects, 0(0B) LOS objects, 39% free, 24MB/40MB, paused 504us total 17.381ms
08-21 16:59:43.357  4113 10678 I art     : Starting a blocking GC Explicit
08-21 16:59:43.379  4113 10678 I art     : Explicit concurrent mark sweep GC freed 1754(98KB) AllocSpace objects, 1(20KB) LOS objects, 38% free, 25MB/41MB, paused 351us total 21.087ms
08-21 16:59:43.408  4113 10678 I art     : Starting a blocking GC Explicit
08-21 16:59:43.427  4113 10678 I art     : Explicit concurrent mark sweep GC freed 18(616B) AllocSpace objects, 0(0B) LOS objects, 38% free, 25MB/41MB, paused 340us total 18.405ms
08-21 16:59:43.452  4113 10678 I art     : Starting a blocking GC Explicit
08-21 16:59:43.469  4113 10678 I art     : Explicit concurrent mark sweep GC freed 3(96B) AllocSpace objects, 0(0B) LOS objects, 38% free, 25MB/41MB, paused 424us total 16.684ms
08-21 16:59:43.492  4113 10678 I art     : Starting a blocking GC Explicit
08-21 16:59:43.508  4113 10678 I art     : Explicit concurrent mark sweep GC freed 3(96B) AllocSpace objects, 0(0B) LOS objects, 38% free, 25MB/41MB, paused 282us total 15.852ms
08-21 16:59:43.527  4113 10678 I art     : Starting a blocking GC Explicit
08-21 16:59:43.539  4113 10678 I art     : Explicit concurrent mark sweep GC freed 3(96B) AllocSpace objects, 0(0B) LOS objects, 38% free, 25MB/41MB, paused 222us total 12.033ms
08-21 16:59:43.647  4096  4110 I chatty  : uid=1000(system) Binder_1 expire 10 lines
08-21 16:59:43.884  4083 12600 I chatty  : uid=1000(system) Binder_3 expire 10 lines
08-21 16:59:44.155  4064 26445 I chatty  : uid=1000(system) Binder_5 expire 10 lines
08-21 16:59:44.458  3939  3951 I art     : Starting a blocking GC Explicit
08-21 16:59:44.483  3939  3951 I art     : Explicit concurrent mark sweep GC freed 1649(93KB) AllocSpace objects, 1(20KB) LOS objects, 38% free, 25MB/41MB, paused 225us total 24.781ms
08-21 16:59:44.501  3939  3951 I art     : Starting a blocking GC Explicit
08-21 16:59:44.519  3939  3951 I art     : Explicit concurrent mark sweep GC freed 18(624B) AllocSpace objects, 0(0B) LOS objects, 38% free, 25MB/41MB, paused 198us total 17.281ms
08-21 16:59:44.537  3939  3951 I art     : Starting a blocking GC Explicit
08-21 16:59:44.554  3939  3951 I art     : Explicit concurrent mark sweep GC freed 3(96B) AllocSpace objects, 0(0B) LOS objects, 38% free, 25MB/41MB, paused 197us total 16.666ms
08-21 16:59:44.572  3939  3951 I art     : Starting a blocking GC Explicit
08-21 16:59:44.591  3939  3951 I art     : Explicit concurrent mark sweep GC freed 3(96B) AllocSpace objects, 0(0B) LOS objects, 38% free, 25MB/41MB, paused 205us total 19.136ms
08-21 16:59:44.608  3939  3951 I art     : Starting a blocking GC Explicit
08-21 16:59:44.624  3939  3951 I art     : Explicit concurrent mark sweep GC freed 3(96B) AllocSpace objects, 0(0B) LOS objects, 38% free, 25MB/41MB, paused 183us total 16.101ms
08-21 16:59:44.753  3599  3625 I art     : Starting a blocking GC Explicit
08-21 16:59:44.802  3599  3625 I art     : Explicit concurrent mark sweep GC freed 2036(111KB) AllocSpace objects, 1(20KB) LOS objects, 26% free, 43MB/59MB, paused 1.129ms total 49.168ms
08-21 16:59:44.838  3599  3625 I art     : Starting a blocking GC Explicit
08-21 16:59:44.879  3599  3625 I art     : Explicit concurrent mark sweep GC freed 18(616B) AllocSpace objects, 0(0B) LOS objects, 26% free, 43MB/59MB, paused 841us total 40.342ms
08-21 16:59:44.909  3599  3625 I art     : Starting a blocking GC Explicit
08-21 16:59:44.943  3599  3625 I art     : Explicit concurrent mark sweep GC freed 3(96B) AllocSpace objects, 0(0B) LOS objects, 26% free, 43MB/59MB, paused 577us total 33.807ms
08-21 16:59:44.966  3599  3625 I art     : Starting a blocking GC Explicit
08-21 16:59:44.992  3599  3625 I art     : Explicit concurrent mark sweep GC freed 3(96B) AllocSpace objects, 0(0B) LOS objects, 26% free, 43MB/59MB, paused 466us total 26.268ms
08-21 16:59:45.012  3599  3625 I art     : Starting a blocking GC Explicit
08-21 16:59:45.036  3599  3625 I art     : Explicit concurrent mark sweep GC freed 3(96B) AllocSpace objects, 0(0B) LOS objects, 26% free, 43MB/59MB, paused 435us total 23.854ms
08-21 16:59:46.481 21264 21264 W ResourceType: No known package when getting name for resource number 0x18181818
08-21 16:59:46.486 21264 21264 W ResourceType: No known package when getting name for resource number 0x18181818
08-21 16:59:47.167  4251  4251 W Settings: Setting airplane_mode_on has moved from android.provider.Settings.System to android.provider.Settings.Global, returning read-only value.
08-21 16:59:48.359   879   879 I dumpstate: done
08-21 16:59:48.457 14281 14281 I chatty  : uid=1010(wifi) /system/bin/wpa_supplicant expire 2112 lines
08-21 16:59:48.800  4223 14333 I chatty  : uid=1000(system) P2pExtMonWorker expire 33 lines
08-21 16:59:51.097  3599  3599 D KeyguardUpdateMonitor: Intent.ACTION_BATTERYEX_CHANGED EXTRA_CHARGING_CURRENT : 0 / EXTRA_HVDCP_TYPE : false
08-21 16:59:51.097  3599  3599 I [SystemUI]LGPowerUI: onReceive = com.lge.android.intent.action.BATTERYEX
08-21 16:59:51.098  3599  3599 I [SystemUI]LGPowerUI: levelEx = 97, plugTypeEx = 0, WirelessAlignment = 0, chargingCurrent = 0, orientation = PORTRAIT
08-21 16:59:51.098  3599  3599 I [SystemUI]LGPowerUI: On Skip Timer : true
08-21 16:59:51.124  3599  3599 D KeyguardUpdateMonitor: Intent.ACTION_BATTERY_CHANGED status : 3 ,plugged : 0 ,level : 97 ,temperature : 260
08-21 16:59:51.127  3599  3599 I [SystemUI]LGPowerUI: onReceive = android.intent.action.BATTERY_CHANGED
08-21 16:59:51.127  3599  3599 I [SystemUI]LGPowerUI: level = 97, plugType = 0, plugged = false, mCharging = false, temperature = 260
08-21 16:59:51.132  4558  4558 D InCallUIReceiver: onReceive: Intent { act=android.intent.action.BATTERY_CHANGED flg=0x60000010 (has extras) }
08-21 16:59:51.132  4558  4558 D InCallUIReceiver: [batteryChangedReceivedIntentHandling] level : 97
08-21 16:59:51.133  4251  4251 D PhoneApp: onReceive: android.intent.action.BATTERY_CHANGED
08-21 16:59:51.140  3599  3599 D [SystemUI]LGBatteryMeterView: updateBatteryIcon: typeChanged=false, type=NORMAL, level=97
08-21 16:59:51.142  3599  3599 D [SystemUI]LGBatteryMeterView: updateBatteryIcon: typeChanged=false, type=NORMAL, level=97
08-21 16:59:51.142  3599  3599 D [SystemUI]LGBatteryMeterView: updateBatteryIcon: typeChanged=false, type=NORMAL, level=97
08-21 16:59:59.692 14281 14281 D wpa_supplicant: nl80211: Drv Event 56 (NL80211_CMD_CANCEL_REMAIN_ON_CHANNEL) received for p2p-dev-wlan0
08-21 16:59:59.692 14281 14281 D wpa_supplicant: nl80211: Remain-on-channel event (cancel=1 freq=2462 channel_type=0 duration=0 cookie=0x347 (match))
08-21 16:59:59.692 14281 14281 D wpa_supplicant: p2p-dev-wlan0: Event CANCEL_REMAIN_ON_CHANNEL (22) received
08-21 16:59:59.692 14281 14281 D wpa_supplicant: P2P: Cancel remain-on-channel callback (p2p_long_listen=0 ms pending_action_tx=0x0)
08-21 16:59:59.693 14281 14281 D wpa_supplicant: p2p-dev-wlan0: Radio work 'p2p-listen'@0x7f9581c2d0 done in 0.334081 seconds
08-21 16:59:59.693 14281 14281 D wpa_supplicant: P2P: Driver ended Listen state (freq=2462)
08-21 16:59:59.693 14281 14281 D wpa_supplicant: P2P: Skip stop_listen since not in listen_only state.
08-21 16:59:59.693 14281 14281 D wpa_supplicant: P2P: Timeout (state=SEARCH)
08-21 16:59:59.693 14281 14281 D wpa_supplicant: wpa_driver_set_ap_wps_p2p_ie: Entry
08-21 16:59:59.693 14281 14281 D wpa_supplicant: nl80211: Disable Probe Request reporting nl_preq=0x888888f71d0a94c9
08-21 16:59:59.693 14281 14281 D wpa_supplicant: P2P: Starting search
08-21 16:59:59.693 14281 14281 D wpa_supplicant: WPS: Building WPS IE for Probe Request
08-21 16:59:59.693 14281 14281 D wpa_supplicant: WPS:  * Version (hardcoded 0x10)
08-21 16:59:59.694 14281 14281 D wpa_supplicant: WPS:  * Request Type
08-21 16:59:59.694 14281 14281 D wpa_supplicant: WPS:  * Config Methods (5388)
08-21 16:59:59.694 14281 14281 D wpa_supplicant: WPS:  * UUID-E
08-21 16:59:59.694 14281 14281 D wpa_supplicant: WPS:  * Primary Device Type
08-21 16:59:59.694 14281 14281 D wpa_supplicant: WPS:  * RF Bands (3)
08-21 16:59:59.694 14281 14281 D wpa_supplicant: WPS:  * Association State
08-21 16:59:59.694 14281 14281 D wpa_supplicant: WPS:  * Configuration Error (0)
08-21 16:59:59.694 14281 14281 D wpa_supplicant: WPS:  * Device Password ID (0)
08-21 16:59:59.694 14281 14281 D wpa_supplicant: WPS:  * Manufacturer
08-21 16:59:59.694 14281 14281 D wpa_supplicant: WPS:  * Model Name
08-21 16:59:59.694 14281 14281 D wpa_supplicant: WPS:  * Model Number
08-21 16:59:59.694 14281 14281 D wpa_supplicant: WPS:  * Device Name
08-21 16:59:59.694 14281 14281 D wpa_supplicant: WPS:  * Version2 (0x20)
08-21 16:59:59.694 14281 14281 D wpa_supplicant: WPS:  * Request to Enroll (1)
08-21 16:59:59.694 14281 14281 D wpa_supplicant: WFDS: Extra buffer length (0) for Scan Request
08-21 16:59:59.694 14281 14281 D wpa_supplicant: P2P: * P2P IE header
08-21 16:59:59.694 14281 14281 D wpa_supplicant: P2P: * Capability dev=25 group=00
08-21 16:59:59.694 14281 14281 D wpa_supplicant: P2P: * Listen Channel: Regulatory Class 81 Channel 11
08-21 16:59:59.695 14281 14281 D wpa_supplicant: p2p-dev-wlan0: Add radio work 'p2p-scan'@0x7f9581c1e0
08-21 16:59:59.695 14281 14281 D wpa_supplicant: p2p-dev-wlan0: First radio work item in the queue - schedule start immediately
08-21 16:59:59.695 14281 14281 D wpa_supplicant: P2P: Running p2p_scan
08-21 16:59:59.695 14281 14281 D wpa_supplicant: p2p-dev-wlan0: Starting radio work 'p2p-scan'@0x7f9581c1e0 after 0.000244 second wait
08-21 16:59:59.695 14281 14281 D wpa_supplicant: p2p-dev-wlan0: nl80211: scan request
08-21 16:59:59.695 14281 14281 D wpa_supplicant: nl80211: P2P probe - mask SuppRates
08-21 16:59:59.705 14281 14281 D wpa_supplicant: Scan requested (ret=0) - scan timeout 30 seconds
08-21 16:59:59.705 14281 14281 D wpa_supplicant: nl80211: Drv Event 33 (NL80211_CMD_TRIGGER_SCAN) received for p2p-dev-wlan0
08-21 16:59:59.706 14281 14281 D wpa_supplicant: p2p-dev-wlan0: nl80211: Scan trigger
08-21 16:59:59.706 14281 14281 D wpa_supplicant: p2p-dev-wlan0: Event SCAN_STARTED (49) received
08-21 16:59:59.706 14281 14281 D wpa_supplicant: p2p-dev-wlan0: Own scan request started a scan in 0.000430 seconds
08-21 16:59:59.706 14281 14281 I wpa_supplicant: p2p-dev-wlan0: CTRL-EVENT-SCAN-STARTED 
08-21 16:59:59.706 14281 14281 D wpa_supplicant: CTRL_IFACE monitor sent successfully to /data/misc/wifi/sockets/wpa_ctrl_4223-4\x00
08-21 16:59:59.707 14281 14281 D wpa_supplicant: CTRL_IFACE monitor sent successfully to /data/misc/wifi/sockets/wpa_ctrl_1567-5\x00
08-21 16:59:59.860 14281 14281 D wpa_supplicant: nl80211: Drv Event 34 (NL80211_CMD_NEW_SCAN_RESULTS) received for p2p-dev-wlan0
08-21 16:59:59.860 14281 14281 D wpa_supplicant: p2p-dev-wlan0: nl80211: New scan results available
08-21 16:59:59.860 14281 14281 D wpa_supplicant: nl80211: Scan probed for SSID 'DIRECT-'
08-21 16:59:59.860 14281 14281 D wpa_supplicant: nl80211: Scan included frequencies: 2412 2437 2462
08-21 16:59:59.860 14281 14281 D wpa_supplicant: p2p-dev-wlan0: Event SCAN_RESULTS (3) received
08-21 16:59:59.860 14281 14281 D wpa_supplicant: p2p-dev-wlan0: Scan completed in 0.154438 seconds
08-21 16:59:59.861 14281 14281 D wpa_supplicant: nl80211: Received scan results (1 BSSes)
08-21 16:59:59.861 14281 14281 D wpa_supplicant: p2p-dev-wlan0: BSS: Start scan result update 984
08-21 16:59:59.861 14281 14281 D wpa_supplicant: BSS: last_scan_res_used=0/64
08-21 16:59:59.861 14281 14281 D wpa_supplicant: p2p-dev-wlan0: Radio work 'p2p-scan'@0x7f9581c1e0 done in 0.166311 seconds
08-21 16:59:59.861 14281 14281 D wpa_supplicant: P2P: Scan results received (1 BSS)
08-21 16:59:59.861 14281 14281 D wpa_supplicant: P2P: Parsing WPS IE
08-21 16:59:59.861 14281 14281 D wpa_supplicant: P2P: Config Methods (WPS): 0x108
08-21 16:59:59.861 14281 14281 D wpa_supplicant: P2P: Device Password ID: 0
08-21 16:59:59.862 14281 14281 D wpa_supplicant: P2P: Primary Device Type (WPS): 7-0050F204-1
08-21 16:59:59.862 14281 14281 D wpa_supplicant: P2P: Parsing P2P IE
08-21 16:59:59.862 14281 14281 D wpa_supplicant: P2P: Attribute 2 length 2
08-21 16:59:59.862 14281 14281 D wpa_supplicant: P2P: * Device Capability 24 Group Capability 00
08-21 16:59:59.862 14281 14281 D wpa_supplicant: P2P: Attribute 8 length 4
08-21 16:59:59.862 14281 14281 D wpa_supplicant: P2P: * Extended Listen Timing (period 50 msec  interval 100 msec)
08-21 16:59:59.862 14281 14281 D wpa_supplicant: P2P: Attribute 13 length 48
08-21 16:59:59.862 14281 14281 D wpa_supplicant: P2P: * Device Info: addr 4e:09:d4:43:0e:ee primary device type 7-0050F204-1 device name '[TV][LG]32LB580B-SA' config methods 0x188
08-21 16:59:59.862 14281 14281 D wpa_supplicant: P2P: Do not update peer entry based on old frame (rx_time=21008.496529 last_seen=21008.501964)
08-21 16:59:59.862 14281 14281 D wpa_supplicant: P2P: State SEARCH -> SEARCH
08-21 16:59:59.862 14281 14281 D wpa_supplicant: P2P: Starting short listen state (state=SEARCH)
08-21 16:59:59.867 14281 14281 D wpa_supplicant: WFDS: Extra buffer length (0) for Scan Response
08-21 16:59:59.867 14281 14281 D wpa_supplicant: WPS:  * Version (hardcoded 0x10)
08-21 16:59:59.867 14281 14281 D wpa_supplicant: WPS:  * UUID-E
08-21 16:59:59.867 14281 14281 D wpa_supplicant: WPS:  * Version2 (0x20)
08-21 16:59:59.867 14281 14281 D wpa_supplicant: P2P: * P2P IE header
08-21 16:59:59.867 14281 14281 D wpa_supplicant: P2P: * Capability dev=25 group=00
08-21 16:59:59.867 14281 14281 D wpa_supplicant: P2P: * Device Info
08-21 16:59:59.867 14281 14281 D wpa_supplicant: p2p-dev-wlan0: Add radio work 'p2p-listen'@0x7f9581c1e0
08-21 16:59:59.867 14281 14281 D wpa_supplicant: p2p-dev-wlan0: First radio work item in the queue - schedule start immediately
08-21 16:59:59.868 14281 14281 D wpa_supplicant: p2p-dev-wlan0: Starting radio work 'p2p-listen'@0x7f9581c1e0 after 0.000229 second wait
08-21 16:59:59.868 14281 14281 D wpa_supplicant: wpa_driver_set_ap_wps_p2p_ie: Entry
08-21 16:59:59.872 14281 14281 D wpa_supplicant: nl80211: Enable Probe Request reporting nl_preq=0x7f95821a40
08-21 16:59:59.872 14281 14281 D wpa_supplicant: nl80211: Register frame type=0x40 (WLAN_FC_STYPE_PROBE_REQ) nl_handle=0x7f95821a40 match=
08-21 16:59:59.877 14281 14281 D wpa_supplicant: nl80211: Remain-on-channel cookie 0x348 for freq=2462 MHz duration=307
08-21 16:59:59.877 14281 14281 D wpa_supplicant: nl80211: Drv Event 55 (NL80211_CMD_REMAIN_ON_CHANNEL) received for p2p-dev-wlan0
08-21 16:59:59.877 14281 14281 D wpa_supplicant: nl80211: Remain-on-channel event (cancel=0 freq=2462 channel_type=0 duration=307 cookie=0x348 (match))
08-21 16:59:59.877 14281 14281 D wpa_supplicant: p2p-dev-wlan0: Event REMAIN_ON_CHANNEL (21) received
08-21 16:59:59.877 14281 14281 D wpa_supplicant: Off-channel: Send Action callback (without_roc=0 pending_action_tx=0x0 pending_action_tx_done=1)
08-21 16:59:59.877 14281 14281 D wpa_supplicant: P2P: Starting Listen timeout(0,307200) on freq=2462 based on callback
08-21 16:59:59.877 14281 14281 D wpa_supplicant: P2P: Set timeout (state=SEARCH): 0.327200 sec
08-21 17:00:00.046  3599  3599 I [SystemUI]TimeTickManager: setTimeTickHandler, called onTimeChanged() nextTick: 59987
08-21 17:00:00.046  3599  3599 I KeyguardUpdateMonitor: called onTimeUpdated()
08-21 17:00:00.047  3599  3599 I [SystemUI]Clock: called onTimeUpdated()
08-21 17:00:00.065  3599  3599 I LgeClockWidgetControlView: called onTimeUpdated()
08-21 17:00:00.065  3599  3599 I [SystemUI]DateView: called onTimeUpdated()
08-21 17:00:00.066  3599  3599 I [SystemUI]DateView: called onTimeUpdated()
08-21 17:00:00.074  4793  4793 D [ConciergeService]: onStartCommand(). Type : 11
08-21 17:00:00.075  3599  3599 D KeyguardUpdateMonitor: handleTimeUpdate
08-21 17:00:00.087 24812 24812 I HealthEventReceiverService: [onChange] URI : content://com.lge.bioitplatform.sdservice.BioDataProvider/exercise / EventType : com.lge.lifetracker.layer.eventtype.observer.EventTypeExerciseChanged@77dc749
08-21 17:00:00.087 24812 24812 I HealthEventReceiverService: [WidgetUpdate] URI : content://com.lge.bioitplatform.sdservice.BioDataProvider/exercise
08-21 17:00:00.088 24812  2190 D GoalAchievementRatioCacheProvider: [onEventAsync(EventTypeExerciseChanged)] loadToday
08-21 17:00:00.098 24812 24812 I HealthEventReceiverService: [ConeUpdate] URI : content://com.lge.bioitplatform.sdservice.BioDataProvider/exercise
08-21 17:00:00.118 24812 24812 D HealthWidgetProvider: onReceive : com.lge.lifetracker.action.LIFETRACKER_APPWIDGET_UPDATE
08-21 17:00:00.143 24812 24812 D HealthWidgetProvider: updateAllAppWidgets
08-21 17:00:00.150 24812 24812 D SmartWidgetProvider: onReceive : com.lge.lifetracker.action.LIFETRACKER_APPWIDGET_UPDATE
08-21 17:00:00.150 24812 24812 D HealthWidgetProvider: onReceive : com.lge.lifetracker.action.LIFETRACKER_APPWIDGET_UPDATE
08-21 17:00:00.171 24812 24812 D HealthWidgetProvider: updateAllAppWidgets
08-21 17:00:00.173 24812 24812 D HealthWidgetProvider: updateAppWidget
08-21 17:00:00.173 24812 24812 D HealthWidgetProvider: getRemoteViews
08-21 17:00:00.175 24812 24812 D HealthWidgetProvider: getRemoteViews : main
08-21 17:00:00.177 24812 24812 D SmartWidgetProvider: setMainPadding
08-21 17:00:00.177 24812 24812 D WidgetMainUpdater: WidgetMainUpdater
08-21 17:00:00.199 14281 14281 D wpa_supplicant: nl80211: Drv Event 56 (NL80211_CMD_CANCEL_REMAIN_ON_CHANNEL) received for p2p-dev-wlan0
08-21 17:00:00.199 14281 14281 D wpa_supplicant: nl80211: Remain-on-channel event (cancel=1 freq=2462 channel_type=0 duration=0 cookie=0x348 (match))
08-21 17:00:00.199 14281 14281 D wpa_supplicant: p2p-dev-wlan0: Event CANCEL_REMAIN_ON_CHANNEL (22) received
08-21 17:00:00.199 14281 14281 D wpa_supplicant: P2P: Cancel remain-on-channel callback (p2p_long_listen=0 ms pending_action_tx=0x0)
08-21 17:00:00.199 14281 14281 D wpa_supplicant: p2p-dev-wlan0: Radio work 'p2p-listen'@0x7f9581c1e0 done in 0.331486 seconds
08-21 17:00:00.199 14281 14281 D wpa_supplicant: P2P: Driver ended Listen state (freq=2462)
08-21 17:00:00.199 14281 14281 D wpa_supplicant: P2P: Skip stop_listen since not in listen_only state.
08-21 17:00:00.205 14281 14281 D wpa_supplicant: P2P: Timeout (state=SEARCH)
08-21 17:00:00.205 14281 14281 D wpa_supplicant: wpa_driver_set_ap_wps_p2p_ie: Entry
08-21 17:00:00.205 14281 14281 D wpa_supplicant: nl80211: Disable Probe Request reporting nl_preq=0x888888f71d0a92c9
08-21 17:00:00.205 14281 14281 D wpa_supplicant: P2P: Starting search
08-21 17:00:00.205 14281 14281 D wpa_supplicant: WPS: Building WPS IE for Probe Request
08-21 17:00:00.205 14281 14281 D wpa_supplicant: WPS:  * Version (hardcoded 0x10)
08-21 17:00:00.205 14281 14281 D wpa_supplicant: WPS:  * Request Type
08-21 17:00:00.205 14281 14281 D wpa_supplicant: WPS:  * Config Methods (5388)
08-21 17:00:00.205 14281 14281 D wpa_supplicant: WPS:  * UUID-E
08-21 17:00:00.205 14281 14281 D wpa_supplicant: WPS:  * Primary Device Type
08-21 17:00:00.205 14281 14281 D wpa_supplicant: WPS:  * RF Bands (3)
08-21 17:00:00.205 14281 14281 D wpa_supplicant: WPS:  * Association State
08-21 17:00:00.205 14281 14281 D wpa_supplicant: WPS:  * Configuration Error (0)
08-21 17:00:00.205 14281 14281 D wpa_supplicant: WPS:  * Device Password ID (0)
08-21 17:00:00.205 14281 14281 D wpa_supplicant: WPS:  * Manufacturer
08-21 17:00:00.205 14281 14281 D wpa_supplicant: WPS:  * Model Name
08-21 17:00:00.205 14281 14281 D wpa_supplicant: WPS:  * Model Number
08-21 17:00:00.205 14281 14281 D wpa_supplicant: WPS:  * Device Name
08-21 17:00:00.206 14281 14281 D wpa_supplicant: WPS:  * Version2 (0x20)
08-21 17:00:00.206 14281 14281 D wpa_supplicant: WPS:  * Request to Enroll (1)
08-21 17:00:00.206 14281 14281 D wpa_supplicant: WFDS: Extra buffer length (0) for Scan Request
08-21 17:00:00.206 14281 14281 D wpa_supplicant: P2P: * P2P IE header
08-21 17:00:00.206 14281 14281 D wpa_supplicant: P2P: * Capability dev=25 group=00
08-21 17:00:00.206 14281 14281 D wpa_supplicant: P2P: * Listen Channel: Regulatory Class 81 Channel 11
08-21 17:00:00.206 14281 14281 D wpa_supplicant: p2p-dev-wlan0: Add radio work 'p2p-scan'@0x7f9581c280
08-21 17:00:00.206 14281 14281 D wpa_supplicant: p2p-dev-wlan0: First radio work item in the queue - schedule start immediately
08-21 17:00:00.206 14281 14281 D wpa_supplicant: P2P: Running p2p_scan
08-21 17:00:00.206 14281 14281 D wpa_supplicant: p2p-dev-wlan0: Starting radio work 'p2p-scan'@0x7f9581c280 after 0.000090 second wait
08-21 17:00:00.206 14281 14281 D wpa_supplicant: p2p-dev-wlan0: nl80211: scan request
08-21 17:00:00.206 14281 14281 D wpa_supplicant: nl80211: P2P probe - mask SuppRates
08-21 17:00:00.209 14281 14281 D wpa_supplicant: Scan requested (ret=0) - scan timeout 30 seconds
08-21 17:00:00.209 14281 14281 D wpa_supplicant: nl80211: Drv Event 33 (NL80211_CMD_TRIGGER_SCAN) received for p2p-dev-wlan0
08-21 17:00:00.210 14281 14281 D wpa_supplicant: p2p-dev-wlan0: nl80211: Scan trigger
08-21 17:00:00.210 14281 14281 D wpa_supplicant: p2p-dev-wlan0: Event SCAN_STARTED (49) received
08-21 17:00:00.210 14281 14281 D wpa_supplicant: p2p-dev-wlan0: Own scan request started a scan in 0.000155 seconds
08-21 17:00:00.210 14281 14281 I wpa_supplicant: p2p-dev-wlan0: CTRL-EVENT-SCAN-STARTED 
08-21 17:00:00.210 14281 14281 D wpa_supplicant: CTRL_IFACE monitor sent successfully to /data/misc/wifi/sockets/wpa_ctrl_4223-4\x00
08-21 17:00:00.210 14281 14281 D wpa_supplicant: CTRL_IFACE monitor sent successfully to /data/misc/wifi/sockets/wpa_ctrl_1567-5\x00
08-21 17:00:00.211 24812 24866 D StartDateFutureTaskGetter: get existed one
08-21 17:00:00.211 24812 24866 D GoalAchievementRatioCacheProvider: [getDataFromCacheIfExist] startDateFutureTaskCache executed
08-21 17:00:00.211 24812 24866 D GoalAchievementRatioCacheProvider: [getDataFromCacheIfExist] startDateFutureTaskCache.get()
08-21 17:00:00.211 24812 24866 D GoalAchievementRatioCacheProvider: [getGoalAchievementRatioDataFromCache] cacheIndex was 0
08-21 17:00:00.211 24812 24866 D GoalAchievementRatioCacheProvider: [getGoalAchievementRatioDataFromCache] cacheIndex is 0
08-21 17:00:00.229 24812 24812 I WidgetMainUpdater: updateUI
08-21 17:00:00.229 24812 24812 I WidgetMainUpdater: mData.isAvailablePedometerInfo()
08-21 17:00:00.350   448   448 I rmt_storage: rmt_storage_connect_cb: clnt_h=0x19 conn_h=0x7f955ba000
08-21 17:00:00.350   448   448 I rmt_storage: rmt_storage_rw_iovec_cb: /boot/modem_fs1: clnt_h=0x19: req_h=0x19 msg_id=3: R/W request received
08-21 17:00:00.350   448   448 I rmt_storage: wakelock acquired: 1, error no: 42
08-21 17:00:00.351   448  1173 I rmt_storage: rmt_storage_client_thread: /boot/modem_fs1: clnt_h=0x19 Unblock worker thread (th_id: 547963008064)
08-21 17:00:00.366 14281 14281 D wpa_supplicant: nl80211: Drv Event 34 (NL80211_CMD_NEW_SCAN_RESULTS) received for p2p-dev-wlan0
08-21 17:00:00.367 14281 14281 D wpa_supplicant: p2p-dev-wlan0: nl80211: New scan results available
08-21 17:00:00.367 14281 14281 D wpa_supplicant: nl80211: Scan probed for SSID 'DIRECT-'
08-21 17:00:00.367 14281 14281 D wpa_supplicant: nl80211: Scan included frequencies: 2412 2437 2462
08-21 17:00:00.367 14281 14281 D wpa_supplicant: p2p-dev-wlan0: Event SCAN_RESULTS (3) received
08-21 17:00:00.367 14281 14281 D wpa_supplicant: p2p-dev-wlan0: Scan completed in 0.157350 seconds
08-21 17:00:00.367 14281 14281 D wpa_supplicant: nl80211: Received scan results (1 BSSes)
08-21 17:00:00.368 14281 14281 D wpa_supplicant: p2p-dev-wlan0: BSS: Start scan result update 985
08-21 17:00:00.369 14281 14281 D wpa_supplicant: BSS: last_scan_res_used=0/64
08-21 17:00:00.369 14281 14281 D wpa_supplicant: p2p-dev-wlan0: Radio work 'p2p-scan'@0x7f9581c280 done in 0.163200 seconds
08-21 17:00:00.369 14281 14281 D wpa_supplicant: P2P: Scan results received (1 BSS)
08-21 17:00:00.369 14281 14281 D wpa_supplicant: P2P: Parsing WPS IE
08-21 17:00:00.369 14281 14281 D wpa_supplicant: P2P: Config Methods (WPS): 0x108
08-21 17:00:00.369 14281 14281 D wpa_supplicant: P2P: Device Password ID: 0
08-21 17:00:00.369 14281 14281 D wpa_supplicant: P2P: Primary Device Type (WPS): 7-0050F204-1
08-21 17:00:00.371 14281 14281 D wpa_supplicant: P2P: Parsing P2P IE
08-21 17:00:00.371 14281 14281 D wpa_supplicant: P2P: Attribute 2 length 2
08-21 17:00:00.371 14281 14281 D wpa_supplicant: P2P: * Device Capability 24 Group Capability 00
08-21 17:00:00.371 14281 14281 D wpa_supplicant: P2P: Attribute 8 length 4
08-21 17:00:00.371 14281 14281 D wpa_supplicant: P2P: * Extended Listen Timing (period 50 msec  interval 100 msec)
08-21 17:00:00.371 14281 14281 D wpa_supplicant: P2P: Attribute 13 length 48
08-21 17:00:00.372 14281 14281 D wpa_supplicant: P2P: * Device Info: addr 4e:09:d4:43:0e:ee primary device type 7-0050F204-1 device name '[TV][LG]32LB580B-SA' config methods 0x188
08-21 17:00:00.372 14281 14281 D wpa_supplicant: P2P: State SEARCH -> SEARCH
08-21 17:00:00.372 14281 14281 D wpa_supplicant: P2P: Starting short listen state (state=SEARCH)
08-21 17:00:00.374 14281 14281 D wpa_supplicant: WFDS: Extra buffer length (0) for Scan Response
08-21 17:00:00.374 14281 14281 D wpa_supplicant: WPS:  * Version (hardcoded 0x10)
08-21 17:00:00.374 14281 14281 D wpa_supplicant: WPS:  * UUID-E
08-21 17:00:00.374 14281 14281 D wpa_supplicant: WPS:  * Version2 (0x20)
08-21 17:00:00.374 14281 14281 D wpa_supplicant: P2P: * P2P IE header
08-21 17:00:00.374 14281 14281 D wpa_supplicant: P2P: * Capability dev=25 group=00
08-21 17:00:00.374 14281 14281 D wpa_supplicant: P2P: * Device Info
08-21 17:00:00.374 14281 14281 D wpa_supplicant: p2p-dev-wlan0: Add radio work 'p2p-listen'@0x7f9581c280
08-21 17:00:00.374 14281 14281 D wpa_supplicant: p2p-dev-wlan0: First radio work item in the queue - schedule start immediately
08-21 17:00:00.374 14281 14281 D wpa_supplicant: p2p-dev-wlan0: Starting radio work 'p2p-listen'@0x7f9581c280 after 0.000134 second wait
08-21 17:00:00.374 14281 14281 D wpa_supplicant: wpa_driver_set_ap_wps_p2p_ie: Entry
08-21 17:00:00.374 14281 14281 D wpa_supplicant: nl80211: Enable Probe Request reporting nl_preq=0x7f95821c40
08-21 17:00:00.374 14281 14281 D wpa_supplicant: nl80211: Register frame type=0x40 (WLAN_FC_STYPE_PROBE_REQ) nl_handle=0x7f95821c40 match=
08-21 17:00:00.378 14281 14281 D wpa_supplicant: nl80211: Remain-on-channel cookie 0x349 for freq=2462 MHz duration=204
08-21 17:00:00.379 14281 14281 D wpa_supplicant: nl80211: Drv Event 55 (NL80211_CMD_REMAIN_ON_CHANNEL) received for p2p-dev-wlan0
08-21 17:00:00.379 14281 14281 D wpa_supplicant: nl80211: Remain-on-channel event (cancel=0 freq=2462 channel_type=0 duration=204 cookie=0x349 (match))
08-21 17:00:00.379 14281 14281 D wpa_supplicant: p2p-dev-wlan0: Event REMAIN_ON_CHANNEL (21) received
08-21 17:00:00.379 14281 14281 D wpa_supplicant: Off-channel: Send Action callback (without_roc=0 pending_action_tx=0x0 pending_action_tx_done=1)
08-21 17:00:00.379 14281 14281 D wpa_supplicant: P2P: Starting Listen timeout(0,204800) on freq=2462 based on callback
08-21 17:00:00.379 14281 14281 D wpa_supplicant: P2P: Set timeout (state=SEARCH): 0.224800 sec
08-21 17:00:00.442   448  1173 I rmt_storage: rmt_storage_client_thread: /boot/modem_fs1: clnt_h=0x19: req_h=0x19 msg_id=3: Bytes written = 1572864
08-21 17:00:00.442   448  1173 I rmt_storage: rmt_storage_client_thread: /boot/modem_fs1: clnt_h=0x19: req_h=0x19 msg_id=3: Send response: res=0 err=0
08-21 17:00:00.443   448  1173 I rmt_storage: rmt_storage_client_thread: /boot/modem_fs1: clnt_h=0x19 About to block rmt_storage client thread (th_id: 547963008064) wakelock released: 1, error no: 0
08-21 17:00:00.443   448  1173 I rmt_storage: 
08-21 17:00:00.447   727   727 V slim_daemon: [MAIN] run: Got IPC: 9902 from 0
08-21 17:00:00.449   448   448 I rmt_storage: rmt_storage_disconnect_cb: clnt_h=0x19 conn_h=0x7f955ba000
08-21 17:00:00.595 14281 14281 D wpa_supplicant: nl80211: Drv Event 56 (NL80211_CMD_CANCEL_REMAIN_ON_CHANNEL) received for p2p-dev-wlan0
08-21 17:00:00.595 14281 14281 D wpa_supplicant: nl80211: Remain-on-channel event (cancel=1 freq=2462 channel_type=0 duration=0 cookie=0x349 (match))
08-21 17:00:00.595 14281 14281 D wpa_supplicant: p2p-dev-wlan0: Event CANCEL_REMAIN_ON_CHANNEL (22) received
08-21 17:00:00.595 14281 14281 D wpa_supplicant: P2P: Cancel remain-on-channel callback (p2p_long_listen=0 ms pending_action_tx=0x0)
08-21 17:00:00.595 14281 14281 D wpa_supplicant: p2p-dev-wlan0: Radio work 'p2p-listen'@0x7f9581c280 done in 0.221257 seconds
08-21 17:00:00.595 14281 14281 D wpa_supplicant: P2P: Driver ended Listen state (freq=2462)
08-21 17:00:00.595 14281 14281 D wpa_supplicant: P2P: Skip stop_listen since not in listen_only state.
08-21 17:00:00.604 14281 14281 D wpa_supplicant: P2P: Timeout (state=SEARCH)
08-21 17:00:00.604 14281 14281 D wpa_supplicant: wpa_driver_set_ap_wps_p2p_ie: Entry
08-21 17:00:00.604 14281 14281 D wpa_supplicant: nl80211: Disable Probe Request reporting nl_preq=0x888888f71d0a94c9
08-21 17:00:00.605 14281 14281 D wpa_supplicant: P2P: Starting search
08-21 17:00:00.605 14281 14281 D wpa_supplicant: WPS: Building WPS IE for Probe Request
08-21 17:00:00.605 14281 14281 D wpa_supplicant: WPS:  * Version (hardcoded 0x10)
08-21 17:00:00.605 14281 14281 D wpa_supplicant: WPS:  * Request Type
08-21 17:00:00.605 14281 14281 D wpa_supplicant: WPS:  * Config Methods (5388)
08-21 17:00:00.605 14281 14281 D wpa_supplicant: WPS:  * UUID-E
08-21 17:00:00.605 14281 14281 D wpa_supplicant: WPS:  * Primary Device Type
08-21 17:00:00.605 14281 14281 D wpa_supplicant: WPS:  * RF Bands (3)
08-21 17:00:00.605 14281 14281 D wpa_supplicant: WPS:  * Association State
08-21 17:00:00.606 14281 14281 D wpa_supplicant: WPS:  * Configuration Error (0)
08-21 17:00:00.606 14281 14281 D wpa_supplicant: WPS:  * Device Password ID (0)
08-21 17:00:00.606 14281 14281 D wpa_supplicant: WPS:  * Manufacturer
08-21 17:00:00.606 14281 14281 D wpa_supplicant: WPS:  * Model Name
08-21 17:00:00.606 14281 14281 D wpa_supplicant: WPS:  * Model Number
08-21 17:00:00.606 14281 14281 D wpa_supplicant: WPS:  * Device Name
08-21 17:00:00.606 14281 14281 D wpa_supplicant: WPS:  * Version2 (0x20)
08-21 17:00:00.606 14281 14281 D wpa_supplicant: WPS:  * Request to Enroll (1)
08-21 17:00:00.606 14281 14281 D wpa_supplicant: WFDS: Extra buffer length (0) for Scan Request
08-21 17:00:00.606 14281 14281 D wpa_supplicant: P2P: * P2P IE header
08-21 17:00:00.606 14281 14281 D wpa_supplicant: P2P: * Capability dev=25 group=00
08-21 17:00:00.606 14281 14281 D wpa_supplicant: P2P: * Listen Channel: Regulatory Class 81 Channel 11
08-21 17:00:00.606 14281 14281 D wpa_supplicant: p2p-dev-wlan0: Add radio work 'p2p-scan'@0x7f9581c2d0
08-21 17:00:00.606 14281 14281 D wpa_supplicant: p2p-dev-wlan0: First radio work item in the queue - schedule start immediately
08-21 17:00:00.607 14281 14281 D wpa_supplicant: P2P: Running p2p_scan
08-21 17:00:00.607 14281 14281 D wpa_supplicant: p2p-dev-wlan0: Starting radio work 'p2p-scan'@0x7f9581c2d0 after 0.000279 second wait
08-21 17:00:00.607 14281 14281 D wpa_supplicant: p2p-dev-wlan0: nl80211: scan request
08-21 17:00:00.607 14281 14281 D wpa_supplicant: nl80211: P2P probe - mask SuppRates
08-21 17:00:00.613 14281 14281 D wpa_supplicant: Scan requested (ret=0) - scan timeout 30 seconds
08-21 17:00:00.614 14281 14281 D wpa_supplicant: nl80211: Drv Event 33 (NL80211_CMD_TRIGGER_SCAN) received for p2p-dev-wlan0
08-21 17:00:00.614 14281 14281 D wpa_supplicant: p2p-dev-wlan0: nl80211: Scan trigger
08-21 17:00:00.614 14281 14281 D wpa_supplicant: p2p-dev-wlan0: Event SCAN_STARTED (49) received
08-21 17:00:00.614 14281 14281 D wpa_supplicant: p2p-dev-wlan0: Own scan request started a scan in 0.000416 seconds
08-21 17:00:00.614 14281 14281 I wpa_supplicant: p2p-dev-wlan0: CTRL-EVENT-SCAN-STARTED 
08-21 17:00:00.615 14281 14281 D wpa_supplicant: CTRL_IFACE monitor sent successfully to /data/misc/wifi/sockets/wpa_ctrl_4223-4\x00
08-21 17:00:00.617 14281 14281 D wpa_supplicant: CTRL_IFACE monitor sent successfully to /data/misc/wifi/sockets/wpa_ctrl_1567-5\x00
08-21 17:00:00.784 14281 14281 D wpa_supplicant: nl80211: Drv Event 34 (NL80211_CMD_NEW_SCAN_RESULTS) received for p2p-dev-wlan0
08-21 17:00:00.784 14281 14281 D wpa_supplicant: p2p-dev-wlan0: nl80211: New scan results available
08-21 17:00:00.785 14281 14281 D wpa_supplicant: nl80211: Scan probed for SSID 'DIRECT-'
08-21 17:00:00.785 14281 14281 D wpa_supplicant: nl80211: Scan included frequencies: 2412 2437 2462
08-21 17:00:00.785 14281 14281 D wpa_supplicant: p2p-dev-wlan0: Event SCAN_RESULTS (3) received
08-21 17:00:00.785 14281 14281 D wpa_supplicant: p2p-dev-wlan0: Scan completed in 0.170801 seconds
08-21 17:00:00.785 14281 14281 D wpa_supplicant: nl80211: Received scan results (1 BSSes)
08-21 17:00:00.785 14281 14281 D wpa_supplicant: p2p-dev-wlan0: BSS: Start scan result update 986
08-21 17:00:00.785 14281 14281 D wpa_supplicant: BSS: last_scan_res_used=0/64
08-21 17:00:00.786 14281 14281 D wpa_supplicant: p2p-dev-wlan0: Radio work 'p2p-scan'@0x7f9581c2d0 done in 0.178913 seconds
08-21 17:00:00.786 14281 14281 D wpa_supplicant: P2P: Scan results received (1 BSS)
08-21 17:00:00.786 14281 14281 D wpa_supplicant: P2P: Parsing WPS IE
08-21 17:00:00.786 14281 14281 D wpa_supplicant: P2P: Config Methods (WPS): 0x108
08-21 17:00:00.786 14281 14281 D wpa_supplicant: P2P: Device Password ID: 0
08-21 17:00:00.786 14281 14281 D wpa_supplicant: P2P: Primary Device Type (WPS): 7-0050F204-1
08-21 17:00:00.786 14281 14281 D wpa_supplicant: P2P: Parsing P2P IE
08-21 17:00:00.786 14281 14281 D wpa_supplicant: P2P: Attribute 2 length 2
08-21 17:00:00.786 14281 14281 D wpa_supplicant: P2P: * Device Capability 24 Group Capability 00
08-21 17:00:00.786 14281 14281 D wpa_supplicant: P2P: Attribute 8 length 4
08-21 17:00:00.786 14281 14281 D wpa_supplicant: P2P: * Extended Listen Timing (period 50 msec  interval 100 msec)
08-21 17:00:00.786 14281 14281 D wpa_supplicant: P2P: Attribute 13 length 48
08-21 17:00:00.786 14281 14281 D wpa_supplicant: P2P: * Device Info: addr 4e:09:d4:43:0e:ee primary device type 7-0050F204-1 device name '[TV][LG]32LB580B-SA' config methods 0x188
08-21 17:00:00.786 14281 14281 D wpa_supplicant: P2P: Do not update peer entry based on old frame (rx_time=21009.930949 last_seen=21009.933370)
08-21 17:00:00.786 14281 14281 D wpa_supplicant: P2P: State SEARCH -> SEARCH
08-21 17:00:00.787 14281 14281 D wpa_supplicant: P2P: Starting short listen state (state=SEARCH)
08-21 17:00:00.792 14281 14281 D wpa_supplicant: WFDS: Extra buffer length (0) for Scan Response
08-21 17:00:00.793 14281 14281 D wpa_supplicant: WPS:  * Version (hardcoded 0x10)
08-21 17:00:00.793 14281 14281 D wpa_supplicant: WPS:  * UUID-E
08-21 17:00:00.793 14281 14281 D wpa_supplicant: WPS:  * Version2 (0x20)
08-21 17:00:00.793 14281 14281 D wpa_supplicant: P2P: * P2P IE header
08-21 17:00:00.793 14281 14281 D wpa_supplicant: P2P: * Capability dev=25 group=00
08-21 17:00:00.793 14281 14281 D wpa_supplicant: P2P: * Device Info
08-21 17:00:00.793 14281 14281 D wpa_supplicant: p2p-dev-wlan0: Add radio work 'p2p-listen'@0x7f9581c2d0
08-21 17:00:00.793 14281 14281 D wpa_supplicant: p2p-dev-wlan0: First radio work item in the queue - schedule start immediately
08-21 17:00:00.793 14281 14281 D wpa_supplicant: p2p-dev-wlan0: Starting radio work 'p2p-listen'@0x7f9581c2d0 after 0.000208 second wait
08-21 17:00:00.793 14281 14281 D wpa_supplicant: wpa_driver_set_ap_wps_p2p_ie: Entry
08-21 17:00:00.794 14281 14281 D wpa_supplicant: nl80211: Enable Probe Request reporting nl_preq=0x7f95821a40
08-21 17:00:00.794 14281 14281 D wpa_supplicant: nl80211: Register frame type=0x40 (WLAN_FC_STYPE_PROBE_REQ) nl_handle=0x7f95821a40 match=
08-21 17:00:00.798 14281 14281 D wpa_supplicant: nl80211: Remain-on-channel cookie 0x34a for freq=2462 MHz duration=307
08-21 17:00:00.798 14281 14281 D wpa_supplicant: nl80211: Drv Event 55 (NL80211_CMD_REMAIN_ON_CHANNEL) received for p2p-dev-wlan0
08-21 17:00:00.798 14281 14281 D wpa_supplicant: nl80211: Remain-on-channel event (cancel=0 freq=2462 channel_type=0 duration=307 cookie=0x34a (match))
08-21 17:00:00.798 14281 14281 D wpa_supplicant: p2p-dev-wlan0: Event REMAIN_ON_CHANNEL (21) received
08-21 17:00:00.798 14281 14281 D wpa_supplicant: Off-channel: Send Action callback (without_roc=0 pending_action_tx=0x0 pending_action_tx_done=1)
08-21 17:00:00.798 14281 14281 D wpa_supplicant: P2P: Starting Listen timeout(0,307200) on freq=2462 based on callback
08-21 17:00:00.799 14281 14281 D wpa_supplicant: P2P: Set timeout (state=SEARCH): 0.327200 sec
08-21 17:00:01.125 14281 14281 D wpa_supplicant: nl80211: Drv Event 56 (NL80211_CMD_CANCEL_REMAIN_ON_CHANNEL) received for p2p-dev-wlan0
08-21 17:00:01.125 14281 14281 D wpa_supplicant: nl80211: Remain-on-channel event (cancel=1 freq=2462 channel_type=0 duration=0 cookie=0x34a (match))
08-21 17:00:01.125 14281 14281 D wpa_supplicant: p2p-dev-wlan0: Event CANCEL_REMAIN_ON_CHANNEL (22) received
08-21 17:00:01.125 14281 14281 D wpa_supplicant: P2P: Cancel remain-on-channel callback (p2p_long_listen=0 ms pending_action_tx=0x0)
08-21 17:00:01.125 14281 14281 D wpa_supplicant: p2p-dev-wlan0: Radio work 'p2p-listen'@0x7f9581c2d0 done in 0.331714 seconds
08-21 17:00:01.125 14281 14281 D wpa_supplicant: P2P: Driver ended Listen state (freq=2462)
08-21 17:00:01.125 14281 14281 D wpa_supplicant: P2P: Skip stop_listen since not in listen_only state.
08-21 17:00:01.126 14281 14281 D wpa_supplicant: P2P: Timeout (state=SEARCH)
08-21 17:00:01.126 14281 14281 D wpa_supplicant: wpa_driver_set_ap_wps_p2p_ie: Entry
08-21 17:00:01.126 14281 14281 D wpa_supplicant: nl80211: Disable Probe Request reporting nl_preq=0x888888f71d0a92c9
08-21 17:00:01.126 14281 14281 D wpa_supplicant: P2P: Starting search
08-21 17:00:01.127 14281 14281 D wpa_supplicant: WPS: Building WPS IE for Probe Request
08-21 17:00:01.127 14281 14281 D wpa_supplicant: WPS:  * Version (hardcoded 0x10)
08-21 17:00:01.127 14281 14281 D wpa_supplicant: WPS:  * Request Type
08-21 17:00:01.127 14281 14281 D wpa_supplicant: WPS:  * Config Methods (5388)
08-21 17:00:01.127 14281 14281 D wpa_supplicant: WPS:  * UUID-E
08-21 17:00:01.127 14281 14281 D wpa_supplicant: WPS:  * Primary Device Type
08-21 17:00:01.127 14281 14281 D wpa_supplicant: WPS:  * RF Bands (3)
08-21 17:00:01.127 14281 14281 D wpa_supplicant: WPS:  * Association State
08-21 17:00:01.127 14281 14281 D wpa_supplicant: WPS:  * Configuration Error (0)
08-21 17:00:01.127 14281 14281 D wpa_supplicant: WPS:  * Device Password ID (0)
08-21 17:00:01.127 14281 14281 D wpa_supplicant: WPS:  * Manufacturer
08-21 17:00:01.127 14281 14281 D wpa_supplicant: WPS:  * Model Name
08-21 17:00:01.127 14281 14281 D wpa_supplicant: WPS:  * Model Number
08-21 17:00:01.127 14281 14281 D wpa_supplicant: WPS:  * Device Name
08-21 17:00:01.127 14281 14281 D wpa_supplicant: WPS:  * Version2 (0x20)
08-21 17:00:01.127 14281 14281 D wpa_supplicant: WPS:  * Request to Enroll (1)
08-21 17:00:01.127 14281 14281 D wpa_supplicant: WFDS: Extra buffer length (0) for Scan Request
08-21 17:00:01.127 14281 14281 D wpa_supplicant: P2P: * P2P IE header
08-21 17:00:01.127 14281 14281 D wpa_supplicant: P2P: * Capability dev=25 group=00
08-21 17:00:01.127 14281 14281 D wpa_supplicant: P2P: * Listen Channel: Regulatory Class 81 Channel 11
08-21 17:00:01.127 14281 14281 D wpa_supplicant: p2p-dev-wlan0: Add radio work 'p2p-scan'@0x7f9581c1e0
08-21 17:00:01.128 14281 14281 D wpa_supplicant: p2p-dev-wlan0: First radio work item in the queue - schedule start immediately
08-21 17:00:01.128 14281 14281 D wpa_supplicant: P2P: Running p2p_scan
08-21 17:00:01.128 14281 14281 D wpa_supplicant: p2p-dev-wlan0: Starting radio work 'p2p-scan'@0x7f9581c1e0 after 0.000209 second wait
08-21 17:00:01.128 14281 14281 D wpa_supplicant: p2p-dev-wlan0: nl80211: scan request
08-21 17:00:01.128 14281 14281 D wpa_supplicant: nl80211: P2P probe - mask SuppRates
08-21 17:00:01.134 14281 14281 D wpa_supplicant: Scan requested (ret=0) - scan timeout 30 seconds
08-21 17:00:01.134 14281 14281 D wpa_supplicant: nl80211: Drv Event 33 (NL80211_CMD_TRIGGER_SCAN) received for p2p-dev-wlan0
08-21 17:00:01.134 14281 14281 D wpa_supplicant: p2p-dev-wlan0: nl80211: Scan trigger
08-21 17:00:01.134 14281 14281 D wpa_supplicant: p2p-dev-wlan0: Event SCAN_STARTED (49) received
08-21 17:00:01.134 14281 14281 D wpa_supplicant: p2p-dev-wlan0: Own scan request started a scan in 0.000343 seconds
08-21 17:00:01.134 14281 14281 I wpa_supplicant: p2p-dev-wlan0: CTRL-EVENT-SCAN-STARTED 
08-21 17:00:01.135 14281 14281 D wpa_supplicant: CTRL_IFACE monitor sent successfully to /data/misc/wifi/sockets/wpa_ctrl_4223-4\x00
08-21 17:00:01.136 14281 14281 D wpa_supplicant: CTRL_IFACE monitor sent successfully to /data/misc/wifi/sockets/wpa_ctrl_1567-5\x00
08-21 17:00:01.165   309   309 I DigitalAppWidgetProvider: onReceive: com.android.deskclock.ON_QUARTER_HOUR
08-21 17:00:01.170   309   309 V DigitalAppWidgetProvider: startAlarmOnQuarterHour android.app.ReceiverRestrictedContext@5ab328e
08-21 17:00:01.317 14281 14281 D wpa_supplicant: nl80211: Drv Event 34 (NL80211_CMD_NEW_SCAN_RESULTS) received for p2p-dev-wlan0
08-21 17:00:01.317 14281 14281 D wpa_supplicant: p2p-dev-wlan0: nl80211: New scan results available
08-21 17:00:01.317 14281 14281 D wpa_supplicant: nl80211: Scan probed for SSID 'DIRECT-'
08-21 17:00:01.317 14281 14281 D wpa_supplicant: nl80211: Scan included frequencies: 2412 2437 2462
08-21 17:00:01.318 14281 14281 D wpa_supplicant: p2p-dev-wlan0: Event SCAN_RESULTS (3) received
08-21 17:00:01.318 14281 14281 D wpa_supplicant: p2p-dev-wlan0: Scan completed in 0.183527 seconds
08-21 17:00:01.318 14281 14281 D wpa_supplicant: nl80211: Received scan results (1 BSSes)
08-21 17:00:01.319 14281 14281 D wpa_supplicant: p2p-dev-wlan0: BSS: Start scan result update 987
08-21 17:00:01.319 14281 14281 D wpa_supplicant: BSS: last_scan_res_used=0/64
08-21 17:00:01.319 14281 14281 D wpa_supplicant: p2p-dev-wlan0: Radio work 'p2p-scan'@0x7f9581c1e0 done in 0.191148 seconds
08-21 17:00:01.319 14281 14281 D wpa_supplicant: P2P: Scan results received (1 BSS)
08-21 17:00:01.319 14281 14281 D wpa_supplicant: P2P: Parsing WPS IE
08-21 17:00:01.319 14281 14281 D wpa_supplicant: P2P: Config Methods (WPS): 0x108
08-21 17:00:01.319 14281 14281 D wpa_supplicant: P2P: Device Password ID: 0
08-21 17:00:01.319 14281 14281 D wpa_supplicant: P2P: Primary Device Type (WPS): 7-0050F204-1
08-21 17:00:01.319 14281 14281 D wpa_supplicant: P2P: Parsing P2P IE
08-21 17:00:01.319 14281 14281 D wpa_supplicant: P2P: Attribute 2 length 2
08-21 17:00:01.319 14281 14281 D wpa_supplicant: P2P: * Device Capability 24 Group Capability 00
08-21 17:00:01.320 14281 14281 D wpa_supplicant: P2P: Attribute 8 length 4
08-21 17:00:01.320 14281 14281 D wpa_supplicant: P2P: * Extended Listen Timing (period 50 msec  interval 100 msec)
08-21 17:00:01.320 14281 14281 D wpa_supplicant: P2P: Attribute 13 length 48
08-21 17:00:01.320 14281 14281 D wpa_supplicant: P2P: * Device Info: addr 4e:09:d4:43:0e:ee primary device type 7-0050F204-1 device name '[TV][LG]32LB580B-SA' config methods 0x188
08-21 17:00:01.320 14281 14281 D wpa_supplicant: P2P: State SEARCH -> SEARCH
08-21 17:00:01.320 14281 14281 D wpa_supplicant: P2P: Starting short listen state (state=SEARCH)
08-21 17:00:01.325 14281 14281 D wpa_supplicant: WFDS: Extra buffer length (0) for Scan Response
08-21 17:00:01.325 14281 14281 D wpa_supplicant: WPS:  * Version (hardcoded 0x10)
08-21 17:00:01.325 14281 14281 D wpa_supplicant: WPS:  * UUID-E
08-21 17:00:01.325 14281 14281 D wpa_supplicant: WPS:  * Version2 (0x20)
08-21 17:00:01.325 14281 14281 D wpa_supplicant: P2P: * P2P IE header
08-21 17:00:01.325 14281 14281 D wpa_supplicant: P2P: * Capability dev=25 group=00
08-21 17:00:01.325 14281 14281 D wpa_supplicant: P2P: * Device Info
08-21 17:00:01.325 14281 14281 D wpa_supplicant: p2p-dev-wlan0: Add radio work 'p2p-listen'@0x7f9581c1e0
08-21 17:00:01.325 14281 14281 D wpa_supplicant: p2p-dev-wlan0: First radio work item in the queue - schedule start immediately
08-21 17:00:01.325 14281 14281 D wpa_supplicant: p2p-dev-wlan0: Starting radio work 'p2p-listen'@0x7f9581c1e0 after 0.000238 second wait
08-21 17:00:01.325 14281 14281 D wpa_supplicant: wpa_driver_set_ap_wps_p2p_ie: Entry
08-21 17:00:01.326 14281 14281 D wpa_supplicant: nl80211: Enable Probe Request reporting nl_preq=0x7f95821c40
08-21 17:00:01.326 14281 14281 D wpa_supplicant: nl80211: Register frame type=0x40 (WLAN_FC_STYPE_PROBE_REQ) nl_handle=0x7f95821c40 match=
08-21 17:00:01.332 14281 14281 D wpa_supplicant: nl80211: Remain-on-channel cookie 0x34b for freq=2462 MHz duration=204
08-21 17:00:01.332 14281 14281 D wpa_supplicant: nl80211: Drv Event 55 (NL80211_CMD_REMAIN_ON_CHANNEL) received for p2p-dev-wlan0
08-21 17:00:01.332 14281 14281 D wpa_supplicant: nl80211: Remain-on-channel event (cancel=0 freq=2462 channel_type=0 duration=204 cookie=0x34b (match))
08-21 17:00:01.332 14281 14281 D wpa_supplicant: p2p-dev-wlan0: Event REMAIN_ON_CHANNEL (21) received
08-21 17:00:01.332 14281 14281 D wpa_supplicant: Off-channel: Send Action callback (without_roc=0 pending_action_tx=0x0 pending_action_tx_done=1)
08-21 17:00:01.332 14281 14281 D wpa_supplicant: P2P: Starting Listen timeout(0,204800) on freq=2462 based on callback
08-21 17:00:01.333 14281 14281 D wpa_supplicant: P2P: Set timeout (state=SEARCH): 0.224800 sec
08-21 17:00:01.449  1567  3232 I chatty  : uid=1000(system) InputDispatcher expire 77 lines
08-21 17:00:01.476  3599  3599 I [SystemUI]LGKeyButtonView: Navigation Key(3) sendEvent, action : 0, flags : 0, when : 14353569
08-21 17:00:01.500  3599  3599 I [SystemUI]LGKeyButtonView: Navigation Key(3) sendEvent, action : 1, flags : 0, when : 14353612
08-21 17:00:01.514  4064  4082 I chatty  : uid=1000(system) Binder_2 expire 1 line
08-21 17:00:01.515  1567  3268 I chatty  : uid=1000(system) AudioService expire 86 lines
08-21 17:00:01.520  3386  4208 I chatty  : uid=1013(media) Binder_5 expire 46 lines
08-21 17:00:01.530  3386  3958 I chatty  : uid=1013(media) Binder_4 expire 44 lines
08-21 17:00:01.533  3386  3539 I chatty  : uid=1013(media) Binder_1 expire 43 lines
08-21 17:00:01.533  3386  3520 I chatty  : uid=1013(media) ApmAudio expire 149 lines
08-21 17:00:01.533  3386  3533 I chatty  : uid=1013(media) AudioOut_2 expire 368 lines
08-21 17:00:01.535  3386  3521 I chatty  : uid=1013(media) ApmOutput expire 251 lines
08-21 17:00:01.536  3599  3599 D [SystemUI]PanelView: setExpandedHeight : 0.0
08-21 17:00:01.536  3599  3599 I [SystemUI]QuickSettingsHandler: Got action android.intent.action.CLOSE_SYSTEM_DIALOGS at null
08-21 17:00:01.542 14281 14281 D wpa_supplicant: nl80211: Drv Event 56 (NL80211_CMD_CANCEL_REMAIN_ON_CHANNEL) received for p2p-dev-wlan0
08-21 17:00:01.542 14281 14281 D wpa_supplicant: nl80211: Remain-on-channel event (cancel=1 freq=2462 channel_type=0 duration=0 cookie=0x34b (match))
08-21 17:00:01.543 14281 14281 D wpa_supplicant: p2p-dev-wlan0: Event CANCEL_REMAIN_ON_CHANNEL (22) received
08-21 17:00:01.543 14281 14281 D wpa_supplicant: P2P: Cancel remain-on-channel callback (p2p_long_listen=0 ms pending_action_tx=0x0)
08-21 17:00:01.543 14281 14281 D wpa_supplicant: p2p-dev-wlan0: Radio work 'p2p-listen'@0x7f9581c1e0 done in 0.217527 seconds
08-21 17:00:01.543 14281 14281 D wpa_supplicant: P2P: Driver ended Listen state (freq=2462)
08-21 17:00:01.543 14281 14281 D wpa_supplicant: P2P: Skip stop_listen since not in listen_only state.
08-21 17:00:01.558 14281 14281 D wpa_supplicant: P2P: Timeout (state=SEARCH)
08-21 17:00:01.558 14281 14281 D wpa_supplicant: wpa_driver_set_ap_wps_p2p_ie: Entry
08-21 17:00:01.558  3386  3532 I chatty  : uid=1013(media) FastMixer expire 511 lines
08-21 17:00:01.558 14281 14281 D wpa_supplicant: nl80211: Disable Probe Request reporting nl_preq=0x888888f71d0a94c9
08-21 17:00:01.558 14281 14281 D wpa_supplicant: P2P: Starting search
08-21 17:00:01.558 14281 14281 D wpa_supplicant: WPS: Building WPS IE for Probe Request
08-21 17:00:01.558 14281 14281 D wpa_supplicant: WPS:  * Version (hardcoded 0x10)
08-21 17:00:01.558 14281 14281 D wpa_supplicant: WPS:  * Request Type
08-21 17:00:01.559 14281 14281 D wpa_supplicant: WPS:  * Config Methods (5388)
08-21 17:00:01.559 14281 14281 D wpa_supplicant: WPS:  * UUID-E
08-21 17:00:01.559 14281 14281 D wpa_supplicant: WPS:  * Primary Device Type
08-21 17:00:01.559 14281 14281 D wpa_supplicant: WPS:  * RF Bands (3)
08-21 17:00:01.559 14281 14281 D wpa_supplicant: WPS:  * Association State
08-21 17:00:01.559 14281 14281 D wpa_supplicant: WPS:  * Configuration Error (0)
08-21 17:00:01.559 14281 14281 D wpa_supplicant: WPS:  * Device Password ID (0)
08-21 17:00:01.559 14281 14281 D wpa_supplicant: WPS:  * Manufacturer
08-21 17:00:01.559 14281 14281 D wpa_supplicant: WPS:  * Model Name
08-21 17:00:01.559 14281 14281 D wpa_supplicant: WPS:  * Model Number
08-21 17:00:01.559 14281 14281 D wpa_supplicant: WPS:  * Device Name
08-21 17:00:01.559 14281 14281 D wpa_supplicant: WPS:  * Version2 (0x20)
08-21 17:00:01.559 14281 14281 D wpa_supplicant: WPS:  * Request to Enroll (1)
08-21 17:00:01.559 14281 14281 D wpa_supplicant: WFDS: Extra buffer length (0) for Scan Request
08-21 17:00:01.559 14281 14281 D wpa_supplicant: P2P: * P2P IE header
08-21 17:00:01.559 14281 14281 D wpa_supplicant: P2P: * Capability dev=25 group=00
08-21 17:00:01.559 14281 14281 D wpa_supplicant: P2P: * Listen Channel: Regulatory Class 81 Channel 11
08-21 17:00:01.559 14281 14281 D wpa_supplicant: p2p-dev-wlan0: Add radio work 'p2p-scan'@0x7f9581c280
08-21 17:00:01.559 14281 14281 D wpa_supplicant: p2p-dev-wlan0: First radio work item in the queue - schedule start immediately
08-21 17:00:01.559 14281 14281 D wpa_supplicant: P2P: Running p2p_scan
08-21 17:00:01.559 14281 14281 D wpa_supplicant: p2p-dev-wlan0: Starting radio work 'p2p-scan'@0x7f9581c280 after 0.000104 second wait
08-21 17:00:01.559 14281 14281 D wpa_supplicant: p2p-dev-wlan0: nl80211: scan request
08-21 17:00:01.559 14281 14281 D wpa_supplicant: nl80211: P2P probe - mask SuppRates
08-21 17:00:01.562 14281 14281 D wpa_supplicant: Scan requested (ret=0) - scan timeout 30 seconds
08-21 17:00:01.562 14281 14281 D wpa_supplicant: nl80211: Drv Event 33 (NL80211_CMD_TRIGGER_SCAN) received for p2p-dev-wlan0
08-21 17:00:01.562 14281 14281 D wpa_supplicant: p2p-dev-wlan0: nl80211: Scan trigger
08-21 17:00:01.562 14281 14281 D wpa_supplicant: p2p-dev-wlan0: Event SCAN_STARTED (49) received
08-21 17:00:01.563 14281 14281 D wpa_supplicant: p2p-dev-wlan0: Own scan request started a scan in 0.000141 seconds
08-21 17:00:01.563 14281 14281 I wpa_supplicant: p2p-dev-wlan0: CTRL-EVENT-SCAN-STARTED 
08-21 17:00:01.563 14281 14281 D wpa_supplicant: CTRL_IFACE monitor sent successfully to /data/misc/wifi/sockets/wpa_ctrl_4223-4\x00
08-21 17:00:01.563 14281 14281 D wpa_supplicant: CTRL_IFACE monitor sent successfully to /data/misc/wifi/sockets/wpa_ctrl_1567-5\x00
08-21 17:00:01.568  1567  1955 I chatty  : uid=1000(system) ActivityManager expire 9 lines
08-21 17:00:01.569  4064  4081 I chatty  : uid=1000(system) Binder_1 expire 6 lines
08-21 17:00:01.571 14281 14281 D wpa_supplicant: p2p-dev-wlan0: Control interface command 'P2P_STOP_FIND'
08-21 17:00:01.571 14281 14281 D wpa_supplicant: P2P: Stopping find
08-21 17:00:01.571 14281 14281 D wpa_supplicant: P2P: Clear timeout (state=SEARCH)
08-21 17:00:01.571 14281 14281 I wpa_supplicant: P2P-FIND-STOPPED 
08-21 17:00:01.571 14281 14281 D wpa_supplicant: CTRL_IFACE monitor sent successfully to /data/misc/wifi/sockets/wpa_ctrl_4223-4\x00
08-21 17:00:01.571 14281 14281 D wpa_supplicant: CTRL_IFACE monitor sent successfully to /data/misc/wifi/sockets/wpa_ctrl_1567-5\x00
08-21 17:00:01.571 14281 14281 D wpa_supplicant: P2P: State SEARCH -> IDLE
08-21 17:00:01.571 14281 14281 D wpa_supplicant: wpa_driver_set_ap_wps_p2p_ie: Entry
08-21 17:00:01.575  1567  3641 I chatty  : uid=1000(system) Binder_4 expire 24 lines
08-21 17:00:01.594  4064  4582 I chatty  : uid=1000(system) LGPowerManagerH expire 3 lines
08-21 17:00:01.596  4064  4721 I chatty  : uid=1000(system) Binder_3 expire 7 lines
08-21 17:00:01.596  4148  4162 D ForegroundUtils: Foreground changed, PID: 4284 UID: 10028 foreground: true
08-21 17:00:01.596  4148  4162 D ForegroundUtils: Foreground UID/PID combinations:
08-21 17:00:01.596  4148  4162 D ForegroundUtils: UID: 1000 PID: 31963
08-21 17:00:01.596  4148  4162 D ForegroundUtils: UID: 10028 PID: 4284
08-21 17:00:01.602  8709  8724 I chatty  : uid=1000(system) Binder_2 expire 24 lines
08-21 17:00:01.611  4284  4284 I [LGHome]EVENT: onNewIntent(): Default Home screen would be seen
08-21 17:00:01.613 11861 11872 I chatty  : uid=1000(system) Binder_1 expire 3 lines
08-21 17:00:01.618  4284  4284 I [LGHome]EVENT: onStart
08-21 17:00:01.618  4284  4284 I [LGHome]EVENT: onResume
08-21 17:00:01.624  4284  4284 D [LGHome]LGAppsCustomizeTabHost: [LGMenuTabHost.java:1122:onResume()]onResume, isMenuStateWORKSPACE
08-21 17:00:01.624  4284  4284 D [LGHome]LGMenuPagedAppsView: [LGMenuPagedAppsView.java:3822:appUpdateStart()]appUpdateStart no need
08-21 17:00:01.627  4284  4284 I [LGHome]LGActivityUtil: [LGActivityUtil.java:241:notifyToWeatherWidget()]broadcast to weather widget, intent: Intent { act=com.lge.launcher2.RESUME }
08-21 17:00:01.627  3599  3599 I [SystemUI]LGKeyButtonView: Navigation Key(3) sendEvent, action : 0, flags : 0, when : 14353700
08-21 17:00:01.630  4284  4284 I [LGHome]EVENT: onResume end
08-21 17:00:01.632 30988 30988 I WeatherAncestor: onReceive, action: com.lge.launcher2.RESUME, Time(hour:min:sec) 17:0:1
08-21 17:00:01.637 30988 30988 I LayoutUtil: the weather widgets(using time tick) are gone.
08-21 17:00:01.637 30988 30988 I LayoutUtil: All the weather widget is gone.
08-21 17:00:01.646  3599  3599 I [SystemUI]LGKeyButtonView: Navigation Key(3) sendEvent, action : 1, flags : 0, when : 14353757
08-21 17:00:01.647  4284  4284 D [LGHome]LGCustomWallpaperController: [LGCustomWallpaperController.java:129:changeWallpaperMode()]LGCustomWallpaperController.changeWallpaperMode() : newState is : IMAGE_WALLPAPER_MODE
08-21 17:00:01.650  4284  2195 D [LGHome]LGWallpaperInfo: [LGWallpaperInfo.java:45:loadWallpaperScrollTypeBySystemAPI()]multi user: /data/system/user/0/wallpaper_prefs.xml : isFixed? -> false
08-21 17:00:01.650  4284  2195 D WallpaperManager: suggestDesiredDimensions(2880, 2560) by package(com.lge.launcher2)
08-21 17:00:01.654  4284  2195 D [LGHome]LGCustomWallpaperController: [LGCustomWallpaperController.java:310:changeWallpaperDimension()]changeWallpaperDimension : [width : 2880] [height : 2560]
08-21 17:00:01.654  4284  2195 D [LGHome]LGCustomWallpaperController: [LGCustomWallpaperController.java:311:changeWallpaperDimension()]changeWallpaperDimension : [adjWidth : 2880] [adjHeight : 2560]
08-21 17:00:01.656  3386  3541 I chatty  : uid=1013(media) Binder_3 expire 23 lines
08-21 17:00:01.657 30988 30988 I LayoutUtil: the weather widgets(using time tick) are gone.
08-21 17:00:01.661 30988 30988 I LayoutUtil: All the weather widget is gone.
08-21 17:00:01.663 30988 30988 I WeatherAncestor: onReceive has processed, action: com.lge.launcher2.RESUME, Time(hour:min:sec) 17:0:1
08-21 17:00:01.663  3386 20685 I chatty  : uid=1013(media) Binder_7 expire 14 lines
08-21 17:00:01.664  3599  3599 D [SystemUI]PanelView: setExpandedHeight : 0.0
08-21 17:00:01.665  3386 21639 I chatty  : uid=1013(media) Binder_9 expire 29 lines
08-21 17:00:01.676  1567  1963 I chatty  : uid=1000(system) android.ui expire 10 lines
08-21 17:00:01.691  1567   913 I chatty  : uid=1000(system) AudioTrack expire 8 lines
08-21 17:00:01.691  1567  3920 I chatty  : uid=1000(system) SoundPool expire 20 lines
08-21 17:00:01.694  3599  3599 I [SystemUI]QuickSettingsHandler: Got action android.intent.action.CLOSE_SYSTEM_DIALOGS at null
08-21 17:00:01.694  3599  3599 I [SystemUI]NavigationThemeResource: notify navigation bar color(0x0)
08-21 17:00:01.694  3599  3599 D [SystemUI]NavigationThemeResource: onThemeChanged, mIsLightBackground : false
08-21 17:00:01.694  3599  3599 I [SystemUI]NavigationThemeResource: NavigationKey Color is changed(WHITE -> WHITE_WITH_SHADOW)
08-21 17:00:01.694  3599  3599 I [SystemUI]NavigationThemeResource:  BarMode=4, Theme=BLACK, LightBackground=false (Transparent)
08-21 17:00:01.694  3599  3599 I [SystemUI]NavigationThemeResource: , Keyguard show=false, IME shown=false, Panel expanded=false
08-21 17:00:01.700  1567  1578 I chatty  : uid=1000(system) HeapTaskDaemon expire 2 lines
08-21 17:00:01.722 14281 14281 D wpa_supplicant: nl80211: Drv Event 34 (NL80211_CMD_NEW_SCAN_RESULTS) received for p2p-dev-wlan0
08-21 17:00:01.722 14281 14281 D wpa_supplicant: p2p-dev-wlan0: nl80211: New scan results available
08-21 17:00:01.722 14281 14281 D wpa_supplicant: nl80211: Scan probed for SSID 'DIRECT-'
08-21 17:00:01.722 14281 14281 D wpa_supplicant: nl80211: Scan included frequencies: 2412 2437 2462
08-21 17:00:01.722 14281 14281 D wpa_supplicant: p2p-dev-wlan0: Event SCAN_RESULTS (3) received
08-21 17:00:01.722 14281 14281 D wpa_supplicant: p2p-dev-wlan0: Scan completed in 0.159180 seconds
08-21 17:00:01.722 14281 14281 D wpa_supplicant: nl80211: Received scan results (1 BSSes)
08-21 17:00:01.722 14281 14281 D wpa_supplicant: p2p-dev-wlan0: BSS: Start scan result update 988
08-21 17:00:01.722 14281 14281 D wpa_supplicant: BSS: last_scan_res_used=0/64
08-21 17:00:01.722 14281 14281 D wpa_supplicant: p2p-dev-wlan0: Radio work 'p2p-scan'@0x7f9581c280 done in 0.163077 seconds
08-21 17:00:01.722 14281 14281 D wpa_supplicant: P2P: Scan results received (1 BSS)
08-21 17:00:01.722 14281 14281 D wpa_supplicant: P2P: Parsing WPS IE
08-21 17:00:01.722 14281 14281 D wpa_supplicant: P2P: Config Methods (WPS): 0x108
08-21 17:00:01.722 14281 14281 D wpa_supplicant: P2P: Device Password ID: 0
08-21 17:00:01.722 14281 14281 D wpa_supplicant: P2P: Primary Device Type (WPS): 7-0050F204-1
08-21 17:00:01.722 14281 14281 D wpa_supplicant: P2P: Parsing P2P IE
08-21 17:00:01.722 14281 14281 D wpa_supplicant: P2P: Attribute 2 length 2
08-21 17:00:01.722 14281 14281 D wpa_supplicant: P2P: * Device Capability 24 Group Capability 00
08-21 17:00:01.722 14281 14281 D wpa_supplicant: P2P: Attribute 8 length 4
08-21 17:00:01.722 14281 14281 D wpa_supplicant: P2P: * Extended Listen Timing (period 50 msec  interval 100 msec)
08-21 17:00:01.722 14281 14281 D wpa_supplicant: P2P: Attribute 13 length 48
08-21 17:00:01.722 14281 14281 D wpa_supplicant: P2P: * Device Info: addr 4e:09:d4:43:0e:ee primary device type 7-0050F204-1 device name '[TV][LG]32LB580B-SA' config methods 0x188
08-21 17:00:01.722 14281 14281 D wpa_supplicant: P2P: Do not update peer entry based on old frame (rx_time=21009.927570 last_seen=21009.934258)
08-21 17:00:01.730  3599  3599 I [SystemUI]LGKeyButtonView: Navigation Key(3) sendEvent, action : 0, flags : 0, when : 14353833
08-21 17:00:01.737  4284  4284 I [LGHome]EVENT: onPause
08-21 17:00:01.738  4284  4284 I [LGHome]EVENT: onNewIntent(): Default Home screen would be seen
08-21 17:00:01.741  4284  4284 I [LGHome]EVENT: onResume
08-21 17:00:01.742  4284  4284 D [LGHome]LGAppsCustomizeTabHost: [LGMenuTabHost.java:1122:onResume()]onResume, isMenuStateWORKSPACE
08-21 17:00:01.744  4284  4284 D [LGHome]LGMenuPagedAppsView: [LGMenuPagedAppsView.java:3822:appUpdateStart()]appUpdateStart no need
08-21 17:00:01.747  4284  4284 I [LGHome]LGActivityUtil: [LGActivityUtil.java:241:notifyToWeatherWidget()]broadcast to weather widget, intent: Intent { act=com.lge.launcher2.RESUME }
08-21 17:00:01.748  4284  4284 I [LGHome]EVENT: onResume end
08-21 17:00:01.748  4284  4284 I [LGHome]EVENT: [Launcher.java:5681:onWindowFocusChanged()]onWindowFocusChanged() hasFocus true
08-21 17:00:01.749  4284  4284 I [LGHome]EVENT: [Launcher.java:5704:setEnableShakeHandlers()]enableShakeHandlers
08-21 17:00:01.749  4284  4284 D [LGHome]Launcher: [Launcher.java:5732:setTransparentSystemBar()]setTransparentSystemBar(StateWORKSPACE)
08-21 17:00:01.749  4284  4284 D [Concierge][ConciergeWidgetLayout]: notifyExtViewAvailable
08-21 17:00:01.749  4284  4284 W SplitWindow: update focus... 
08-21 17:00:01.749  3599  3599 I [SystemUI]LGKeyButtonView: Navigation Key(3) sendEvent, action : 1, flags : 0, when : 14353861
08-21 17:00:01.750 30988 30988 I WeatherAncestor: onReceive, action: com.lge.launcher2.RESUME, Time(hour:min:sec) 17:0:1
08-21 17:00:01.750  4064 26445 I chatty  : uid=1000(system) Binder_5 expire 2 lines
08-21 17:00:01.751  1567   910 I chatty  : uid=1000(system) AudioTrack expire 1 line
08-21 17:00:01.758  3386 20520 I chatty  : uid=1013(media) Binder_6 expire 26 lines
08-21 17:00:01.764  3386 22564 I chatty  : uid=1013(media) Binder_A expire 25 lines
08-21 17:00:01.764 30988 30988 I LayoutUtil: the weather widgets(using time tick) are gone.
08-21 17:00:01.764 30988 30988 I LayoutUtil: All the weather widget is gone.
08-21 17:00:01.766  3599  3599 D [SystemUI]PanelView: setExpandedHeight : 0.0
08-21 17:00:01.772  3386 22705 I chatty  : uid=1013(media) Binder_B expire 24 lines
08-21 17:00:01.786 30988 30988 I LayoutUtil: the weather widgets(using time tick) are gone.
08-21 17:00:01.786 30988 30988 I LayoutUtil: All the weather widget is gone.
08-21 17:00:01.786 30988 30988 I WeatherAncestor: onReceive has processed, action: com.lge.launcher2.RESUME, Time(hour:min:sec) 17:0:1
08-21 17:00:01.796  3599  3599 I [SystemUI]QuickSettingsHandler: Got action android.intent.action.CLOSE_SYSTEM_DIALOGS at null
08-21 17:00:01.850  1567  2117 I chatty  : uid=1000(system) android.display expire 142 lines
08-21 17:00:01.851  4284  4284 I [LGHome]EVENT: onPause
08-21 17:00:01.853  4284  4284 I [LGHome]EVENT: onNewIntent(): Default Home screen would be seen
08-21 17:00:01.857  4284  4284 I [LGHome]EVENT: onResume
08-21 17:00:01.864  1567  1683 I chatty  : uid=1000(system) Binder_2 expire 8 lines
08-21 17:00:01.865  4284  4284 D [LGHome]LGAppsCustomizeTabHost: [LGMenuTabHost.java:1122:onResume()]onResume, isMenuStateWORKSPACE
08-21 17:00:01.865  4284  4284 D [LGHome]LGMenuPagedAppsView: [LGMenuPagedAppsView.java:3822:appUpdateStart()]appUpdateStart no need
08-21 17:00:01.869  4284  4284 I [LGHome]LGActivityUtil: [LGActivityUtil.java:241:notifyToWeatherWidget()]broadcast to weather widget, intent: Intent { act=com.lge.launcher2.RESUME }
08-21 17:00:01.875  4284  4284 I [LGHome]EVENT: onResume end
08-21 17:00:01.877 30988 30988 I WeatherAncestor: onReceive, action: com.lge.launcher2.RESUME, Time(hour:min:sec) 17:0:1
08-21 17:00:01.881 30988 30988 I LayoutUtil: the weather widgets(using time tick) are gone.
08-21 17:00:01.881 30988 30988 I LayoutUtil: All the weather widget is gone.
08-21 17:00:01.884 30988 30988 I LayoutUtil: the weather widgets(using time tick) are gone.
08-21 17:00:01.884 30988 30988 I LayoutUtil: All the weather widget is gone.
08-21 17:00:01.884 30988 30988 I WeatherAncestor: onReceive has processed, action: com.lge.launcher2.RESUME, Time(hour:min:sec) 17:0:1
08-21 17:00:01.897  3956  3956 D LgeImeImpl: [LgeImeImpl.java:4330:LgeImeImpl.onFinishInput()] [IN]onFinishInput
08-21 17:00:01.897  3956  3956 D LgeImeImpl: [LgeImeImpl.java:4359:LgeImeImpl.onFinishInput()] [OUT]onFinishInput
08-21 17:00:01.897  3956  3956 D LgeImeImpl: [LgeImeImpl.java:1515:LgeImeImpl.onStartInput()] [IN] onStartInput[false]
08-21 17:00:01.897  3956  3956 D LgeImeImpl: [LgeImeImpl.java:1532:LgeImeImpl.onStartInput()] [OUT] onStartInput
08-21 17:00:02.192  1567  4125 I chatty  : uid=1000(system) Binder_A expire 18 lines
08-21 17:00:02.201  4148  4161 D ForegroundUtils: Foreground changed, PID: 31963 UID: 1000 foreground: false
08-21 17:00:02.201  4148  4161 D ForegroundUtils: Foreground UID/PID combinations:
08-21 17:00:02.201  4148  4161 D ForegroundUtils: UID: 10028 PID: 4284
08-21 17:00:02.321  1567  3233 I chatty  : uid=1000(system) InputReader expire 44 lines
08-21 17:00:02.325  4284  4284 I [LGHome]HOTSEAT: [LGHotseatCellLayout.java:1442:findCellArea()][Hotseat Click] clicked View position is 0
08-21 17:00:02.375  4284  4607 W OpenGLRenderer: Incorrectly called buildLayer on View: ShortcutAndWidgetContainer, destroying layer...
08-21 17:00:02.375  4284  4607 W OpenGLRenderer: Incorrectly called buildLayer on View: ShortcutAndWidgetContainer, destroying layer...
08-21 17:00:02.380  4284  4284 D [LGHome]EVENT: [Launcher.java:2891:onClick()]onClick
08-21 17:00:02.382  4284  4284 D [LGHome]EVENT: [Launcher.java:2215:startActivityForResult()]start Activity for result: Intent { act=android.intent.action.MAIN cat=[android.intent.category.LAUNCHER] flg=0x10200000 cmp=com.android.contacts/.activities.DialtactsActivity bnds=[0,2128][288,2392] }
08-21 17:00:02.383  3386  3386 I chatty  : uid=1013(media) /system/bin/mediaserver expire 24 lines
08-21 17:00:02.389  3386  3540 I chatty  : uid=1013(media) Binder_2 expire 23 lines
08-21 17:00:02.390  4064  4722 I chatty  : uid=1000(system) Binder_4 expire 1 line
08-21 17:00:02.394  4064 27317 I chatty  : uid=1000(system) Binder_6 expire 1 line
08-21 17:00:02.394  1567  4108 I chatty  : uid=1000(system) Binder_7 expire 24 lines
08-21 17:00:02.403  4284  4284 I [LGHome]EVENT: [Launcher.java:5681:onWindowFocusChanged()]onWindowFocusChanged() hasFocus false
08-21 17:00:02.404  4284  4284 I [LGHome]EVENT: [Launcher.java:5707:setEnableShakeHandlers()]disableShakeHandlers
08-21 17:00:02.404  4284  4284 W SplitWindow: update focus... 
08-21 17:00:02.405  4284  4284 I [LGHome]EVENT: onPause
08-21 17:00:02.406  1567  4152 I chatty  : uid=1000(system) Binder_C expire 11 lines
08-21 17:00:02.418  4148  4162 D ForegroundUtils: Foreground changed, PID: 21264 UID: 10017 foreground: true
08-21 17:00:02.418  4148  4162 D ForegroundUtils: Foreground UID/PID combinations:
08-21 17:00:02.418  4148  4162 D ForegroundUtils: UID: 10017 PID: 21264
08-21 17:00:02.418  4148  4162 D ForegroundUtils: UID: 10028 PID: 4284
08-21 17:00:02.434 21264 21264 D PeopleActivity: onNewIntent():Intent { act=android.intent.action.MAIN cat=[android.intent.category.LAUNCHER] flg=0x10600000 cmp=com.android.contacts/.activities.DialtactsActivity bnds=[0,2128][288,2392] }
08-21 17:00:02.434 21264 21264 I ContactsIntentResolver: Called with action: android.intent.action.MAIN
08-21 17:00:02.444 21264 21264 I DialIntentResolver: hasMissedCall : false
08-21 17:00:02.445 21264 21264 D ActionBarAdapter: forceSet=false, tab=DIALER, mCurrentTab=DIALER
08-21 17:00:02.445 21264 21264 I ActionBarAdapter: mTabList.size()=5, index=0
08-21 17:00:02.445 21264 21264 D PeopleActivity: sendFragmentVisibilityChange visible:true fragment: DialpadFragment{a5f6885 #0 id=0x7f0b0273 DIALER}
08-21 17:00:02.445 21264 21264 D PeopleActivity: >> call setMenuVisibility: true
08-21 17:00:02.445 21264 21264 I Dialer.DialpadFragment: onVisibilityChanged. visible : true
08-21 17:00:02.445 21264 21264 D Dialer.SearchDialController: startContactDBLoader
08-21 17:00:02.445 21264 21264 I Dialer.SearchDialController: searchDBData. keyword null data
08-21 17:00:02.445 21264 21264 I Dialer.SearchDialController: searchAllCondition. searchSize : 0
08-21 17:00:02.446 21264 21264 D PeopleActivity: hide other fragments... fromOnNewIntent:true
08-21 17:00:02.446 21264 21264 D PeopleActivity: sendFragmentVisibilityChange visible:false fragment: LGCallLogFragment{1807aed #1 id=0x7f0b0273 CALLLOG}
08-21 17:00:02.446 21264 21264 D PeopleActivity: >> call setMenuVisibility: false
08-21 17:00:02.446 21264 21264 I LGE_CallLogFragment: menuVisible : false // mMenuVisible : false // compare : true
08-21 17:00:02.446 21264 21264 I LGE_CallLogFragment: [moo] mShowOptionsMenu does not changed..
08-21 17:00:02.446 21264 21264 I LGE_CallLogFragment: getActivity();PeopleActivity@0
08-21 17:00:02.446 21264 21264 I LGE_CallLogFragment: getActivity().getClass()class com.android.contacts.activities.PeopleActivity
08-21 17:00:02.446 21264 21264 I LGE_CallLogFragment: getActivity().getClass().getSimpleName()PeopleActivity
08-21 17:00:02.446 21264 21264 I LGE_CallLogFragment: [moo] updateOnExit()
08-21 17:00:02.447 21264 21264 I LGE_CallLogFragment: mIsClearMissedCall : false
08-21 17:00:02.447 21264 21264 D PeopleActivity: sendFragmentVisibilityChange visible:false fragment: DefaultContactBrowseListFragment{519f3cd #2 id=0x7f0b0273 ALL}
08-21 17:00:02.447 21264 21264 D PeopleActivity: >> call setMenuVisibility: false
08-21 17:00:02.447 21264 21264 D PeopleActivity: sendFragmentVisibilityChange visible:false fragment: FavoritesListFragment{1e37482 #3 id=0x7f0b0273 FAVORITES}
08-21 17:00:02.447 21264 21264 D PeopleActivity: >> call setMenuVisibility: false
08-21 17:00:02.447 21264 21264 D PeopleActivity: sendFragmentVisibilityChange visible:false fragment: JoinedGroupBrowseListFragment{9e46793}
08-21 17:00:02.447 21264 21264 D PeopleActivity: configureFragments tabToOpen:DIALER
08-21 17:00:02.447 21264 21264 I Dialer.DialpadFragment: configureScreenFromIntent. intent : Intent { act=android.intent.action.MAIN cat=[android.intent.category.LAUNCHER] flg=0x10600000 cmp=com.android.contacts/.activities.DialtactsActivity bnds=[0,2128][288,2392] }
08-21 17:00:02.447 21264 21264 I Dialer.DialpadFragment: fillDigitsIfNecessary. action : android.intent.action.MAIN
08-21 17:00:02.453 21264 21264 D PeopleActivity: onStart()
08-21 17:00:02.454 21264 21264 W SystemConfig: isQSlideSupported :true
08-21 17:00:02.454 21264 21264 W SystemConfig: isQSlideSupported :true
08-21 17:00:02.454 21264 21264 I LGE_CallLogFragment: onStart()
08-21 17:00:02.454 21264 21264 I DialIntentResolver: hasMissedCall : false
08-21 17:00:02.454 21264 21264 I LGE_CallLogFragment: Scroll Maintain
08-21 17:00:02.454 21264 21264 I LGE_CallLogAdapter: setCarHomeInfo : false
08-21 17:00:02.460 21264 21264 D DefaultContactBrowseListFragment: onChangedYellowPageSearchEnabled-false
08-21 17:00:02.460 21264 21264 D list    : startLoading partition:0
08-21 17:00:02.460 21264 21264 D list    : load finish:0
08-21 17:00:02.460 21264 21264 D list    : load finish partition:0
08-21 17:00:02.461 21264 21264 D DefaultContactBrowseListFragment: count:15
08-21 17:00:02.467 21264 21264 D DefaultContactBrowseListFragment: onChangedYellowPageSearchEnabled-false
08-21 17:00:02.467 21264 21264 D list    : startLoading partition:0
08-21 17:00:02.467 21264 21264 D list    : load finish:0
08-21 17:00:02.467 21264 21264 D list    : load finish partition:0
08-21 17:00:02.467 21264 21264 D DefaultContactBrowseListFragment: count:0
08-21 17:00:02.471 21264 21264 E ContactsPreferences: SettingNotFoundException : getFrequentsViewStyle
08-21 17:00:02.472 21264 21264 D NameIDHelper: error trying to detect package -- we are probably not installed
08-21 17:00:02.472 21264 21264 D PeopleActivity: onResume() current tab: DIALER
08-21 17:00:02.473 21264 21264 I ProviderStatusWatcher: provider status:0
08-21 17:00:02.473 21264 21264 I ActionBarAdapter: mTabList.size()=5, index=0
08-21 17:00:02.473 21264 21264 I ActionBarAdapter: mTabList.size()=5, index=0
08-21 17:00:02.474 21264 21264 I ActionBarAdapter: mTabList.size()=5, index=0
08-21 17:00:02.474 21264 21264 D PeopleActivity: refreshTab:DIALER index=0
08-21 17:00:02.474 21264 21264 D PeopleActivity: flushPendingFragments mPerformanceMode:false
08-21 17:00:02.474 21264 21264 I ActionBarAdapter: mTabList.size()=5, index=0
08-21 17:00:02.476 21264 21264 I Dialer.DialpadFragment: DialpadFragment - onResume
08-21 17:00:02.477 21264 21264 I Dialer.SearchUtils: initSortOrder. mSortOrder : 1
08-21 17:00:02.477 21264 21264 D Dialer.SearchDialController: onResume
08-21 17:00:02.477 21264 21264 D Dialer.SearchDialController: startContactDBLoader
08-21 17:00:02.477 21264 21264 I LGE_CallLogFragment: [moo] onResume()
08-21 17:00:02.477 21264 21264 D StorageInfo: path = /data
08-21 17:00:02.477 21264 21264 D StorageInfo: Internal memory path = /storage/emulated/0
08-21 17:00:02.477 21264 21264 D StorageInfo: /data availableSize=21379579904
08-21 17:00:02.477 21264 21264 I LGE_CallLogFragment: mIsMemoryFullState: false
08-21 17:00:02.477 21264 21264 I LGE_CallLogAdapter: setThreadPause false
08-21 17:00:02.479  4418  4759 D LGContactsProvider3: lg queryLocal isSecretMode: false , include secret param = null
08-21 17:00:02.479  4418  4759 D LGContactsProvider3: lg queryLocal query: content://com.android.contacts/provider_status
08-21 17:00:02.479  4418  4759 D LGContactsProvider3: lg queryLocal match: 16001
08-21 17:00:02.480  4418  4923 D LGContactsProvider3: lg queryLocal isSecretMode: false , include secret param = null
08-21 17:00:02.480  4418  4923 D LGContactsProvider3: lg queryLocal query: content://com.android.contacts/contacts/strequent
08-21 17:00:02.480  4418  4923 D LGContactsProvider3: lg queryLocal match: 1006
08-21 17:00:02.483  4251  5581 D LgeSimInfo: TelephonyManagerEx : android.telephony.TelephonyManagerEx@85bb813 TelephonyManager : android.telephony.TelephonyManager@2d55a50 getIMSI: 724051908860685 getGroupIdLevel1: null
08-21 17:00:02.483 21264 21295 I ProviderStatusWatcher: new provider status:0
08-21 17:00:02.483  4251  5581 V LgeSimInfo: [getSimInfo] *** SIM Info, MCC : 724, MNC : 05, subId : 1, phoneId : 0, slotId : 0, IMSI : 724051908860685
08-21 17:00:02.483  4251  5581 D LgeSimInfo: [equals] return false
08-21 17:00:02.483  4251  5581 D TelephonyAutoProfiling: [loadProfileFromXml] *** start profile loading from xml - phoneId : 0
08-21 17:00:02.484  4251  5581 D TelephonyAutoProfiling: [parse] Load xml
08-21 17:00:02.484  4251  5581 D TelephonyAutoProfiling: [parse] file not found : /cust/config/telephonyOpen.xml
08-21 17:00:02.484  4251  5581 D TelephonyAutoProfiling: matchedProfile : null
08-21 17:00:02.485  4251  5581 E TelephonyAutoProfiling: [profileFromXml] load profile from xml failed
08-21 17:00:02.485  4251  5581 V TelephonyAutoProfiling: [getValue] PROFILE key : VMS, value : null, phoneId : 0
08-21 17:00:02.485 21264 21264 I CallLogDataObserver: setRefresh Data Required!
08-21 17:00:02.491  4251  5574 D LgeSimInfo: TelephonyManagerEx : android.telephony.TelephonyManagerEx@85bb813 TelephonyManager : android.telephony.TelephonyManager@2d55a50 getIMSI: 724051908860685 getGroupIdLevel1: null
08-21 17:00:02.492  4251  5574 V LgeSimInfo: [getSimInfo] *** SIM Info, MCC : 724, MNC : 05, subId : 1, phoneId : 0, slotId : 0, IMSI : 724051908860685
08-21 17:00:02.492  4251  5574 D LgeSimInfo: [equals] return false
08-21 17:00:02.492  4251  5574 D TelephonyAutoProfiling: [loadProfileFromXml] *** start profile loading from xml - phoneId : 0
08-21 17:00:02.492  4251  5574 D TelephonyAutoProfiling: [parse] Load xml
08-21 17:00:02.492  4251  5574 D TelephonyAutoProfiling: [parse] file not found : /cust/config/telephonyOpen.xml
08-21 17:00:02.492  4251  5574 D TelephonyAutoProfiling: matchedProfile : null
08-21 17:00:02.492  4251  5574 E TelephonyAutoProfiling: [profileFromXml] load profile from xml failed
08-21 17:00:02.492  4251  5574 V TelephonyAutoProfiling: [getValue] PROFILE key : VMS, value : null, phoneId : 0
08-21 17:00:02.492 21264 21264 I LGE_CallLogFragment: is Refresh Data Required!
08-21 17:00:02.492 21264 21264 I LGE_CallLogFragment: startCallsQuery()
08-21 17:00:02.493 21264 21264 I LGE_CallLogFragment: [moo] startVoicemailStatusQuery()
08-21 17:00:02.493 21264 21264 I CallLogDataObserver: setRefresh Data Required!
08-21 17:00:02.493 21264 21264 I LGE_CallLogFragment: [moo] updateOnEntry()
08-21 17:00:02.493 21264 21264 I LGE_CallLogFragment: onResume() : done
08-21 17:00:02.493 21264 21264 D PeopleActivity: onPostResume()
08-21 17:00:02.496 21264 21282 D PeopleActivity: startAppBoxCommonService()
08-21 17:00:02.499 21264 21264 W SystemConfig: isQSlideSupported :true
08-21 17:00:02.506  1567  1680 I chatty  : uid=1000(system) Binder_1 expire 18 lines
08-21 17:00:02.510  3599  3599 I [SystemUI]NavigationThemeResource: notify navigation bar color(0xff000000)
08-21 17:00:02.510  3599  3599 D [SystemUI]NavigationThemeResource: onThemeChanged, mIsLightBackground : false
08-21 17:00:02.510  3599  3599 I [SystemUI]NavigationThemeResource: NavigationKey Color is changed(WHITE_WITH_SHADOW -> WHITE)
08-21 17:00:02.510  3599  3599 I [SystemUI]NavigationThemeResource:  BarMode=4, Theme=BLACK, LightBackground=false (NOT Transparent)
08-21 17:00:02.510  3599  3599 I [SystemUI]NavigationThemeResource: , Keyguard show=false, IME shown=false, Panel expanded=false
08-21 17:00:02.516  4418  4765 D LGContactsProvider3: lg queryLocal isSecretMode: false , include secret param = null
08-21 17:00:02.516  4418  4765 D LGContactsProvider3: lg queryLocal query: content://com.android.contacts/contacts
08-21 17:00:02.516  4418  4765 D LGContactsProvider3: lg queryLocal match: 1000
08-21 17:00:02.517  4418  4765 D LGContactsProvider3: SELECT _id, display_name, starred, photo_uri, lookup, agg_presence.mode AS contact_presence, contacts_status_updates.status AS contact_status, has_phone_number, account_type, sort_key, name_raw_contact_id, times_contacted, last_time_contacted, is_video_call FROM view_contacts LEFT OUTER JOIN agg_presence ON (_id = agg_presence.presence_contact_id) LEFT OUTER JOIN status_updates contacts_status_updates ON (status_update_id=contacts_status_updates.status_update_data_id) WHERE ((1)) AND (starred = 1) ORDER BY display_name COLLATE LOCALIZED ASC
08-21 17:00:02.569 21264 21264 I SystemConfig: mccCode : 724
08-21 17:00:02.569 21264 21264 I SystemConfig: mncCode : 05
08-21 17:00:02.569 21264 21264 D SystemConfig: checkMncMcc time=0(ms)
08-21 17:00:02.569 21264 21264 I Dialer.DialpadFragment: queryLastOutgoingCall. mLastNumberDialed : 
08-21 17:00:02.569 21264 21264 I ProviderStatusWatcher: provider status:0
08-21 17:00:02.586  4418  4923 D LGContactsProvider3: lg queryLocal isSecretMode: false , include secret param = null
08-21 17:00:02.586  4418  4923 D LGContactsProvider3: lg queryLocal query: content://com.android.contacts/contacts
08-21 17:00:02.586  4418  4923 D LGContactsProvider3: lg queryLocal match: 1000
08-21 17:00:02.589  4418  4923 D LGContactsProvider3: SELECT _id FROM view_contacts WHERE ((1))
08-21 17:00:02.593  2204  2204 W System  : ClassLoader referenced unknown path: /system/priv-app/LGApplicationManager/lib/arm
08-21 17:00:02.597  2204  2204 D AppUp4:AppBoxApplication: AppBoxApplication onCreate()
08-21 17:00:02.600  2204  2204 D AppUp4:AbstractIntentService: onCreate
08-21 17:00:02.600 21264 21264 I Dialer.DialpadFragment: onWindowFocusChanged. hasFocus : true
08-21 17:00:02.601 21264 21264 I Dialer.SearchDialController: searchDBData. keyword null data
08-21 17:00:02.601 21264 21264 I Dialer.SearchDialController: searchAllCondition. searchSize : 0
08-21 17:00:02.601 21264 21264 W SplitWindow: update focus... 
08-21 17:00:02.603 21264 21264 D Editor  : setInputTypeforClipTray(): 0
08-21 17:00:02.630  1567  4197 I chatty  : uid=1000(system) Binder_F expire 7 lines
08-21 17:00:02.637 21264 21264 I LGE_CallLogFragment: [moo] onCallsFetched()
08-21 17:00:02.638  2204  2204 D AppUp4  : config : false
08-21 17:00:02.638  2204  2204 D AppUp4:AbstractEnvInfo: Config no : EnvRealInfo
08-21 17:00:02.639 21264 21264 I CallLogGroupBuilder: Today : 1440126000000
08-21 17:00:02.640 21264 21264 I CallLogGroupBuilder: dayOfWeek : 5
08-21 17:00:02.640 21264 21264 I CallLogGroupBuilder: thisMonth : 7
08-21 17:00:02.640 21264 21264 I CallLogGroupBuilder: oneWeekAgo : 1439089200000
08-21 17:00:02.640 21264 21264 I CallLogGroupBuilder: oneMonthAgo : 1435719600000
08-21 17:00:02.640 21264 21264 I CallLogGroupBuilder: twoMonthAgo : 1433127600000
08-21 17:00:02.643 21264 21264 I list    : refreshQuickJumpAndPinch, getResources().getConfiguration().orientation: 1
08-21 17:00:02.677 21264 21264 I LGE_CallLogFragment: [moo] onVoicemailStatusFetched()
08-21 17:00:02.680 21264 21264 W SystemConfig: isQSlideSupported :true
08-21 17:00:02.702 21264 21264 W SystemConfig: isQSlideSupported :true
08-21 17:00:02.703 21264 21264 I Dialer.HangulKeypad: Not Support HangulKeypad
08-21 17:00:02.703 21264 21264 E Dialer-DialerCmdBtnManager: getCarrier() : Fail GLOBAL is not a constant in com.android.contacts.dialpad.DialerCmdBtnManager$CarrierConfig$Carrier
08-21 17:00:02.706 21264 21264 E Dialer-DialerCmdBtnManager: getCarrier() : Fail GLOBAL is not a constant in com.android.contacts.dialpad.DialerCmdBtnManager$CarrierConfig$Carrier
08-21 17:00:02.706 21264 21264 D Dialer-DialerCmdBtnManager: Current conditions : OPEN, 
08-21 17:00:02.706 21264 21264 I Dialer-DialerCmdBtnManager: cond :OPEN, 
08-21 17:00:02.706 21264 21264 W SystemConfig: isQSlideSupported :true
08-21 17:00:02.721 21264 21294 I AbstractAppAudioConfigXMLParser: parsing time : 3.310625ms
08-21 17:00:02.721 21264 21294 I Dialer.DTMFValues: Loaded : 80
08-21 17:00:02.722 21264 21264 V ToneGenerator: ToneGenerator constructor: streamType=1, volume=0.316228
08-21 17:00:02.724 21264 21264 V AudioSystem: getOutputSamplingRate() reading from output desc
08-21 17:00:02.724 21264 21264 V AudioSystem: getSamplingRate() output 2, sampling rate 48000
08-21 17:00:02.724 21264 21264 V ToneGenerator: Create Track: 0x7f8c156e80
08-21 17:00:02.726  3956  3956 D LgeImeImpl: [LgeImeImpl.java:4330:LgeImeImpl.onFinishInput()] [IN]onFinishInput
08-21 17:00:02.726  3956  3956 D LgeImeImpl: [LgeImeImpl.java:4359:LgeImeImpl.onFinishInput()] [OUT]onFinishInput
08-21 17:00:02.726  3956  3956 D LgeImeImpl: [LgeImeImpl.java:1515:LgeImeImpl.onStartInput()] [IN] onStartInput[false]
08-21 17:00:02.726  3956  3956 D LgeImeImpl: [LgeImeImpl.java:1532:LgeImeImpl.onStartInput()] [OUT] onStartInput
08-21 17:00:02.727  3386 21638 I chatty  : uid=1013(media) Binder_8 expire 22 lines
08-21 17:00:02.727 21264 21264 D AudioTrack: createTrack_l()... isAudioHookOn = 0, mStreamType = 1
08-21 17:00:02.728  3386 24047 I chatty  : uid=1013(media) Binder_C expire 25 lines
08-21 17:00:02.728 21264 21264 V AudioSystem: getLatency() output 2, latency 50
08-21 17:00:02.728 21264 21264 V AudioSystem: getFrameCount() output 2, frameCount 960
08-21 17:00:02.728 21264 21264 V AudioSystem: getOutputSamplingRate() reading from output desc
08-21 17:00:02.728 21264 21264 V AudioSystem: getSamplingRate() output 2, sampling rate 48000
08-21 17:00:02.730  2219  2219 W System  : ClassLoader referenced unknown path: /system/priv-app/LGApplicationManager/lib/arm
08-21 17:00:02.733 21264 21264 V ToneGenerator: ToneGenerator INIT OK, time: 14354845
08-21 17:00:02.736 21264 21264 I Dialer.DialpadFragment: queryLastOutgoingCall. mLastNumberDialed : 
08-21 17:00:02.736  2219  2219 I AppUp4:AppBoxCP: onCreate
08-21 17:00:02.736  2219  2219 W AppUp4:DB:  [AppBoxDatabaseHelper] construct
08-21 17:00:02.737  2219  2219 I CAPP_DB_LOG: opened database address/path : 0xf518b080, /data/user/0/com.lge.appbox.client/databases/appbox.db
08-21 17:00:02.740  2219  2219 I CAPP_DB_LOG:   database address : 0xf518b080, pragma journal_mode = PERSIST
08-21 17:00:02.741  2219  2219 I CAPP_DB_LOG:   database address : 0xf518b080, pragma journal_size_limit = 524288
08-21 17:00:02.741  2219  2219 I CAPP_DB_LOG:   database address : 0xf518b080, pragma wal_autocheckpoint = 100
08-21 17:00:02.742  2219  2219 I AppUp4:DB:  setFingerPrint start
08-21 17:00:02.743  2219  2219 I AppUp4:DB:  newfinger = lge/p1_global_com/p1:6.0/MRA42/152330411e7d4:userdebug/test-keys SDK version = 23
08-21 17:00:02.745  2219  2219 I AppUp4:DB:  beforefinger = lge/p1_global_com/p1:6.0/MRA42/152330411e7d4:userdebug/test-keys
08-21 17:00:02.745  2219  2219 I AppUp4:DB:  SDK version = 23
08-21 17:00:02.745  2219  2219 I AppUp4:DB:  beforefinger == newfinger no write in DB
08-21 17:00:02.746  2219  2219 D AppUp4:AppBoxApplication: AppBoxApplication onCreate()
08-21 17:00:02.751  2204  2204 D AppUp4:AutoProfileManager: db mvno version : 53
08-21 17:00:02.752  2204  2204 D AppUp4:AutoProfileManager: prepareValid DB... do nothing...
08-21 17:00:02.765  2204  2204 D AppUp4:AutoProfileManager: findMvnoProfile with mcc : 724 / mnc : 05
08-21 17:00:02.773  2204  2204 D AppUp4:WeightedMvnoProfileEntry: rules : [IMSI]
08-21 17:00:02.773  2204  2204 D AppUp4:WeightedMvnoProfileEntry: rules : [IMSI]
08-21 17:00:02.773  2204  2204 D AppUp4:WeightedMvnoProfileEntry: rules : [IMSI]
08-21 17:00:02.773  2204  2204 D AppUp4:WeightedMvnoProfileEntry: rules : [IMSI]
08-21 17:00:02.773  2204  2204 D AppUp4:WeightedMvnoProfileEntry: rules : [IMSI]
08-21 17:00:02.773  2204  2204 D AppUp4:WeightedMvnoProfileEntry: rules : [IMSI]
08-21 17:00:02.773  2204  2204 D AppUp4:WeightedMvnoProfileEntry: rules : [IMSI]
08-21 17:00:02.773  2204  2204 D AppUp4:WeightedMvnoProfileEntry: rules : [IMSI]
08-21 17:00:02.773  2204  2204 D AppUp4:WeightedMvnoProfileEntry: rules : [IMSI]
08-21 17:00:02.773  2204  2204 D AppUp4:WeightedMvnoProfileEntry: rules : [IMSI]
08-21 17:00:02.773  2204  2204 D AppUp4:WeightedMvnoProfileEntry: rules : [IMSI]
08-21 17:00:02.773  2204  2204 D AppUp4:WeightedMvnoProfileEntry: rules : [IMSI]
08-21 17:00:02.773  2204  2204 D AppUp4:WeightedMvnoProfileEntry: rules : [IMSI]
08-21 17:00:02.773  2204  2204 D AppUp4:WeightedMvnoProfileEntry: rules : [IMSI]
08-21 17:00:02.773  2204  2204 D AppUp4:WeightedMvnoProfileEntry: rules : [IMSI]
08-21 17:00:02.773  2204  2204 D AppUp4:WeightedMvnoProfileEntry: rules : [IMSI]
08-21 17:00:02.773  2204  2204 D AppUp4:WeightedMvnoProfileEntry: rules : [IMSI]
08-21 17:00:02.777  2204  2204 D AppUp4:AutoProfileManager: [ Priority : 6 ] / [MVNO : JT_UK] / MCC: 234 / MNC: 50 / carrier_rule: IMSI / Opcode: 23450
08-21 17:00:02.777  2204  2204 E AppUp4:MvnoProfileEntry: getIdByRule : not matching 
08-21 17:00:02.777  2204  2204 D AppUp4:AutoProfileManager: [ Priority : 6 ] / [MVNO : JT_UK] / MCC: 234 / MNC: 50 / carrier_rule: IMSI / Opcode: 23450
08-21 17:00:02.777  2204  2204 E AppUp4:MvnoProfileEntry: getIdByRule : not matching 
08-21 17:00:02.777  2204  2204 D AppUp4:AutoProfileManager: [ Priority : 6 ] / [MVNO : NET_CHS] / MCC: 242 / MNC: 2 / carrier_rule: IMSI / Opcode: 24202
08-21 17:00:02.777  2204  2204 E AppUp4:MvnoProfileEntry: getIdByRule : not matching 
08-21 17:00:02.777  2204  2204 D AppUp4:AutoProfileManager: [ Priority : 6 ] / [MVNO : ORG_CAR] / MCC: 214 / MNC: 3 / carrier_rule: IMSI / Opcode: 21403
08-21 17:00:02.777  2204  2204 E AppUp4:MvnoProfileEntry: getIdByRule : not matching 
08-21 17:00:02.777  2204  2204 D AppUp4:AutoProfileManager: [ Priority : 6 ] / [MVNO : ORG_DIA] / MCC: 214 / MNC: 3 / carrier_rule: IMSI / Opcode: 21403
08-21 17:00:02.777  2204  2204 E AppUp4:MvnoProfileEntry: getIdByRule : not matching 
08-21 17:00:02.777  2204  2204 D AppUp4:AutoProfileManager: [ Priority : 6 ] / [MVNO : ORG_EUS] / MCC: 214 / MNC: 3 / carrier_rule: IMSI / Opcode: 21403
08-21 17:00:02.777  2204  2204 E AppUp4:MvnoProfileEntry: getIdByRule : not matching 
08-21 17:00:02.777  2204  2204 D AppUp4:AutoProfileManager: [ Priority : 6 ] / [MVNO : ORG_HUA] / MCC: 214 / MNC: 3 / carrier_rule: IMSI / Opcode: 21403
08-21 17:00:02.777  2204  2204 E AppUp4:MvnoProfileEntry: getIdByRule : not matching 
08-21 17:00:02.777  2204  2204 D AppUp4:AutoProfileManager: [ Priority : 6 ] / [MVNO : ORG_IBE] / MCC: 214 / MNC: 3 / carrier_rule: IMSI / Opcode: 21403
08-21 17:00:02.777  2204  2204 E AppUp4:MvnoProfileEntry: getIdByRule : not matching 
08-21 17:00:02.777  2204  2204 D AppUp4:AutoProfileManager: [ Priority : 6 ] / [MVNO : ORG_IOS] / MCC: 214 / MNC: 3 / carrier_rule: IMSI / Opcode: 21403
08-21 17:00:02.777  2204  2204 E AppUp4:MvnoProfileEntry: getIdByRule : not matching 
08-21 17:00:02.777  2204  2204 D AppUp4:AutoProfileManager: [ Priority : 6 ] / [MVNO : ORG_LCR] / MCC: 214 / MNC: 3 / carrier_rule: IMSI / Opcode: 21403
08-21 17:00:02.777  2204  2204 E AppUp4:MvnoProfileEntry: getIdByRule : not matching 
08-21 17:00:02.777  2204  2204 D AppUp4:AutoProfileManager: [ Priority : 6 ] / [MVNO : ORG_MAS] / MCC: 214 / MNC: 3 / carrier_rule: IMSI / Opcode: 21403
08-21 17:00:02.777  2204  2204 E AppUp4:MvnoProfileEntry: getIdByRule : not matching 
08-21 17:00:02.777  2204  2204 D AppUp4:AutoProfileManager: [ Priority : 6 ] / [MVNO : ORG_MOR] / MCC: 214 / MNC: 3 / carrier_rule: IMSI / Opcode: 21403
08-21 17:00:02.777  2204  2204 E AppUp4:MvnoProfileEntry: getIdByRule : not matching 
08-21 17:00:02.777  2204  2204 D AppUp4:AutoProfileManager: [ Priority : 6 ] / [MVNO : ORG_SIM] / MCC: 214 / MNC: 3 / carrier_rule: IMSI / Opcode: 21403
08-21 17:00:02.777  2204  2204 E AppUp4:MvnoProfileEntry: getIdByRule : not matching 
08-21 17:00:02.777  2204  2204 D AppUp4:AutoProfileManager: [ Priority : 6 ] / [MVNO : ORG_TPH] / MCC: 214 / MNC: 3 / carrier_rule: IMSI / Opcode: 21403
08-21 17:00:02.777  2204  2204 E AppUp4:MvnoProfileEntry: getIdByRule : not matching 
08-21 17:00:02.777  2204  2204 D AppUp4:AutoProfileManager: [ Priority : 6 ] / [MVNO : PEPE_ES] / MCC: 214 / MNC: 5 / carrier_rule: IMSI / Opcode: 21405
08-21 17:00:02.777  2204  2204 E AppUp4:MvnoProfileEntry: getIdByRule : not matching 
08-21 17:00:02.777  2204  2204 D AppUp4:AutoProfileManager: [ Priority : 6 ] / [MVNO : TL2_NO] / MCC: 240 / MNC: 7 / carrier_rule: IMSI / Opcode: 24007
08-21 17:00:02.777  2204  2204 E AppUp4:MvnoProfileEntry: getIdByRule : not matching 
08-21 17:00:02.777  2204  2204 D AppUp4:AutoProfileManager: [ Priority : 6 ] / [MVNO : VIR_AU] / MCC: 505 / MNC: 2 / carrier_rule: IMSI / Opcode: 50502
08-21 17:00:02.777  2204  2204 E AppUp4:MvnoProfileEntry: getIdByRule : not matching 
08-21 17:00:02.786  2204  2204 D AppUp4  : config : false
08-21 17:00:02.786  2204  2204 D AppUp4:AbstractServerEnvInfo: Config no : EnvRealInfo
08-21 17:00:02.786  2204  2204 D AppUp4:AppBoxCommonService: onCreate()
08-21 17:00:02.787  2204  2218 D AppUp4:AppBoxCommonService: onHandleIntent begin.
08-21 17:00:02.787  2204  2218 D AppUp4:AppBoxCommonService: Factory mode : 0
08-21 17:00:02.817  4148  5144 D ForegroundUtils: Process died; UID 1000 PID 32565
08-21 17:00:02.817  4148  5144 D ForegroundUtils: Foreground changed, PID: 32565 UID: 1000 foreground: false
08-21 17:00:02.817  4148  5144 D ForegroundUtils: Foreground UID/PID combinations:
08-21 17:00:02.817  4148  5144 D ForegroundUtils: UID: 10017 PID: 21264
08-21 17:00:02.817  4148  5144 D ForegroundUtils: UID: 10028 PID: 4284
08-21 17:00:02.820  2204  2218 D AppUp4:AppBoxCommonService: selection : package_name=?
08-21 17:00:02.822  2204  2218 D AppUp4:AppBoxCommonService: selectionArgs : [com.android.contacts]
08-21 17:00:02.831  2204  2218 D AppUp4:AppBoxCommonService: Skip invalid intent of hidden update popup.
08-21 17:00:02.832  2204  2218 D AppUp4:AppBoxCommonService: onHandleIntent processing time :45
08-21 17:00:02.834  2204  2204 D AppUp4:AppBoxCommonService: onDestroy()
08-21 17:00:02.865  4148  4161 D ForegroundUtils: Process died; UID 10057 PID 32514
08-21 17:00:02.866  4148  4161 D ForegroundUtils: Foreground changed, PID: 32514 UID: 10057 foreground: false
08-21 17:00:02.866  4148  4161 D ForegroundUtils: Foreground UID/PID combinations:
08-21 17:00:02.866  4148  4161 D ForegroundUtils: UID: 10017 PID: 21264
08-21 17:00:02.866  4148  4161 D ForegroundUtils: UID: 10028 PID: 4284
08-21 17:00:02.916  4284  4284 I [LGHome]EVENT: onStop
08-21 17:00:02.932 11861 11873 I chatty  : uid=1000(system) Binder_2 expire 1 line
08-21 17:00:02.932  4148  5144 D ForegroundUtils: Foreground changed, PID: 4284 UID: 10028 foreground: false
08-21 17:00:02.932  4148  5144 D ForegroundUtils: Foreground UID/PID combinations:
08-21 17:00:02.932  4148  5144 D ForegroundUtils: UID: 10017 PID: 21264
08-21 17:00:03.177  4064  4416 I chatty  : uid=1000(system) WfdService Hand expire 8 lines
08-21 17:00:03.178  4558  4558 D DSDPConnection: HDMICable or WFD ConnectedEvent [com.lge.systemservice.core.wfdmanager.WFD_STATE_CHANGED]
08-21 17:00:03.178  4558  4558 D DSDPConnection: [DSDP]StatusReceiver::WFD Connected: false ExternalDevice: 0
08-21 17:00:03.178  4558  4558 W DsdpExternalView: dismissDsdpPopup()
08-21 17:00:03.178  4558  4558 D DsdpStatus: setIsExternalDeviceConnected() connected : false
08-21 17:00:03.180  3599  3599 I [SystemUI]QuickSettingsHandler: Got action com.lge.systemservice.core.wfdmanager.WFD_STATE_CHANGED at null
08-21 17:00:03.182  3599  3599 I [SystemUI]MiracastHandler: updateButton(), state = 2
08-21 17:00:03.184 14281 14281 D wpa_supplicant: wlan0: Control interface command 'DISCONNECT'
08-21 17:00:03.184 14281 14281 D wpa_supplicant: wlan0: Cancelling scan request
08-21 17:00:03.184 14281 14281 D wpa_supplicant: wlan0: Request to deauthenticate - bssid=00:00:00:00:00:00 pending_bssid=00:00:00:00:00:00 reason=3 state=DISCONNECTED
08-21 17:00:03.184 14281 14281 D wpa_supplicant: TDLS: Tear down peers
08-21 17:00:03.184 14281 14281 D wpa_supplicant: wlan0: State: DISCONNECTED -> DISCONNECTED
08-21 17:00:03.184 14281 14281 D wpa_supplicant: nl80211: Set wlan0 operstate 0->0 (DORMANT)
08-21 17:00:03.184 14281 14281 D wpa_supplicant: netlink: Operstate: ifindex=5 linkmode=-1 (no change), operstate=5 (IF_OPER_DORMANT)
08-21 17:00:03.184 14281 14281 D wpa_supplicant: EAPOL: External notification - portEnabled=0
08-21 17:00:03.184 14281 14281 D wpa_supplicant: EAPOL: External notification - portValid=0
08-21 17:00:03.186  1567  4376 I chatty  : uid=1000(system) IzatServiceBase expire 28 lines
08-21 17:00:03.187  1567  4379 I chatty  : uid=1000(system) IzatSvc Callbac expire 22 lines
08-21 17:00:03.187 21264 21264 I PeopleActivity: MobileDataSetting Changed
08-21 17:00:03.187 21264 21264 I Dialer.DialpadFragment: fragment. refreshUI
08-21 17:00:03.188 21264 21264 E Dialer-DialerCmdBtnManager: getCarrier() : Fail GLOBAL is not a constant in com.android.contacts.dialpad.DialerCmdBtnManager$CarrierConfig$Carrier
08-21 17:00:03.189 14281 14281 D wpa_supplicant: RX global ctrl_iface - hexdump(len=18): 53 45 54 20 77 69 66 69 5f 64 69 73 70 6c 61 79 20 30
08-21 17:00:03.189 14281 14281 D wpa_supplicant: GLOBAL_CTRL_IFACE SET 'wifi_display'='0'
08-21 17:00:03.189 14281 14281 D wpa_supplicant: WFD: Wi-Fi Display disabled
08-21 17:00:03.189 14281 14281 D wpa_supplicant: WFD: Update WFD IE
08-21 17:00:03.189 14281 14281 D wpa_supplicant: WFD: Wi-Fi Display disabled - do not include WFD IE
08-21 17:00:03.190  1567  3244 I chatty  : uid=1000(system) WifiStateMachin expire 1 line
08-21 17:00:03.191 14281 14281 D wpa_supplicant: p2p-dev-wlan0: Control interface command 'P2P_STOP_FIND'
08-21 17:00:03.191 14281 14281 D wpa_supplicant: P2P: Stopping find
08-21 17:00:03.191 14281 14281 D wpa_supplicant: P2P: Clear timeout (state=IDLE)
08-21 17:00:03.191 14281 14281 D wpa_supplicant: P2P: State IDLE -> IDLE
08-21 17:00:03.191 14281 14281 D wpa_supplicant: wpa_driver_set_ap_wps_p2p_ie: Entry
08-21 17:00:03.194 14281 14281 D wpa_supplicant: wlan0: Control interface command 'DISCONNECT'
08-21 17:00:03.195 14281 14281 D wpa_supplicant: wlan0: Cancelling scan request
08-21 17:00:03.195 14281 14281 D wpa_supplicant: wlan0: Request to deauthenticate - bssid=00:00:00:00:00:00 pending_bssid=00:00:00:00:00:00 reason=3 state=DISCONNECTED
08-21 17:00:03.195 14281 14281 D wpa_supplicant: TDLS: Tear down peers
08-21 17:00:03.195 14281 14281 D wpa_supplicant: wlan0: State: DISCONNECTED -> DISCONNECTED
08-21 17:00:03.195 14281 14281 D wpa_supplicant: nl80211: Set wlan0 operstate 0->0 (DORMANT)
08-21 17:00:03.195 14281 14281 D wpa_supplicant: netlink: Operstate: ifindex=5 linkmode=-1 (no change), operstate=5 (IF_OPER_DORMANT)
08-21 17:00:03.195 14281 14281 D wpa_supplicant: EAPOL: External notification - portEnabled=0
08-21 17:00:03.195 14281 14281 D wpa_supplicant: EAPOL: External notification - portValid=0
08-21 17:00:03.195 14281 14281 D wpa_supplicant: wlan0: Control interface command 'SET pno 0'
08-21 17:00:03.195 14281 14281 D wpa_supplicant: CTRL_IFACE SET 'pno'='0'
08-21 17:00:03.197 21264 21264 E Dialer-DialerCmdBtnManager: getCarrier() : Fail GLOBAL is not a constant in com.android.contacts.dialpad.DialerCmdBtnManager$CarrierConfig$Carrier
08-21 17:00:03.197 21264 21264 D Dialer-DialerCmdBtnManager: Current conditions : OPEN, 
08-21 17:00:03.197 21264 21264 I Dialer-DialerCmdBtnManager: cond :OPEN, 
08-21 17:00:03.197 21264 21264 W SystemConfig: isQSlideSupported :true
08-21 17:00:03.204  1567  3248 I chatty  : uid=1000(system) WifiServerServi expire 2 lines
08-21 17:00:03.207  3599  4063 I [SystemUI]NetworkController: onReceive: intent=Intent { act=android.net.wifi.WIFI_STATE_CHANGED flg=0x4000010 (has extras) }
08-21 17:00:03.207  3599  4063 D NetworkController.WifiSignalController: Change in state from: connected=false,enabled=true,level=0,inetCondition=0,iconGroup=IconGroup(Default Wi-Fi Icons),activityIn=true,activityOut=true,rssi=-52,lastModified=08-21 04:58:24,ssid=null
08-21 17:00:03.207  3599  4063 D NetworkController.WifiSignalController: 	to: connected=false,enabled=false,level=0,inetCondition=0,iconGroup=IconGroup(Default Wi-Fi Icons),activityIn=true,activityOut=true,rssi=-52,lastModified=08-21 04:58:24,ssid=null
08-21 17:00:03.210  3599  3599 D [SystemUI]QuickSettingsButton: Set image resource for Miracast button. status = 2, clickable = false
08-21 17:00:03.211  3599  3599 D [SystemUI]QuickSettingsHandler: Miracast :Miracast.
08-21 17:00:03.214  7247  7247 W CastMediaRouteProvider: Invalid control category: android.media.intent.category.LIVE_AUDIO
08-21 17:00:03.216 14281 14281 D wpa_supplicant: p2p-dev-wlan0: Control interface command 'P2P_STOP_FIND'
08-21 17:00:03.216 14281 14281 D wpa_supplicant: P2P: Stopping find
08-21 17:00:03.216 14281 14281 D wpa_supplicant: P2P: Clear timeout (state=IDLE)
08-21 17:00:03.216 14281 14281 D wpa_supplicant: P2P: State IDLE -> IDLE
08-21 17:00:03.216 14281 14281 D wpa_supplicant: wpa_driver_set_ap_wps_p2p_ie: Entry
08-21 17:00:03.216  4223  4319 I chatty  : uid=1000(system) WfdsAspSession expire 1 line
08-21 17:00:03.218  3599  3599 D [SystemUI]PanelView: setExpandedHeight : 0.0
08-21 17:00:03.219  3599  3599 I [SystemUI]QuickSettingsHandler: Got action android.net.wifi.p2p.STATE_CHANGED at null
08-21 17:00:03.219  4064  4064 I chatty  : uid=1000(system) com.lge.systemserver expire 4 lines
08-21 17:00:03.219 21264 21264 D Dialer.DialerConfig: getRingerModeSound getRingerModeInternal
08-21 17:00:03.220 21264 21264 V ToneGenerator: getToneForRegion, tone 10, region 2, regionTone 10
08-21 17:00:03.220 21264 21264 V ToneGenerator: startTone
08-21 17:00:03.220 21264 21264 V ToneGenerator: Clearing mWaveGens:
08-21 17:00:03.220 21264 21264 V ToneGenerator: prepareWave, duration limited to 150 ms
08-21 17:00:03.220 21264 21264 V ToneGenerator: WaveGenerator init, mA1_Q14: 32358, mS2_0: -5043, mAmplitude_Q15: 10065
08-21 17:00:03.220 21264 21264 V ToneGenerator: WaveGenerator init, mA1_Q14: 32519, mS2_0: -3931, mAmplitude_Q15: 10065
08-21 17:00:03.220 21264 21264 V ToneGenerator: Immediate start, time 14355331
08-21 17:00:03.226  4558  4558 D DSDPConnection: HDMICable or WFD ConnectedEvent [com.lge.systemservice.core.wfdmanager.WFD_STATE_CHANGED]
08-21 17:00:03.226  4558  4558 D DSDPConnection: [DSDP]StatusReceiver::WFD Connected: false ExternalDevice: 0
08-21 17:00:03.226  4558  4558 W DsdpExternalView: dismissDsdpPopup()
08-21 17:00:03.226  4558  4558 D DsdpStatus: setIsExternalDeviceConnected() connected : false
08-21 17:00:03.230  4634  4634 I chatty  : uid=1000(system) com.lge.leccp expire 3 lines
08-21 17:00:03.230  4634  4711 I chatty  : uid=1000(system) ConnectionManag expire 3 lines
08-21 17:00:03.230  4634  4744 I chatty  : uid=1000(system) ModuleManagerTh expire 4 lines
08-21 17:00:03.230  4634  4740 I chatty  : uid=1000(system) CardControllerT expire 1 line
08-21 17:00:03.233  3599  3599 I [SystemUI]QuickSettingsHandler: Got action android.net.wifi.WIFI_STATE_CHANGED at null
08-21 17:00:03.247  1567  3295 I chatty  : uid=1000(system) Binder_3 expire 15 lines
08-21 17:00:03.249  3599  3599 D [SystemUI]QuickSettingsButton: Set image resource for Wi-Fi button. status = 3, clickable = true
08-21 17:00:03.249  3599  3599 D [SystemUI]QuickSettingsHandler: Wi-Fi :Wi-Fi Desligado.
08-21 17:00:03.249  3599  3599 I [SystemUI]QuickSettingsHandler: Got action com.lge.systemservice.core.wfdmanager.WFD_STATE_CHANGED at null
08-21 17:00:03.252 21264  2235 V ToneGenerator: Starting Cbk
08-21 17:00:03.252 21264  2235 V ToneGenerator: Cbk starting track
08-21 17:00:03.252 21264 21264 V ToneGenerator: Tone started, time 14355364
08-21 17:00:03.254  3599  3599 I [SystemUI]MiracastHandler: updateButton(), state = 3
08-21 17:00:03.254  3599  3599 D [SystemUI]QuickSettingsButton: Set image resource for Miracast button. status = 3, clickable = true
08-21 17:00:03.254  3599  3599 D [SystemUI]QuickSettingsHandler: Miracast :Miracast Desligado.
08-21 17:00:03.290 21264 21264 W Dialer.SearchDialController: Special character is included in keyword
08-21 17:00:03.305 21264 21264 I Dialer.SearchDialController: searchAllCondition. searchSize : 0
08-21 17:00:03.319  1529  1529 I LIA_SmartSetting(4.70.1.2)_LogCore: LIA Log setTagPrefix - prefix : LIA_SmartSetting(4.70.1.2)_
08-21 17:00:03.319  1529  1529 V LIA_SmartSetting(4.70.1.2)_ContextDetector: onReceive action android.net.wifi.WIFI_STATE_CHANGED
08-21 17:00:03.319  1529  1529 D LIA_SmartSetting(4.70.1.2)_WifiContextDetector: onReceive state= 1
08-21 17:00:03.319  1529  1529 D LIA_SmartSetting(4.70.1.2)_LGIFTTT: recipeSlug= arrive_home_wifi
08-21 17:00:03.319  1529  1529 D LIA_SmartSetting(4.70.1.2)_LGIFTTT: RECIPE_URI= content://com.lge.iftttmanager.provider/recipe
08-21 17:00:03.319  1529  1529 D LIA_SmartSetting(4.70.1.2)_LGIFTTT: selection= recipe_slug = "arrive_home_wifi"
08-21 17:00:03.321 21264 21264 W Dialer.SearchDialController: Special character is included in keyword
08-21 17:00:03.322 21264 21264 I Dialer.SearchDialController: searchAllCondition. searchSize : 0
08-21 17:00:03.323  1529  1529 D LIA_SmartSetting(4.70.1.2)_LGIFTTT: status= 0
08-21 17:00:03.323  1529  1529 D LIA_SmartSetting(4.70.1.2)_ContextDetector: onUpdate Wi-Fi off
08-21 17:00:03.324  1529  1529 I CAPP_DB_LOG: opened database address/path : 0xf518b580, /data/user/0/com.lge.ia.task.smartsetting/databases/smartsetting.db
08-21 17:00:03.326  1529  1529 I CAPP_DB_LOG:   database address : 0xf518b580, pragma journal_mode = PERSIST
08-21 17:00:03.326  1529  1529 I CAPP_DB_LOG:   database address : 0xf518b580, pragma journal_size_limit = 524288
08-21 17:00:03.326  1529  1529 I CAPP_DB_LOG:   database address : 0xf518b580, pragma wal_autocheckpoint = 100
08-21 17:00:03.328  1529  1529 D LIA_SmartSetting(4.70.1.2)_Recommender: onStatusChanged value= Wi-Fi off
08-21 17:00:03.328 21264 21264 I PeopleActivity: MobileDataSetting Changed
08-21 17:00:03.328 21264 21264 I Dialer.DialpadFragment: fragment. refreshUI
08-21 17:00:03.328  1529  1529 V LIA_SmartSetting(4.70.1.2)_SenseLocation: getCurrentPlaceId 
08-21 17:00:03.328  1529  1529 D LIA_SmartSetting(4.70.1.2)_Recommender: not entered home
08-21 17:00:03.328 21264 21264 E Dialer-DialerCmdBtnManager: getCarrier() : Fail GLOBAL is not a constant in com.android.contacts.dialpad.DialerCmdBtnManager$CarrierConfig$Carrier
08-21 17:00:03.328  1529  1529 V LIA_SmartSetting(4.70.1.2)_DeviceLogger: DeviceLogger.log: DeviceSettingProfile [profileId=-1, timestamp=1440187203328, , settingStatus=Wi-Fi off, deviceTypeOrdinal=0]
08-21 17:00:03.329  1529  1529 I CAPP_DB_LOG: opened database address/path : 0xf518c700, /data/user/0/com.lge.ia.task.smartsetting/databases/smartsetting.db
08-21 17:00:03.331 21264 21264 E Dialer-DialerCmdBtnManager: getCarrier() : Fail GLOBAL is not a constant in com.android.contacts.dialpad.DialerCmdBtnManager$CarrierConfig$Carrier
08-21 17:00:03.331 21264 21264 D Dialer-DialerCmdBtnManager: Current conditions : OPEN, 
08-21 17:00:03.331 21264 21264 I Dialer-DialerCmdBtnManager: cond :OPEN, 
08-21 17:00:03.331  1529  1529 I CAPP_DB_LOG:   database address : 0xf518c700, pragma journal_mode = PERSIST
08-21 17:00:03.331 21264 21264 W SystemConfig: isQSlideSupported :true
08-21 17:00:03.331  1529  1529 I CAPP_DB_LOG:   database address : 0xf518c700, pragma journal_size_limit = 524288
08-21 17:00:03.331  1529  1529 I CAPP_DB_LOG:   database address : 0xf518c700, pragma wal_autocheckpoint = 100
08-21 17:00:03.332  4907  5235 W Settings: Setting airplane_mode_on has moved from android.provider.Settings.System to android.provider.Settings.Global, returning read-only value.
08-21 17:00:03.333  1529  1529 D LIA_SmartSetting(4.70.1.2)_LocationDBManagerDBAdapter: insert start
08-21 17:00:03.336  3956  3956 D BubblePopupHelper: BubblePopupHelper has no instance. Hence we cannot call setShowingBubblePopup : false
08-21 17:00:03.340  1529  1529 D LIA_SmartSetting(4.70.1.2)_LocationDBManager: insertSettingInfo ID = 28
08-21 17:00:03.340  1529  1529 I CAPP_DB_LOG: closed database address/path : 0xf518c700, /data/user/0/com.lge.ia.task.smartsetting/databases/smartsetting.db
08-21 17:00:03.403 21264  2235 V ToneGenerator: Cbk Stopping
08-21 17:00:03.408 21264  2235 V ToneGenerator: Stopped Cbk
08-21 17:00:03.408 21264  2235 V ToneGenerator: Cbk Stopped track
08-21 17:00:03.421  3599  3599 D [SystemUI]SystemServicesProxy: RecentApps has 25 item(s).
08-21 17:00:03.540 21264 21264 D Dialer.DialerConfig: getRingerModeSound getRingerModeInternal
08-21 17:00:03.540 21264 21264 V ToneGenerator: getToneForRegion, tone 11, region 2, regionTone 11
08-21 17:00:03.540 21264 21264 V ToneGenerator: startTone
08-21 17:00:03.540 21264 21264 V ToneGenerator: Clearing mWaveGens:
08-21 17:00:03.540 21264 21264 V ToneGenerator: prepareWave, duration limited to 150 ms
08-21 17:00:03.540 21264 21264 V ToneGenerator: WaveGenerator init, mA1_Q14: 32157, mS2_0: -6148, mAmplitude_Q15: 10065
08-21 17:00:03.540 21264 21264 V ToneGenerator: WaveGenerator init, mA1_Q14: 32519, mS2_0: -3931, mAmplitude_Q15: 10065
08-21 17:00:03.540 21264 21264 V ToneGenerator: Immediate start, time 14355652
08-21 17:00:03.555 21264  2235 V ToneGenerator: Starting Cbk
08-21 17:00:03.555 21264  2235 V ToneGenerator: Cbk starting track
08-21 17:00:03.555 21264 21264 V ToneGenerator: Tone started, time 14355667
08-21 17:00:03.564 21264 21264 I Dialer.SearchDialController: searchAllCondition. searchSize : 0
08-21 17:00:03.568 21264 21264 I Dialer.SearchDialController: searchAllCondition. searchSize : 0
08-21 17:00:03.570 21264 21264 I Dialer.DialpadFragment: onLayoutChange() - mDigits
08-21 17:00:03.570 21264 21264 I Dialer.SearchDialController: searchAllCondition. searchSize : 0
08-21 17:00:03.578  3956  3956 D BubblePopupHelper: BubblePopupHelper has no instance. Hence we cannot call setShowingBubblePopup : false
08-21 17:00:03.708 21264  2235 V ToneGenerator: Cbk Stopping
08-21 17:00:03.708 21264  2235 V ToneGenerator: Stopped Cbk
08-21 17:00:03.708 21264  2235 V ToneGenerator: Cbk Stopped track
08-21 17:00:03.906  4284  4768 D [LGHome]LGBroadCastCountRecord: [LGBroadCastCountRecord.java:68:loadLatestCountRecord()]loadLatestCountRecord ArrayList<LGBroadCastData> = [com.lge.launcher2.numberbadge.impl.LGBroadCastData@f52ba4, com.lge.launcher2.numberbadge.impl.LGBroadCastData@87bd0d, com.lge.launcher2.numberbadge.impl.LGBroadCastData@a73a4c2, com.lge.launcher2.numberbadge.impl.LGBroadCastData@f7c72d3]
08-21 17:00:03.906  4284  4768 I [LGHome]NumberBadge.LGUnreadLgeEmailsBadge: [LGUnreadLgeEmailsBadge.java:86:countUnreadItems()]setTotalCount : 0
08-21 17:00:03.906  4284  4768 I [LGHome]NumberBadge.LGUnreadLgeEmailsBadge: [LGUnreadLgeEmailsBadge.java:87:countUnreadItems()]countUnreadItems() ended..
08-21 17:00:03.907  4284  4768 D [LGHome]LGBroadCastCountRecord: [LGBroadCastCountRecord.java:68:loadLatestCountRecord()]loadLatestCountRecord ArrayList<LGBroadCastData> = [com.lge.launcher2.numberbadge.impl.LGBroadCastData@52b5e10, com.lge.launcher2.numberbadge.impl.LGBroadCastData@a801d09, com.lge.launcher2.numberbadge.impl.LGBroadCastData@f5b4b0e, com.lge.launcher2.numberbadge.impl.LGBroadCastData@591692f]
08-21 17:00:03.907  4284  4768 I [LGHome]NumberBadge.LGBroadCastBadge: [LGBroadCastBadge.java:53:updateBadgeIcon()][updateClassList : com.lge.message.ui.ConversationList = 0
08-21 17:00:03.907  4284  4768 I [LGHome]NumberBadge.LGBroadCastBadge: [LGBroadCastBadge.java:53:updateBadgeIcon()][updateClassList : com.lge.message.activity.MainMenuActivity = 0
08-21 17:00:03.907  4284  4768 I [LGHome]NumberBadge.LGBroadCastBadge: [LGBroadCastBadge.java:53:updateBadgeIcon()][updateClassList : com.android.mms.ui.ConversationList = 0
08-21 17:00:03.908  4284  4768 I [LGHome]NumberBadge.LGBroadCastBadge: [LGBroadCastBadge.java:53:updateBadgeIcon()][updateClassList : com.lge.updatecenter.UpdateCenterPrfActivity = 1
08-21 17:00:04.033 21264 21264 D Dialer.DialerConfig: getRingerModeSound getRingerModeInternal
08-21 17:00:04.033 21264 21264 V ToneGenerator: getToneForRegion, tone 5, region 2, regionTone 5
08-21 17:00:04.033 21264 21264 V ToneGenerator: startTone
08-21 17:00:04.033 21264 21264 V ToneGenerator: Clearing mWaveGens:
08-21 17:00:04.033 21264 21264 V ToneGenerator: prepareWave, duration limited to 150 ms
08-21 17:00:04.033 21264 21264 V ToneGenerator: WaveGenerator init, mA1_Q14: 32268, mS2_0: -5567, mAmplitude_Q15: 10065
08-21 17:00:04.033 21264 21264 V ToneGenerator: WaveGenerator init, mA1_Q14: 32601, mS2_0: -3219, mAmplitude_Q15: 10065
08-21 17:00:04.033 21264 21264 V ToneGenerator: Immediate start, time 14356145
08-21 17:00:04.055 21264  2235 V ToneGenerator: Starting Cbk
08-21 17:00:04.055 21264  2235 V ToneGenerator: Cbk starting track
08-21 17:00:04.055 21264 21264 V ToneGenerator: Tone started, time 14356166
08-21 17:00:04.062 21264 21264 I Dialer.SearchDialController: searchAllCondition. searchSize : 0
08-21 17:00:04.067 21264 21264 I Dialer.SearchDialController: searchAllCondition. searchSize : 0
08-21 17:00:04.071  3956  3956 D BubblePopupHelper: BubblePopupHelper has no instance. Hence we cannot call setShowingBubblePopup : false
08-21 17:00:04.208 21264  2235 V ToneGenerator: Cbk Stopping
08-21 17:00:04.213 21264  2235 V ToneGenerator: Stopped Cbk
08-21 17:00:04.213 21264  2235 V ToneGenerator: Cbk Stopped track
08-21 17:00:04.225 21264 21264 D Dialer.DialerConfig: getRingerModeSound getRingerModeInternal
08-21 17:00:04.225 21264 21264 V ToneGenerator: getToneForRegion, tone 4, region 2, regionTone 4
08-21 17:00:04.225 21264 21264 V ToneGenerator: startTone
08-21 17:00:04.225 21264 21264 V ToneGenerator: Clearing mWaveGens:
08-21 17:00:04.225 21264 21264 V ToneGenerator: prepareWave, duration limited to 150 ms
08-21 17:00:04.225 21264 21264 V ToneGenerator: WaveGenerator init, mA1_Q14: 32358, mS2_0: -5043, mAmplitude_Q15: 10065
08-21 17:00:04.225 21264 21264 V ToneGenerator: WaveGenerator init, mA1_Q14: 32601, mS2_0: -3219, mAmplitude_Q15: 10065
08-21 17:00:04.225 21264 21264 V ToneGenerator: Immediate start, time 14356336
08-21 17:00:04.225 21264  2235 V ToneGenerator: Starting Cbk
08-21 17:00:04.225 21264  2235 V ToneGenerator: Cbk starting track
08-21 17:00:04.225 21264 21264 V ToneGenerator: Tone started, time 14356337
08-21 17:00:04.235 21264 21264 I Dialer.SearchDialController: searchAllCondition. searchSize : 0
08-21 17:00:04.238 21264 21264 I Dialer.SearchDialController: searchAllCondition. searchSize : 0
08-21 17:00:04.242  3956  3956 D BubblePopupHelper: BubblePopupHelper has no instance. Hence we cannot call setShowingBubblePopup : false
08-21 17:00:04.368 21264  2235 V ToneGenerator: Cbk Stopping
08-21 17:00:04.368 21264  2235 V ToneGenerator: Stopped Cbk
08-21 17:00:04.368 21264  2235 V ToneGenerator: Cbk Stopped track
08-21 17:00:04.551 21264 21264 D Dialer.DialerConfig: getRingerModeSound getRingerModeInternal
08-21 17:00:04.551 21264 21264 V ToneGenerator: getToneForRegion, tone 6, region 2, regionTone 6
08-21 17:00:04.551 21264 21264 V ToneGenerator: startTone
08-21 17:00:04.551 21264 21264 V ToneGenerator: Clearing mWaveGens:
08-21 17:00:04.551 21264 21264 V ToneGenerator: prepareWave, duration limited to 150 ms
08-21 17:00:04.551 21264 21264 V ToneGenerator: WaveGenerator init, mA1_Q14: 32157, mS2_0: -6148, mAmplitude_Q15: 10065
08-21 17:00:04.551 21264 21264 V ToneGenerator: WaveGenerator init, mA1_Q14: 32601, mS2_0: -3219, mAmplitude_Q15: 10065
08-21 17:00:04.551 21264 21264 V ToneGenerator: Immediate start, time 14356662
08-21 17:00:04.575 21264 21264 V ToneGenerator: Wait for start callback
08-21 17:00:04.575 21264  2235 V ToneGenerator: Starting Cbk
08-21 17:00:04.575 21264  2235 V ToneGenerator: Cbk starting track
08-21 17:00:04.575 21264 21264 V ToneGenerator: Tone started, time 14356687
08-21 17:00:04.583 21264 21264 I Dialer.SearchDialController: searchAllCondition. searchSize : 0
08-21 17:00:04.587 21264 21264 I Dialer.SearchDialController: searchAllCondition. searchSize : 0
08-21 17:00:04.592  3956  3956 D BubblePopupHelper: BubblePopupHelper has no instance. Hence we cannot call setShowingBubblePopup : false
08-21 17:00:04.728 21264  2235 V ToneGenerator: Cbk Stopping
08-21 17:00:04.733 21264  2235 V ToneGenerator: Stopped Cbk
08-21 17:00:04.733 21264  2235 V ToneGenerator: Cbk Stopped track
08-21 17:00:04.776 21264 21264 D Dialer.DialerConfig: getRingerModeSound getRingerModeInternal
08-21 17:00:04.776 21264 21264 V ToneGenerator: getToneForRegion, tone 3, region 2, regionTone 3
08-21 17:00:04.776 21264 21264 V ToneGenerator: startTone
08-21 17:00:04.776 21264 21264 V ToneGenerator: Clearing mWaveGens:
08-21 17:00:04.776 21264 21264 V ToneGenerator: prepareWave, duration limited to 150 ms
08-21 17:00:04.776 21264 21264 V ToneGenerator: WaveGenerator init, mA1_Q14: 32157, mS2_0: -6148, mAmplitude_Q15: 10065
08-21 17:00:04.776 21264 21264 V ToneGenerator: WaveGenerator init, mA1_Q14: 32631, mS2_0: -2915, mAmplitude_Q15: 10065
08-21 17:00:04.776 21264 21264 V ToneGenerator: Immediate start, time 14356888
08-21 17:00:04.778 21264 21264 V ToneGenerator: Wait for start callback
08-21 17:00:04.778 21264  2235 V ToneGenerator: Starting Cbk
08-21 17:00:04.778 21264  2235 V ToneGenerator: Cbk starting track
08-21 17:00:04.779 21264 21264 V ToneGenerator: Tone started, time 14356890
08-21 17:00:04.787 21264 21264 I Dialer.SearchDialController: searchAllCondition. searchSize : 0
08-21 17:00:04.791 21264 21264 I Dialer.SearchDialController: searchAllCondition. searchSize : 0
08-21 17:00:04.830  3956  3956 D BubblePopupHelper: BubblePopupHelper has no instance. Hence we cannot call setShowingBubblePopup : false
08-21 17:00:04.924 21264  2235 V ToneGenerator: Cbk Stopping
08-21 17:00:04.924 21264  2235 V ToneGenerator: Stopped Cbk
08-21 17:00:04.924 21264  2235 V ToneGenerator: Cbk Stopped track
08-21 17:00:05.089 21264 21264 D Dialer.DialerConfig: getRingerModeSound getRingerModeInternal
08-21 17:00:05.089 21264 21264 V ToneGenerator: getToneForRegion, tone 6, region 2, regionTone 6
08-21 17:00:05.089 21264 21264 V ToneGenerator: startTone
08-21 17:00:05.089 21264 21264 V ToneGenerator: Clearing mWaveGens:
08-21 17:00:05.089 21264 21264 V ToneGenerator: prepareWave, duration limited to 150 ms
08-21 17:00:05.089 21264 21264 V ToneGenerator: WaveGenerator init, mA1_Q14: 32157, mS2_0: -6148, mAmplitude_Q15: 10065
08-21 17:00:05.089 21264 21264 V ToneGenerator: WaveGenerator init, mA1_Q14: 32601, mS2_0: -3219, mAmplitude_Q15: 10065
08-21 17:00:05.089 21264 21264 V ToneGenerator: Immediate start, time 14357201
08-21 17:00:05.118 21264 21264 V ToneGenerator: Wait for start callback
08-21 17:00:05.118 21264  2235 V ToneGenerator: Starting Cbk
08-21 17:00:05.118 21264  2235 V ToneGenerator: Cbk starting track
08-21 17:00:05.119 21264 21264 V ToneGenerator: Tone started, time 14357230
08-21 17:00:05.142 21264 21264 I Dialer.SearchDialController: searchAllCondition. searchSize : 0
08-21 17:00:05.166 21264 21264 I Dialer.SearchDialController: searchAllCondition. searchSize : 0
08-21 17:00:05.181  3956  3956 D BubblePopupHelper: BubblePopupHelper has no instance. Hence we cannot call setShowingBubblePopup : false
08-21 17:00:05.269 21264  2235 V ToneGenerator: Cbk Stopping
08-21 17:00:05.274 21264  2235 V ToneGenerator: Stopped Cbk
08-21 17:00:05.274 21264  2235 V ToneGenerator: Cbk Stopped track
08-21 17:00:05.397 21264 21264 D Dialer.DialerConfig: getRingerModeSound getRingerModeInternal
08-21 17:00:05.398 21264 21264 V ToneGenerator: getToneForRegion, tone 8, region 2, regionTone 8
08-21 17:00:05.398 21264 21264 V ToneGenerator: startTone
08-21 17:00:05.398 21264 21264 V ToneGenerator: Clearing mWaveGens:
08-21 17:00:05.398 21264 21264 V ToneGenerator: prepareWave, duration limited to 150 ms
08-21 17:00:05.398 21264 21264 V ToneGenerator: WaveGenerator init, mA1_Q14: 32268, mS2_0: -5567, mAmplitude_Q15: 10065
08-21 17:00:05.398 21264 21264 V ToneGenerator: WaveGenerator init, mA1_Q14: 32564, mS2_0: -3561, mAmplitude_Q15: 10065
08-21 17:00:05.398 21264 21264 V ToneGenerator: Immediate start, time 14357510
08-21 17:00:05.417 21264 21264 V ToneGenerator: Wait for start callback
08-21 17:00:05.417 21264  2235 V ToneGenerator: Starting Cbk
08-21 17:00:05.417 21264  2235 V ToneGenerator: Cbk starting track
08-21 17:00:05.417 21264 21264 V ToneGenerator: Tone started, time 14357529
08-21 17:00:05.439 21264 21264 I Dialer.SearchDialController: searchAllCondition. searchSize : 0
08-21 17:00:05.459 21264 21264 I Dialer.SearchDialController: searchAllCondition. searchSize : 0
08-21 17:00:05.476  3956  3956 D BubblePopupHelper: BubblePopupHelper has no instance. Hence we cannot call setShowingBubblePopup : false
08-21 17:00:05.563 21264  2235 V ToneGenerator: Cbk Stopping
08-21 17:00:05.563 21264  2235 V ToneGenerator: Stopped Cbk
08-21 17:00:05.563 21264  2235 V ToneGenerator: Cbk Stopped track
08-21 17:00:05.705 21264 21264 I Dialer.SearchDialController: searchAllCondition. searchSize : 0
08-21 17:00:05.728 21264 21264 I Dialer.SearchDialController: searchAllCondition. searchSize : 0
08-21 17:00:05.750  3956  3956 D BubblePopupHelper: BubblePopupHelper has no instance. Hence we cannot call setShowingBubblePopup : false
08-21 17:00:05.752   707   707 I MSM-irqbalance: Decided to move IRQ137 from CPU1 to CPU3
08-21 17:00:06.728  1567  3954 I chatty  : uid=1000(system) Binder_5 expire 16 lines
08-21 17:00:08.394 21264 21264 D Dialer.DialerConfig: getRingerModeSound getRingerModeInternal
08-21 17:00:08.394 21264 21264 V ToneGenerator: getToneForRegion, tone 8, region 2, regionTone 8
08-21 17:00:08.394 21264 21264 V ToneGenerator: startTone
08-21 17:00:08.394 21264 21264 V ToneGenerator: Clearing mWaveGens:
08-21 17:00:08.394 21264 21264 V ToneGenerator: prepareWave, duration limited to 150 ms
08-21 17:00:08.394 21264 21264 V ToneGenerator: WaveGenerator init, mA1_Q14: 32268, mS2_0: -5567, mAmplitude_Q15: 10065
08-21 17:00:08.394 21264 21264 V ToneGenerator: WaveGenerator init, mA1_Q14: 32564, mS2_0: -3561, mAmplitude_Q15: 10065
08-21 17:00:08.394 21264 21264 V ToneGenerator: Immediate start, time 14360506
08-21 17:00:08.416 21264  2235 V ToneGenerator: Starting Cbk
08-21 17:00:08.416 21264  2235 V ToneGenerator: Cbk starting track
08-21 17:00:08.416 21264 21264 V ToneGenerator: Tone started, time 14360528
08-21 17:00:08.434 21264 21264 I Dialer.SearchDialController: searchAllCondition. searchSize : 0
08-21 17:00:08.449 21264 21264 I Dialer.SearchDialController: searchAllCondition. searchSize : 0
08-21 17:00:08.461  3956  3956 D BubblePopupHelper: BubblePopupHelper has no instance. Hence we cannot call setShowingBubblePopup : false
08-21 17:00:08.565 21264  2235 V ToneGenerator: Cbk Stopping
08-21 17:00:08.569 21264  2235 V ToneGenerator: Stopped Cbk
08-21 17:00:08.569 21264  2235 V ToneGenerator: Cbk Stopped track
08-21 17:00:09.289 21264 21264 D Dialer.DialerConfig: getRingerModeSound getRingerModeInternal
08-21 17:00:09.289 21264 21264 V ToneGenerator: getToneForRegion, tone 11, region 2, regionTone 11
08-21 17:00:09.289 21264 21264 V ToneGenerator: startTone
08-21 17:00:09.289 21264 21264 V ToneGenerator: Clearing mWaveGens:
08-21 17:00:09.290 21264 21264 V ToneGenerator: prepareWave, duration limited to 150 ms
08-21 17:00:09.290 21264 21264 V ToneGenerator: WaveGenerator init, mA1_Q14: 32157, mS2_0: -6148, mAmplitude_Q15: 10065
08-21 17:00:09.290 21264 21264 V ToneGenerator: WaveGenerator init, mA1_Q14: 32519, mS2_0: -3931, mAmplitude_Q15: 10065
08-21 17:00:09.290 21264 21264 V ToneGenerator: Immediate start, time 14361401
08-21 17:00:09.313 21264  2235 V ToneGenerator: Starting Cbk
08-21 17:00:09.313 21264  2235 V ToneGenerator: Cbk starting track
08-21 17:00:09.313 21264 21264 V ToneGenerator: Tone started, time 14361425
08-21 17:00:09.335 21264 21264 I Dialer.SearchDialController: searchAllCondition. searchSize : 0
08-21 17:00:09.351 21264 21264 I Dialer.SearchDialController: searchAllCondition. searchSize : 0
08-21 17:00:09.376  3956  3956 D BubblePopupHelper: BubblePopupHelper has no instance. Hence we cannot call setShowingBubblePopup : false
08-21 17:00:09.453 21264  2235 V ToneGenerator: Cbk Stopping
08-21 17:00:09.453 21264  2235 V ToneGenerator: Stopped Cbk
08-21 17:00:09.453 21264  2235 V ToneGenerator: Cbk Stopped track
08-21 17:00:09.598 21264 21264 D Dialer.DialerConfig: getRingerModeSound getRingerModeInternal
08-21 17:00:09.598 21264 21264 V ToneGenerator: getToneForRegion, tone 10, region 2, regionTone 10
08-21 17:00:09.598 21264 21264 V ToneGenerator: startTone
08-21 17:00:09.598 21264 21264 V ToneGenerator: Clearing mWaveGens:
08-21 17:00:09.598 21264 21264 V ToneGenerator: prepareWave, duration limited to 150 ms
08-21 17:00:09.598 21264 21264 V ToneGenerator: WaveGenerator init, mA1_Q14: 32358, mS2_0: -5043, mAmplitude_Q15: 10065
08-21 17:00:09.598 21264 21264 V ToneGenerator: WaveGenerator init, mA1_Q14: 32519, mS2_0: -3931, mAmplitude_Q15: 10065
08-21 17:00:09.598 21264 21264 V ToneGenerator: Immediate start, time 14361709
08-21 17:00:09.617 21264 21264 V ToneGenerator: Wait for start callback
08-21 17:00:09.617 21264  2235 V ToneGenerator: Starting Cbk
08-21 17:00:09.617 21264  2235 V ToneGenerator: Cbk starting track
08-21 17:00:09.617 21264 21264 V ToneGenerator: Tone started, time 14361728
08-21 17:00:09.634 21264 21264 I Dialer.SearchDialController: searchAllCondition. searchSize : 0
08-21 17:00:09.653 21264 21264 I Dialer.SearchDialController: searchAllCondition. searchSize : 0
08-21 17:00:09.668  3956  3956 D BubblePopupHelper: BubblePopupHelper has no instance. Hence we cannot call setShowingBubblePopup : false
08-21 17:00:09.764 21264  2235 V ToneGenerator: Cbk Stopping
08-21 17:00:09.769 21264  2235 V ToneGenerator: Stopped Cbk
08-21 17:00:09.769 21264  2235 V ToneGenerator: Cbk Stopped track
08-21 17:00:09.889 21264 21264 D Dialer.DialerConfig: getRingerModeSound getRingerModeInternal
08-21 17:00:09.889 21264 21264 V ToneGenerator: getToneForRegion, tone 8, region 2, regionTone 8
08-21 17:00:09.889 21264 21264 V ToneGenerator: startTone
08-21 17:00:09.889 21264 21264 V ToneGenerator: Clearing mWaveGens:
08-21 17:00:09.889 21264 21264 V ToneGenerator: prepareWave, duration limited to 150 ms
08-21 17:00:09.889 21264 21264 V ToneGenerator: WaveGenerator init, mA1_Q14: 32268, mS2_0: -5567, mAmplitude_Q15: 10065
08-21 17:00:09.889 21264 21264 V ToneGenerator: WaveGenerator init, mA1_Q14: 32564, mS2_0: -3561, mAmplitude_Q15: 10065
08-21 17:00:09.889 21264 21264 V ToneGenerator: Immediate start, time 14362001
08-21 17:00:09.910 21264  2235 V ToneGenerator: Starting Cbk
08-21 17:00:09.910 21264  2235 V ToneGenerator: Cbk starting track
08-21 17:00:09.910 21264 21264 V ToneGenerator: Tone started, time 14362022
08-21 17:00:09.948 21264 21264 I Dialer.SearchDialController: searchAllCondition. searchSize : 0
08-21 17:00:09.973 21264 21264 I Dialer.SearchDialController: searchAllCondition. searchSize : 0
08-21 17:00:09.985  3956  3956 D BubblePopupHelper: BubblePopupHelper has no instance. Hence we cannot call setShowingBubblePopup : false
08-21 17:00:10.053 21264  2235 V ToneGenerator: Cbk Stopping
08-21 17:00:10.054 21264  2235 V ToneGenerator: Stopped Cbk
08-21 17:00:10.054 21264  2235 V ToneGenerator: Cbk Stopped track
08-21 17:00:10.092 21264 21264 D Dialer.DialerConfig: getRingerModeSound getRingerModeInternal
08-21 17:00:10.092 21264 21264 V ToneGenerator: getToneForRegion, tone 1, region 2, regionTone 1
08-21 17:00:10.092 21264 21264 V ToneGenerator: startTone
08-21 17:00:10.092 21264 21264 V ToneGenerator: Clearing mWaveGens:
08-21 17:00:10.092 21264 21264 V ToneGenerator: prepareWave, duration limited to 150 ms
08-21 17:00:10.092 21264 21264 V ToneGenerator: WaveGenerator init, mA1_Q14: 32358, mS2_0: -5043, mAmplitude_Q15: 10065
08-21 17:00:10.092 21264 21264 V ToneGenerator: WaveGenerator init, mA1_Q14: 32631, mS2_0: -2915, mAmplitude_Q15: 10065
08-21 17:00:10.092 21264 21264 V ToneGenerator: Immediate start, time 14362204
08-21 17:00:10.094 21264  2235 V ToneGenerator: Starting Cbk
08-21 17:00:10.094 21264  2235 V ToneGenerator: Cbk starting track
08-21 17:00:10.094 21264 21264 V ToneGenerator: Tone started, time 14362206
08-21 17:00:10.120 21264 21264 I Dialer.SearchDialController: searchAllCondition. searchSize : 0
08-21 17:00:10.139 21264 21264 I Dialer.SearchDialController: searchAllCondition. searchSize : 0
08-21 17:00:10.152  3956  3956 D BubblePopupHelper: BubblePopupHelper has no instance. Hence we cannot call setShowingBubblePopup : false
08-21 17:00:10.239 21264  2235 V ToneGenerator: Cbk Stopping
08-21 17:00:10.244 21264  2235 V ToneGenerator: Stopped Cbk
08-21 17:00:10.244 21264  2235 V ToneGenerator: Cbk Stopped track
08-21 17:00:10.293 21264 21264 D Dialer.DialerConfig: getRingerModeSound getRingerModeInternal
08-21 17:00:10.293 21264 21264 V ToneGenerator: getToneForRegion, tone 8, region 2, regionTone 8
08-21 17:00:10.293 21264 21264 V ToneGenerator: startTone
08-21 17:00:10.293 21264 21264 V ToneGenerator: Clearing mWaveGens:
08-21 17:00:10.293 21264 21264 V ToneGenerator: prepareWave, duration limited to 150 ms
08-21 17:00:10.293 21264 21264 V ToneGenerator: WaveGenerator init, mA1_Q14: 32268, mS2_0: -5567, mAmplitude_Q15: 10065
08-21 17:00:10.293 21264 21264 V ToneGenerator: WaveGenerator init, mA1_Q14: 32564, mS2_0: -3561, mAmplitude_Q15: 10065
08-21 17:00:10.293 21264 21264 V ToneGenerator: Immediate start, time 14362404
08-21 17:00:10.297 21264  2235 V ToneGenerator: Starting Cbk
08-21 17:00:10.297 21264  2235 V ToneGenerator: Cbk starting track
08-21 17:00:10.297 21264 21264 V ToneGenerator: Tone started, time 14362409
08-21 17:00:10.326 21264 21264 I Dialer.SearchDialController: searchAllCondition. searchSize : 0
08-21 17:00:10.347 21264 21264 I Dialer.SearchDialController: searchAllCondition. searchSize : 0
08-21 17:00:10.376  3956  3956 D BubblePopupHelper: BubblePopupHelper has no instance. Hence we cannot call setShowingBubblePopup : false
08-21 17:00:10.449 21264  2235 V ToneGenerator: Cbk Stopping
08-21 17:00:10.449 21264  2235 V ToneGenerator: Stopped Cbk
08-21 17:00:10.449 21264  2235 V ToneGenerator: Cbk Stopped track
08-21 17:00:10.559 21264 21264 D Dialer.DialerConfig: getRingerModeSound getRingerModeInternal
08-21 17:00:10.559 21264 21264 V ToneGenerator: getToneForRegion, tone 11, region 2, regionTone 11
08-21 17:00:10.559 21264 21264 V ToneGenerator: startTone
08-21 17:00:10.559 21264 21264 V ToneGenerator: Clearing mWaveGens:
08-21 17:00:10.559 21264 21264 V ToneGenerator: prepareWave, duration limited to 150 ms
08-21 17:00:10.559 21264 21264 V ToneGenerator: WaveGenerator init, mA1_Q14: 32157, mS2_0: -6148, mAmplitude_Q15: 10065
08-21 17:00:10.559 21264 21264 V ToneGenerator: WaveGenerator init, mA1_Q14: 32519, mS2_0: -3931, mAmplitude_Q15: 10065
08-21 17:00:10.559 21264 21264 V ToneGenerator: Immediate start, time 14362671
08-21 17:00:10.577 21264 21264 V ToneGenerator: Wait for start callback
08-21 17:00:10.577 21264  2235 V ToneGenerator: Starting Cbk
08-21 17:00:10.577 21264  2235 V ToneGenerator: Cbk starting track
08-21 17:00:10.577 21264 21264 V ToneGenerator: Tone started, time 14362689
08-21 17:00:10.606 21264 21264 I Dialer.SearchDialController: searchAllCondition. searchSize : 0
08-21 17:00:10.631 21264 21264 I Dialer.SearchDialController: searchAllCondition. searchSize : 0
08-21 17:00:10.649  3956  3956 D BubblePopupHelper: BubblePopupHelper has no instance. Hence we cannot call setShowingBubblePopup : false
08-21 17:00:10.723 21264  2235 V ToneGenerator: Cbk Stopping
08-21 17:00:10.728 21264  2235 V ToneGenerator: Stopped Cbk
08-21 17:00:10.728 21264  2235 V ToneGenerator: Cbk Stopped track
08-21 17:00:10.752   707   707 I MSM-irqbalance: Decided to move IRQ215 from CPU1 to CPU3
08-21 17:00:11.034   516   761 E ThermalEngine: [GPU_MON] ACTION: GPU - [GPU_MON] Setting GPU[0] to 600000000
08-21 17:00:12.294 21264 21264 I Dialer.SearchDialController: searchAllCondition. searchSize : 0
08-21 17:00:12.295  3386  3533 I chatty  : uid=1013(media) AudioOut_2 expire 42 lines
08-21 17:00:12.296  3386  3520 I chatty  : uid=1013(media) ApmAudio expire 11 lines
08-21 17:00:12.309 21264 21264 I Dialer.SearchDialController: searchAllCondition. searchSize : 0
08-21 17:00:12.318  3956  3956 D BubblePopupHelper: BubblePopupHelper has no instance. Hence we cannot call setShowingBubblePopup : false
08-21 17:00:12.363  1567  3920 I chatty  : uid=1000(system) SoundPool expire 25 lines
08-21 17:00:12.376  1567  3232 I chatty  : uid=1000(system) InputDispatcher expire 14 lines
08-21 17:00:12.415  3386  4208 I chatty  : uid=1013(media) Binder_5 expire 2 lines
08-21 17:00:12.417  1567  3268 I chatty  : uid=1000(system) AudioService expire 44 lines
08-21 17:00:12.420  3386  3958 I chatty  : uid=1013(media) Binder_4 expire 2 lines
08-21 17:00:12.424  3386  3541 I chatty  : uid=1013(media) Binder_3 expire 3 lines
08-21 17:00:12.427  3386  3521 I chatty  : uid=1013(media) ApmOutput expire 22 lines
08-21 17:00:12.456 21264 21264 I Dialer.SearchDialController: searchAllCondition. searchSize : 0
08-21 17:00:12.492 21264 21264 I Dialer.SearchDialController: searchAllCondition. searchSize : 0
08-21 17:00:12.504  3956  3956 D BubblePopupHelper: BubblePopupHelper has no instance. Hence we cannot call setShowingBubblePopup : false
08-21 17:00:13.051 21264 21264 D Dialer.DialerConfig: getRingerModeSound getRingerModeInternal
08-21 17:00:13.051 21264 21264 V ToneGenerator: getToneForRegion, tone 5, region 2, regionTone 5
08-21 17:00:13.051 21264 21264 V ToneGenerator: startTone
08-21 17:00:13.051 21264 21264 V ToneGenerator: Clearing mWaveGens:
08-21 17:00:13.051 21264 21264 V ToneGenerator: prepareWave, duration limited to 150 ms
08-21 17:00:13.051 21264 21264 V ToneGenerator: WaveGenerator init, mA1_Q14: 32268, mS2_0: -5567, mAmplitude_Q15: 10065
08-21 17:00:13.051 21264 21264 V ToneGenerator: WaveGenerator init, mA1_Q14: 32601, mS2_0: -3219, mAmplitude_Q15: 10065
08-21 17:00:13.051 21264 21264 V ToneGenerator: Immediate start, time 14365163
08-21 17:00:13.052  3386 20685 I chatty  : uid=1013(media) Binder_7 expire 13 lines
08-21 17:00:13.079 21264 21264 V ToneGenerator: Wait for start callback
08-21 17:00:13.079 21264  2235 V ToneGenerator: Starting Cbk
08-21 17:00:13.079 21264  2235 V ToneGenerator: Cbk starting track
08-21 17:00:13.079 21264 21264 V ToneGenerator: Tone started, time 14365191
08-21 17:00:13.087  3386  3532 I chatty  : uid=1013(media) FastMixer expire 17 lines
08-21 17:00:13.110 21264 21264 I Dialer.SearchDialController: searchAllCondition. searchSize : 0
08-21 17:00:13.141 21264 21264 I Dialer.SearchDialController: searchAllCondition. searchSize : 0
08-21 17:00:13.161  3956  3956 D BubblePopupHelper: BubblePopupHelper has no instance. Hence we cannot call setShowingBubblePopup : false
08-21 17:00:13.168  3386  3532 V AudioTrackShared: mAvailToClient=0 stepCount=240 minimum=240
08-21 17:00:13.173  3386  3532 V AudioTrackShared: mAvailToClient=16 stepCount=224 minimum=240
08-21 17:00:13.178  3386  3532 V AudioTrackShared: mAvailToClient=0 stepCount=240 minimum=240
08-21 17:00:13.184  3386  3532 V AudioTrackShared: mAvailToClient=48 stepCount=192 minimum=240
08-21 17:00:13.189  3386  3532 V AudioTrackShared: mAvailToClient=0 stepCount=240 minimum=240
08-21 17:00:13.194  3386  3532 V AudioTrackShared: mAvailToClient=80 stepCount=160 minimum=240
08-21 17:00:13.198  3386  3532 V AudioTrackShared: mAvailToClient=0 stepCount=240 minimum=240
08-21 17:00:13.203  3386  3532 V AudioTrackShared: mAvailToClient=112 stepCount=128 minimum=240
08-21 17:00:13.209  3386  3532 V AudioTrackShared: mAvailToClient=0 stepCount=240 minimum=240
08-21 17:00:13.213  3386  3532 V AudioTrackShared: mAvailToClient=144 stepCount=96 minimum=240
08-21 17:00:13.219  3386  3532 V AudioTrackShared: mAvailToClient=0 stepCount=240 minimum=240
08-21 17:00:13.223  3386  3532 V AudioTrackShared: mAvailToClient=176 stepCount=64 minimum=240
08-21 17:00:13.224 21264  2235 V ToneGenerator: Cbk Stopping
08-21 17:00:13.224 21264  2235 V ToneGenerator: Stopped Cbk
08-21 17:00:13.224 21264  2235 V ToneGenerator: Cbk Stopped track
08-21 17:00:13.228  3386  3532 V AudioTrackShared: mAvailToClient=32 stepCount=240 minimum=240
08-21 17:00:13.233  3386  3532 V AudioTrackShared: mAvailToClient=272 stepCount=208 minimum=240
08-21 17:00:13.272  3386  3533 V audio_hw_primary: out_get_latency: Latency 10
08-21 17:00:13.292  3386  3533 V audio_hw_primary: out_get_latency: Latency 10
08-21 17:00:13.296  3386  3533 V AudioFlinger: removeTracks_l removing track on session 951
08-21 17:00:13.296  3386  3533 V AudioFlinger: acquireWakeLock_l() AudioOut_2 status 0
08-21 17:00:13.307  3386  3533 V AudioPolicyService: AudioCommandThread() adding stop output 2
08-21 17:00:13.307  3386  3533 V AudioPolicyService: inserting command: 5 at index 0, num commands 0
08-21 17:00:13.307  3386  3521 V AudioPolicyService: AudioCommandThread() waking up
08-21 17:00:13.308  3386  3521 V AudioPolicyService: AudioCommandThread() processing stop output 2
08-21 17:00:13.308  3386  3521 V APM::AudioPolicyManager: stopOutput() output 2, stream 1, session 951
08-21 17:00:13.308  3386  3521 V APM::AudioPolicyManager: setBeaconMute(1) mBeaconMuteRefCount=0 mBeaconPlayingRefCount=0
08-21 17:00:13.308  3386  3521 V APM::AudioPolicyManager: getNewOutputDevice() selected device 0
08-21 17:00:13.308  3386  3521 V APM::AudioPolicyManager: setOutputDevice() device 0000 delayMs 100
08-21 17:00:13.308  3386  3521 V APM::AudioPolicyManager: setOutputDevice() prevDevice 0x0002
08-21 17:00:13.308  3386  3521 V APM::AudioPolicyManager: AudioPolicyManagerEx::getRingerMode() mRingerMode 2
08-21 17:00:13.308  3386  3521 V APM::AudioPolicyManager: AudioPolicyManagerEx::getRingerMode() mRingerMode 2
08-21 17:00:13.308  3386  3521 V APM::AudioPolicyManager: AudioPolicyManagerEx::getRingerMode() mRingerMode 2
08-21 17:00:13.308  3386  3521 V APM::AudioPolicyManager: AudioPolicyManagerEx::getRingerMode() mRingerMode 2
08-21 17:00:13.308  3386  3521 V APM::AudioPolicyManager: AudioPolicyManagerEx::getRingerMode() mRingerMode 2
08-21 17:00:13.309  3386  3521 V APM::AudioPolicyManager: setOutputDevice() setting same device 0x0000 or null device
08-21 17:00:13.309  3386  3521 V AudioPolicyService: AudioCommandThread() going to sleep
08-21 17:00:13.399 21264 21264 D Dialer.DialerConfig: getRingerModeSound getRingerModeInternal
08-21 17:00:13.399 21264 21264 V ToneGenerator: getToneForRegion, tone 11, region 2, regionTone 11
08-21 17:00:13.399 21264 21264 V ToneGenerator: startTone
08-21 17:00:13.399 21264 21264 V ToneGenerator: Clearing mWaveGens:
08-21 17:00:13.399 21264 21264 V ToneGenerator: prepareWave, duration limited to 150 ms
08-21 17:00:13.399 21264 21264 V ToneGenerator: WaveGenerator init, mA1_Q14: 32157, mS2_0: -6148, mAmplitude_Q15: 10065
08-21 17:00:13.399 21264 21264 V ToneGenerator: WaveGenerator init, mA1_Q14: 32519, mS2_0: -3931, mAmplitude_Q15: 10065
08-21 17:00:13.399 21264 21264 V ToneGenerator: Immediate start, time 14365511
08-21 17:00:13.400  3386 21638 V APM::AudioPolicyManager: startOutput() output 2, stream 1, session 951
08-21 17:00:13.400  3386 21638 V APM::AudioPolicyManager: setBeaconMute(1) mBeaconMuteRefCount=1 mBeaconPlayingRefCount=0
08-21 17:00:13.400  3386 21638 V APM::AudioPolicyManager: getNewOutputDevice() selected device 2
08-21 17:00:13.400  3386 21638 V APM::AudioPolicyManager: setOutputDevice() device 0002 delayMs 0
08-21 17:00:13.400  3386 21638 V APM::AudioPolicyManager: setOutputDevice() prevDevice 0x0002
08-21 17:00:13.400  3386 21638 V APM::AudioPolicyManager: AudioPolicyManagerEx::getRingerMode() mRingerMode 2
08-21 17:00:13.400  3386 21638 V APM::AudioPolicyManager: AudioPolicyManagerEx::getRingerMode() mRingerMode 2
08-21 17:00:13.400  3386 21638 V APM::AudioPolicyManager: AudioPolicyManagerEx::getRingerMode() mRingerMode 2
08-21 17:00:13.400  3386 21638 V APM::AudioPolicyManager: AudioPolicyManagerEx::getRingerMode() mRingerMode 2
08-21 17:00:13.400  3386 21638 V APM::AudioPolicyManager: AudioPolicyManagerEx::getRingerMode() mRingerMode 2
08-21 17:00:13.400  3386 21638 V APM::AudioPolicyManager: setOutputDevice() changing device
08-21 17:00:13.400  3386 21638 V AudioPolicyService: AudioCommandThread() adding create patch delay 0
08-21 17:00:13.400  3386 21638 V AudioPolicyService: inserting command: 7 at index 0, num commands 0
08-21 17:00:13.401  3386  3520 V AudioPolicyService: AudioCommandThread() waking up
08-21 17:00:13.401  3386  3520 V AudioPolicyService: AudioCommandThread() processing create audio patch
08-21 17:00:13.401  3386  3520 V AudioFlinger: sendConfigEvent_l() num events 1 event 3
08-21 17:00:13.402  3386  3533 V AudioFlinger: processConfigEvents_l() remaining events 1
08-21 17:00:13.405  3386  3533 D audio_hw_primary: out_set_parameters: enter: usecase(1: low-latency-playback) kvpairs: routing=2
08-21 17:00:13.405  3386  3533 E audio_hw_primary: select_devices: enter and usecase(1)
08-21 17:00:13.405  3386  3533 D msm8974_platform_lge: LGE_platform_get_output_snd_device: enter(0:2)
08-21 17:00:13.405  3386  3533 V msm8974_platform: platform_get_output_snd_device: enter: output devices(0x2)
08-21 17:00:13.405  3386  3533 V msm8974_platform: platform_get_output_snd_device: exit: snd_device(speaker)
08-21 17:00:13.405  3386  3533 V platform_apt: lge_get_output_in_mandatory_depth: enter and devices(2)
08-21 17:00:13.405  3386  3533 D msm8974_platform_lge: LGE_platform_get_output_snd_device: exit: out_snd_device(speaker)
08-21 17:00:13.405  3386  3533 V audio_hw_primary: out_set_parameters: exit: code(0)
08-21 17:00:13.405  3386  3533 V AudioFlinger: processConfigEvents_l() DONE thread 0xf1040000
08-21 17:00:13.406  3386  3520 V AudioPolicyService: AudioCommandThread() going to sleep
08-21 17:00:13.406  3386 21638 V APM::AudioPolicyManager: setOutputDevice() createAudioPatch returned 0 patchHandle 966num_sources 1 num_sinks 1
08-21 17:00:13.406  3386 21638 V AudioPolicyService: AudioCommandThread() adding update audio patch list
08-21 17:00:13.406  3386 21638 V AudioPolicyService: inserting command: 10 at index 0, num commands 0
08-21 17:00:13.406  3386 21638 V APM::AudioPolicyManager: checkAndSetVolume setParameters volume, volume=:0.180406 delay=:0
08-21 17:00:13.406  3386 21638 V AudioPolicyService: AudioCommandThread() adding set parameter string fm_volume=0.1804062873, io 2 ,delay 0
08-21 17:00:13.406  3386 21638 V AudioPolicyService: inserting command: 3 at index 0, num commands 0
08-21 17:00:13.406  3386  3521 V AudioPolicyService: AudioCommandThread() waking up
08-21 17:00:13.406  3386  3521 V AudioPolicyService: AudioCommandThread() processing update audio patch list
08-21 17:00:13.406  3386  3521 V AudioPolicyService: AudioCommandThread() going to sleep
08-21 17:00:13.407  3386  3520 V AudioPolicyService: AudioCommandThread() waking up
08-21 17:00:13.407  3386  3520 V AudioPolicyService: AudioCommandThread() processing set parameters string fm_volume=0.1804062873, io 2
08-21 17:00:13.407  3386  3520 V AudioFlinger: setParameters(): io 2, keyvalue fm_volume=0.1804062873, calling pid 3386
08-21 17:00:13.407  3386  3520 V AudioFlinger: ThreadBase::setParameters() fm_volume=0.1804062873
08-21 17:00:13.407  3386  3520 V AudioFlinger: sendConfigEvent_l() num events 1 event 2
08-21 17:00:13.412  3386  3533 V AudioFlinger: processConfigEvents_l() remaining events 1
08-21 17:00:13.415  3386  3533 D audio_hw_primary: out_set_parameters: enter: usecase(1: low-latency-playback) kvpairs: fm_volume=0.1804062873
08-21 17:00:13.415  3386  3533 D audio_hw_fm: audio_extn_fm_set_parameters: set_fm_volume usecase
08-21 17:00:13.415  3386  3533 D audio_hw_fm: fm_set_volume: device=2 (0.180406)
08-21 17:00:13.415  3386  3533 V audio_hw_primary: out_set_parameters: exit: code(0)
08-21 17:00:13.415  3386  3533 V AudioFlinger: processConfigEvents_l() DONE thread 0xf1040000
08-21 17:00:13.415  3386  3520 V AudioPolicyService: AudioCommandThread() going to sleep
08-21 17:00:13.416  3386 21638 V APM::AudioPolicyManager: checkAndSetVolume() cannot set stream 6 volume with force use = 0 for comm
08-21 17:00:13.416  3386 21638 V AudioFlinger: signal playback thread
08-21 17:00:13.416 21264 21264 V ToneGenerator: Wait for start callback
08-21 17:00:13.417 21264  2235 V ToneGenerator: Starting Cbk
08-21 17:00:13.417 21264  2235 V ToneGenerator: Cbk starting track
08-21 17:00:13.417 21264 21264 V ToneGenerator: Tone started, time 14365529
08-21 17:00:13.426  3386  3533 V AudioFlinger: acquireWakeLock_l() AudioOut_2 status 0
08-21 17:00:13.426  3386  3532 V AudioTrackShared: mAvailToClient=0 stepCount=240 minimum=240
08-21 17:00:13.428  3386  3532 V AudioTrackShared: mAvailToClient=0 stepCount=240 minimum=240
08-21 17:00:13.433  3386  3532 V AudioTrackShared: mAvailToClient=32 stepCount=208 minimum=240
08-21 17:00:13.437  3386  3533 V AudioFlinger: mixer(0xf1040000) throttle begin: ret(7680) deltaMs(5) requires sleep 5 ms
08-21 17:00:13.438  3386  3532 V AudioTrackShared: mAvailToClient=0 stepCount=240 minimum=240
08-21 17:00:13.443  3386  3532 V AudioTrackShared: mAvailToClient=64 stepCount=176 minimum=240
08-21 17:00:13.448  3386  3532 V AudioTrackShared: mAvailToClient=0 stepCount=240 minimum=240
08-21 17:00:13.451  1567  4114 I chatty  : uid=1000(system) Binder_9 expire 24 lines
08-21 17:00:13.452  3386  3533 D AudioFlinger: mixer(0xf1040000) throttle end: throttle time(5)
08-21 17:00:13.453  3386  3532 V AudioTrackShared: mAvailToClient=96 stepCount=144 minimum=240
08-21 17:00:13.458  3386  3532 V AudioTrackShared: mAvailToClient=0 stepCount=240 minimum=240
08-21 17:00:13.463  3386  3532 V AudioTrackShared: mAvailToClient=128 stepCount=112 minimum=240
08-21 17:00:13.468  3386  3532 V AudioTrackShared: mAvailToClient=0 stepCount=240 minimum=240
08-21 17:00:13.474  3386  3532 V AudioTrackShared: mAvailToClient=160 stepCount=80 minimum=240
08-21 17:00:13.478  3386  3532 V AudioTrackShared: mAvailToClient=0 stepCount=240 minimum=240
08-21 17:00:13.484  3386  3532 V AudioTrackShared: mAvailToClient=192 stepCount=48 minimum=240
08-21 17:00:13.488  3386  3532 V AudioTrackShared: mAvailToClient=0 stepCount=240 minimum=240
08-21 17:00:13.494  3386  3532 V AudioTrackShared: mAvailToClient=224 stepCount=16 minimum=240
08-21 17:00:13.498  3386  3532 V AudioTrackShared: mAvailToClient=0 stepCount=240 minimum=240
08-21 17:00:13.503  3386  3532 V AudioTrackShared: mAvailToClient=0 stepCount=240 minimum=240
08-21 17:00:13.508  3386  3532 V AudioTrackShared: mAvailToClient=16 stepCount=224 minimum=240
08-21 17:00:13.513  3386  3532 V AudioTrackShared: mAvailToClient=0 stepCount=240 minimum=240
08-21 17:00:13.518  3386  3532 V AudioTrackShared: mAvailToClient=48 stepCount=192 minimum=240
08-21 17:00:13.524  3386  3532 V AudioTrackShared: mAvailToClient=0 stepCount=240 minimum=240
08-21 17:00:13.528  3386  3532 V AudioTrackShared: mAvailToClient=80 stepCount=160 minimum=240
08-21 17:00:13.533  3386  3532 V AudioTrackShared: mAvailToClient=0 stepCount=240 minimum=240
08-21 17:00:13.536 21264 21264 I Dialer.SearchDialController: searchDBData. keyword null data
08-21 17:00:13.536 21264 21264 I Dialer.SearchDialController: searchAllCondition. searchSize : 0
08-21 17:00:13.537 21264 21264 E SpannableStringBuilder: SPAN_EXCLUSIVE_EXCLUSIVE spans cannot have a zero length
08-21 17:00:13.538 21264 21264 I Dialer.SearchDialController: searchDBData. keyword null data
08-21 17:00:13.538 21264 21264 I Dialer.SearchDialController: searchAllCondition. searchSize : 0
08-21 17:00:13.538  3386  3532 V AudioTrackShared: mAvailToClient=112 stepCount=128 minimum=240
08-21 17:00:13.539 21264 21264 E SpannableStringBuilder: SPAN_EXCLUSIVE_EXCLUSIVE spans cannot have a zero length
08-21 17:00:13.541 21264 21264 I Dialer.DialpadFragment: onLayoutChange() - mDigits
08-21 17:00:13.542 21264 21264 I Dialer.SearchDialController: searchDBData. keyword null data
08-21 17:00:13.542 21264 21264 I Dialer.SearchDialController: searchAllCondition. searchSize : 0
08-21 17:00:13.542  3956  3956 D BubblePopupHelper: BubblePopupHelper has no instance. Hence we cannot call setShowingBubblePopup : false
08-21 17:00:13.542  3956  3956 E LgeImeInputHelper: [LgeImeInputHelper.java:407:LgeImeInputHelper.cancelInputComposingWord()] spellList or input is null
08-21 17:00:13.543  3386  3532 V AudioTrackShared: mAvailToClient=0 stepCount=240 minimum=240
08-21 17:00:13.547 21264 21264 I Dialer.DialpadFragment: onWindowFocusChanged. hasFocus : false
08-21 17:00:13.547 21264 21264 W SplitWindow: update focus... 
08-21 17:00:13.547 21264 21264 E Editor  : hideClipTrayIfNeeded() TextView is focused!! hideClipTray()
08-21 17:00:13.548  3386  3532 V AudioTrackShared: mAvailToClient=144 stepCount=96 minimum=240
08-21 17:00:13.551 21264 21264 I Dialer.DialpadFragment: DialpadFragment - onPause
08-21 17:00:13.553  3386  3532 V AudioTrackShared: mAvailToClient=0 stepCount=240 minimum=240
08-21 17:00:13.554 21264 21264 V ToneGenerator: ToneGenerator destructor
08-21 17:00:13.554 21264 21264 V ToneGenerator: stopTone
08-21 17:00:13.554 21264 21264 V ToneGenerator: stopTone() forcing mMaxSmp to 7392, total for far 6960
08-21 17:00:13.554 21264 21264 V ToneGenerator: waiting cond
08-21 17:00:13.558  3386  3532 V AudioTrackShared: mAvailToClient=176 stepCount=64 minimum=240
08-21 17:00:13.563  3386  3532 V AudioTrackShared: mAvailToClient=0 stepCount=240 minimum=240
08-21 17:00:13.564 21264  2235 V ToneGenerator: Cbk Stopping
08-21 17:00:13.569  3386  3532 V AudioTrackShared: mAvailToClient=208 stepCount=32 minimum=240
08-21 17:00:13.569 21264  2235 V ToneGenerator: Stopped Cbk
08-21 17:00:13.569 21264  2235 V ToneGenerator: Cbk Stopped track
08-21 17:00:13.570 21264 21264 V ToneGenerator: track stop complete, time 14365682
08-21 17:00:13.570 21264 21264 V ToneGenerator: Clearing mWaveGens:
08-21 17:00:13.570 21264 21264 V ToneGenerator: Delete Track: 0x7f8c156e80
08-21 17:00:13.572  3386 20520 V AudioFlinger: releasing 951 from 21264 for 21264
08-21 17:00:13.572  3386 20520 V AudioFlinger:  decremented refcount to 0
08-21 17:00:13.572  3386 20520 V AudioFlinger: purging stale effects
08-21 17:00:13.573  3386  3532 V AudioTrackShared: mAvailToClient=240 stepCount=240 minimum=240
08-21 17:00:13.573 21264 21264 I LGE_CallLogFragment: onPause()
08-21 17:00:13.574 21264 21264 I LGE_CallLogAdapter: setThreadPause true
08-21 17:00:13.575 21264 21264 D PeopleActivity: onPause()
08-21 17:00:13.594  4148  5144 D ForegroundUtils: Foreground changed, PID: 26637 UID: 1000 foreground: true
08-21 17:00:13.594  4148  5144 D ForegroundUtils: Foreground UID/PID combinations:
08-21 17:00:13.594  4148  5144 D ForegroundUtils: UID: 1000 PID: 26637
08-21 17:00:13.594  4148  5144 D ForegroundUtils: UID: 10017 PID: 21264
08-21 17:00:13.612  3386  3533 V audio_hw_primary: out_get_latency: Latency 10
08-21 17:00:13.613  8709 10630 I chatty  : uid=1000(system) Binder_3 expire 12 lines
08-21 17:00:13.632  3386  3533 V audio_hw_primary: out_get_latency: Latency 10
08-21 17:00:13.632  1567  3641 I chatty  : uid=1000(system) Binder_4 expire 32 lines
08-21 17:00:13.635  3386  3533 V AudioFlinger: removeTracks_l removing track on session 951
08-21 17:00:13.635  3386  3533 V AudioFlinger: remove track (4098) and delete from mixer
08-21 17:00:13.635  3386  3533 V AudioFlinger: acquireWakeLock_l() AudioOut_2 status 0
08-21 17:00:13.643  3599  3599 D PhoneStatusBar: setSystemUiVisibility vis=8000 mask=ffffffff oldVal=8600 newVal=8000 diff=600
08-21 17:00:13.643  1567  1963 I chatty  : uid=1000(system) android.ui expire 6 lines
08-21 17:00:13.645  3386  3533 V AudioPolicyService: AudioCommandThread() adding stop output 2
08-21 17:00:13.646  3386  3533 V AudioPolicyService: inserting command: 5 at index 0, num commands 0
08-21 17:00:13.646  3386  3533 V AudioPolicyService: AudioCommandThread() adding release output 2
08-21 17:00:13.646  3386  3521 V AudioPolicyService: AudioCommandThread() waking up
08-21 17:00:13.646  3386  3521 V AudioPolicyService: AudioCommandThread() processing stop output 2
08-21 17:00:13.646  3386  3521 V APM::AudioPolicyManager: stopOutput() output 2, stream 1, session 951
08-21 17:00:13.646  3386  3521 V APM::AudioPolicyManager: setBeaconMute(1) mBeaconMuteRefCount=0 mBeaconPlayingRefCount=0
08-21 17:00:13.646  3386  3521 V APM::AudioPolicyManager: getNewOutputDevice() selected device 0
08-21 17:00:13.646  3386  3521 V APM::AudioPolicyManager: setOutputDevice() device 0000 delayMs 100
08-21 17:00:13.646  3386  3521 V APM::AudioPolicyManager: setOutputDevice() prevDevice 0x0002
08-21 17:00:13.646  3386  3521 V APM::AudioPolicyManager: AudioPolicyManagerEx::getRingerMode() mRingerMode 2
08-21 17:00:13.646  3386  3521 V APM::AudioPolicyManager: AudioPolicyManagerEx::getRingerMode() mRingerMode 2
08-21 17:00:13.646  3386  3521 V APM::AudioPolicyManager: AudioPolicyManagerEx::getRingerMode() mRingerMode 2
08-21 17:00:13.646  3386  3521 V APM::AudioPolicyManager: AudioPolicyManagerEx::getRingerMode() mRingerMode 2
08-21 17:00:13.646  3386  3521 V APM::AudioPolicyManager: AudioPolicyManagerEx::getRingerMode() mRingerMode 2
08-21 17:00:13.646  3386  3521 V APM::AudioPolicyManager: setOutputDevice() setting same device 0x0000 or null device
08-21 17:00:13.646  3386  3521 V AudioPolicyService: AudioCommandThread() going to sleep
08-21 17:00:13.646  3386  3533 V AudioPolicyService: inserting command: 6 at index 0, num commands 0
08-21 17:00:13.646  3386  3521 V AudioPolicyService: AudioCommandThread() waking up
08-21 17:00:13.646  3386  3533 V AudioFlinger: removeClient_l() pid 21264, calling pid 3386
08-21 17:00:13.646  3386  3521 V AudioPolicyService: AudioCommandThread() processing release output 2
08-21 17:00:13.646  3386  3521 V APM::AudioPolicyManager: releaseOutput() 2
08-21 17:00:13.646  3386  3521 V AudioPolicyService: AudioCommandThread() going to sleep
08-21 17:00:13.722 26637 26637 I chatty  : uid=1000(system) com.lge.hiddenmenu expire 9 lines
08-21 17:00:13.725  1567  2117 I chatty  : uid=1000(system) android.display expire 114 lines
08-21 17:00:13.736  3599  3599 D PhoneStatusBar: setSystemUiVisibility vis=0 mask=ffffffff oldVal=8000 newVal=0 diff=8000
08-21 17:00:13.736  3599  3599 D [SystemUI]PhoneStatusBar: StatusBarMode is changed (MODE_TRANSPARENT -> MODE_OPAQUE)
08-21 17:00:13.736  3599  3599 D [SystemUI]PhoneStatusBar: NavigationBarMode is changed (MODE_TRANSPARENT -> MODE_OPAQUE)
08-21 17:00:13.738  3599  3599 D [SystemUI]NavigationThemeResource: Bar mode is changed (4 -> 0)
08-21 17:00:13.750  3599  3599 D BarTransitions: draw background and invalidate : color = 11000000
08-21 17:00:13.751  3599  3599 D BarTransitions: draw background and invalidate : color = 10000000
08-21 17:00:13.752 21264 21285 D OpenGLRenderer: endAllStagingAnimators on 0x7f6fcda400 (RippleDrawable) with handle 0x7f6f9195e0
08-21 17:00:13.752 21264 21285 D OpenGLRenderer: endAllStagingAnimators on 0x7f6faf5800 (RippleDrawable) with handle 0x7f6f523ea0
08-21 17:00:13.756  1567  4172 I chatty  : uid=1000(system) Binder_D expire 7 lines
08-21 17:00:13.801  3956  3956 D LgeImeImpl: [LgeImeImpl.java:4330:LgeImeImpl.onFinishInput()] [IN]onFinishInput
08-21 17:00:13.801  3956  3956 D LgeImeImpl: [LgeImeImpl.java:4359:LgeImeImpl.onFinishInput()] [OUT]onFinishInput
08-21 17:00:13.801  3956  3956 D LgeImeImpl: [LgeImeImpl.java:1515:LgeImeImpl.onStartInput()] [IN] onStartInput[false]
08-21 17:00:13.801  3956  3956 D LgeImeImpl: [LgeImeImpl.java:1532:LgeImeImpl.onStartInput()] [OUT] onStartInput
08-21 17:00:14.454 21264 21264 I ActionBarAdapter: mTabList.size()=5, index=0
08-21 17:00:14.454 21264 21264 I ActionBarAdapter: mTabList.size()=5, index=0
08-21 17:00:14.454 21264 21264 I Dialer.DialpadFragment: DialpadFragment - onStop
08-21 17:00:14.454 21264 21264 W SystemConfig: isQSlideSupported :true
08-21 17:00:14.459 21264 21264 I LGE_CallLogFragment: [moo] onStop()
08-21 17:00:14.459 21264 21264 I LGE_CallLogFragment: [moo] updateOnExit()
08-21 17:00:14.486  4148  4162 D ForegroundUtils: Foreground changed, PID: 21264 UID: 10017 foreground: false
08-21 17:00:14.486  4148  4162 D ForegroundUtils: Foreground UID/PID combinations:
08-21 17:00:14.486  4148  4162 D ForegroundUtils: UID: 1000 PID: 26637
08-21 17:00:14.529 14281 14281 D wpa_supplicant: wlan0: Control interface command 'SCAN TYPE=ONLY'
08-21 17:00:14.529 14281 14281 D wpa_supplicant: wlan0: Setting scan request: 0.000000 sec
08-21 17:00:14.529 14281 14281 D wpa_supplicant: OTA_TEST prop_ota_enable: 0
08-21 17:00:14.529 14281 14281 D wpa_supplicant: wlan0: State: DISCONNECTED -> SCANNING
08-21 17:00:14.530 14281 14281 D wpa_supplicant: CTRL_IFACE monitor sent successfully to /data/misc/wifi/sockets/wpa_ctrl_4223-4\x00
08-21 17:00:14.530 14281 14281 D wpa_supplicant: CTRL_IFACE monitor sent successfully to /data/misc/wifi/sockets/wpa_ctrl_1567-5\x00
08-21 17:00:14.530 14281 14281 D wpa_supplicant: wlan0: Starting AP scan for wildcard SSID
08-21 17:00:14.530 14281 14281 D wpa_supplicant: wlan0: Add radio work 'scan'@0x7f9581c2d0
08-21 17:00:14.530 14281 14281 D wpa_supplicant: wlan0: First radio work item in the queue - schedule start immediately
08-21 17:00:14.530 14281 14281 D wpa_supplicant: wlan0: Starting radio work 'scan'@0x7f9581c2d0 after 0.000052 second wait
08-21 17:00:14.530 14281 14281 D wpa_supplicant: wlan0: nl80211: scan request
08-21 17:00:14.594   519   575 I chatty  : uid=1000(system) /system/bin/gbmonitor expire 1 line
08-21 17:00:14.601  3599  3599 D [SystemUI]SystemServicesProxy: RecentApps has 25 item(s).
08-21 17:00:14.641 14281 14281 D wpa_supplicant: Scan requested (ret=0) - scan timeout 30 seconds
08-21 17:00:14.642 14281 14281 D wpa_supplicant: nl80211: Drv Event 33 (NL80211_CMD_TRIGGER_SCAN) received for wlan0
08-21 17:00:14.642 14281 14281 D wpa_supplicant: wlan0: nl80211: Scan trigger
08-21 17:00:14.642 14281 14281 D wpa_supplicant: wlan0: Event SCAN_STARTED (49) received
08-21 17:00:14.642 14281 14281 D wpa_supplicant: wlan0: Own scan request started a scan in 0.000121 seconds
08-21 17:00:14.642 14281 14281 I wpa_supplicant: wlan0: CTRL-EVENT-SCAN-STARTED 
08-21 17:00:14.642 14281 14281 D wpa_supplicant: CTRL_IFACE monitor sent successfully to /data/misc/wifi/sockets/wpa_ctrl_4223-4\x00
08-21 17:00:14.642 14281 14281 D wpa_supplicant: CTRL_IFACE monitor sent successfully to /data/misc/wifi/sockets/wpa_ctrl_1567-5\x00
08-21 17:00:15.504  1567  3233 I chatty  : uid=1000(system) InputReader expire 8 lines
08-21 17:00:15.618  3386  3540 V APM::AudioPolicyManager: getOutput() device 2, stream 1, samplingRate 0, format 0, channelMask 3, flags 0
08-21 17:00:15.618  3386  3540 V APM::AudioPolicyManager:   getOutputForDevice() returns output 2
08-21 17:00:15.619  3386  4208 V APM::AudioPolicyManager: getOutput() device 2, stream 1, samplingRate 0, format 0, channelMask 3, flags 0
08-21 17:00:15.619  3386  4208 V APM::AudioPolicyManager:   getOutputForDevice() returns output 2
08-21 17:00:15.619  3386  3958 V APM::AudioPolicyManager: startOutput() output 2, stream 1, session 945
08-21 17:00:15.619  3386  3958 V APM::AudioPolicyManager: setBeaconMute(1) mBeaconMuteRefCount=1 mBeaconPlayingRefCount=0
08-21 17:00:15.620  3386  3958 V APM::AudioPolicyManager: getNewOutputDevice() selected device 2
08-21 17:00:15.620  3386  3958 V APM::AudioPolicyManager: setOutputDevice() device 0002 delayMs 0
08-21 17:00:15.620  3386  3958 V APM::AudioPolicyManager: setOutputDevice() prevDevice 0x0002
08-21 17:00:15.620  3386  3958 V APM::AudioPolicyManager: AudioPolicyManagerEx::getRingerMode() mRingerMode 2
08-21 17:00:15.620  3386  3958 V APM::AudioPolicyManager: AudioPolicyManagerEx::getRingerMode() mRingerMode 2
08-21 17:00:15.620  3386  3958 V APM::AudioPolicyManager: AudioPolicyManagerEx::getRingerMode() mRingerMode 2
08-21 17:00:15.620  3386  3958 V APM::AudioPolicyManager: AudioPolicyManagerEx::getRingerMode() mRingerMode 2
08-21 17:00:15.620  3386  3958 V APM::AudioPolicyManager: AudioPolicyManagerEx::getRingerMode() mRingerMode 2
08-21 17:00:15.620  3386  3958 V APM::AudioPolicyManager: setOutputDevice() changing device
08-21 17:00:15.620  3386  3958 V AudioPolicyService: AudioCommandThread() adding create patch delay 0
08-21 17:00:15.620  3386  3958 V AudioPolicyService: inserting command: 7 at index 0, num commands 0
08-21 17:00:15.620  3386  3520 V AudioPolicyService: AudioCommandThread() waking up
08-21 17:00:15.620  3386  3520 V AudioPolicyService: AudioCommandThread() processing create audio patch
08-21 17:00:15.620  3386  3520 V AudioFlinger: sendConfigEvent_l() num events 1 event 3
08-21 17:00:15.622  3386  3533 V AudioFlinger: processConfigEvents_l() remaining events 1
08-21 17:00:15.625  3386  3533 D audio_hw_primary: out_set_parameters: enter: usecase(1: low-latency-playback) kvpairs: routing=2
08-21 17:00:15.625  3386  3533 E audio_hw_primary: select_devices: enter and usecase(1)
08-21 17:00:15.625  3386  3533 D msm8974_platform_lge: LGE_platform_get_output_snd_device: enter(0:2)
08-21 17:00:15.625  3386  3533 V msm8974_platform: platform_get_output_snd_device: enter: output devices(0x2)
08-21 17:00:15.625  3386  3533 V msm8974_platform: platform_get_output_snd_device: exit: snd_device(speaker)
08-21 17:00:15.625  3386  3533 V platform_apt: lge_get_output_in_mandatory_depth: enter and devices(2)
08-21 17:00:15.625  3386  3533 D msm8974_platform_lge: LGE_platform_get_output_snd_device: exit: out_snd_device(speaker)
08-21 17:00:15.625  3386  3533 V audio_hw_primary: out_set_parameters: exit: code(0)
08-21 17:00:15.625  3386  3533 V AudioFlinger: processConfigEvents_l() DONE thread 0xf1040000
08-21 17:00:15.626  3386  3520 V AudioPolicyService: AudioCommandThread() going to sleep
08-21 17:00:15.626  3386  3958 V APM::AudioPolicyManager: setOutputDevice() createAudioPatch returned 0 patchHandle 967num_sources 1 num_sinks 1
08-21 17:00:15.626  3386  3958 V AudioPolicyService: AudioCommandThread() adding update audio patch list
08-21 17:00:15.626  3386  3958 V AudioPolicyService: inserting command: 10 at index 0, num commands 0
08-21 17:00:15.626  3386  3521 V AudioPolicyService: AudioCommandThread() waking up
08-21 17:00:15.626  3386  3958 V APM::AudioPolicyManager: checkAndSetVolume setParameters volume, volume=:0.180406 delay=:0
08-21 17:00:15.626  3386  3521 V AudioPolicyService: AudioCommandThread() processing update audio patch list
08-21 17:00:15.626  3386  3958 V AudioPolicyService: AudioCommandThread() adding set parameter string fm_volume=0.1804062873, io 2 ,delay 0
08-21 17:00:15.626  3386  3521 V AudioPolicyService: AudioCommandThread() going to sleep
08-21 17:00:15.626  3386  3958 V AudioPolicyService: inserting command: 3 at index 0, num commands 0
08-21 17:00:15.626  3386  3520 V AudioPolicyService: AudioCommandThread() waking up
08-21 17:00:15.626  3386  3520 V AudioPolicyService: AudioCommandThread() processing set parameters string fm_volume=0.1804062873, io 2
08-21 17:00:15.626  3386  3520 V AudioFlinger: setParameters(): io 2, keyvalue fm_volume=0.1804062873, calling pid 3386
08-21 17:00:15.626  3386  3520 V AudioFlinger: ThreadBase::setParameters() fm_volume=0.1804062873
08-21 17:00:15.626  3386  3520 V AudioFlinger: sendConfigEvent_l() num events 1 event 2
08-21 17:00:15.632  3386  3533 V AudioFlinger: processConfigEvents_l() remaining events 1
08-21 17:00:15.635  3386  3533 D audio_hw_primary: out_set_parameters: enter: usecase(1: low-latency-playback) kvpairs: fm_volume=0.1804062873
08-21 17:00:15.635  3386  3533 D audio_hw_fm: audio_extn_fm_set_parameters: set_fm_volume usecase
08-21 17:00:15.635  3386  3533 D audio_hw_fm: fm_set_volume: device=2 (0.180406)
08-21 17:00:15.635  3386  3533 V audio_hw_primary: out_set_parameters: exit: code(0)
08-21 17:00:15.635  3386  3533 V AudioFlinger: processConfigEvents_l() DONE thread 0xf1040000
08-21 17:00:15.636  3386  3520 V AudioPolicyService: AudioCommandThread() going to sleep
08-21 17:00:15.636  3386  3958 V APM::AudioPolicyManager: checkAndSetVolume() cannot set stream 6 volume with force use = 0 for comm
08-21 17:00:15.636  3386  3958 V AudioFlinger: signal playback thread
08-21 17:00:15.645  3386  3533 V AudioFlinger: acquireWakeLock_l() AudioOut_2 status 0
08-21 17:00:15.657  3386  3533 V AudioFlinger: mixer(0xf1040000) throttle begin: ret(7680) deltaMs(5) requires sleep 5 ms
08-21 17:00:15.672  3386  3533 D AudioFlinger: mixer(0xf1040000) throttle end: throttle time(5)
08-21 17:00:15.732  3386  3533 V audio_hw_primary: out_get_latency: Latency 10
08-21 17:00:15.752  3386  3533 V audio_hw_primary: out_get_latency: Latency 10
08-21 17:00:15.752   707   707 I MSM-irqbalance: Decided to move IRQ216 from CPU1 to CPU3
08-21 17:00:15.755  3386  3533 V AudioFlinger: removeTracks_l removing track on session 945
08-21 17:00:15.759  3386  3533 V AudioFlinger: acquireWakeLock_l() AudioOut_2 status 0
08-21 17:00:15.769  3386  3533 V AudioPolicyService: AudioCommandThread() adding stop output 2
08-21 17:00:15.769  3386  3533 V AudioPolicyService: inserting command: 5 at index 0, num commands 0
08-21 17:00:15.769  3386  3521 V AudioPolicyService: AudioCommandThread() waking up
08-21 17:00:15.769  3386  3521 V AudioPolicyService: AudioCommandThread() processing stop output 2
08-21 17:00:15.769  3386  3521 V APM::AudioPolicyManager: stopOutput() output 2, stream 1, session 945
08-21 17:00:15.769  3386  3521 V APM::AudioPolicyManager: setBeaconMute(1) mBeaconMuteRefCount=0 mBeaconPlayingRefCount=0
08-21 17:00:15.769  3386  3521 V APM::AudioPolicyManager: getNewOutputDevice() selected device 0
08-21 17:00:15.769  3386  3521 V APM::AudioPolicyManager: setOutputDevice() device 0000 delayMs 100
08-21 17:00:15.769  3386  3521 V APM::AudioPolicyManager: setOutputDevice() prevDevice 0x0002
08-21 17:00:15.769  3386  3521 V APM::AudioPolicyManager: AudioPolicyManagerEx::getRingerMode() mRingerMode 2
08-21 17:00:15.769  3386  3521 V APM::AudioPolicyManager: AudioPolicyManagerEx::getRingerMode() mRingerMode 2
08-21 17:00:15.769  3386  3521 V APM::AudioPolicyManager: AudioPolicyManagerEx::getRingerMode() mRingerMode 2
08-21 17:00:15.769  3386  3521 V APM::AudioPolicyManager: AudioPolicyManagerEx::getRingerMode() mRingerMode 2
08-21 17:00:15.769  3386  3521 V APM::AudioPolicyManager: AudioPolicyManagerEx::getRingerMode() mRingerMode 2
08-21 17:00:15.769  3386  3521 V APM::AudioPolicyManager: setOutputDevice() setting same device 0x0000 or null device
08-21 17:00:15.769  3386  3521 V AudioPolicyService: AudioCommandThread() going to sleep
08-21 17:00:16.656  3386  3539 V APM::AudioPolicyManager: getOutput() device 2, stream 1, samplingRate 0, format 0, channelMask 3, flags 0
08-21 17:00:16.656  3386  3539 V APM::AudioPolicyManager:   getOutputForDevice() returns output 2
08-21 17:00:16.657  3386 20685 V APM::AudioPolicyManager: getOutput() device 2, stream 1, samplingRate 0, format 0, channelMask 3, flags 0
08-21 17:00:16.657  3386 20685 V APM::AudioPolicyManager:   getOutputForDevice() returns output 2
08-21 17:00:16.659  3386 21639 V APM::AudioPolicyManager: startOutput() output 2, stream 1, session 945
08-21 17:00:16.659  3386 21639 V APM::AudioPolicyManager: setBeaconMute(1) mBeaconMuteRefCount=1 mBeaconPlayingRefCount=0
08-21 17:00:16.659  3386 21639 V APM::AudioPolicyManager: getNewOutputDevice() selected device 2
08-21 17:00:16.659  3386 21639 V APM::AudioPolicyManager: setOutputDevice() device 0002 delayMs 0
08-21 17:00:16.659  3386 21639 V APM::AudioPolicyManager: setOutputDevice() prevDevice 0x0002
08-21 17:00:16.659  3386 21639 V APM::AudioPolicyManager: AudioPolicyManagerEx::getRingerMode() mRingerMode 2
08-21 17:00:16.659  3386 21639 V APM::AudioPolicyManager: AudioPolicyManagerEx::getRingerMode() mRingerMode 2
08-21 17:00:16.659  3386 21639 V APM::AudioPolicyManager: AudioPolicyManagerEx::getRingerMode() mRingerMode 2
08-21 17:00:16.659  3386 21639 V APM::AudioPolicyManager: AudioPolicyManagerEx::getRingerMode() mRingerMode 2
08-21 17:00:16.659  3386 21639 V APM::AudioPolicyManager: AudioPolicyManagerEx::getRingerMode() mRingerMode 2
08-21 17:00:16.659  3386 21639 V APM::AudioPolicyManager: setOutputDevice() changing device
08-21 17:00:16.659  3386 21639 V AudioPolicyService: AudioCommandThread() adding create patch delay 0
08-21 17:00:16.659  3386 21639 V AudioPolicyService: inserting command: 7 at index 0, num commands 0
08-21 17:00:16.660  3386  3520 V AudioPolicyService: AudioCommandThread() waking up
08-21 17:00:16.660  3386  3520 V AudioPolicyService: AudioCommandThread() processing create audio patch
08-21 17:00:16.660  3386  3520 V AudioFlinger: sendConfigEvent_l() num events 1 event 3
08-21 17:00:16.669  3386  3533 V AudioFlinger: processConfigEvents_l() remaining events 1
08-21 17:00:16.676  3386  3533 D audio_hw_primary: out_set_parameters: enter: usecase(1: low-latency-playback) kvpairs: routing=2
08-21 17:00:16.676  3386  3533 E audio_hw_primary: select_devices: enter and usecase(1)
08-21 17:00:16.676  3386  3533 D msm8974_platform_lge: LGE_platform_get_output_snd_device: enter(0:2)
08-21 17:00:16.676  3386  3533 V msm8974_platform: platform_get_output_snd_device: enter: output devices(0x2)
08-21 17:00:16.676  3386  3533 V msm8974_platform: platform_get_output_snd_device: exit: snd_device(speaker)
08-21 17:00:16.676  3386  3533 V platform_apt: lge_get_output_in_mandatory_depth: enter and devices(2)
08-21 17:00:16.676  3386  3533 D msm8974_platform_lge: LGE_platform_get_output_snd_device: exit: out_snd_device(speaker)
08-21 17:00:16.676  3386  3533 V audio_hw_primary: out_set_parameters: exit: code(0)
08-21 17:00:16.676  3386  3533 V AudioFlinger: processConfigEvents_l() DONE thread 0xf1040000
08-21 17:00:16.676  3386 21639 V APM::AudioPolicyManager: setOutputDevice() createAudioPatch returned 0 patchHandle 968num_sources 1 num_sinks 1
08-21 17:00:16.676  3386 21639 V AudioPolicyService: AudioCommandThread() adding update audio patch list
08-21 17:00:16.676  3386 21639 V AudioPolicyService: inserting command: 10 at index 0, num commands 0
08-21 17:00:16.676  3386  3520 V AudioPolicyService: AudioCommandThread() going to sleep
08-21 17:00:16.677  3386  3521 V AudioPolicyService: AudioCommandThread() waking up
08-21 17:00:16.677  3386  3521 V AudioPolicyService: AudioCommandThread() processing update audio patch list
08-21 17:00:16.677  3386  3521 V AudioPolicyService: AudioCommandThread() going to sleep
08-21 17:00:16.677  3386 21639 V APM::AudioPolicyManager: checkAndSetVolume setParameters volume, volume=:0.180406 delay=:0
08-21 17:00:16.677  3386 21639 V AudioPolicyService: AudioCommandThread() adding set parameter string fm_volume=0.1804062873, io 2 ,delay 0
08-21 17:00:16.677  3386 21639 V AudioPolicyService: inserting command: 3 at index 0, num commands 0
08-21 17:00:16.677  3386  3520 V AudioPolicyService: AudioCommandThread() waking up
08-21 17:00:16.677  3386  3520 V AudioPolicyService: AudioCommandThread() processing set parameters string fm_volume=0.1804062873, io 2
08-21 17:00:16.677  3386  3520 V AudioFlinger: setParameters(): io 2, keyvalue fm_volume=0.1804062873, calling pid 3386
08-21 17:00:16.677  3386  3520 V AudioFlinger: ThreadBase::setParameters() fm_volume=0.1804062873
08-21 17:00:16.677  3386  3520 V AudioFlinger: sendConfigEvent_l() num events 1 event 2
08-21 17:00:16.687  3386  3533 V AudioFlinger: processConfigEvents_l() remaining events 1
08-21 17:00:16.690  3386  3533 D audio_hw_primary: out_set_parameters: enter: usecase(1: low-latency-playback) kvpairs: fm_volume=0.1804062873
08-21 17:00:16.690  3386  3533 D audio_hw_fm: audio_extn_fm_set_parameters: set_fm_volume usecase
08-21 17:00:16.690  3386  3533 D audio_hw_fm: fm_set_volume: device=2 (0.180406)
08-21 17:00:16.690  3386  3533 V audio_hw_primary: out_set_parameters: exit: code(0)
08-21 17:00:16.690  3386  3533 V AudioFlinger: processConfigEvents_l() DONE thread 0xf1040000
08-21 17:00:16.690  3386  3520 V AudioPolicyService: AudioCommandThread() going to sleep
08-21 17:00:16.691  3386 21639 V APM::AudioPolicyManager: checkAndSetVolume() cannot set stream 6 volume with force use = 0 for comm
08-21 17:00:16.691  3386 21639 V AudioFlinger: signal playback thread
08-21 17:00:16.701  3386  3533 V AudioFlinger: acquireWakeLock_l() AudioOut_2 status 0
08-21 17:00:16.705  3599  3599 I [SystemUI]NavigationThemeResource: notify navigation bar color(0x0)
08-21 17:00:16.705  3599  3599 D [SystemUI]NavigationThemeResource: onThemeChanged, mIsLightBackground : false
08-21 17:00:16.712  3386  3533 V AudioFlinger: mixer(0xf1040000) throttle begin: ret(7680) deltaMs(9) requires sleep 1 ms
08-21 17:00:16.717  1567  4152 I chatty  : uid=1000(system) Binder_C expire 30 lines
08-21 17:00:16.730  3386  3533 D AudioFlinger: mixer(0xf1040000) throttle end: throttle time(1)
08-21 17:00:16.790  3386  3533 V audio_hw_primary: out_get_latency: Latency 10
08-21 17:00:16.811  3386  3533 V audio_hw_primary: out_get_latency: Latency 10
08-21 17:00:16.814  3386  3533 V AudioFlinger: removeTracks_l removing track on session 945
08-21 17:00:16.814  3386  3533 V AudioFlinger: acquireWakeLock_l() AudioOut_2 status 0
08-21 17:00:16.825  3386  3533 V AudioPolicyService: AudioCommandThread() adding stop output 2
08-21 17:00:16.825  3386  3533 V AudioPolicyService: inserting command: 5 at index 0, num commands 0
08-21 17:00:16.825  3386  3521 V AudioPolicyService: AudioCommandThread() waking up
08-21 17:00:16.825  3386  3521 V AudioPolicyService: AudioCommandThread() processing stop output 2
08-21 17:00:16.825  3386  3521 V APM::AudioPolicyManager: stopOutput() output 2, stream 1, session 945
08-21 17:00:16.825  3386  3521 V APM::AudioPolicyManager: setBeaconMute(1) mBeaconMuteRefCount=0 mBeaconPlayingRefCount=0
08-21 17:00:16.825  3386  3521 V APM::AudioPolicyManager: getNewOutputDevice() selected device 0
08-21 17:00:16.825  3386  3521 V APM::AudioPolicyManager: setOutputDevice() device 0000 delayMs 100
08-21 17:00:16.825  3386  3521 V APM::AudioPolicyManager: setOutputDevice() prevDevice 0x0002
08-21 17:00:16.825  3386  3521 V APM::AudioPolicyManager: AudioPolicyManagerEx::getRingerMode() mRingerMode 2
08-21 17:00:16.825  3386  3521 V APM::AudioPolicyManager: AudioPolicyManagerEx::getRingerMode() mRingerMode 2
08-21 17:00:16.825  3386  3521 V APM::AudioPolicyManager: AudioPolicyManagerEx::getRingerMode() mRingerMode 2
08-21 17:00:16.825  3386  3521 V APM::AudioPolicyManager: AudioPolicyManagerEx::getRingerMode() mRingerMode 2
08-21 17:00:16.825  3386  3521 V APM::AudioPolicyManager: AudioPolicyManagerEx::getRingerMode() mRingerMode 2
08-21 17:00:16.825  3386  3521 V APM::AudioPolicyManager: setOutputDevice() setting same device 0x0000 or null device
08-21 17:00:16.825  3386  3521 V AudioPolicyService: AudioCommandThread() going to sleep
08-21 17:00:17.187  3386 24047 V APM::AudioPolicyManager: getOutput() device 2, stream 1, samplingRate 0, format 0, channelMask 3, flags 0
08-21 17:00:17.187  3386 24047 V APM::AudioPolicyManager:   getOutputForDevice() returns output 2
08-21 17:00:17.189  3386 22705 V APM::AudioPolicyManager: getOutput() device 2, stream 1, samplingRate 0, format 0, channelMask 3, flags 0
08-21 17:00:17.189  3386 22705 V APM::AudioPolicyManager:   getOutputForDevice() returns output 2
08-21 17:00:17.190  3386 22564 V APM::AudioPolicyManager: startOutput() output 2, stream 1, session 945
08-21 17:00:17.190  3386 22564 V APM::AudioPolicyManager: setBeaconMute(1) mBeaconMuteRefCount=1 mBeaconPlayingRefCount=0
08-21 17:00:17.191  3386 22564 V APM::AudioPolicyManager: getNewOutputDevice() selected device 2
08-21 17:00:17.191  3386 22564 V APM::AudioPolicyManager: setOutputDevice() device 0002 delayMs 0
08-21 17:00:17.191  3386 22564 V APM::AudioPolicyManager: setOutputDevice() prevDevice 0x0002
08-21 17:00:17.191  3386 22564 V APM::AudioPolicyManager: AudioPolicyManagerEx::getRingerMode() mRingerMode 2
08-21 17:00:17.191  3386 22564 V APM::AudioPolicyManager: AudioPolicyManagerEx::getRingerMode() mRingerMode 2
08-21 17:00:17.191  3386 22564 V APM::AudioPolicyManager: AudioPolicyManagerEx::getRingerMode() mRingerMode 2
08-21 17:00:17.191  3386 22564 V APM::AudioPolicyManager: AudioPolicyManagerEx::getRingerMode() mRingerMode 2
08-21 17:00:17.191  3386 22564 V APM::AudioPolicyManager: AudioPolicyManagerEx::getRingerMode() mRingerMode 2
08-21 17:00:17.191  3386 22564 V APM::AudioPolicyManager: setOutputDevice() changing device
08-21 17:00:17.191  3386 22564 V AudioPolicyService: AudioCommandThread() adding create patch delay 0
08-21 17:00:17.191  3386 22564 V AudioPolicyService: inserting command: 7 at index 0, num commands 0
08-21 17:00:17.192  3386  3520 V AudioPolicyService: AudioCommandThread() waking up
08-21 17:00:17.192  3386  3520 V AudioPolicyService: AudioCommandThread() processing create audio patch
08-21 17:00:17.192  3386  3520 V AudioFlinger: sendConfigEvent_l() num events 1 event 3
08-21 17:00:17.201  3386  3533 V AudioFlinger: processConfigEvents_l() remaining events 1
08-21 17:00:17.204  3386  3533 D audio_hw_primary: out_set_parameters: enter: usecase(1: low-latency-playback) kvpairs: routing=2
08-21 17:00:17.204  3386  3533 E audio_hw_primary: select_devices: enter and usecase(1)
08-21 17:00:17.204  3386  3533 D msm8974_platform_lge: LGE_platform_get_output_snd_device: enter(0:2)
08-21 17:00:17.204  3386  3533 V msm8974_platform: platform_get_output_snd_device: enter: output devices(0x2)
08-21 17:00:17.204  3386  3533 V msm8974_platform: platform_get_output_snd_device: exit: snd_device(speaker)
08-21 17:00:17.204  3386  3533 V platform_apt: lge_get_output_in_mandatory_depth: enter and devices(2)
08-21 17:00:17.204  3386  3533 D msm8974_platform_lge: LGE_platform_get_output_snd_device: exit: out_snd_device(speaker)
08-21 17:00:17.204  3386  3533 V audio_hw_primary: out_set_parameters: exit: code(0)
08-21 17:00:17.205  3386  3533 V AudioFlinger: processConfigEvents_l() DONE thread 0xf1040000
08-21 17:00:17.205  3386  3520 V AudioPolicyService: AudioCommandThread() going to sleep
08-21 17:00:17.205  3386 22564 V APM::AudioPolicyManager: setOutputDevice() createAudioPatch returned 0 patchHandle 969num_sources 1 num_sinks 1
08-21 17:00:17.206  3386 22564 V AudioPolicyService: AudioCommandThread() adding update audio patch list
08-21 17:00:17.206  3386 22564 V AudioPolicyService: inserting command: 10 at index 0, num commands 0
08-21 17:00:17.206  3386 22564 V APM::AudioPolicyManager: checkAndSetVolume setParameters volume, volume=:0.180406 delay=:0
08-21 17:00:17.206  3386 22564 V AudioPolicyService: AudioCommandThread() adding set parameter string fm_volume=0.1804062873, io 2 ,delay 0
08-21 17:00:17.206  3386 22564 V AudioPolicyService: inserting command: 3 at index 0, num commands 0
08-21 17:00:17.206  3386  3521 V AudioPolicyService: AudioCommandThread() waking up
08-21 17:00:17.206  3386  3521 V AudioPolicyService: AudioCommandThread() processing update audio patch list
08-21 17:00:17.206  3386  3520 V AudioPolicyService: AudioCommandThread() waking up
08-21 17:00:17.206  3386  3521 V AudioPolicyService: AudioCommandThread() going to sleep
08-21 17:00:17.206  3386  3520 V AudioPolicyService: AudioCommandThread() processing set parameters string fm_volume=0.1804062873, io 2
08-21 17:00:17.206  3386  3520 V AudioFlinger: setParameters(): io 2, keyvalue fm_volume=0.1804062873, calling pid 3386
08-21 17:00:17.206  3386  3520 V AudioFlinger: ThreadBase::setParameters() fm_volume=0.1804062873
08-21 17:00:17.206  3386  3520 V AudioFlinger: sendConfigEvent_l() num events 1 event 2
08-21 17:00:17.211  3386  3533 V AudioFlinger: processConfigEvents_l() remaining events 1
08-21 17:00:17.215  3386  3533 D audio_hw_primary: out_set_parameters: enter: usecase(1: low-latency-playback) kvpairs: fm_volume=0.1804062873
08-21 17:00:17.215  3386  3533 D audio_hw_fm: audio_extn_fm_set_parameters: set_fm_volume usecase
08-21 17:00:17.215  3386  3533 D audio_hw_fm: fm_set_volume: device=2 (0.180406)
08-21 17:00:17.215  3386  3533 V audio_hw_primary: out_set_parameters: exit: code(0)
08-21 17:00:17.215  3386  3533 V AudioFlinger: processConfigEvents_l() DONE thread 0xf1040000
08-21 17:00:17.215  3386  3520 V AudioPolicyService: AudioCommandThread() going to sleep
08-21 17:00:17.215  3386 22564 V APM::AudioPolicyManager: checkAndSetVolume() cannot set stream 6 volume with force use = 0 for comm
08-21 17:00:17.215  3386 22564 V AudioFlinger: signal playback thread
08-21 17:00:17.225  3386  3533 V AudioFlinger: acquireWakeLock_l() AudioOut_2 status 0
08-21 17:00:17.237  3386  3533 V AudioFlinger: mixer(0xf1040000) throttle begin: ret(7680) deltaMs(4) requires sleep 6 ms
08-21 17:00:17.250  3386  3533 D AudioFlinger: mixer(0xf1040000) throttle end: throttle time(6)
08-21 17:00:17.310  3386  3533 V audio_hw_primary: out_get_latency: Latency 10
08-21 17:00:17.330  3599  3599 I [SystemUI]NavigationThemeResource: notify navigation bar color(0xff000000)
08-21 17:00:17.330  3599  3599 D [SystemUI]NavigationThemeResource: onThemeChanged, mIsLightBackground : false
08-21 17:00:17.330  1567  3954 I chatty  : uid=1000(system) Binder_5 expire 12 lines
08-21 17:00:17.330  3386  3533 V audio_hw_primary: out_get_latency: Latency 10
08-21 17:00:17.334  3386  3533 V AudioFlinger: removeTracks_l removing track on session 945
08-21 17:00:17.334  3386  3533 V AudioFlinger: acquireWakeLock_l() AudioOut_2 status 0
08-21 17:00:17.344  3386  3533 V AudioPolicyService: AudioCommandThread() adding stop output 2
08-21 17:00:17.344  3386  3533 V AudioPolicyService: inserting command: 5 at index 0, num commands 0
08-21 17:00:17.345  3386  3521 V AudioPolicyService: AudioCommandThread() waking up
08-21 17:00:17.345  3386  3521 V AudioPolicyService: AudioCommandThread() processing stop output 2
08-21 17:00:17.345  3386  3521 V APM::AudioPolicyManager: stopOutput() output 2, stream 1, session 945
08-21 17:00:17.345  3386  3521 V APM::AudioPolicyManager: setBeaconMute(1) mBeaconMuteRefCount=0 mBeaconPlayingRefCount=0
08-21 17:00:17.345  3386  3521 V APM::AudioPolicyManager: getNewOutputDevice() selected device 0
08-21 17:00:17.345  3386  3521 V APM::AudioPolicyManager: setOutputDevice() device 0000 delayMs 100
08-21 17:00:17.345  3386  3521 V APM::AudioPolicyManager: setOutputDevice() prevDevice 0x0002
08-21 17:00:17.345  3386  3521 V APM::AudioPolicyManager: AudioPolicyManagerEx::getRingerMode() mRingerMode 2
08-21 17:00:17.345  3386  3521 V APM::AudioPolicyManager: AudioPolicyManagerEx::getRingerMode() mRingerMode 2
08-21 17:00:17.345  3386  3521 V APM::AudioPolicyManager: AudioPolicyManagerEx::getRingerMode() mRingerMode 2
08-21 17:00:17.345  3386  3521 V APM::AudioPolicyManager: AudioPolicyManagerEx::getRingerMode() mRingerMode 2
08-21 17:00:17.345  3386  3521 V APM::AudioPolicyManager: AudioPolicyManagerEx::getRingerMode() mRingerMode 2
08-21 17:00:17.345  3386  3521 V APM::AudioPolicyManager: setOutputDevice() setting same device 0x0000 or null device
08-21 17:00:17.345  3386  3521 V AudioPolicyService: AudioCommandThread() going to sleep
08-21 17:00:17.361 26637  2306 I chatty  : uid=1000(system) com.lge.hiddenmenu expire 64 lines
08-21 17:00:17.362  3599  3599 D [SystemUI]NotificationBackground: updateBackground(), 0x0
08-21 17:00:17.364  6415 27154 D LGCover : SmartCoverUpdateMonitor.java:340 onNotificationPosted(): StatusBarNotification(pkg=com.lge.hiddenmenu user=UserHandle{0} id=1 tag=null score=0 key=0|com.lge.hiddenmenu|1|null|1000: Notification(pri=0 contentView=com.lge.hiddenmenu/0x1090085 vibrate=null sound=null defaults=0x0 flags=0x62 color=0x00000000 vis=PRIVATE))
08-21 17:00:17.364  6415  6415 D LGCover : SmartCoverUpdateMonitor.java:346 run(): !qcn.isEnableToShowNotification()
08-21 17:00:17.409  5746  5746 I chatty  : uid=10020(com.android.providers.media) android.process.media expire 40 lines
08-21 17:00:17.449  3599  3599 I [SystemUI]PhoneStatusBar: updateMediaMetaData(false): mMediaMetadata = null
08-21 17:00:17.692  3599  3599 D [SystemUI]NotificationBackground: updateBackground(), 0x0
08-21 17:00:17.694  6415  6432 D LGCover : SmartCoverUpdateMonitor.java:375 onNotificationRemoved(): StatusBarNotification(pkg=com.lge.hiddenmenu user=UserHandle{0} id=1 tag=null score=0 key=0|com.lge.hiddenmenu|1|null|1000: Notification(pri=0 contentView=null vibrate=null sound=null defaults=0x0 flags=0x62 color=0x00000000 vis=PRIVATE))
08-21 17:00:17.695  6415  6415 D LGCover : SmartCoverUpdateMonitor.java:381 run(): !qcn.isEnableToShowNotification()
08-21 17:00:17.704  3599  3599 I [SystemUI]PhoneStatusBar: updateMediaMetaData(false): mMediaMetadata = null
08-21 17:00:17.704  6415  6415 D LGCover : LgeQuickCoverNotificationData.java:168 remove(): 0|com.lge.hiddenmenu|1|null|1000
08-21 17:00:17.704  6415  6415 D LGCover : LgeQuickCoverNotificationData.java:171 remove(): fail : 0|com.lge.hiddenmenu|1|null|1000
08-21 17:00:17.729  3599  3599 D [SystemUI]StatusBarWindowView: onInterceptTouchEvent() ACTION_DOWN MotionEvent { action=ACTION_DOWN, actionButton=0, id[0]=0, x[0]=244.0, y[0]=48.0, toolType[0]=TOOL_TYPE_FINGER, buttonState=0, metaState=0, flags=0x0, edgeFlags=0x0, pointerCount=1, historySize=0, eventTime=14369837, downTime=14369837, deviceId=4, source=0x1002 }
08-21 17:00:17.742  3599  3599 D KeyguardSecurityModel: 0 Phone is READY
08-21 17:00:17.742  3599  3599 D KeyguardUpdateMonitor: ###### current user : 0
08-21 17:00:17.759  3599  3599 D [SystemUI]PanelView: onTouchEvent ACTION_DOWN mGestureWaitForTouchSlop=true,mHeightAnimator=null,mPeekAnimator=null
08-21 17:00:17.761  3599  3599 I [SystemUI]PhoneStatusBarView: go state: 0 -> 1
08-21 17:00:17.762  3599  3599 D PhoneStatusBar: disable: < expand ICONS* alerts SYSTEM_INFO* back home recent clock search quick_settings >
08-21 17:00:17.767  5746  7018 I chatty  : uid=10020(com.android.providers.media) MediaScannerSer expire 22 lines
08-21 17:00:17.821  3599  3599 D [SystemUI]PanelView: onApplyWindowInsets, WindowInsets : WindowInsets{systemWindowInsets=Rect(0, 0 - 0, 168) windowDecorInsets=Rect(0, 0 - 0, 0) stableInsets=Rect(0, 0 - 0, 168)}
08-21 17:00:17.889  6603  6603 I MusicWidget: _mediaDataObserver onChange()
08-21 17:00:17.914  6603  6603 I MusicWidget: category == AppWidgetProviderInfo.WIDGET_CATEGORY_HOME_SCREEN
08-21 17:00:17.915  6603  6603 I MusicWidget: beingMusicWidget_4x2() result::true
08-21 17:00:17.915  6603  6603 I MusicWidget: getFavoriteValue()
08-21 17:00:17.915  6603  6603 I MusicWidget: android.os.DeadObjectException
08-21 17:00:17.915  6603  6603 I MusicWidget: isNeedUpdateByDBChange() result::false
08-21 17:00:17.976  3599  3599 D [SystemUI]PanelView: onTouchEvent ACTION_MOVE start Tracking
08-21 17:00:17.976  3599  3599 I [SystemUI]PanelView: onTrackingStarted 
08-21 17:00:17.978  3599  3599 D [SystemUI]StatusBarWindowView: onInterceptTouchEvent() ACTION_UP MotionEvent { action=ACTION_UP, actionButton=0, id[0]=0, x[0]=386.0, y[0]=1028.0, toolType[0]=TOOL_TYPE_FINGER, buttonState=0, metaState=0, flags=0x0, edgeFlags=0x0, pointerCount=1, historySize=0, eventTime=14370011, downTime=14369837, deviceId=4, source=0x1002 }
08-21 17:00:17.993  3599  3599 D [SystemUI]PanelView: fling() vel:21721.516,expandBecauseOfFalsing:false,height:2560
08-21 17:00:17.994  3599  3599 I [SystemUI]PanelView: onTrackingStopped : true
08-21 17:00:18.008  1567  3954 I PhoneWindowManagerEx: [PWM][updateSystemUiVisibilityLw] tmpColorNavigationBar=0x1
08-21 17:00:18.008  1567  3954 I PhoneWindowManagerEx: [PWM][updateSystemUiVisibilityLw] mLastColorNavigationBar=0xff000000
08-21 17:00:18.008  1567  3954 D kyu     : WindowState::getSystemUiVisibilityLG = 0
08-21 17:00:18.008  1567  3954 I WindowManager: [PWM][updateSystemUiVisibilityLw] diffLG=0
08-21 17:00:18.008  1567  3954 I WindowManager: [PWM][updateSystemUiVisibilityLw] visibilityLG=0x0
08-21 17:00:18.008  1567  3954 I WindowManager: [PWM][updateSystemUiVisibilityLw] mLastSystemUiFlagsLG=0x0
08-21 17:00:18.008  1567  3954 D WindowManager: [PWM][updateSystemUiVisibilityLw] mLastSystemUiFlagsLG=0x0
08-21 17:00:18.008  1567  1963 I SystemUI[Framework]: PhoneWindowManager.updateSystemUiVisibilityLw() :visibility=0x600, pkg=com.android.systemui
08-21 17:00:18.009  1567  3954 I PhoneWindowManagerEx: [PWM] sIsDimming=false, isDimChanging = false
08-21 17:00:18.009  1567  3954 I PhoneWindowManagerEx: [PWM][updateSystemUiVisibilityLw] tmpColorNavigationBar=0x1
08-21 17:00:18.009  1567  3954 I PhoneWindowManagerEx: [PWM][updateSystemUiVisibilityLw] mLastColorNavigationBar=0xff000000
08-21 17:00:18.009  1567  3954 D kyu     : WindowState::getSystemUiVisibilityLG = 0
08-21 17:00:18.009  1567  3954 I WindowManager: [PWM][updateSystemUiVisibilityLw] diffLG=0
08-21 17:00:18.009  1567  3954 I WindowManager: [PWM][updateSystemUiVisibilityLw] visibilityLG=0x0
08-21 17:00:18.009  1567  3954 I WindowManager: [PWM][updateSystemUiVisibilityLw] mLastSystemUiFlagsLG=0x0
08-21 17:00:18.013  1567  1963 I SystemUI[Framework]: ==>disabledNaviBtn() what=0x0, token=android.os.Binder@e09e6ff,  pkg=Window{73e0648 u0 StatusBar}
08-21 17:00:18.013  1567  1963 I SystemUI[Framework]: disableNaviBtn: mDisabledNaviBtn=0x0,  mDisableRecords.size=0
08-21 17:00:18.026  1567  3954 D InputDispatcher: Focus left window: Window{159c863 u0 com.lge.hiddenmenu/com.lge.hiddenmenu.SVC.log_service.MainActivity}
08-21 17:00:18.026  1567  3954 D InputDispatcher: Focus entered window: Window{73e0648 u0 StatusBar}
08-21 17:00:18.042 26637 26637 W SplitWindow: update focus... 
08-21 17:00:18.097  3599  3599 D PhoneStatusBar: setSystemUiVisibility vis=600 mask=ffffffff oldVal=0 newVal=600 diff=600
08-21 17:00:18.167  1567  4108 V NotificationVibrator: cancel()
08-21 17:00:18.167  1567  4108 I VolumeVibratorManager: cancel()
08-21 17:00:18.178  1567  3954 I LGNativeVibrator: vibrator_off
08-21 17:00:18.179  1567  4108 D lightsbindercall: calling ... updateLightList
08-21 17:00:18.179  1567  4108 E lightsbindercall: virtual void android::BpLEDManager::updateLightList(int32_t, int32_t, int, int32_t, int32_t, int32_t, const android::String16&) : Binder Transaction Start!!
08-21 17:00:18.185  1567  4108 E lightsbindercall: virtual void android::BpLEDManager::updateLightList(int32_t, int32_t, int, int32_t, int32_t, int32_t, const android::String16&) : Binder Transaction End!! (error code 0)
08-21 17:00:18.204  3599  3599 I [SystemUI]PhoneStatusBarView: go state: 1 -> 2
08-21 17:00:18.208  3599  3599 I [SystemUI]StatusBarExpansionState: status bar expansion is changed to settings_expanded
08-21 17:00:18.209  3599  3599 D [SystemUI]NavigationThemeResource: onPanelExpansionChanged, mPanelExpanded : true
08-21 17:00:18.213  3599  3599 D [SystemUI]BrightnessSlider: updateSeekBar, brightness = 177
08-21 17:00:18.214  3599  3599 E [SystemUI]BrightnessSlider: percent = 68
08-21 17:00:18.234  3599  3599 I [SystemUI]StatusBarExpansionState: sending ACTION_STATUS_BAR_EXPANDED
08-21 17:00:18.244  4064  4064 I Cliptray Service: cliptrayEventReceiver :onReceivecom.lge.statusbar.expanded
08-21 17:00:18.405  1567  2117 I PhoneWindowManagerEx: [PWM] sIsDimming=false, isDimChanging = false
08-21 17:00:18.405  1567  2117 I PhoneWindowManagerEx: [PWM][updateSystemUiVisibilityLw] tmpColorNavigationBar=0x1
08-21 17:00:18.405  1567  2117 I PhoneWindowManagerEx: [PWM][updateSystemUiVisibilityLw] mLastColorNavigationBar=0xff000000
08-21 17:00:18.405  1567  2117 D kyu     : WindowState::getSystemUiVisibilityLG = 0
08-21 17:00:18.405  1567  2117 I WindowManager: [PWM][updateSystemUiVisibilityLw] diffLG=0
08-21 17:00:18.405  1567  2117 I WindowManager: [PWM][updateSystemUiVisibilityLw] visibilityLG=0x0
08-21 17:00:18.405  1567  2117 I WindowManager: [PWM][updateSystemUiVisibilityLw] mLastSystemUiFlagsLG=0x0
08-21 17:00:18.542 14281 14281 D wpa_supplicant: nl80211: Drv Event 34 (NL80211_CMD_NEW_SCAN_RESULTS) received for wlan0
08-21 17:00:18.542 14281 14281 D wpa_supplicant: wlan0: nl80211: New scan results available
08-21 17:00:18.542 14281 14281 D wpa_supplicant: nl80211: Scan probed for SSID ''
08-21 17:00:18.542 14281 14281 D wpa_supplicant: nl80211: Scan included frequencies: 2412 2417 2422 2427 2432 2437 2442 2447 2452 2457 2462 2467 2472 5180 5200 5220 5240 5260 5280 5300 5320 5500 5520 5540 5560 5580 5600 5620 5640 5660 5680 5700 5720 5745 5765 5785 5805 5825
08-21 17:00:18.542 14281 14281 D wpa_supplicant: wlan0: Event SCAN_RESULTS (3) received
08-21 17:00:18.542 14281 14281 D wpa_supplicant: wlan0: Scan completed in 3.900172 seconds
08-21 17:00:18.542 14281 14281 D wpa_supplicant: nl80211: Received scan results (31 BSSes)
08-21 17:00:18.543 14281 14281 D wpa_supplicant: wlan0: BSS: Start scan result update 97
08-21 17:00:18.543 14281 14281 D wpa_supplicant: BSS: last_scan_res_used=31/128
08-21 17:00:18.543 14281 14281 D wpa_supplicant: wlan0: Scan-only results received
08-21 17:00:18.543 14281 14281 D wpa_supplicant: CTRL_IFACE monitor sent successfully to /data/misc/wifi/sockets/wpa_ctrl_4223-4\x00
08-21 17:00:18.543 14281 14281 D wpa_supplicant: CTRL_IFACE monitor sent successfully to /data/misc/wifi/sockets/wpa_ctrl_1567-5\x00
08-21 17:00:18.543 14281 14281 D wpa_supplicant: wlan0: Radio work 'scan'@0x7f9581c2d0 done in 4.013557 seconds
08-21 17:00:18.546 14281 14281 D wpa_supplicant: wlan0: Control interface command 'BSS RANGE=0- MASK=0x29d87'
08-21 17:00:18.551 14281 14281 D wpa_supplicant: wlan0: Control interface command 'BSS RANGE=680- MASK=0x29d87'
08-21 17:00:18.553 14281 14281 D wpa_supplicant: wlan0: Control interface command 'BSS RANGE=688- MASK=0x29d87'
08-21 17:00:18.557 14281 14281 D wpa_supplicant: wlan0: Control interface command 'BSS RANGE=699- MASK=0x29d87'
08-21 17:00:18.560 14281 14281 D wpa_supplicant: wlan0: Control interface command 'BSS RANGE=719- MASK=0x29d87'
08-21 17:00:18.563 14281 14281 D wpa_supplicant: wlan0: Control interface command 'BSS RANGE=734- MASK=0x29d87'
08-21 17:00:18.567 14281 14281 D wpa_supplicant: wlan0: Control interface command 'BSS RANGE=743- MASK=0x29d87'
08-21 17:00:18.591  4131  4131 I [MY_PLACE_ENGINE::CLUSTERING]: API > getOnOffStatus > status : 0
08-21 17:00:18.619  4131  4131 I [MY_PLACE_ENGINE::MOVEMENT]: WIFI_MANAGER :: 0821_170018  Engine OFF >> Do Nothing.... 
08-21 17:00:18.655  5746  6631 I chatty  : uid=10020(com.android.providers.media) Binder_4 expire 1 line
08-21 17:00:18.686 31963 31963 V WiFiOffLoadBroadcast: WiFiOffLoadBroadcast: android.net.wifi.SCAN_RESULTS
08-21 17:00:18.724 31963 31963 D WiFiOffLoadBroadcast: Not supported operator for automatic switch
08-21 17:00:18.737  3386 20520 D audio_hw_extn: audio_extn_get_parameters: returns 
08-21 17:00:18.737  3386 20520 V msm8974_platform: platform_get_parameters: exit: returns - 
08-21 17:00:18.737  3386 20520 V audio_hw_primary: adev_get_parameters: exit: returns - 
08-21 17:00:18.737  3386 20520 I str_params: key: 'isSwIrrc' value: ''
08-21 17:00:18.774  7247  2307 I iu.UploadsManager: End new media; added: 0, uploading: 0, time: 810 ms
08-21 17:00:18.823  3599  3599 D [SystemUI]VolumeSlider: seekbar maxVolume = 7, volume = 5, plusone = 0
08-21 17:00:18.966  6603  6603 I MusicWidget: _mediaDataObserver onChange()
08-21 17:00:18.972  6603  6603 I MusicWidget: category == AppWidgetProviderInfo.WIDGET_CATEGORY_HOME_SCREEN
08-21 17:00:18.972  6603  6603 I MusicWidget: beingMusicWidget_4x2() result::true
08-21 17:00:18.972  6603  6603 I MusicWidget: getFavoriteValue()
08-21 17:00:18.972  6603  6603 I MusicWidget: android.os.DeadObjectException
08-21 17:00:18.972  6603  6603 I MusicWidget: isNeedUpdateByDBChange() result::false
08-21 17:00:19.001  5746  5763 I chatty  : uid=10020(com.android.providers.media) Binder_2 expire 1 line
08-21 17:00:19.078  5746  7018 V LGMediaProvider: insertInternal: content://media/, initValues=name=external
08-21 17:00:19.094  6603  6603 I MusicWidget: _mediaDataObserver onChange()
08-21 17:00:19.105  6603  6603 I MusicWidget: category == AppWidgetProviderInfo.WIDGET_CATEGORY_HOME_SCREEN
08-21 17:00:19.105  6603  6603 I MusicWidget: beingMusicWidget_4x2() result::true
08-21 17:00:19.105  6603  6603 I MusicWidget: getFavoriteValue()
08-21 17:00:19.105  6603  6603 I MusicWidget: android.os.DeadObjectException
08-21 17:00:19.105  6603  6603 I MusicWidget: isNeedUpdateByDBChange() result::false
08-21 17:00:19.116  5746  7018 D MediaScannerService: [MediaScanner] scanFile() path = /storage/emulated/0/logger/152330411e7d4_20150821_170017/logger/radio.log, volumeName = external
08-21 17:00:19.140  5746  5762 E DatabaseUtils: Writing exception to parcel
08-21 17:00:19.140  5746  5762 E DatabaseUtils: java.lang.SecurityException: Permission Denial: reading com.android.providers.media.MediaProvider uri content://media/external/fs_id from pid=30501, uid=10112 requires android.permission.READ_EXTERNAL_STORAGE, or grantUriPermission()
08-21 17:00:19.140  5746  5762 E DatabaseUtils: 	at android.content.ContentProvider.enforceReadPermissionInner(ContentProvider.java:605)
08-21 17:00:19.140  5746  5762 E DatabaseUtils: 	at android.content.ContentProvider$Transport.enforceReadPermission(ContentProvider.java:480)
08-21 17:00:19.140  5746  5762 E DatabaseUtils: 	at android.content.ContentProvider$Transport.query(ContentProvider.java:211)
08-21 17:00:19.140  5746  5762 E DatabaseUtils: 	at android.content.ContentProviderNative.onTransact(ContentProviderNative.java:112)
08-21 17:00:19.140  5746  5762 E DatabaseUtils: 	at android.os.Binder.execTransact(Binder.java:453)
08-21 17:00:19.141  5746  7018 D MediaScannerEx: [MediaScanner] scanSingleFile() path = /storage/emulated/0/logger/152330411e7d4_20150821_170017/logger/radio.log, volumeName = external
08-21 17:00:19.187  5746  7018 D MediaScannerEx: [MediaScanner] beginFile() path = /storage/emulated/0/logger/152330411e7d4_20150821_170017/logger/radio.log
08-21 17:00:19.187  5746  7018 D LGMediaProvider: [MediaScanner] insert() uri = content://media/external/file, path = /storage/emulated/0/logger/152330411e7d4_20150821_170017/logger/radio.log
08-21 17:00:19.187  5746  7018 V LGMediaProvider: insertInternal: content://media/external/file, initValues=is_hifi=0 mime_type=null _size=501321 title=radio _data=/storage/emulated/0/logger/152330411e7d4_20150821_170017/logger/radio.log longitude=null is_lock=0 is_drm=false latitude=null protected_type=0 date_modified=1440187217 format=12288
08-21 17:00:19.188  5746  7018 V LGMediaProvider: Returning cached entry for /storage/emulated/0/logger/152330411e7d4_20150821_170017/logger
08-21 17:00:19.208  5746  7018 V LGMediaProvider: insertFile: values=is_hifi=0 bucket_id=1770306029 longitude=null protected_type=0 burst_id=null date_modified=1440187217 bucket_display_name=logger parent=182 format=12288 storage_id=65537 media_type=0 mime_type=null _data=/storage/emulated/0/logger/152330411e7d4_20150821_170017/logger/radio.log title=radio _size=501321 is_drm=false is_lock=0 date_added=1440187219 latitude=null storage_type=65537 returned: 185
08-21 17:00:19.209  5746  7018 D LGMediaProvider: [MediaScanner] insert() completed notifyChange, uri = content://media/external/file
08-21 17:00:19.214  5746  7018 V LGMediaProvider: insertInternal: content://media/, initValues=name=external
08-21 17:00:19.232  6603  6603 I MusicWidget: _mediaDataObserver onChange()
08-21 17:00:19.251  6603  6603 I MusicWidget: category == AppWidgetProviderInfo.WIDGET_CATEGORY_HOME_SCREEN
08-21 17:00:19.252  6603  6603 I MusicWidget: beingMusicWidget_4x2() result::true
08-21 17:00:19.252  6603  6603 I MusicWidget: getFavoriteValue()
08-21 17:00:19.252  6603  6603 I MusicWidget: android.os.DeadObjectException
08-21 17:00:19.252  6603  6603 I MusicWidget: isNeedUpdateByDBChange() result::false
08-21 17:00:19.268  5746  7018 D MediaScannerService: [MediaScanner] scanFile() path = /storage/emulated/0/logger/152330411e7d4_20150821_170017/MediaDB/external.db, volumeName = external
08-21 17:00:19.300  5746  6633 E DatabaseUtils: Writing exception to parcel
08-21 17:00:19.300  5746  6633 E DatabaseUtils: java.lang.SecurityException: Permission Denial: reading com.android.providers.media.MediaProvider uri content://media/external/fs_id from pid=30501, uid=10112 requires android.permission.READ_EXTERNAL_STORAGE, or grantUriPermission()
08-21 17:00:19.300  5746  6633 E DatabaseUtils: 	at android.content.ContentProvider.enforceReadPermissionInner(ContentProvider.java:605)
08-21 17:00:19.300  5746  6633 E DatabaseUtils: 	at android.content.ContentProvider$Transport.enforceReadPermission(ContentProvider.java:480)
08-21 17:00:19.300  5746  6633 E DatabaseUtils: 	at android.content.ContentProvider$Transport.query(ContentProvider.java:211)
08-21 17:00:19.300  5746  6633 E DatabaseUtils: 	at android.content.ContentProviderNative.onTransact(ContentProviderNative.java:112)
08-21 17:00:19.300  5746  6633 E DatabaseUtils: 	at android.os.Binder.execTransact(Binder.java:453)
08-21 17:00:19.302  5746  7018 D MediaScannerEx: [MediaScanner] scanSingleFile() path = /storage/emulated/0/logger/152330411e7d4_20150821_170017/MediaDB/external.db, volumeName = external
08-21 17:00:19.359  3386  3541 D audio_hw_extn: audio_extn_get_parameters: returns 
08-21 17:00:19.360  3386  3541 V msm8974_platform: platform_get_parameters: exit: returns - 
08-21 17:00:19.360  3386  3541 V audio_hw_primary: adev_get_parameters: exit: returns - 
08-21 17:00:19.360  3386  3541 I str_params: key: 'isSwIrrc' value: ''
08-21 17:00:19.373  5746  7018 D MediaScannerEx: [MediaScanner] beginFile() path = /storage/emulated/0/logger/152330411e7d4_20150821_170017/MediaDB/external.db
08-21 17:00:19.374  5746  7018 D LGMediaProvider: [MediaScanner] insert() uri = content://media/external/file, path = /storage/emulated/0/logger/152330411e7d4_20150821_170017/MediaDB/external.db
08-21 17:00:19.374  5746  7018 V LGMediaProvider: insertInternal: content://media/external/file, initValues=is_hifi=0 mime_type=null _size=258048 title=external _data=/storage/emulated/0/logger/152330411e7d4_20150821_170017/MediaDB/external.db longitude=null is_lock=0 is_drm=false latitude=null protected_type=0 date_modified=1440187217 format=12288
08-21 17:00:19.375  5746  7018 V LGMediaProvider: inserting directory /storage/emulated/0/logger/152330411e7d4_20150821_170017/MediaDB
08-21 17:00:19.375  5746  7018 V LGMediaProvider: Returning cached entry for /storage/emulated/0/logger/152330411e7d4_20150821_170017
08-21 17:00:19.408  3599  3599 D [SystemUI]VolumeSlider: seekbar maxVolume = 7, volume = 5, plusone = 0
08-21 17:00:19.413  5746  7018 V LGMediaProvider: Inserted /storage/emulated/0/logger/152330411e7d4_20150821_170017/MediaDB
08-21 17:00:19.427  5746  7018 V LGMediaProvider: insertFile: values=is_hifi=0 bucket_id=-356590939 longitude=null protected_type=0 burst_id=null date_modified=1440187217 bucket_display_name=MediaDB parent=186 format=12288 storage_id=65537 media_type=0 mime_type=null _data=/storage/emulated/0/logger/152330411e7d4_20150821_170017/MediaDB/external.db title=external _size=258048 is_drm=false is_lock=0 date_added=1440187219 latitude=null storage_type=65537 returned: 187
08-21 17:00:19.429  5746  7018 D LGMediaProvider: [MediaScanner] insert() completed notifyChange, uri = content://media/external/file
08-21 17:00:19.431  5746  7018 V LGMediaProvider: insertInternal: content://media/, initValues=name=external
08-21 17:00:19.452  6603  6603 I MusicWidget: _mediaDataObserver onChange()
08-21 17:00:19.476  6603  6603 I MusicWidget: category == AppWidgetProviderInfo.WIDGET_CATEGORY_HOME_SCREEN
08-21 17:00:19.476  6603  6603 I MusicWidget: beingMusicWidget_4x2() result::true
08-21 17:00:19.476  6603  6603 I MusicWidget: getFavoriteValue()
08-21 17:00:19.477  6603  6603 I MusicWidget: android.os.DeadObjectException
08-21 17:00:19.477  6603  6603 I MusicWidget: isNeedUpdateByDBChange() result::false
08-21 17:00:19.482  5746  7018 D MediaScannerService: [MediaScanner] scanFile() path = /storage/emulated/0/logger/152330411e7d4_20150821_170017/logger/memory.log, volumeName = external
08-21 17:00:19.555  5746  6631 E DatabaseUtils: Writing exception to parcel
08-21 17:00:19.555  5746  6631 E DatabaseUtils: java.lang.SecurityException: Permission Denial: reading com.android.providers.media.MediaProvider uri content://media/external/fs_id from pid=30501, uid=10112 requires android.permission.READ_EXTERNAL_STORAGE, or grantUriPermission()
08-21 17:00:19.555  5746  6631 E DatabaseUtils: 	at android.content.ContentProvider.enforceReadPermissionInner(ContentProvider.java:605)
08-21 17:00:19.555  5746  6631 E DatabaseUtils: 	at android.content.ContentProvider$Transport.enforceReadPermission(ContentProvider.java:480)
08-21 17:00:19.555  5746  6631 E DatabaseUtils: 	at android.content.ContentProvider$Transport.query(ContentProvider.java:211)
08-21 17:00:19.555  5746  6631 E DatabaseUtils: 	at android.content.ContentProviderNative.onTransact(ContentProviderNative.java:112)
08-21 17:00:19.555  5746  6631 E DatabaseUtils: 	at android.os.Binder.execTransact(Binder.java:453)
08-21 17:00:19.570  5746  7018 D MediaScannerEx: [MediaScanner] scanSingleFile() path = /storage/emulated/0/logger/152330411e7d4_20150821_170017/logger/memory.log, volumeName = external
08-21 17:00:19.636  5746  7018 D MediaScannerEx: [MediaScanner] beginFile() path = /storage/emulated/0/logger/152330411e7d4_20150821_170017/logger/memory.log
08-21 17:00:19.636  5746  7018 D LGMediaProvider: [MediaScanner] insert() uri = content://media/external/file, path = /storage/emulated/0/logger/152330411e7d4_20150821_170017/logger/memory.log
08-21 17:00:19.636  5746  7018 V LGMediaProvider: insertInternal: content://media/external/file, initValues=is_hifi=0 mime_type=null _size=0 title=memory _data=/storage/emulated/0/logger/152330411e7d4_20150821_170017/logger/memory.log longitude=null is_lock=0 is_drm=false latitude=null protected_type=0 date_modified=1440187217 format=12288
08-21 17:00:19.637  5746  7018 V LGMediaProvider: Returning cached entry for /storage/emulated/0/logger/152330411e7d4_20150821_170017/logger
08-21 17:00:19.655  5746  7018 V LGMediaProvider: insertFile: values=is_hifi=0 bucket_id=1770306029 longitude=null protected_type=0 burst_id=null date_modified=1440187217 bucket_display_name=logger parent=182 format=12288 storage_id=65537 media_type=0 mime_type=null _data=/storage/emulated/0/logger/152330411e7d4_20150821_170017/logger/memory.log title=memory _size=0 is_drm=false is_lock=0 date_added=1440187219 latitude=null storage_type=65537 returned: 188
08-21 17:00:19.659  5746  7018 D LGMediaProvider: [MediaScanner] insert() completed notifyChange, uri = content://media/external/file
08-21 17:00:19.661  5746  7018 V LGMediaProvider: insertInternal: content://media/, initValues=name=external
08-21 17:00:19.674  6603  6603 I MusicWidget: _mediaDataObserver onChange()
08-21 17:00:19.684  6603  6603 I MusicWidget: category == AppWidgetProviderInfo.WIDGET_CATEGORY_HOME_SCREEN
08-21 17:00:19.684  6603  6603 I MusicWidget: beingMusicWidget_4x2() result::true
08-21 17:00:19.684  6603  6603 I MusicWidget: getFavoriteValue()
08-21 17:00:19.685  6603  6603 I MusicWidget: android.os.DeadObjectException
08-21 17:00:19.685  6603  6603 I MusicWidget: isNeedUpdateByDBChange() result::false
08-21 17:00:19.687  5746  7018 D MediaScannerService: [MediaScanner] scanFile() path = /storage/emulated/0/logger/152330411e7d4_20150821_170017/logger/main.log, volumeName = external
08-21 17:00:19.709  5746  7018 D MediaScannerEx: [MediaScanner] scanSingleFile() path = /storage/emulated/0/logger/152330411e7d4_20150821_170017/logger/main.log, volumeName = external
08-21 17:00:19.713  5746  6629 E DatabaseUtils: Writing exception to parcel
08-21 17:00:19.713  5746  6629 E DatabaseUtils: java.lang.SecurityException: Permission Denial: reading com.android.providers.media.MediaProvider uri content://media/external/fs_id from pid=30501, uid=10112 requires android.permission.READ_EXTERNAL_STORAGE, or grantUriPermission()
08-21 17:00:19.713  5746  6629 E DatabaseUtils: 	at android.content.ContentProvider.enforceReadPermissionInner(ContentProvider.java:605)
08-21 17:00:19.713  5746  6629 E DatabaseUtils: 	at android.content.ContentProvider$Transport.enforceReadPermission(ContentProvider.java:480)
08-21 17:00:19.713  5746  6629 E DatabaseUtils: 	at android.content.ContentProvider$Transport.query(ContentProvider.java:211)
08-21 17:00:19.713  5746  6629 E DatabaseUtils: 	at android.content.ContentProviderNative.onTransact(ContentProviderNative.java:112)
08-21 17:00:19.713  5746  6629 E DatabaseUtils: 	at android.os.Binder.execTransact(Binder.java:453)
08-21 17:00:19.735  1567  4125 I PhoneWindowManagerEx: [PWM] sIsDimming=false, isDimChanging = false
08-21 17:00:19.735  1567  4125 I PhoneWindowManagerEx: [PWM][updateSystemUiVisibilityLw] tmpColorNavigationBar=0x1
08-21 17:00:19.735  1567  4125 I PhoneWindowManagerEx: [PWM][updateSystemUiVisibilityLw] mLastColorNavigationBar=0xff000000
08-21 17:00:19.735  1567  4125 D kyu     : WindowState::getSystemUiVisibilityLG = 0
08-21 17:00:19.735  1567  4125 I WindowManager: [PWM][updateSystemUiVisibilityLw] diffLG=0
08-21 17:00:19.735  1567  4125 I WindowManager: [PWM][updateSystemUiVisibilityLw] visibilityLG=0x0
08-21 17:00:19.735  1567  4125 I WindowManager: [PWM][updateSystemUiVisibilityLw] mLastSystemUiFlagsLG=0x0
08-21 17:00:19.739  1567  4125 D InputDispatcher: Window went away: Window{45efc12 u0 Toast}
08-21 17:00:19.762  5746  7018 D MediaScannerEx: [MediaScanner] beginFile() path = /storage/emulated/0/logger/152330411e7d4_20150821_170017/logger/main.log
08-21 17:00:19.762  5746  7018 D LGMediaProvider: [MediaScanner] insert() uri = content://media/external/file, path = /storage/emulated/0/logger/152330411e7d4_20150821_170017/logger/main.log
08-21 17:00:19.762  5746  7018 V LGMediaProvider: insertInternal: content://media/external/file, initValues=is_hifi=0 mime_type=null _size=408702 title=main _data=/storage/emulated/0/logger/152330411e7d4_20150821_170017/logger/main.log longitude=null is_lock=0 is_drm=false latitude=null protected_type=0 date_modified=1440187217 format=12288
08-21 17:00:19.763  5746  7018 V LGMediaProvider: Returning cached entry for /storage/emulated/0/logger/152330411e7d4_20150821_170017/logger
08-21 17:00:19.777  5746  7018 V LGMediaProvider: insertFile: values=is_hifi=0 bucket_id=1770306029 longitude=null protected_type=0 burst_id=null date_modified=1440187217 bucket_display_name=logger parent=182 format=12288 storage_id=65537 media_type=0 mime_type=null _data=/storage/emulated/0/logger/152330411e7d4_20150821_170017/logger/main.log title=main _size=408702 is_drm=false is_lock=0 date_added=1440187219 latitude=null storage_type=65537 returned: 189
08-21 17:00:19.778  5746  7018 D LGMediaProvider: [MediaScanner] insert() completed notifyChange, uri = content://media/external/file
08-21 17:00:19.782  5746  7018 V LGMediaProvider: insertInternal: content://media/, initValues=name=external
08-21 17:00:19.799  6603  6603 I MusicWidget: _mediaDataObserver onChange()
08-21 17:00:19.803  6603  6603 I MusicWidget: category == AppWidgetProviderInfo.WIDGET_CATEGORY_HOME_SCREEN
08-21 17:00:19.803  6603  6603 I MusicWidget: beingMusicWidget_4x2() result::true
08-21 17:00:19.803  6603  6603 I MusicWidget: getFavoriteValue()
08-21 17:00:19.804  6603  6603 I MusicWidget: android.os.DeadObjectException
08-21 17:00:19.804  6603  6603 I MusicWidget: isNeedUpdateByDBChange() result::false
08-21 17:00:19.817  5746  7018 D MediaScannerService: [MediaScanner] scanFile() path = /storage/emulated/0/logger/152330411e7d4_20150821_170017/logger/events.log, volumeName = external
08-21 17:00:19.832  5746  5763 E DatabaseUtils: Writing exception to parcel
08-21 17:00:19.832  5746  5763 E DatabaseUtils: java.lang.SecurityException: Permission Denial: reading com.android.providers.media.MediaProvider uri content://media/external/fs_id from pid=30501, uid=10112 requires android.permission.READ_EXTERNAL_STORAGE, or grantUriPermission()
08-21 17:00:19.832  5746  5763 E DatabaseUtils: 	at android.content.ContentProvider.enforceReadPermissionInner(ContentProvider.java:605)
08-21 17:00:19.832  5746  5763 E DatabaseUtils: 	at android.content.ContentProvider$Transport.enforceReadPermission(ContentProvider.java:480)
08-21 17:00:19.832  5746  5763 E DatabaseUtils: 	at android.content.ContentProvider$Transport.query(ContentProvider.java:211)
08-21 17:00:19.832  5746  5763 E DatabaseUtils: 	at android.content.ContentProviderNative.onTransact(ContentProviderNative.java:112)
08-21 17:00:19.832  5746  5763 E DatabaseUtils: 	at android.os.Binder.execTransact(Binder.java:453)
08-21 17:00:19.838  5746  7018 D MediaScannerEx: [MediaScanner] scanSingleFile() path = /storage/emulated/0/logger/152330411e7d4_20150821_170017/logger/events.log, volumeName = external
08-21 17:00:19.885  5746  7018 D MediaScannerEx: [MediaScanner] beginFile() path = /storage/emulated/0/logger/152330411e7d4_20150821_170017/logger/events.log
08-21 17:00:19.886  5746  7018 D LGMediaProvider: [MediaScanner] insert() uri = content://media/external/file, path = /storage/emulated/0/logger/152330411e7d4_20150821_170017/logger/events.log
08-21 17:00:19.886  5746  7018 V LGMediaProvider: insertInternal: content://media/external/file, initValues=is_hifi=0 mime_type=null _size=464661 title=events _data=/storage/emulated/0/logger/152330411e7d4_20150821_170017/logger/events.log longitude=null is_lock=0 is_drm=false latitude=null protected_type=0 date_modified=1440187217 format=12288
08-21 17:00:19.886  5746  7018 V LGMediaProvider: Returning cached entry for /storage/emulated/0/logger/152330411e7d4_20150821_170017/logger
08-21 17:00:19.914  3386 21638 D audio_hw_extn: audio_extn_get_parameters: returns 
08-21 17:00:19.914  3386 21638 V msm8974_platform: platform_get_parameters: exit: returns - 
08-21 17:00:19.914  3386 21638 V audio_hw_primary: adev_get_parameters: exit: returns - 
08-21 17:00:19.914  3386 21638 I str_params: key: 'isSwIrrc' value: ''
08-21 17:00:19.920  5746  7018 V LGMediaProvider: insertFile: values=is_hifi=0 bucket_id=1770306029 longitude=null protected_type=0 burst_id=null date_modified=1440187217 bucket_display_name=logger parent=182 format=12288 storage_id=65537 media_type=0 mime_type=null _data=/storage/emulated/0/logger/152330411e7d4_20150821_170017/logger/events.log title=events _size=464661 is_drm=false is_lock=0 date_added=1440187219 latitude=null storage_type=65537 returned: 190
08-21 17:00:19.921  5746  7018 D LGMediaProvider: [MediaScanner] insert() completed notifyChange, uri = content://media/external/file
08-21 17:00:19.923  5746  7018 V LGMediaProvider: insertInternal: content://media/, initValues=name=external
08-21 17:00:19.949  3599  3599 D [SystemUI]VolumeSlider: seekbar maxVolume = 7, volume = 5, plusone = 0
08-21 17:00:19.954  6603  6603 I MusicWidget: _mediaDataObserver onChange()
08-21 17:00:19.974  6603  6603 I MusicWidget: category == AppWidgetProviderInfo.WIDGET_CATEGORY_HOME_SCREEN
08-21 17:00:19.974  6603  6603 I MusicWidget: beingMusicWidget_4x2() result::true
08-21 17:00:19.974  6603  6603 I MusicWidget: getFavoriteValue()
08-21 17:00:19.975  6603  6603 I MusicWidget: android.os.DeadObjectException
08-21 17:00:19.975  6603  6603 I MusicWidget: isNeedUpdateByDBChange() result::false
08-21 17:00:19.987  5746  7018 D MediaScannerService: [MediaScanner] scanFile() path = /storage/emulated/0/logger/152330411e7d4_20150821_170017/logger/kernel.log, volumeName = external
08-21 17:00:20.018  5746  5762 E DatabaseUtils: Writing exception to parcel
08-21 17:00:20.018  5746  5762 E DatabaseUtils: java.lang.SecurityException: Permission Denial: reading com.android.providers.media.MediaProvider uri content://media/external/fs_id from pid=30501, uid=10112 requires android.permission.READ_EXTERNAL_STORAGE, or grantUriPermission()
08-21 17:00:20.018  5746  5762 E DatabaseUtils: 	at android.content.ContentProvider.enforceReadPermissionInner(ContentProvider.java:605)
08-21 17:00:20.018  5746  5762 E DatabaseUtils: 	at android.content.ContentProvider$Transport.enforceReadPermission(ContentProvider.java:480)
08-21 17:00:20.018  5746  5762 E DatabaseUtils: 	at android.content.ContentProvider$Transport.query(ContentProvider.java:211)
08-21 17:00:20.018  5746  5762 E DatabaseUtils: 	at android.content.ContentProviderNative.onTransact(ContentProviderNative.java:112)
08-21 17:00:20.018  5746  5762 E DatabaseUtils: 	at android.os.Binder.execTransact(Binder.java:453)
08-21 17:00:20.018  5746  7018 D MediaScannerEx: [MediaScanner] scanSingleFile() path = /storage/emulated/0/logger/152330411e7d4_20150821_170017/logger/kernel.log, volumeName = external
08-21 17:00:20.072  5746  7018 D MediaScannerEx: [MediaScanner] beginFile() path = /storage/emulated/0/logger/152330411e7d4_20150821_170017/logger/kernel.log
08-21 17:00:20.072  5746  7018 D LGMediaProvider: [MediaScanner] insert() uri = content://media/external/file, path = /storage/emulated/0/logger/152330411e7d4_20150821_170017/logger/kernel.log
08-21 17:00:20.072  5746  7018 V LGMediaProvider: insertInternal: content://media/external/file, initValues=is_hifi=0 mime_type=null _size=344064 title=kernel _data=/storage/emulated/0/logger/152330411e7d4_20150821_170017/logger/kernel.log longitude=null is_lock=0 is_drm=false latitude=null protected_type=0 date_modified=1440187217 format=12288
08-21 17:00:20.073  5746  7018 V LGMediaProvider: Returning cached entry for /storage/emulated/0/logger/152330411e7d4_20150821_170017/logger
08-21 17:00:20.094  5746  7018 V LGMediaProvider: insertFile: values=is_hifi=0 bucket_id=1770306029 longitude=null protected_type=0 burst_id=null date_modified=1440187217 bucket_display_name=logger parent=182 format=12288 storage_id=65537 media_type=0 mime_type=null _data=/storage/emulated/0/logger/152330411e7d4_20150821_170017/logger/kernel.log title=kernel _size=344064 is_drm=false is_lock=0 date_added=1440187220 latitude=null storage_type=65537 returned: 191
08-21 17:00:20.096  5746  7018 D LGMediaProvider: [MediaScanner] insert() completed notifyChange, uri = content://media/external/file
08-21 17:00:20.098  5746  7018 V LGMediaProvider: insertInternal: content://media/, initValues=name=external
08-21 17:00:20.111  6603  6603 I MusicWidget: _mediaDataObserver onChange()
08-21 17:00:20.119  5746  7018 D MediaScannerService: [MediaScanner] scanFile() path = /storage/emulated/0/logger/152330411e7d4_20150821_170017/MediaDB/external.db-wal, volumeName = external
08-21 17:00:20.120  6603  6603 I MusicWidget: category == AppWidgetProviderInfo.WIDGET_CATEGORY_HOME_SCREEN
08-21 17:00:20.121  6603  6603 I MusicWidget: beingMusicWidget_4x2() result::true
08-21 17:00:20.121  6603  6603 I MusicWidget: getFavoriteValue()
08-21 17:00:20.121  6603  6603 I MusicWidget: android.os.DeadObjectException
08-21 17:00:20.121  6603  6603 I MusicWidget: isNeedUpdateByDBChange() result::false
08-21 17:00:20.154  5746  7018 D MediaScannerEx: [MediaScanner] scanSingleFile() path = /storage/emulated/0/logger/152330411e7d4_20150821_170017/MediaDB/external.db-wal, volumeName = external
08-21 17:00:20.162  5746 31618 E DatabaseUtils: Writing exception to parcel
08-21 17:00:20.162  5746 31618 E DatabaseUtils: java.lang.SecurityException: Permission Denial: reading com.android.providers.media.MediaProvider uri content://media/external/fs_id from pid=30501, uid=10112 requires android.permission.READ_EXTERNAL_STORAGE, or grantUriPermission()
08-21 17:00:20.162  5746 31618 E DatabaseUtils: 	at android.content.ContentProvider.enforceReadPermissionInner(ContentProvider.java:605)
08-21 17:00:20.162  5746 31618 E DatabaseUtils: 	at android.content.ContentProvider$Transport.enforceReadPermission(ContentProvider.java:480)
08-21 17:00:20.162  5746 31618 E DatabaseUtils: 	at android.content.ContentProvider$Transport.query(ContentProvider.java:211)
08-21 17:00:20.162  5746 31618 E DatabaseUtils: 	at android.content.ContentProviderNative.onTransact(ContentProviderNative.java:112)
08-21 17:00:20.162  5746 31618 E DatabaseUtils: 	at android.os.Binder.execTransact(Binder.java:453)
08-21 17:00:20.202  5746  7018 D MediaScannerEx: [MediaScanner] beginFile() path = /storage/emulated/0/logger/152330411e7d4_20150821_170017/MediaDB/external.db-wal
08-21 17:00:20.203  5746  7018 D LGMediaProvider: [MediaScanner] insert() uri = content://media/external/file, path = /storage/emulated/0/logger/152330411e7d4_20150821_170017/MediaDB/external.db-wal
08-21 17:00:20.203  5746  7018 V LGMediaProvider: insertInternal: content://media/external/file, initValues=is_hifi=0 mime_type=null _size=469712 title=external _data=/storage/emulated/0/logger/152330411e7d4_20150821_170017/MediaDB/external.db-wal longitude=null is_lock=0 is_drm=false latitude=null protected_type=0 date_modified=1440187217 format=12288
08-21 17:00:20.203  5746  7018 V LGMediaProvider: Returning cached entry for /storage/emulated/0/logger/152330411e7d4_20150821_170017/MediaDB
08-21 17:00:20.223  5746  7018 V LGMediaProvider: insertFile: values=is_hifi=0 bucket_id=-356590939 longitude=null protected_type=0 burst_id=null date_modified=1440187217 bucket_display_name=MediaDB parent=186 format=12288 storage_id=65537 media_type=0 mime_type=null _data=/storage/emulated/0/logger/152330411e7d4_20150821_170017/MediaDB/external.db-wal title=external _size=469712 is_drm=false is_lock=0 date_added=1440187220 latitude=null storage_type=65537 returned: 192
08-21 17:00:20.231  5746  7018 D LGMediaProvider: [MediaScanner] insert() completed notifyChange, uri = content://media/external/file
08-21 17:00:20.233  5746  7018 V LGMediaProvider: insertInternal: content://media/, initValues=name=external
08-21 17:00:20.253  5746  7018 D MediaScannerService: [MediaScanner] scanFile() path = /storage/emulated/0/logger/152330411e7d4_20150821_170017/logger/power.log, volumeName = external
08-21 17:00:20.253  6603  6603 I MusicWidget: _mediaDataObserver onChange()
08-21 17:00:20.257  6603  6603 I MusicWidget: category == AppWidgetProviderInfo.WIDGET_CATEGORY_HOME_SCREEN
08-21 17:00:20.257  6603  6603 I MusicWidget: beingMusicWidget_4x2() result::true
08-21 17:00:20.257  6603  6603 I MusicWidget: getFavoriteValue()
08-21 17:00:20.257  6603  6603 I MusicWidget: android.os.DeadObjectException
08-21 17:00:20.257  6603  6603 I MusicWidget: isNeedUpdateByDBChange() result::false
08-21 17:00:20.282  1567  2117 I PhoneWindowManagerEx: [PWM] sIsDimming=false, isDimChanging = false
08-21 17:00:20.282  1567  2117 I PhoneWindowManagerEx: [PWM][updateSystemUiVisibilityLw] tmpColorNavigationBar=0x1
08-21 17:00:20.282  1567  2117 I PhoneWindowManagerEx: [PWM][updateSystemUiVisibilityLw] mLastColorNavigationBar=0xff000000
08-21 17:00:20.282  1567  2117 D kyu     : WindowState::getSystemUiVisibilityLG = 0
08-21 17:00:20.282  1567  2117 I WindowManager: [PWM][updateSystemUiVisibilityLw] diffLG=0
08-21 17:00:20.282  1567  2117 I WindowManager: [PWM][updateSystemUiVisibilityLw] visibilityLG=0x0
08-21 17:00:20.282  1567  2117 I WindowManager: [PWM][updateSystemUiVisibilityLw] mLastSystemUiFlagsLG=0x0
08-21 17:00:20.292  1567  2117 I PhoneWindowManagerEx: [PWM] sIsDimming=false, isDimChanging = false
08-21 17:00:20.292  1567  2117 I PhoneWindowManagerEx: [PWM][updateSystemUiVisibilityLw] tmpColorNavigationBar=0x1
08-21 17:00:20.292  1567  2117 I PhoneWindowManagerEx: [PWM][updateSystemUiVisibilityLw] mLastColorNavigationBar=0xff000000
08-21 17:00:20.292  1567  2117 D kyu     : WindowState::getSystemUiVisibilityLG = 0
08-21 17:00:20.292  1567  2117 I WindowManager: [PWM][updateSystemUiVisibilityLw] diffLG=0
08-21 17:00:20.292  1567  2117 I WindowManager: [PWM][updateSystemUiVisibilityLw] visibilityLG=0x0
08-21 17:00:20.292  1567  2117 I WindowManager: [PWM][updateSystemUiVisibilityLw] mLastSystemUiFlagsLG=0x0
08-21 17:00:20.299  5746  6633 E DatabaseUtils: Writing exception to parcel
08-21 17:00:20.299  5746  6633 E DatabaseUtils: java.lang.SecurityException: Permission Denial: reading com.android.providers.media.MediaProvider uri content://media/external/fs_id from pid=30501, uid=10112 requires android.permission.READ_EXTERNAL_STORAGE, or grantUriPermission()
08-21 17:00:20.299  5746  6633 E DatabaseUtils: 	at android.content.ContentProvider.enforceReadPermissionInner(ContentProvider.java:605)
08-21 17:00:20.299  5746  6633 E DatabaseUtils: 	at android.content.ContentProvider$Transport.enforceReadPermission(ContentProvider.java:480)
08-21 17:00:20.299  5746  6633 E DatabaseUtils: 	at android.content.ContentProvider$Transport.query(ContentProvider.java:211)
08-21 17:00:20.299  5746  6633 E DatabaseUtils: 	at android.content.ContentProviderNative.onTransact(ContentProviderNative.java:112)
08-21 17:00:20.299  5746  6633 E DatabaseUtils: 	at android.os.Binder.execTransact(Binder.java:453)
08-21 17:00:20.312  5746  7018 D MediaScannerEx: [MediaScanner] scanSingleFile() path = /storage/emulated/0/logger/152330411e7d4_20150821_170017/logger/power.log, volumeName = external
08-21 17:00:20.324  3386  3533 V AudioFlinger: Audio hardware entering standby, mixer 0xf1040000, suspend count 0
08-21 17:00:20.324  3386  3533 D audio_hw_primary: out_standby: enter: stream (0xf1b28080) usecase(1: low-latency-playback)
08-21 17:00:20.350  5746  7018 D MediaScannerEx: [MediaScanner] beginFile() path = /storage/emulated/0/logger/152330411e7d4_20150821_170017/logger/power.log
08-21 17:00:20.351  5746  7018 D LGMediaProvider: [MediaScanner] insert() uri = content://media/external/file, path = /storage/emulated/0/logger/152330411e7d4_20150821_170017/logger/power.log
08-21 17:00:20.351  5746  7018 V LGMediaProvider: insertInternal: content://media/external/file, initValues=is_hifi=0 mime_type=null _size=0 title=power _data=/storage/emulated/0/logger/152330411e7d4_20150821_170017/logger/power.log longitude=null is_lock=0 is_drm=false latitude=null protected_type=0 date_modified=1440187217 format=12288
08-21 17:00:20.351  5746  7018 V LGMediaProvider: Returning cached entry for /storage/emulated/0/logger/152330411e7d4_20150821_170017/logger
08-21 17:00:20.355  3386  3533 V audio_hw_primary: stop_output_stream: enter: usecase(1: low-latency-playback)
08-21 17:00:20.355  3386  3533 V audio_hw_primary: disable_audio_route: enter: usecase(1)
08-21 17:00:20.355  3386  3533 V msm8974_platform_lge: LGE_platform_add_backend_name: enter: 2
08-21 17:00:20.355  3386  3533 V audio_hw_primary: disable_audio_route: reset and update mixer path: low-latency-playback quat-mi2s-speaker
08-21 17:00:20.358  3386  3533 V audio_hw_primary: disable_audio_route: exit
08-21 17:00:20.358  3386  3533 E audio_hw_primary: disable_snd_device: enter 2
08-21 17:00:20.358  3386  3533 D hardware_info: hw_info_append_hw_type : device_name = speaker
08-21 17:00:20.358  3386  3533 V audio_hw_primary: disable_snd_device: snd_device(2: speaker)
08-21 17:00:20.358  3386  3533 V audio_hw_3rdP_spkr_prot: lge_audio_3rdP_spk_prot_disable: Entry
08-21 17:00:20.371  5746  7018 V LGMediaProvider: insertFile: values=is_hifi=0 bucket_id=1770306029 longitude=null protected_type=0 burst_id=null date_modified=1440187217 bucket_display_name=logger parent=182 format=12288 storage_id=65537 media_type=0 mime_type=null _data=/storage/emulated/0/logger/152330411e7d4_20150821_170017/logger/power.log title=power _size=0 is_drm=false is_lock=0 date_added=1440187220 latitude=null storage_type=65537 returned: 193
08-21 17:00:20.372  5746  7018 D LGMediaProvider: [MediaScanner] insert() completed notifyChange, uri = content://media/external/file
08-21 17:00:20.378  5746  7018 V LGMediaProvider: insertInternal: content://media/, initValues=name=external
08-21 17:00:20.384  3386  3533 V audio_hw_3rdP_spkr_prot: lge_audio_3rdP_spk_prot_disable: Exit
08-21 17:00:20.384  3386  3533 V audio_hw_primary: stop_output_stream: exit: status(0)
08-21 17:00:20.384  3386  3533 V audio_hw_primary: out_standby: exit
08-21 17:00:20.384  3386  3533 V AudioFlinger: releaseWakeLock_l() AudioOut_2
08-21 17:00:20.385  3386  3533 V AudioFlinger: thread 0xf1040000 type 0 TID 3533 going to sleep
08-21 17:00:20.389  5746  7018 D MediaScannerService: [MediaScanner] scanFile() path = /storage/emulated/0/logger/152330411e7d4_20150821_170017/MediaDB/external.db-shm, volumeName = external
08-21 17:00:20.389  6603  6603 I MusicWidget: _mediaDataObserver onChange()
08-21 17:00:20.402  6603  6603 I MusicWidget: category == AppWidgetProviderInfo.WIDGET_CATEGORY_HOME_SCREEN
08-21 17:00:20.402  6603  6603 I MusicWidget: beingMusicWidget_4x2() result::true
08-21 17:00:20.402  6603  6603 I MusicWidget: getFavoriteValue()
08-21 17:00:20.402  6603  6603 I MusicWidget: android.os.DeadObjectException
08-21 17:00:20.402  6603  6603 I MusicWidget: isNeedUpdateByDBChange() result::false
08-21 17:00:20.424  5746  7018 D MediaScannerEx: [MediaScanner] scanSingleFile() path = /storage/emulated/0/logger/152330411e7d4_20150821_170017/MediaDB/external.db-shm, volumeName = external
08-21 17:00:20.430  5746  6631 E DatabaseUtils: Writing exception to parcel
08-21 17:00:20.430  5746  6631 E DatabaseUtils: java.lang.SecurityException: Permission Denial: reading com.android.providers.media.MediaProvider uri content://media/external/fs_id from pid=30501, uid=10112 requires android.permission.READ_EXTERNAL_STORAGE, or grantUriPermission()
08-21 17:00:20.430  5746  6631 E DatabaseUtils: 	at android.content.ContentProvider.enforceReadPermissionInner(ContentProvider.java:605)
08-21 17:00:20.430  5746  6631 E DatabaseUtils: 	at android.content.ContentProvider$Transport.enforceReadPermission(ContentProvider.java:480)
08-21 17:00:20.430  5746  6631 E DatabaseUtils: 	at android.content.ContentProvider$Transport.query(ContentProvider.java:211)
08-21 17:00:20.430  5746  6631 E DatabaseUtils: 	at android.content.ContentProviderNative.onTransact(ContentProviderNative.java:112)
08-21 17:00:20.430  5746  6631 E DatabaseUtils: 	at android.os.Binder.execTransact(Binder.java:453)
08-21 17:00:20.463  3386  3386 D audio_hw_extn: audio_extn_get_parameters: returns 
08-21 17:00:20.463  3386  3386 V msm8974_platform: platform_get_parameters: exit: returns - 
08-21 17:00:20.463  3386  3386 V audio_hw_primary: adev_get_parameters: exit: returns - 
08-21 17:00:20.463  3386  3386 I str_params: key: 'isSwIrrc' value: ''
08-21 17:00:20.498  5746  7018 D MediaScannerEx: [MediaScanner] beginFile() path = /storage/emulated/0/logger/152330411e7d4_20150821_170017/MediaDB/external.db-shm
08-21 17:00:20.499  5746  7018 D LGMediaProvider: [MediaScanner] insert() uri = content://media/external/file, path = /storage/emulated/0/logger/152330411e7d4_20150821_170017/MediaDB/external.db-shm
08-21 17:00:20.499  5746  7018 V LGMediaProvider: insertInternal: content://media/external/file, initValues=is_hifi=0 mime_type=null _size=32768 title=external _data=/storage/emulated/0/logger/152330411e7d4_20150821_170017/MediaDB/external.db-shm longitude=null is_lock=0 is_drm=false latitude=null protected_type=0 date_modified=1440187217 format=12288
08-21 17:00:20.499  5746  7018 V LGMediaProvider: Returning cached entry for /storage/emulated/0/logger/152330411e7d4_20150821_170017/MediaDB
08-21 17:00:20.514  3599  3599 D [SystemUI]VolumeSlider: seekbar maxVolume = 7, volume = 5, plusone = 0
08-21 17:00:20.526  5746  7018 V LGMediaProvider: insertFile: values=is_hifi=0 bucket_id=-356590939 longitude=null protected_type=0 burst_id=null date_modified=1440187217 bucket_display_name=MediaDB parent=186 format=12288 storage_id=65537 media_type=0 mime_type=null _data=/storage/emulated/0/logger/152330411e7d4_20150821_170017/MediaDB/external.db-shm title=external _size=32768 is_drm=false is_lock=0 date_added=1440187220 latitude=null storage_type=65537 returned: 194
08-21 17:00:20.530  5746  7018 D LGMediaProvider: [MediaScanner] insert() completed notifyChange, uri = content://media/external/file
08-21 17:00:20.534  5746  7018 V LGMediaProvider: insertInternal: content://media/, initValues=name=external
08-21 17:00:20.551  6603  6603 I MusicWidget: _mediaDataObserver onChange()
08-21 17:00:20.560  6603  6603 I MusicWidget: category == AppWidgetProviderInfo.WIDGET_CATEGORY_HOME_SCREEN
08-21 17:00:20.560  6603  6603 I MusicWidget: beingMusicWidget_4x2() result::true
08-21 17:00:20.560  6603  6603 I MusicWidget: getFavoriteValue()
08-21 17:00:20.560  6603  6603 I MusicWidget: android.os.DeadObjectException
08-21 17:00:20.560  6603  6603 I MusicWidget: isNeedUpdateByDBChange() result::false
08-21 17:00:20.568  5746  7018 D MediaScannerService: [MediaScanner] scanFile() path = /storage/emulated/0/logger/152330411e7d4_20150821_170017/logger/packet.pcap0, volumeName = external
08-21 17:00:20.589  5746  6629 E DatabaseUtils: Writing exception to parcel
08-21 17:00:20.589  5746  6629 E DatabaseUtils: java.lang.SecurityException: Permission Denial: reading com.android.providers.media.MediaProvider uri content://media/external/fs_id from pid=30501, uid=10112 requires android.permission.READ_EXTERNAL_STORAGE, or grantUriPermission()
08-21 17:00:20.589  5746  6629 E DatabaseUtils: 	at android.content.ContentProvider.enforceReadPermissionInner(ContentProvider.java:605)
08-21 17:00:20.589  5746  6629 E DatabaseUtils: 	at android.content.ContentProvider$Transport.enforceReadPermission(ContentProvider.java:480)
08-21 17:00:20.589  5746  6629 E DatabaseUtils: 	at android.content.ContentProvider$Transport.query(ContentProvider.java:211)
08-21 17:00:20.589  5746  6629 E DatabaseUtils: 	at android.content.ContentProviderNative.onTransact(ContentProviderNative.java:112)
08-21 17:00:20.589  5746  6629 E DatabaseUtils: 	at android.os.Binder.execTransact(Binder.java:453)
08-21 17:00:20.589  5746  7018 D MediaScannerEx: [MediaScanner] scanSingleFile() path = /storage/emulated/0/logger/152330411e7d4_20150821_170017/logger/packet.pcap0, volumeName = external
08-21 17:00:20.633  5746  7018 D MediaScannerEx: [MediaScanner] beginFile() path = /storage/emulated/0/logger/152330411e7d4_20150821_170017/logger/packet.pcap0
08-21 17:00:20.634  5746  7018 D LGMediaProvider: [MediaScanner] insert() uri = content://media/external/file, path = /storage/emulated/0/logger/152330411e7d4_20150821_170017/logger/packet.pcap0
08-21 17:00:20.634  5746  7018 V LGMediaProvider: insertInternal: content://media/external/file, initValues=is_hifi=0 mime_type=null _size=0 title=packet _data=/storage/emulated/0/logger/152330411e7d4_20150821_170017/logger/packet.pcap0 longitude=null is_lock=0 is_drm=false latitude=null protected_type=0 date_modified=1440187217 format=12288
08-21 17:00:20.634  5746  7018 V LGMediaProvider: Returning cached entry for /storage/emulated/0/logger/152330411e7d4_20150821_170017/logger
08-21 17:00:20.648  5746  7018 V LGMediaProvider: insertFile: values=is_hifi=0 bucket_id=1770306029 longitude=null protected_type=0 burst_id=null date_modified=1440187217 bucket_display_name=logger parent=182 format=12288 storage_id=65537 media_type=0 mime_type=null _data=/storage/emulated/0/logger/152330411e7d4_20150821_170017/logger/packet.pcap0 title=packet _size=0 is_drm=false is_lock=0 date_added=1440187220 latitude=null storage_type=65537 returned: 195
08-21 17:00:20.650  5746  7018 D LGMediaProvider: [MediaScanner] insert() completed notifyChange, uri = content://media/external/file
08-21 17:00:20.652  5746  7018 V LGMediaProvider: insertInternal: content://media/, initValues=name=external
08-21 17:00:20.669  6603  6603 I MusicWidget: _mediaDataObserver onChange()
08-21 17:00:20.678  6603  6603 I MusicWidget: category == AppWidgetProviderInfo.WIDGET_CATEGORY_HOME_SCREEN
08-21 17:00:20.678  6603  6603 I MusicWidget: beingMusicWidget_4x2() result::true
08-21 17:00:20.678  6603  6603 I MusicWidget: getFavoriteValue()
08-21 17:00:20.678  6603  6603 I MusicWidget: android.os.DeadObjectException
08-21 17:00:20.678  6603  6603 I MusicWidget: isNeedUpdateByDBChange() result::false
08-21 17:00:20.686  5746  7018 D MediaScannerService: [MediaScanner] scanFile() path = /storage/emulated/0/logger/152330411e7d4_20150821_170017/MediaDB/internal.db, volumeName = external
08-21 17:00:20.707  5746  7018 D MediaScannerEx: [MediaScanner] scanSingleFile() path = /storage/emulated/0/logger/152330411e7d4_20150821_170017/MediaDB/internal.db, volumeName = external
08-21 17:00:20.714  5746  5762 E DatabaseUtils: Writing exception to parcel
08-21 17:00:20.714  5746  5762 E DatabaseUtils: java.lang.SecurityException: Permission Denial: reading com.android.providers.media.MediaProvider uri content://media/external/fs_id from pid=30501, uid=10112 requires android.permission.READ_EXTERNAL_STORAGE, or grantUriPermission()
08-21 17:00:20.714  5746  5762 E DatabaseUtils: 	at android.content.ContentProvider.enforceReadPermissionInner(ContentProvider.java:605)
08-21 17:00:20.714  5746  5762 E DatabaseUtils: 	at android.content.ContentProvider$Transport.enforceReadPermission(ContentProvider.java:480)
08-21 17:00:20.714  5746  5762 E DatabaseUtils: 	at android.content.ContentProvider$Transport.query(ContentProvider.java:211)
08-21 17:00:20.714  5746  5762 E DatabaseUtils: 	at android.content.ContentProviderNative.onTransact(ContentProviderNative.java:112)
08-21 17:00:20.714  5746  5762 E DatabaseUtils: 	at android.os.Binder.execTransact(Binder.java:453)
08-21 17:00:20.752   707   707 I MSM-irqbalance: Decided to move IRQ132 from CPU0 to CPU3
08-21 17:00:20.759  5746  7018 D MediaScannerEx: [MediaScanner] beginFile() path = /storage/emulated/0/logger/152330411e7d4_20150821_170017/MediaDB/internal.db
08-21 17:00:20.760  5746  7018 D LGMediaProvider: [MediaScanner] insert() uri = content://media/external/file, path = /storage/emulated/0/logger/152330411e7d4_20150821_170017/MediaDB/internal.db
08-21 17:00:20.760  5746  7018 V LGMediaProvider: insertInternal: content://media/external/file, initValues=is_hifi=0 mime_type=null _size=180224 title=internal _data=/storage/emulated/0/logger/152330411e7d4_20150821_170017/MediaDB/internal.db longitude=null is_lock=0 is_drm=false latitude=null protected_type=0 date_modified=1440187217 format=12288
08-21 17:00:20.760  5746  7018 V LGMediaProvider: Returning cached entry for /storage/emulated/0/logger/152330411e7d4_20150821_170017/MediaDB
08-21 17:00:20.765  1567  3233 D InputDispatcher: notifyMotion - action=ACTION_DOWN(0), id=0, x=705.000, y=402.000, tooltype=1, deviceId=4, source=0x1002, policyFlags=0x0, flags=0x0, metaState=0x0, buttonState=0x0, edgeFlags=0x0, eventTime=14372876312000, downTime=14372876312000, 
08-21 17:00:20.765  1567  3232 D InputTransport: channel '73e0648 StatusBar (server)' : action=ACTION_DOWN(0), id=0, x=705.000, y=402.000, [tooltype=1, deviceId=4, source=0x1002, flags=0x0, edgeFlags=0x0, metaState=0x0, buttonState=0x0, downTime=14372876312000, eventTime=14372876312000, pointerCount=1
08-21 17:00:20.766  3599  3599 D [SystemUI]StatusBarWindowView: onInterceptTouchEvent() ACTION_DOWN MotionEvent { action=ACTION_DOWN, actionButton=0, id[0]=0, x[0]=705.0, y[0]=402.0, toolType[0]=TOOL_TYPE_FINGER, buttonState=0, metaState=0, flags=0x0, edgeFlags=0x0, pointerCount=1, historySize=0, eventTime=14372876, downTime=14372876, deviceId=4, source=0x1002 }
08-21 17:00:20.770  3599  3599 D KeyguardSecurityModel: 0 Phone is READY
08-21 17:00:20.770  3599  3599 D KeyguardUpdateMonitor: ###### current user : 0
08-21 17:00:20.772  3599  3599 D [SystemUI]NotificationPanelView: onQsIntercept ACTION_DOWN shouldQuickSettingsIntercept:false,mQsExpansionAnimator=null
08-21 17:00:20.772  3599  3599 D [SystemUI]PanelView: onInterceptTouchEvent ACTION_DOWN does not cancel heightAnimator mAnimatingOnDown:false,mClosing:false,mPeekAnimator:null
08-21 17:00:20.779  5746  7018 V LGMediaProvider: insertFile: values=is_hifi=0 bucket_id=-356590939 longitude=null protected_type=0 burst_id=null date_modified=1440187217 bucket_display_name=MediaDB parent=186 format=12288 storage_id=65537 media_type=0 mime_type=null _data=/storage/emulated/0/logger/152330411e7d4_20150821_170017/MediaDB/internal.db title=internal _size=180224 is_drm=false is_lock=0 date_added=1440187220 latitude=null storage_type=65537 returned: 196
08-21 17:00:20.784  5746  7018 D LGMediaProvider: [MediaScanner] insert() completed notifyChange, uri = content://media/external/file
08-21 17:00:20.786  5746  7018 V LGMediaProvider: insertInternal: content://media/, initValues=name=external
08-21 17:00:20.812  6603  6603 I MusicWidget: _mediaDataObserver onChange()
08-21 17:00:20.822  6603  6603 I MusicWidget: category == AppWidgetProviderInfo.WIDGET_CATEGORY_HOME_SCREEN
08-21 17:00:20.822  6603  6603 I MusicWidget: beingMusicWidget_4x2() result::true
08-21 17:00:20.822  6603  6603 I MusicWidget: getFavoriteValue()
08-21 17:00:20.823  6603  6603 I MusicWidget: android.os.DeadObjectException
08-21 17:00:20.823  6603  6603 I MusicWidget: isNeedUpdateByDBChange() result::false
08-21 17:00:20.835  5746  7018 D MediaScannerService: [MediaScanner] scanFile() path = /storage/emulated/0/logger/152330411e7d4_20150821_170017/anr/traces.txt.bugreport, volumeName = external
08-21 17:00:20.853  5746  7018 D MediaScannerEx: [MediaScanner] scanSingleFile() path = /storage/emulated/0/logger/152330411e7d4_20150821_170017/anr/traces.txt.bugreport, volumeName = external
08-21 17:00:20.856  5746 31618 E DatabaseUtils: Writing exception to parcel
08-21 17:00:20.856  5746 31618 E DatabaseUtils: java.lang.SecurityException: Permission Denial: reading com.android.providers.media.MediaProvider uri content://media/external/fs_id from pid=30501, uid=10112 requires android.permission.READ_EXTERNAL_STORAGE, or grantUriPermission()
08-21 17:00:20.856  5746 31618 E DatabaseUtils: 	at android.content.ContentProvider.enforceReadPermissionInner(ContentProvider.java:605)
08-21 17:00:20.856  5746 31618 E DatabaseUtils: 	at android.content.ContentProvider$Transport.enforceReadPermission(ContentProvider.java:480)
08-21 17:00:20.856  5746 31618 E DatabaseUtils: 	at android.content.ContentProvider$Transport.query(ContentProvider.java:211)
08-21 17:00:20.856  5746 31618 E DatabaseUtils: 	at android.content.ContentProviderNative.onTransact(ContentProviderNative.java:112)
08-21 17:00:20.856  5746 31618 E DatabaseUtils: 	at android.os.Binder.execTransact(Binder.java:453)
08-21 17:00:20.896  5746  7018 D MediaScannerEx: [MediaScanner] beginFile() path = /storage/emulated/0/logger/152330411e7d4_20150821_170017/anr/traces.txt.bugreport
08-21 17:00:20.897  5746  7018 D LGMediaProvider: [MediaScanner] insert() uri = content://media/external/file, path = /storage/emulated/0/logger/152330411e7d4_20150821_170017/anr/traces.txt.bugreport
08-21 17:00:20.897  5746  7018 V LGMediaProvider: insertInternal: content://media/external/file, initValues=is_hifi=0 mime_type=null _size=2316540 title=traces.txt _data=/storage/emulated/0/logger/152330411e7d4_20150821_170017/anr/traces.txt.bugreport longitude=null is_lock=0 is_drm=false latitude=null protected_type=0 date_modified=1440187217 format=12288
08-21 17:00:20.898  5746  7018 V LGMediaProvider: inserting directory /storage/emulated/0/logger/152330411e7d4_20150821_170017/anr
08-21 17:00:20.898  5746  7018 V LGMediaProvider: Returning cached entry for /storage/emulated/0/logger/152330411e7d4_20150821_170017
08-21 17:00:21.018  5746  7018 V LGMediaProvider: Inserted /storage/emulated/0/logger/152330411e7d4_20150821_170017/anr
08-21 17:00:21.028  3386  3958 D audio_hw_extn: audio_extn_get_parameters: returns 
08-21 17:00:21.028  3386  3958 V msm8974_platform: platform_get_parameters: exit: returns - 
08-21 17:00:21.028  3386  3958 V audio_hw_primary: adev_get_parameters: exit: returns - 
08-21 17:00:21.028  3386  3958 I str_params: key: 'isSwIrrc' value: ''
08-21 17:00:21.033  5746  7018 V LGMediaProvider: insertFile: values=is_hifi=0 bucket_id=-622765400 longitude=null protected_type=0 burst_id=null date_modified=1440187217 bucket_display_name=anr parent=197 format=12288 storage_id=65537 media_type=0 mime_type=null _data=/storage/emulated/0/logger/152330411e7d4_20150821_170017/anr/traces.txt.bugreport title=traces.txt _size=2316540 is_drm=false is_lock=0 date_added=1440187220 latitude=null storage_type=65537 returned: 198
08-21 17:00:21.035  5746  7018 D LGMediaProvider: [MediaScanner] insert() completed notifyChange, uri = content://media/external/file
08-21 17:00:21.037  5746  7018 V LGMediaProvider: insertInternal: content://media/, initValues=name=external
08-21 17:00:21.045  3599  3599 D [SystemUI]VolumeSlider: seekbar maxVolume = 7, volume = 5, plusone = 0
08-21 17:00:21.056  5746  7018 D MediaScannerService: [MediaScanner] scanFile() path = /storage/emulated/0/logger/152330411e7d4_20150821_170017/MediaDB/internal.db-wal, volumeName = external
08-21 17:00:21.056  6603  6603 I MusicWidget: _mediaDataObserver onChange()
08-21 17:00:21.066  6603  6603 I MusicWidget: category == AppWidgetProviderInfo.WIDGET_CATEGORY_HOME_SCREEN
08-21 17:00:21.066  6603  6603 I MusicWidget: beingMusicWidget_4x2() result::true
08-21 17:00:21.067  6603  6603 I MusicWidget: getFavoriteValue()
08-21 17:00:21.067  6603  6603 I MusicWidget: android.os.DeadObjectException
08-21 17:00:21.067  6603  6603 I MusicWidget: isNeedUpdateByDBChange() result::false
08-21 17:00:21.093  5746  7018 D MediaScannerEx: [MediaScanner] scanSingleFile() path = /storage/emulated/0/logger/152330411e7d4_20150821_170017/MediaDB/internal.db-wal, volumeName = external
08-21 17:00:21.093  5746  6633 E DatabaseUtils: Writing exception to parcel
08-21 17:00:21.093  5746  6633 E DatabaseUtils: java.lang.SecurityException: Permission Denial: reading com.android.providers.media.MediaProvider uri content://media/external/fs_id from pid=30501, uid=10112 requires android.permission.READ_EXTERNAL_STORAGE, or grantUriPermission()
08-21 17:00:21.093  5746  6633 E DatabaseUtils: 	at android.content.ContentProvider.enforceReadPermissionInner(ContentProvider.java:605)
08-21 17:00:21.093  5746  6633 E DatabaseUtils: 	at android.content.ContentProvider$Transport.enforceReadPermission(ContentProvider.java:480)
08-21 17:00:21.093  5746  6633 E DatabaseUtils: 	at android.content.ContentProvider$Transport.query(ContentProvider.java:211)
08-21 17:00:21.093  5746  6633 E DatabaseUtils: 	at android.content.ContentProviderNative.onTransact(ContentProviderNative.java:112)
08-21 17:00:21.093  5746  6633 E DatabaseUtils: 	at android.os.Binder.execTransact(Binder.java:453)
08-21 17:00:21.134  5746  7018 D MediaScannerEx: [MediaScanner] beginFile() path = /storage/emulated/0/logger/152330411e7d4_20150821_170017/MediaDB/internal.db-wal
08-21 17:00:21.135  5746  7018 D LGMediaProvider: [MediaScanner] insert() uri = content://media/external/file, path = /storage/emulated/0/logger/152330411e7d4_20150821_170017/MediaDB/internal.db-wal
08-21 17:00:21.135  5746  7018 V LGMediaProvider: insertInternal: content://media/external/file, initValues=is_hifi=0 mime_type=null _size=436752 title=internal _data=/storage/emulated/0/logger/152330411e7d4_20150821_170017/MediaDB/internal.db-wal longitude=null is_lock=0 is_drm=false latitude=null protected_type=0 date_modified=1440187217 format=12288
08-21 17:00:21.135  5746  7018 V LGMediaProvider: Returning cached entry for /storage/emulated/0/logger/152330411e7d4_20150821_170017/MediaDB
08-21 17:00:21.149  5746  7018 V LGMediaProvider: insertFile: values=is_hifi=0 bucket_id=-356590939 longitude=null protected_type=0 burst_id=null date_modified=1440187217 bucket_display_name=MediaDB parent=186 format=12288 storage_id=65537 media_type=0 mime_type=null _data=/storage/emulated/0/logger/152330411e7d4_20150821_170017/MediaDB/internal.db-wal title=internal _size=436752 is_drm=false is_lock=0 date_added=1440187221 latitude=null storage_type=65537 returned: 199
08-21 17:00:21.150  5746  7018 D LGMediaProvider: [MediaScanner] insert() completed notifyChange, uri = content://media/external/file
08-21 17:00:21.152  5746  7018 V LGMediaProvider: insertInternal: content://media/, initValues=name=external
08-21 17:00:21.160  6603  6603 I MusicWidget: _mediaDataObserver onChange()
08-21 17:00:21.163  5746  7018 D MediaScannerService: [MediaScanner] scanFile() path = /storage/emulated/0/logger/152330411e7d4_20150821_170017/MediaDB/internal.db-shm, volumeName = external
08-21 17:00:21.165  6603  6603 I MusicWidget: category == AppWidgetProviderInfo.WIDGET_CATEGORY_HOME_SCREEN
08-21 17:00:21.165  6603  6603 I MusicWidget: beingMusicWidget_4x2() result::true
08-21 17:00:21.165  6603  6603 I MusicWidget: getFavoriteValue()
08-21 17:00:21.165  6603  6603 I MusicWidget: android.os.DeadObjectException
08-21 17:00:21.165  6603  6603 I MusicWidget: isNeedUpdateByDBChange() result::false
08-21 17:00:21.185  5746  7018 D MediaScannerEx: [MediaScanner] scanSingleFile() path = /storage/emulated/0/logger/152330411e7d4_20150821_170017/MediaDB/internal.db-shm, volumeName = external
08-21 17:00:21.189  5746  6629 E DatabaseUtils: Writing exception to parcel
08-21 17:00:21.189  5746  6629 E DatabaseUtils: java.lang.SecurityException: Permission Denial: reading com.android.providers.media.MediaProvider uri content://media/external/fs_id from pid=30501, uid=10112 requires android.permission.READ_EXTERNAL_STORAGE, or grantUriPermission()
08-21 17:00:21.189  5746  6629 E DatabaseUtils: 	at android.content.ContentProvider.enforceReadPermissionInner(ContentProvider.java:605)
08-21 17:00:21.189  5746  6629 E DatabaseUtils: 	at android.content.ContentProvider$Transport.enforceReadPermission(ContentProvider.java:480)
08-21 17:00:21.189  5746  6629 E DatabaseUtils: 	at android.content.ContentProvider$Transport.query(ContentProvider.java:211)
08-21 17:00:21.189  5746  6629 E DatabaseUtils: 	at android.content.ContentProviderNative.onTransact(ContentProviderNative.java:112)
08-21 17:00:21.189  5746  6629 E DatabaseUtils: 	at android.os.Binder.execTransact(Binder.java:453)
08-21 17:00:21.240  5746  7018 D MediaScannerEx: [MediaScanner] beginFile() path = /storage/emulated/0/logger/152330411e7d4_20150821_170017/MediaDB/internal.db-shm
08-21 17:00:21.241  5746  7018 D LGMediaProvider: [MediaScanner] insert() uri = content://media/external/file, path = /storage/emulated/0/logger/152330411e7d4_20150821_170017/MediaDB/internal.db-shm
08-21 17:00:21.241  5746  7018 V LGMediaProvider: insertInternal: content://media/external/file, initValues=is_hifi=0 mime_type=null _size=32768 title=internal _data=/storage/emulated/0/logger/152330411e7d4_20150821_170017/MediaDB/internal.db-shm longitude=null is_lock=0 is_drm=false latitude=null protected_type=0 date_modified=1440187217 format=12288
08-21 17:00:21.241  5746  7018 V LGMediaProvider: Returning cached entry for /storage/emulated/0/logger/152330411e7d4_20150821_170017/MediaDB
08-21 17:00:21.252  5746  7018 V LGMediaProvider: insertFile: values=is_hifi=0 bucket_id=-356590939 longitude=null protected_type=0 burst_id=null date_modified=1440187217 bucket_display_name=MediaDB parent=186 format=12288 storage_id=65537 media_type=0 mime_type=null _data=/storage/emulated/0/logger/152330411e7d4_20150821_170017/MediaDB/internal.db-shm title=internal _size=32768 is_drm=false is_lock=0 date_added=1440187221 latitude=null storage_type=65537 returned: 200
08-21 17:00:21.253  5746  7018 D LGMediaProvider: [MediaScanner] insert() completed notifyChange, uri = content://media/external/file
08-21 17:00:21.287  4064 27317 V SplitWindowPolicy: checkScreen => return. sourceIntent is null or not support SplitWindow component: ComponentInfo{com.lge.wifisettings/com.lge.wifisettings.activity.WifiScreenSettingsActivity}
08-21 17:00:21.288  1567  1680 V SplitWindowManager: checkScreen takes for 6 ms.
08-21 17:00:21.288  1567  1680 D SplitInfo: new ActivitySplitInfo : ActivitySplitInfo [screenZone=0/ flag=0x0/ state=NATIVE/ forceFullScreen=false]
08-21 17:00:21.288  1567  1680 V SplitWindowManager: prepareSplitWindowLocked blank for debug
08-21 17:00:21.288  1567  1680 V SplitWindowManager: findTaskLocked set ActivitySplitInfo [screenZone=0/ flag=0x0/ state=NATIVE/ forceFullScreen=false] to ActivityRecord{87c98f5 u0 com.lge.wifisettings/.activity.WifiScreenSettingsActivity t75}
08-21 17:00:21.288  1567  1680 V SplitWindowManager: bringStackToFront : ActivityRecord{87c98f5 u0 com.lge.wifisettings/.activity.WifiScreenSettingsActivity t75}
08-21 17:00:21.294  1567  1680 I PhoneWindowManagerEx: [PWM] sIsDimming=false, isDimChanging = false
08-21 17:00:21.294  1567  1680 I PhoneWindowManagerEx: [PWM][updateSystemUiVisibilityLw] tmpColorNavigationBar=0x1
08-21 17:00:21.294  1567  1680 I PhoneWindowManagerEx: [PWM][updateSystemUiVisibilityLw] mLastColorNavigationBar=0xff000000
08-21 17:00:21.294  1567  1680 D kyu     : WindowState::getSystemUiVisibilityLG = 0
08-21 17:00:21.294  1567  1680 I WindowManager: [PWM][updateSystemUiVisibilityLw] diffLG=0
08-21 17:00:21.294  1567  1680 I WindowManager: [PWM][updateSystemUiVisibilityLw] visibilityLG=0x0
08-21 17:00:21.294  1567  1680 I WindowManager: [PWM][updateSystemUiVisibilityLw] mLastSystemUiFlagsLG=0x0
08-21 17:00:21.301  1567  1680 D FingerprintProtector: This is not product version.
08-21 17:00:21.352  1567  1680 I SplitWindowManager: updateActivityState: ActivityRecord{47d8006 u0 com.lge.hiddenmenu/.SVC.log_service.MainActivity t54}/ resumed=false
08-21 17:00:21.352  1567  1680 V SplitWindowManager: SplitWindowManager dumpstate.(_mState : NORMAL)
08-21 17:00:21.352  1567  1680 V SplitWindowManager: _mSplitActivityList(1)_______
08-21 17:00:21.352  1567  1680 V SplitWindowManager:  * SplitActivity{14d33f3 com.lge.hiddenmenu/.SVC.log_service.MainActivity t54 s2 PAUSING ActivitySplitInfo [screenZone=0/ flag=0x0/ state=NATIVE/ forceFullScreen=false]
08-21 17:00:21.352  1567  1680 V SplitWindowManager: _mPreparedActivity : 
08-21 17:00:21.353  1567  1955 D SplitWindowManager: SplitWindowManagerHandler:handleMessage: 501
08-21 17:00:21.354  4064  4082 D SplitWindowPolicy: updateActivityStateChanged: resumed=false, screenId=2, isScreenFull=true
08-21 17:00:21.354  4064  4082 D SplitWindowPolicy: topRunningActivity=ActivityInfo{94ce465 com.lge.hiddenmenu.SVC.log_service.MainActivity}, taskId=54, activityType=0, bIsSplit=false
08-21 17:00:21.361  1567  1680 I PhoneWindowManagerEx: [PWM] sIsDimming=false, isDimChanging = false
08-21 17:00:21.361  1567  1680 I PhoneWindowManagerEx: [PWM][updateSystemUiVisibilityLw] tmpColorNavigationBar=0x1
08-21 17:00:21.361  1567  1680 I PhoneWindowManagerEx: [PWM][updateSystemUiVisibilityLw] mLastColorNavigationBar=0xff000000
08-21 17:00:21.361  1567  1680 D kyu     : WindowState::getSystemUiVisibilityLG = 0
08-21 17:00:21.361  1567  1680 I WindowManager: [PWM][updateSystemUiVisibilityLw] diffLG=0
08-21 17:00:21.361  1567  1680 I WindowManager: [PWM][updateSystemUiVisibilityLw] visibilityLG=0x0
08-21 17:00:21.361  1567  1680 I WindowManager: [PWM][updateSystemUiVisibilityLw] mLastSystemUiFlagsLG=0x0
08-21 17:00:21.407  1567  1680 I PhoneWindowManagerEx: [PWM] sIsDimming=false, isDimChanging = false
08-21 17:00:21.407  1567  1680 I PhoneWindowManagerEx: [PWM][updateSystemUiVisibilityLw] tmpColorNavigationBar=0x1
08-21 17:00:21.407  1567  1680 I PhoneWindowManagerEx: [PWM][updateSystemUiVisibilityLw] mLastColorNavigationBar=0xff000000
08-21 17:00:21.407  1567  1680 D kyu     : WindowState::getSystemUiVisibilityLG = 0
08-21 17:00:21.407  1567  1680 I WindowManager: [PWM][updateSystemUiVisibilityLw] diffLG=0
08-21 17:00:21.407  1567  1680 I WindowManager: [PWM][updateSystemUiVisibilityLw] visibilityLG=0x0
08-21 17:00:21.407  1567  1680 I WindowManager: [PWM][updateSystemUiVisibilityLw] mLastSystemUiFlagsLG=0x0
08-21 17:00:21.410  1567  1680 V SplitWindowManager: startActivityLocked has blank for debug ActivityRecord{5fc2555 u0 com.lge.wifisettings/.activity.WifiScreenSettingsActivity t75}
08-21 17:00:21.413  1567  1680 D FingerprintProtector: This is not product version.
08-21 17:00:21.414  1567  1680 I PhoneWindowManagerEx: [PWM] sIsDimming=false, isDimChanging = false
08-21 17:00:21.414  1567  1680 I PhoneWindowManagerEx: [PWM][updateSystemUiVisibilityLw] tmpColorNavigationBar=0x1
08-21 17:00:21.414  1567  1680 I PhoneWindowManagerEx: [PWM][updateSystemUiVisibilityLw] mLastColorNavigationBar=0xff000000
08-21 17:00:21.414  1567  1680 D kyu     : WindowState::getSystemUiVisibilityLG = 0
08-21 17:00:21.414  1567  1680 I WindowManager: [PWM][updateSystemUiVisibilityLw] diffLG=0
08-21 17:00:21.414  1567  1680 I WindowManager: [PWM][updateSystemUiVisibilityLw] visibilityLG=0x0
08-21 17:00:21.414  1567  1680 I WindowManager: [PWM][updateSystemUiVisibilityLw] mLastSystemUiFlagsLG=0x0
08-21 17:00:21.426  4064  4582 D QcomPmext: activity start: com.lge.wifisettings/com.lge.wifisettings.activity.WifiScreenSettingsActivity
08-21 17:00:21.427  1567  4172 D FingerprintProtector: This is not product version.
08-21 17:00:21.428  1567  4172 D SplitWindowManager: updateStackInfo as SplitActivity{835f8f8 com.lge.wifisettings/.activity.WifiScreenSettingsActivity t75 s2 INITIALIZING ActivitySplitInfo [screenZone=0/ flag=0x0/ state=NATIVE/ forceFullScreen=false]
08-21 17:00:21.428  1567  4172 I SplitWindowManager: new SplitActivity created. 137754872: ActivityRecord{5fc2555 u0 com.lge.wifisettings/.activity.WifiScreenSettingsActivity t75}
08-21 17:00:21.428  1567  4172 V SplitWindowManager:   check task = TaskRecord{515e62c #75 I=com.lge.wifisettings/.activity.WifiScreenSettingsActivity U=0 sz=2}
08-21 17:00:21.428  1567  4172 V SplitWindowManager:   check stack = ActivityStack{a0ad853 stackId=2, 12 tasks}
08-21 17:00:21.428  1567  4172 V SplitWindowManager:  has blank for debug on ensureActivitiesVisibleLocked
08-21 17:00:21.437  1567  4172 I SplitWindowManager: updateActivityState: ActivityRecord{5fc2555 u0 com.lge.wifisettings/.activity.WifiScreenSettingsActivity t75}/ resumed=true
08-21 17:00:21.437  1567  4172 V SplitWindowManager: remove from list : SplitActivity{14d33f3 com.lge.hiddenmenu/.SVC.log_service.MainActivity t54 s2 PAUSED ActivitySplitInfo [screenZone=0/ flag=0x0/ state=NATIVE/ forceFullScreen=false]
08-21 17:00:21.437  1567  4172 V SplitWindowManager: add to list : SplitActivity{835f8f8 com.lge.wifisettings/.activity.WifiScreenSettingsActivity t75 s2 RESUMED ActivitySplitInfo [screenZone=0/ flag=0x0/ state=NATIVE/ forceFullScreen=false]
08-21 17:00:21.437  1567  4172 V SplitWindowManager: SplitWindowManager dumpstate.(_mState : NORMAL)
08-21 17:00:21.437  1567  4172 V SplitWindowManager: _mSplitActivityList(1)_______
08-21 17:00:21.437  1567  4172 V SplitWindowManager:  * SplitActivity{835f8f8 com.lge.wifisettings/.activity.WifiScreenSettingsActivity t75 s2 RESUMED ActivitySplitInfo [screenZone=0/ flag=0x0/ state=NATIVE/ forceFullScreen=false]
08-21 17:00:21.437  1567  4172 V SplitWindowManager: _mPreparedActivity : 
08-21 17:00:21.437  1567  4172 V SplitWindowManager: ensureActivitiesVisibleLocked has blank for debug 
08-21 17:00:21.437  1567  4172 I PhoneWindowManagerEx: [PWM] sIsDimming=false, isDimChanging = false
08-21 17:00:21.437  1567  4172 I PhoneWindowManagerEx: [PWM][updateSystemUiVisibilityLw] tmpColorNavigationBar=0x1
08-21 17:00:21.437  1567  4172 I PhoneWindowManagerEx: [PWM][updateSystemUiVisibilityLw] mLastColorNavigationBar=0xff000000
08-21 17:00:21.437  1567  4172 D kyu     : WindowState::getSystemUiVisibilityLG = 0
08-21 17:00:21.438  1567  4172 I WindowManager: [PWM][updateSystemUiVisibilityLw] diffLG=0
08-21 17:00:21.438  1567  4172 I WindowManager: [PWM][updateSystemUiVisibilityLw] visibilityLG=0x0
08-21 17:00:21.438  1567  4172 I WindowManager: [PWM][updateSystemUiVisibilityLw] mLastSystemUiFlagsLG=0x0
08-21 17:00:21.443  4064  4582 D QcomPmext: activity start: com.lge.wifisettings/com.lge.wifisettings.activity.WifiScreenSettingsActivity
08-21 17:00:21.446  1567  1955 D SplitWindowManager: SplitWindowManagerHandler:handleMessage: 501
08-21 17:00:21.448  4064 26445 D SplitWindowPolicy: updateActivityStateChanged: resumed=true, screenId=2, isScreenFull=true
08-21 17:00:21.448  4064 26445 D SplitWindowPolicy: topRunningActivity=ActivityInfo{e72353a com.lge.wifisettings.activity.WifiScreenSettingsActivity}, taskId=75, activityType=0, bIsSplit=false
08-21 17:00:21.448  4148  5144 D ForegroundUtils: Foreground changed, PID: 31963 UID: 1000 foreground: true
08-21 17:00:21.448  4148  5144 D ForegroundUtils: Foreground UID/PID combinations:
08-21 17:00:21.448  4148  5144 D ForegroundUtils: UID: 1000 PID: 26637
08-21 17:00:21.448  4148  5144 D ForegroundUtils: UID: 1000 PID: 31963
08-21 17:00:21.452  1567  4111 I PhoneWindowManagerEx: [PWM] sIsDimming=false, isDimChanging = false
08-21 17:00:21.453  1567  4111 I PhoneWindowManagerEx: [PWM][updateSystemUiVisibilityLw] tmpColorNavigationBar=0x1
08-21 17:00:21.453  1567  4111 I PhoneWindowManagerEx: [PWM][updateSystemUiVisibilityLw] mLastColorNavigationBar=0xff000000
08-21 17:00:21.453  1567  4111 D kyu     : WindowState::getSystemUiVisibilityLG = 0
08-21 17:00:21.453  1567  4111 I WindowManager: [PWM][updateSystemUiVisibilityLw] diffLG=0
08-21 17:00:21.453  1567  4111 I WindowManager: [PWM][updateSystemUiVisibilityLw] visibilityLG=0x0
08-21 17:00:21.453  1567  4111 I WindowManager: [PWM][updateSystemUiVisibilityLw] mLastSystemUiFlagsLG=0x0
08-21 17:00:21.454  8709 10630 I CAPP_DB_LOG: opened database address/path : 0x7f85c57c00, /data/user/0/com.lge.lpd/databases/LPD_DB.db
08-21 17:00:21.455  8709 10630 I CAPP_DB_LOG:   database address : 0x7f85c57c00, pragma journal_mode = PERSIST
08-21 17:00:21.455  8709 10630 I CAPP_DB_LOG:   database address : 0x7f85c57c00, pragma journal_size_limit = 524288
08-21 17:00:21.456  8709 10630 I CAPP_DB_LOG:   database address : 0x7f85c57c00, pragma wal_autocheckpoint = 100
08-21 17:00:21.458  4148  5144 D ForegroundUtils: Process died; UID 2901 PID 32606
08-21 17:00:21.458  4148  5144 D ForegroundUtils: Foreground changed, PID: 32606 UID: 2901 foreground: false
08-21 17:00:21.458  4148  5144 D ForegroundUtils: Foreground UID/PID combinations:
08-21 17:00:21.458  4148  5144 D ForegroundUtils: UID: 1000 PID: 26637
08-21 17:00:21.458  4148  5144 D ForegroundUtils: UID: 1000 PID: 31963
08-21 17:00:21.458  8709 10630 D AppInfoDao: topacitivyt exist app = android.uid.system:1000
08-21 17:00:21.459  1567  4111 D InputDispatcher: Window went away: Window{48be45 u0 com.lge.wifisettings/com.lge.wifisettings.activity.WifiScreenSettingsActivity}
08-21 17:00:21.461  1567  3955 D FingerprintProtector: This is not product version.
08-21 17:00:21.461  1567  3955 I PhoneWindowManagerEx: [PWM] sIsDimming=false, isDimChanging = false
08-21 17:00:21.461  1567  3955 I PhoneWindowManagerEx: [PWM][updateSystemUiVisibilityLw] tmpColorNavigationBar=0x1
08-21 17:00:21.461  1567  3955 I PhoneWindowManagerEx: [PWM][updateSystemUiVisibilityLw] mLastColorNavigationBar=0xff000000
08-21 17:00:21.461  1567  3955 D kyu     : WindowState::getSystemUiVisibilityLG = 0
08-21 17:00:21.461  1567  3955 I WindowManager: [PWM][updateSystemUiVisibilityLw] diffLG=0
08-21 17:00:21.461  1567  3955 I WindowManager: [PWM][updateSystemUiVisibilityLw] visibilityLG=0x0
08-21 17:00:21.461  1567  3955 I WindowManager: [PWM][updateSystemUiVisibilityLw] mLastSystemUiFlagsLG=0x0
08-21 17:00:21.463  3599  3599 D [SystemUI]NotificationPanelView: onQsExpansionStarted overscrollAmount:0
08-21 17:00:21.470 31963 31963 D WifiSettings: mWfd_supported = true
08-21 17:00:21.472 31963 31963 I PhoneWindow: [generateLayout] setColorNavigationBar => color=0x ff000001
08-21 17:00:21.473  8709 10630 D AppInfoDao: topacitivyt update app = android.uid.system:1000 time = 2015-08-21 17:00 date = 20150821
08-21 17:00:21.473  8709 10630 I CAPP_DB_LOG: closed database address/path : 0x7f85c57c00, /data/user/0/com.lge.lpd/databases/LPD_DB.db
08-21 17:00:21.474 31963 31963 D PhoneWindowEx: Ex2. SystemProperties.get result >> #ff000000
08-21 17:00:21.474 31963 31963 D PhoneWindowEx: [PWEx][generateLayout] setNavigationBarColor2 : colors=0xff000000
08-21 17:00:21.474 31963 31963 I PhoneWindow: [setNavigationBarColor2] color=0x ff000000
08-21 17:00:21.474  8709 10630 I CAPP_DB_LOG: opened database address/path : 0x7f85c57c00, /data/user/0/com.lge.lpd/databases/LPD_DB.db
08-21 17:00:21.476  8709 10630 I CAPP_DB_LOG:   database address : 0x7f85c57c00, pragma journal_mode = PERSIST
08-21 17:00:21.476  8709 10630 I CAPP_DB_LOG:   database address : 0x7f85c57c00, pragma journal_size_limit = 524288
08-21 17:00:21.476  8709 10630 I CAPP_DB_LOG:   database address : 0x7f85c57c00, pragma wal_autocheckpoint = 100
08-21 17:00:21.477  1567  4126 D SplitFlag: relayout.. reset flags.. flags = 81840048, sysflags = 600 of win Window{73e0648 u0 StatusBar}
08-21 17:00:21.479  1567  4126 D InputDispatcher: Focus left window: Window{73e0648 u0 StatusBar}
08-21 17:00:21.480  8709 10630 I CAPP_DB_LOG: closed database address/path : 0x7f85c57c00, /data/user/0/com.lge.lpd/databases/LPD_DB.db
08-21 17:00:21.497 31963 31963 D WifiSettings: [madoga] action name: android.settings.WIFI_SCREEN_SHARE
08-21 17:00:21.500 31963 31963 V WifiScreenSettings: Miracast Setting Created: true
08-21 17:00:21.503  1567  1578 I art     : Background partial concurrent mark sweep GC freed 63370(2MB) AllocSpace objects, 6(200KB) LOS objects, 25% free, 46MB/62MB, paused 1.283ms total 150.719ms
08-21 17:00:21.504 31963 31963 V WifiScreenSettings: WifiScreenSettingsAsDefault
08-21 17:00:21.515 31963 31963 I WfdManager: setUiStateOn
08-21 17:00:21.519  4064 27317 D WfdStateTracker: setUiStateOn: 7
08-21 17:00:21.533 31963 31963 V WifiScreenEnabler: handleScreenStateChanged: 0 set: false enabled: true
08-21 17:00:21.537  7247  7247 W CastMediaRouteProvider: Invalid control category: android.media.intent.category.LIVE_AUDIO
08-21 17:00:21.563  3386 21638 D audio_hw_extn: audio_extn_get_parameters: returns 
08-21 17:00:21.563  3386 21638 V msm8974_platform: platform_get_parameters: exit: returns - 
08-21 17:00:21.563  3386 21638 V audio_hw_primary: adev_get_parameters: exit: returns - 
08-21 17:00:21.563  3386 21638 I str_params: key: 'isSwIrrc' value: ''
08-21 17:00:21.574  3599  3599 D [SystemUI]VolumeSlider: seekbar maxVolume = 7, volume = 5, plusone = 0
08-21 17:00:21.580 31963 31963 V WifiScreenEnabler: handleScreenStateChanged: 0 set: false enabled: true
08-21 17:00:21.583 31963 31963 D WifiScreenSettings: handleScreenStateChanged == 0
08-21 17:00:21.588  1567  4197 D SplitFlag: relayout.. reset flags.. flags = 81810100, sysflags = 600 of win Window{bc0131a u0 com.lge.wifisettings/com.lge.wifisettings.activity.WifiScreenSettingsActivity}
08-21 17:00:21.590  1567  4197 I PhoneWindowManagerEx: [PWM] sIsDimming=false, isDimChanging = false
08-21 17:00:21.590  1567  4197 I PhoneWindowManagerEx: [PWM][updateSystemUiVisibilityLw] tmpColorNavigationBar=0xff000000
08-21 17:00:21.590  1567  4197 I PhoneWindowManagerEx: [PWM][updateSystemUiVisibilityLw] mLastColorNavigationBar=0xff000000
08-21 17:00:21.590  1567  4197 D kyu     : WindowState::getSystemUiVisibilityLG = 0
08-21 17:00:21.590  1567  4197 I WindowManager: [PWM][updateSystemUiVisibilityLw] diffLG=0
08-21 17:00:21.590  1567  4197 I WindowManager: [PWM][updateSystemUiVisibilityLw] visibilityLG=0x0
08-21 17:00:21.590  1567  4197 I WindowManager: [PWM][updateSystemUiVisibilityLw] mLastSystemUiFlagsLG=0x0
08-21 17:00:21.590  1567  4197 D WindowManager: [PWM][updateSystemUiVisibilityLw] mLastSystemUiFlagsLG=0x0
08-21 17:00:21.590  1567  4197 I PhoneWindowManagerEx: [PWM] sIsDimming=false, isDimChanging = false
08-21 17:00:21.590  1567  4197 I PhoneWindowManagerEx: [PWM][updateSystemUiVisibilityLw] tmpColorNavigationBar=0xff000000
08-21 17:00:21.590  1567  4197 I PhoneWindowManagerEx: [PWM][updateSystemUiVisibilityLw] mLastColorNavigationBar=0xff000000
08-21 17:00:21.591  1567  4197 D kyu     : WindowState::getSystemUiVisibilityLG = 0
08-21 17:00:21.591  1567  4197 I WindowManager: [PWM][updateSystemUiVisibilityLw] diffLG=0
08-21 17:00:21.591  1567  4197 I WindowManager: [PWM][updateSystemUiVisibilityLw] visibilityLG=0x0
08-21 17:00:21.591  1567  4197 I WindowManager: [PWM][updateSystemUiVisibilityLw] mLastSystemUiFlagsLG=0x0
08-21 17:00:21.591  1567  1963 I SystemUI[Framework]: PhoneWindowManager.updateSystemUiVisibilityLw() :visibility=0x600, pkg=com.lge.wifisettings
08-21 17:00:21.593  1567  1963 I SystemUI[Framework]: ==>disabledNaviBtn() what=0x0, token=android.os.Binder@e09e6ff,  pkg=Window{bc0131a u0 com.lge.wifisettings/com.lge.wifisettings.activity.WifiScreenSettingsActivity}
08-21 17:00:21.593  1567  1963 I SystemUI[Framework]: disableNaviBtn: mDisabledNaviBtn=0x0,  mDisableRecords.size=0
08-21 17:00:21.594  1567  4197 D InputDispatcher: Focus entered window: Window{bc0131a u0 com.lge.wifisettings/com.lge.wifisettings.activity.WifiScreenSettingsActivity}
08-21 17:00:21.601   519   575 I GBMv2   : GBM state [8]
08-21 17:00:21.687 31963 31963 W SplitWindow: update focus... 
08-21 17:00:21.687  1567  2117 I PhoneWindowManagerEx: [PWM] sIsDimming=false, isDimChanging = false
08-21 17:00:21.687  1567  2117 I PhoneWindowManagerEx: [PWM][updateSystemUiVisibilityLw] tmpColorNavigationBar=0xff000000
08-21 17:00:21.687  1567  2117 I PhoneWindowManagerEx: [PWM][updateSystemUiVisibilityLw] mLastColorNavigationBar=0xff000000
08-21 17:00:21.687  1567  2117 D kyu     : WindowState::getSystemUiVisibilityLG = 0
08-21 17:00:21.687  1567  2117 I WindowManager: [PWM][updateSystemUiVisibilityLw] diffLG=0
08-21 17:00:21.687  1567  2117 I WindowManager: [PWM][updateSystemUiVisibilityLw] visibilityLG=0x0
08-21 17:00:21.687  1567  2117 I WindowManager: [PWM][updateSystemUiVisibilityLw] mLastSystemUiFlagsLG=0x0
08-21 17:00:21.691  1567  2117 I PhoneWindowManagerEx: [PWM] sIsDimming=false, isDimChanging = false
08-21 17:00:21.692  1567  2117 I PhoneWindowManagerEx: [PWM][updateSystemUiVisibilityLw] tmpColorNavigationBar=0xff000000
08-21 17:00:21.692  1567  2117 I PhoneWindowManagerEx: [PWM][updateSystemUiVisibilityLw] mLastColorNavigationBar=0xff000000
08-21 17:00:21.692  1567  2117 D kyu     : WindowState::getSystemUiVisibilityLG = 0
08-21 17:00:21.692  1567  2117 I WindowManager: [PWM][updateSystemUiVisibilityLw] diffLG=0
08-21 17:00:21.692  1567  2117 I WindowManager: [PWM][updateSystemUiVisibilityLw] visibilityLG=0x0
08-21 17:00:21.692  1567  2117 I WindowManager: [PWM][updateSystemUiVisibilityLw] mLastSystemUiFlagsLG=0x0
08-21 17:00:21.692  1567  2117 D WindowManager: [PWM][updateSystemUiVisibilityLw] mLastSystemUiFlagsLG=0x0
08-21 17:00:21.692  1567  2117 I PhoneWindowManagerEx: [PWM] sIsDimming=false, isDimChanging = false
08-21 17:00:21.692  1567  2117 I PhoneWindowManagerEx: [PWM][updateSystemUiVisibilityLw] tmpColorNavigationBar=0xff000000
08-21 17:00:21.692  1567  2117 I PhoneWindowManagerEx: [PWM][updateSystemUiVisibilityLw] mLastColorNavigationBar=0xff000000
08-21 17:00:21.692  1567  2117 D kyu     : WindowState::getSystemUiVisibilityLG = 0
08-21 17:00:21.692  1567  2117 I WindowManager: [PWM][updateSystemUiVisibilityLw] diffLG=0
08-21 17:00:21.692  1567  2117 I WindowManager: [PWM][updateSystemUiVisibilityLw] visibilityLG=0x0
08-21 17:00:21.692  1567  2117 I WindowManager: [PWM][updateSystemUiVisibilityLw] mLastSystemUiFlagsLG=0x0
08-21 17:00:21.693  1567  1963 I SystemUI[Framework]: PhoneWindowManager.updateSystemUiVisibilityLw() :visibility=0x8600, pkg=com.lge.wifisettings
08-21 17:00:21.694  1567  2117 I ActivityManager: Displayed com.lge.wifisettings/.activity.WifiScreenSettingsActivity: +267ms
08-21 17:00:21.695  1567  1963 I SystemUI[Framework]: ==>disabledNaviBtn() what=0x0, token=android.os.Binder@e09e6ff,  pkg=Window{bc0131a u0 com.lge.wifisettings/com.lge.wifisettings.activity.WifiScreenSettingsActivity}
08-21 17:00:21.695  1567  1963 I SystemUI[Framework]: disableNaviBtn: mDisabledNaviBtn=0x0,  mDisableRecords.size=0
08-21 17:00:21.699  1567  2117 I PhoneWindowManagerEx: [PWM] sIsDimming=false, isDimChanging = false
08-21 17:00:21.699  1567  2117 I PhoneWindowManagerEx: [PWM][updateSystemUiVisibilityLw] tmpColorNavigationBar=0xff000000
08-21 17:00:21.699  1567  2117 I PhoneWindowManagerEx: [PWM][updateSystemUiVisibilityLw] mLastColorNavigationBar=0xff000000
08-21 17:00:21.699  1567  2117 D kyu     : WindowState::getSystemUiVisibilityLG = 0
08-21 17:00:21.699  1567  2117 I WindowManager: [PWM][updateSystemUiVisibilityLw] diffLG=0
08-21 17:00:21.699  1567  2117 I WindowManager: [PWM][updateSystemUiVisibilityLw] visibilityLG=0x0
08-21 17:00:21.699  1567  2117 I WindowManager: [PWM][updateSystemUiVisibilityLw] mLastSystemUiFlagsLG=0x0
08-21 17:00:21.701  3599  3599 D PhoneStatusBar: setSystemUiVisibility vis=8600 mask=ffffffff oldVal=600 newVal=8600 diff=8000
08-21 17:00:21.701  3599  3599 D [SystemUI]PhoneStatusBar: StatusBarMode is changed (MODE_OPAQUE -> MODE_TRANSPARENT)
08-21 17:00:21.701  3599  3599 D [SystemUI]PhoneStatusBar: NavigationBarMode is changed (MODE_OPAQUE -> MODE_TRANSPARENT)
08-21 17:00:21.702  3599  3599 D [SystemUI]NavigationThemeResource: Bar mode is changed (0 -> 4)
08-21 17:00:21.702  3599  3599 I [SystemUI]NavigationThemeResource: NavigationKey Color is changed(WHITE -> WHITE_WITH_SHADOW)
08-21 17:00:21.702  3599  3599 I [SystemUI]NavigationThemeResource:  BarMode=4, Theme=BLACK, LightBackground=false (NOT Transparent)
08-21 17:00:21.702  3599  3599 I [SystemUI]NavigationThemeResource: , Keyguard show=false, IME shown=false, Panel expanded=true
08-21 17:00:21.704  1567  4176 I PhoneWindowManagerEx: [PWM] sIsDimming=false, isDimChanging = false
08-21 17:00:21.704  1567  4176 I PhoneWindowManagerEx: [PWM][updateSystemUiVisibilityLw] tmpColorNavigationBar=0xff000000
08-21 17:00:21.704  1567  4176 I PhoneWindowManagerEx: [PWM][updateSystemUiVisibilityLw] mLastColorNavigationBar=0xff000000
08-21 17:00:21.704  1567  4176 D kyu     : WindowState::getSystemUiVisibilityLG = 0
08-21 17:00:21.704  1567  4176 I WindowManager: [PWM][updateSystemUiVisibilityLw] diffLG=0
08-21 17:00:21.704  1567  4176 I WindowManager: [PWM][updateSystemUiVisibilityLw] visibilityLG=0x0
08-21 17:00:21.704  1567  4176 I WindowManager: [PWM][updateSystemUiVisibilityLw] mLastSystemUiFlagsLG=0x0
08-21 17:00:21.712  3599  3599 D BarTransitions: draw background and invalidate : color = f2000000
08-21 17:00:21.715  3599  3599 D BarTransitions: draw background and invalidate : color = ee000000
08-21 17:00:21.737  1567  4172 V SplitWindowManager: ensureActivitiesVisibleLocked has blank for debug 
08-21 17:00:21.741  3956  3956 D LgeImeImpl: [LgeImeImpl.java:4330:LgeImeImpl.onFinishInput()] [IN]onFinishInput
08-21 17:00:21.741  3956  3956 D LgeImeImpl: [LgeImeImpl.java:4359:LgeImeImpl.onFinishInput()] [OUT]onFinishInput
08-21 17:00:21.742  3956  3956 D LgeImeImpl: [LgeImeImpl.java:1515:LgeImeImpl.onStartInput()] [IN] onStartInput[false]
08-21 17:00:21.742  3956  3956 D LgeImeImpl: [LgeImeImpl.java:1532:LgeImeImpl.onStartInput()] [OUT] onStartInput
08-21 17:00:21.764  1567  3233 D InputDispatcher: notifyMotion - action=ACTION_UP(0), id=0, x=706.000, y=392.000, tooltype=1, deviceId=4, source=0x1002, policyFlags=0x0, flags=0x0, metaState=0x0, buttonState=0x0, edgeFlags=0x0, eventTime=14373876294000, downTime=14372876312000, 
08-21 17:00:21.765  1567  3232 D InputTransport: channel '73e0648 StatusBar (server)' : action=ACTION_UP(0), id=0, x=706.000, y=392.000, [tooltype=1, deviceId=4, source=0x1002, flags=0x0, edgeFlags=0x0, metaState=0x0, buttonState=0x0, downTime=14372876312000, eventTime=14373876294000, pointerCount=1
08-21 17:00:21.771  3599  3599 D [SystemUI]StatusBarWindowView: onInterceptTouchEvent() ACTION_UP MotionEvent { action=ACTION_UP, actionButton=0, id[0]=0, x[0]=706.0, y[0]=392.0, toolType[0]=TOOL_TYPE_FINGER, buttonState=0, metaState=0, flags=0x0, edgeFlags=0x0, pointerCount=1, historySize=0, eventTime=14373876, downTime=14372876, deviceId=4, source=0x1002 }
08-21 17:00:21.827  3599  3599 I [SystemUI]PhoneStatusBarView: go state: 2 -> 0
08-21 17:00:21.828  3599  3599 I [SystemUI]StatusBarExpansionState: status bar expansion is changed to collapsed
08-21 17:00:21.828  3599  3599 D [SystemUI]NavigationThemeResource: onPanelExpansionChanged, mPanelExpanded : false
08-21 17:00:21.828  3599  3599 I [SystemUI]NavigationThemeResource: NavigationKey Color is changed(WHITE_WITH_SHADOW -> WHITE)
08-21 17:00:21.828  3599  3599 I [SystemUI]NavigationThemeResource:  BarMode=4, Theme=BLACK, LightBackground=false (NOT Transparent)
08-21 17:00:21.828  3599  3599 I [SystemUI]NavigationThemeResource: , Keyguard show=false, IME shown=false, Panel expanded=false
08-21 17:00:21.832  3599  3599 I [SystemUI]StatusBarExpansionState: sending ACTION_STATUS_BAR_COLLAPSED
08-21 17:00:21.835  1460  1460 E MYPLACE_Receiver: onReceive com.lge.statusbar.collapsed
08-21 17:00:21.835  1460  1460 E Pref    : get_inner_onoff: false
08-21 17:00:21.835  1460  1460 I MYPLACE_EngineInterface: Stop
08-21 17:00:21.835  1460  1460 I MY_PLACE_ENGINE_SETTING_API: getOnOffStatus()
08-21 17:00:21.835  4131 19984 I MY_PLACE_ENGINE_SETTING_PROVIDER: TYPE_GET_ONOFF_STATUS
08-21 17:00:21.836  4131 19984 I [MY_PLACE_ENGINE::CLUSTERING]: API > getOnOffStatus > status : 0
08-21 17:00:21.841  1460  1460 I MY_PLACE_ENGINE_SETTING_API: getOnOffStatus()
08-21 17:00:21.842  4131  4146 I MY_PLACE_ENGINE_SETTING_PROVIDER: TYPE_GET_ONOFF_STATUS
08-21 17:00:21.842  4131  4146 I [MY_PLACE_ENGINE::CLUSTERING]: API > getOnOffStatus > status : 0
08-21 17:00:21.850  3599  3599 D [SystemUI]PanelView: setExpandedHeight : 0.0
08-21 17:00:21.851  3599  3599 D PhoneStatusBar: disable: < expand icons* alerts system_info* back home recent clock search quick_settings >
08-21 17:00:21.851  1460  1460 I MYPLACE_EngineInterface: non Stop 0
08-21 17:00:21.852  1460  1460 E MYPLACE_Utils: activityFinish
08-21 17:00:21.855  1460  1460 E MYPLACE_Receiver: onReceive com.lge.myplace.myplace_settings_search_intent
08-21 17:00:21.855  1460  1460 E MYPLACE_Receiver: INTENT_MYPLACE_SETTINGS_SEARCH false
08-21 17:00:21.856  1460  1460 E Pref    : get_onoff: 0
08-21 17:00:21.862  1567  4114 D SplitFlag: relayout.. reset flags.. flags = 81840048, sysflags = 600 of win Window{73e0648 u0 StatusBar}
08-21 17:00:21.863  1567  4114 I PhoneWindowManagerEx: [PWM] sIsDimming=false, isDimChanging = false
08-21 17:00:21.863  1567  4114 I PhoneWindowManagerEx: [PWM][updateSystemUiVisibilityLw] tmpColorNavigationBar=0xff000000
08-21 17:00:21.863  1567  4114 I PhoneWindowManagerEx: [PWM][updateSystemUiVisibilityLw] mLastColorNavigationBar=0xff000000
08-21 17:00:21.863  1567  4114 D kyu     : WindowState::getSystemUiVisibilityLG = 0
08-21 17:00:21.863  1567  4114 I WindowManager: [PWM][updateSystemUiVisibilityLw] diffLG=0
08-21 17:00:21.863  1567  4114 I WindowManager: [PWM][updateSystemUiVisibilityLw] visibilityLG=0x0
08-21 17:00:21.863  1567  4114 I WindowManager: [PWM][updateSystemUiVisibilityLw] mLastSystemUiFlagsLG=0x0
08-21 17:00:21.878  1567  4114 I PhoneWindowManagerEx: [PWM] sIsDimming=false, isDimChanging = false
08-21 17:00:21.878  1567  4114 I PhoneWindowManagerEx: [PWM][updateSystemUiVisibilityLw] tmpColorNavigationBar=0xff000000
08-21 17:00:21.878  1567  4114 I PhoneWindowManagerEx: [PWM][updateSystemUiVisibilityLw] mLastColorNavigationBar=0xff000000
08-21 17:00:21.878  1567  4114 D kyu     : WindowState::getSystemUiVisibilityLG = 0
08-21 17:00:21.878  1567  4114 I WindowManager: [PWM][updateSystemUiVisibilityLw] diffLG=0
08-21 17:00:21.878  1567  4114 I WindowManager: [PWM][updateSystemUiVisibilityLw] visibilityLG=0x0
08-21 17:00:21.878  1567  4114 I WindowManager: [PWM][updateSystemUiVisibilityLw] mLastSystemUiFlagsLG=0x0
08-21 17:00:21.880  3599  3599 D [SystemUI]PanelView: onApplyWindowInsets, WindowInsets : WindowInsets{systemWindowInsets=Rect(0, 0 - 0, 0) windowDecorInsets=Rect(0, 0 - 0, 0) stableInsets=Rect(0, 0 - 0, 0)}
08-21 17:00:21.901  1567  4125 D SplitFlag: relayout.. reset flags.. flags = 1840068, sysflags = 0 of win Window{ec526fd u0 NavigationBar}
08-21 17:00:21.902  1567  4125 I PhoneWindowManagerEx: [PWM] sIsDimming=false, isDimChanging = false
08-21 17:00:21.902  1567  4125 I PhoneWindowManagerEx: [PWM][updateSystemUiVisibilityLw] tmpColorNavigationBar=0xff000000
08-21 17:00:21.902  1567  4125 I PhoneWindowManagerEx: [PWM][updateSystemUiVisibilityLw] mLastColorNavigationBar=0xff000000
08-21 17:00:21.902  1567  4125 D kyu     : WindowState::getSystemUiVisibilityLG = 0
08-21 17:00:21.902  1567  4125 I WindowManager: [PWM][updateSystemUiVisibilityLw] diffLG=0
08-21 17:00:21.902  1567  4125 I WindowManager: [PWM][updateSystemUiVisibilityLw] visibilityLG=0x0
08-21 17:00:21.902  1567  4125 I WindowManager: [PWM][updateSystemUiVisibilityLw] mLastSystemUiFlagsLG=0x0
08-21 17:00:22.396  1567  2117 I PhoneWindowManagerEx: [PWM] sIsDimming=false, isDimChanging = false
08-21 17:00:22.396  1567  2117 I PhoneWindowManagerEx: [PWM][updateSystemUiVisibilityLw] tmpColorNavigationBar=0xff000000
08-21 17:00:22.396  1567  2117 I PhoneWindowManagerEx: [PWM][updateSystemUiVisibilityLw] mLastColorNavigationBar=0xff000000
08-21 17:00:22.396  1567  2117 D kyu     : WindowState::getSystemUiVisibilityLG = 0
08-21 17:00:22.396  1567  2117 I WindowManager: [PWM][updateSystemUiVisibilityLw] diffLG=0
08-21 17:00:22.397  1567  2117 I WindowManager: [PWM][updateSystemUiVisibilityLw] visibilityLG=0x0
08-21 17:00:22.397  1567  2117 I WindowManager: [PWM][updateSystemUiVisibilityLw] mLastSystemUiFlagsLG=0x0
08-21 17:00:22.414  1567  1955 V SplitWindowManager: ensureActivitiesVisibleLocked has blank for debug 
08-21 17:00:22.414  1567  2117 I PhoneWindowManagerEx: [PWM] sIsDimming=false, isDimChanging = false
08-21 17:00:22.414  1567  2117 I PhoneWindowManagerEx: [PWM][updateSystemUiVisibilityLw] tmpColorNavigationBar=0xff000000
08-21 17:00:22.414  1567  2117 I PhoneWindowManagerEx: [PWM][updateSystemUiVisibilityLw] mLastColorNavigationBar=0xff000000
08-21 17:00:22.414  1567  2117 D kyu     : WindowState::getSystemUiVisibilityLG = 0
08-21 17:00:22.414  1567  2117 I WindowManager: [PWM][updateSystemUiVisibilityLw] diffLG=0
08-21 17:00:22.415  1567  2117 I WindowManager: [PWM][updateSystemUiVisibilityLw] visibilityLG=0x0
08-21 17:00:22.415  1567  2117 I WindowManager: [PWM][updateSystemUiVisibilityLw] mLastSystemUiFlagsLG=0x0
08-21 17:00:22.417  1567  2117 I PhoneWindowManagerEx: [PWM] sIsDimming=false, isDimChanging = false
08-21 17:00:22.417  1567  2117 I PhoneWindowManagerEx: [PWM][updateSystemUiVisibilityLw] tmpColorNavigationBar=0xff000000
08-21 17:00:22.417  1567  2117 I PhoneWindowManagerEx: [PWM][updateSystemUiVisibilityLw] mLastColorNavigationBar=0xff000000
08-21 17:00:22.417  1567  2117 D kyu     : WindowState::getSystemUiVisibilityLG = 0
08-21 17:00:22.417  1567  2117 I WindowManager: [PWM][updateSystemUiVisibilityLw] diffLG=0
08-21 17:00:22.417  1567  2117 I WindowManager: [PWM][updateSystemUiVisibilityLw] visibilityLG=0x0
08-21 17:00:22.417  1567  2117 I WindowManager: [PWM][updateSystemUiVisibilityLw] mLastSystemUiFlagsLG=0x0
08-21 17:00:22.429  1567  2117 I PhoneWindowManagerEx: [PWM] sIsDimming=false, isDimChanging = false
08-21 17:00:22.429  1567  2117 I PhoneWindowManagerEx: [PWM][updateSystemUiVisibilityLw] tmpColorNavigationBar=0xff000000
08-21 17:00:22.429  1567  2117 I PhoneWindowManagerEx: [PWM][updateSystemUiVisibilityLw] mLastColorNavigationBar=0xff000000
08-21 17:00:22.429  1567  2117 D kyu     : WindowState::getSystemUiVisibilityLG = 0
08-21 17:00:22.429  1567  2117 I WindowManager: [PWM][updateSystemUiVisibilityLw] diffLG=0
08-21 17:00:22.429  1567  2117 I WindowManager: [PWM][updateSystemUiVisibilityLw] visibilityLG=0x0
08-21 17:00:22.429  1567  2117 I WindowManager: [PWM][updateSystemUiVisibilityLw] mLastSystemUiFlagsLG=0x0
08-21 17:00:22.431  1567  3954 D SplitFlag: relayout.. reset flags.. flags = 1810100, sysflags = 0 of win Window{159c863 u0 com.lge.hiddenmenu/com.lge.hiddenmenu.SVC.log_service.MainActivity}
08-21 17:00:22.431  1567  3954 I PhoneWindowManagerEx: [PWM] sIsDimming=false, isDimChanging = false
08-21 17:00:22.431  1567  3954 I PhoneWindowManagerEx: [PWM][updateSystemUiVisibilityLw] tmpColorNavigationBar=0xff000000
08-21 17:00:22.431  1567  3954 I PhoneWindowManagerEx: [PWM][updateSystemUiVisibilityLw] mLastColorNavigationBar=0xff000000
08-21 17:00:22.431  1567  3954 D kyu     : WindowState::getSystemUiVisibilityLG = 0
08-21 17:00:22.432  1567  3954 I WindowManager: [PWM][updateSystemUiVisibilityLw] diffLG=0
08-21 17:00:22.432  1567  3954 I WindowManager: [PWM][updateSystemUiVisibilityLw] visibilityLG=0x0
08-21 17:00:22.432  1567  3954 I WindowManager: [PWM][updateSystemUiVisibilityLw] mLastSystemUiFlagsLG=0x0
08-21 17:00:22.437  4148  4161 D ForegroundUtils: Foreground changed, PID: 26637 UID: 1000 foreground: false
08-21 17:00:22.437  4148  4161 D ForegroundUtils: Foreground UID/PID combinations:
08-21 17:00:22.437  4148  4161 D ForegroundUtils: UID: 1000 PID: 31963
08-21 17:00:22.451  3599  3599 D [SystemUI]SystemServicesProxy: RecentApps has 25 item(s).
08-21 17:00:22.601   519   575 I GBMv2   : GBM state [0]
08-21 17:00:22.601   519   575 I GBMv2   : GBM state [1]
08-21 17:00:22.602   519   575 I GBMv2   : GBM state [8]
08-21 17:00:22.650  1567  3233 D InputDispatcher: notifyMotion - action=ACTION_DOWN(0), id=0, x=328.000, y=2510.000, tooltype=1, deviceId=4, source=0x1002, policyFlags=0x0, flags=0x0, metaState=0x0, buttonState=0x0, edgeFlags=0x0, eventTime=14374761760000, downTime=14374761760000, 
08-21 17:00:22.650  1567  3232 D InputTransport: channel 'ec526fd NavigationBar (server)' : action=ACTION_DOWN(0), id=0, x=328.000, y=2510.000, [tooltype=1, deviceId=4, source=0x1002, flags=0x0, edgeFlags=0x0, metaState=0x0, buttonState=0x0, downTime=14374761760000, eventTime=14374761760000, pointerCount=1
08-21 17:00:22.669  3599  3599 I [SystemUI]LGKeyButtonView: Navigation Key(4) sendEvent, action : 0, flags : 0, when : 14374770
08-21 17:00:22.675 31963 31963 I AudioManagerEx: AudioManagerEx created
08-21 17:00:22.683  1567  3233 D InputDispatcher: notifyMotion - action=ACTION_UP(0), id=0, x=333.000, y=2526.000, tooltype=1, deviceId=4, source=0x1002, policyFlags=0x0, flags=0x0, metaState=0x0, buttonState=0x0, edgeFlags=0x0, eventTime=14374794542000, downTime=14374761760000, 
08-21 17:00:22.683  1567  3232 D InputTransport: channel 'ec526fd NavigationBar (server)' : action=ACTION_UP(0), id=0, x=333.000, y=2526.000, [tooltype=1, deviceId=4, source=0x1002, flags=0x0, edgeFlags=0x0, metaState=0x0, buttonState=0x0, downTime=14374761760000, eventTime=14374794542000, pointerCount=1
08-21 17:00:22.687  3599  3599 I [SystemUI]LGKeyButtonView: Navigation Key(4) sendEvent, action : 1, flags : 0, when : 14374798
08-21 17:00:22.688  4064  4082 I QcomPmext: Boosted by ID : 15
08-21 17:00:22.691  1567  3268 V SoundPool: play sampleID=1, leftVolume=1.000000, rightVolume=1.000000, priority=0, loop=0, rate=1.000000
08-21 17:00:22.691  1567  3268 V SoundPool: mState = 4 mChannelID=515, mNumChannels=2, mPos = 0, mPriority=0, mLoop=0
08-21 17:00:22.691  1567  3268 V SoundPool: mState = 0 mChannelID=516, mNumChannels=2, mPos = 0, mPriority=-1, mLoop=0
08-21 17:00:22.691  1567  3268 V SoundPool: mState = 4 mChannelID=524, mNumChannels=2, mPos = 0, mPriority=0, mLoop=0
08-21 17:00:22.691  1567  3268 V SoundPool: mState = 0 mChannelID=531, mNumChannels=2, mPos = 0, mPriority=-1, mLoop=0
08-21 17:00:22.691  1567  3268 V SoundPool: Allocated recycled channel for same sampleID
08-21 17:00:22.691  1567  3268 V SoundPool: play channel 0x7f674e34d0 state = 0
08-21 17:00:22.691  1567  3268 V SoundPool: SoundChannel::play 0x7f674e34d0: sampleID=1, channelID=532, leftVolume=1.000000, rightVolume=1.000000, priority=0, loop=0, rate=1.000000
08-21 17:00:22.694  1567  4125 I PhoneWindowManagerEx: [PWM] sIsDimming=false, isDimChanging = false
08-21 17:00:22.694  1567  4125 I PhoneWindowManagerEx: [PWM][updateSystemUiVisibilityLw] tmpColorNavigationBar=0xff000000
08-21 17:00:22.694  1567  4125 I PhoneWindowManagerEx: [PWM][updateSystemUiVisibilityLw] mLastColorNavigationBar=0xff000000
08-21 17:00:22.694  1567  4125 D kyu     : WindowState::getSystemUiVisibilityLG = 0
08-21 17:00:22.694  1567  4125 I WindowManager: [PWM][updateSystemUiVisibilityLw] diffLG=0
08-21 17:00:22.694  1567  4125 I WindowManager: [PWM][updateSystemUiVisibilityLw] visibilityLG=0x0
08-21 17:00:22.694  1567  4125 I WindowManager: [PWM][updateSystemUiVisibilityLw] mLastSystemUiFlagsLG=0x0
08-21 17:00:22.695  3386  3386 V APM::AudioPolicyManager: getOutput() device 2, stream 1, samplingRate 0, format 0, channelMask 3, flags 0
08-21 17:00:22.695  3386  3386 V APM::AudioPolicyManager:   getOutputForDevice() returns output 2
08-21 17:00:22.696  1567  3268 V AudioSystem: getFrameCount() output 2, frameCount 960
08-21 17:00:22.698  3386 20520 V APM::AudioPolicyManager: getOutput() device 2, stream 1, samplingRate 0, format 0, channelMask 3, flags 0
08-21 17:00:22.698  3386 20520 V APM::AudioPolicyManager:   getOutputForDevice() returns output 2
08-21 17:00:22.699  1567  3268 V AudioSystem: getOutputSamplingRate() reading from output desc
08-21 17:00:22.699  1567  3268 V AudioSystem: getSamplingRate() output 2, sampling rate 48000
08-21 17:00:22.699  1567  3268 V SoundPool: reusing track 0x7f70e1d700 for sample 1
08-21 17:00:22.701  3386  3540 V APM::AudioPolicyManager: startOutput() output 2, stream 1, session 945
08-21 17:00:22.701  3386  3540 V APM::AudioPolicyManager: setBeaconMute(1) mBeaconMuteRefCount=1 mBeaconPlayingRefCount=0
08-21 17:00:22.701  3386  3540 V APM::AudioPolicyManager: getNewOutputDevice() selected device 2
08-21 17:00:22.701  3386  3540 V APM::AudioPolicyManager: setOutputDevice() device 0002 delayMs 0
08-21 17:00:22.701  3386  3540 V APM::AudioPolicyManager: setOutputDevice() prevDevice 0x0002
08-21 17:00:22.701  3386  3540 V APM::AudioPolicyManager: AudioPolicyManagerEx::getRingerMode() mRingerMode 2
08-21 17:00:22.701  3386  3540 V APM::AudioPolicyManager: AudioPolicyManagerEx::getRingerMode() mRingerMode 2
08-21 17:00:22.701  3386  3540 V APM::AudioPolicyManager: AudioPolicyManagerEx::getRingerMode() mRingerMode 2
08-21 17:00:22.701  3386  3540 V APM::AudioPolicyManager: AudioPolicyManagerEx::getRingerMode() mRingerMode 2
08-21 17:00:22.701  3386  3540 V APM::AudioPolicyManager: AudioPolicyManagerEx::getRingerMode() mRingerMode 2
08-21 17:00:22.701  3386  3540 V APM::AudioPolicyManager: setOutputDevice() changing device
08-21 17:00:22.701  3386  3540 V AudioPolicyService: AudioCommandThread() adding create patch delay 0
08-21 17:00:22.701  3386  3540 V AudioPolicyService: inserting command: 7 at index 0, num commands 0
08-21 17:00:22.701  3386  3520 V AudioPolicyService: AudioCommandThread() waking up
08-21 17:00:22.701  3386  3520 V AudioPolicyService: AudioCommandThread() processing create audio patch
08-21 17:00:22.702  3386  3520 V AudioFlinger: sendConfigEvent_l() num events 1 event 3
08-21 17:00:22.702  3386  3533 V AudioFlinger: thread 0xf1040000 type 0 TID 3533 waking up
08-21 17:00:22.702  3386  3533 V AudioFlinger: acquireWakeLock_l() AudioOut_2 status 0
08-21 17:00:22.702  3386  3533 V AudioFlinger: processConfigEvents_l() remaining events 1
08-21 17:00:22.702  3386  3533 D audio_hw_primary: out_set_parameters: enter: usecase(1: low-latency-playback) kvpairs: routing=2
08-21 17:00:22.702  3386  3533 V audio_hw_primary: out_set_parameters: exit: code(0)
08-21 17:00:22.702  3386  3533 V AudioFlinger: processConfigEvents_l() DONE thread 0xf1040000
08-21 17:00:22.702  3386  3533 V AudioFlinger: acquireWakeLock_l() AudioOut_2 status 0
08-21 17:00:22.702  3386  3520 V AudioPolicyService: AudioCommandThread() going to sleep
08-21 17:00:22.702  3386  3540 V APM::AudioPolicyManager: setOutputDevice() createAudioPatch returned 0 patchHandle 970num_sources 1 num_sinks 1
08-21 17:00:22.702  3386  3540 V AudioPolicyService: AudioCommandThread() adding update audio patch list
08-21 17:00:22.702  3386  3540 V AudioPolicyService: inserting command: 10 at index 0, num commands 0
08-21 17:00:22.703  3386  3521 V AudioPolicyService: AudioCommandThread() waking up
08-21 17:00:22.703  3386  3521 V AudioPolicyService: AudioCommandThread() processing update audio patch list
08-21 17:00:22.703  3386  3521 V AudioPolicyService: AudioCommandThread() going to sleep
08-21 17:00:22.703  3386  3540 V APM::AudioPolicyManager: checkAndSetVolume setParameters volume, volume=:0.180406 delay=:0
08-21 17:00:22.703  3386  3540 V AudioPolicyService: AudioCommandThread() adding set parameter string fm_volume=0.1804062873, io 2 ,delay 0
08-21 17:00:22.703  3386  3540 V AudioPolicyService: inserting command: 3 at index 0, num commands 0
08-21 17:00:22.703  3386  3520 V AudioPolicyService: AudioCommandThread() waking up
08-21 17:00:22.703  3386  3520 V AudioPolicyService: AudioCommandThread() processing set parameters string fm_volume=0.1804062873, io 2
08-21 17:00:22.703  3386  3520 V AudioFlinger: setParameters(): io 2, keyvalue fm_volume=0.1804062873, calling pid 3386
08-21 17:00:22.703  3386  3520 V AudioFlinger: ThreadBase::setParameters() fm_volume=0.1804062873
08-21 17:00:22.703  3386  3520 V AudioFlinger: sendConfigEvent_l() num events 1 event 2
08-21 17:00:22.712  3386  3533 V AudioFlinger: processConfigEvents_l() remaining events 1
08-21 17:00:22.712  3386  3533 D audio_hw_primary: out_set_parameters: enter: usecase(1: low-latency-playback) kvpairs: fm_volume=0.1804062873
08-21 17:00:22.712  3386  3533 D audio_hw_fm: audio_extn_fm_set_parameters: set_fm_volume usecase
08-21 17:00:22.712  3386  3533 D audio_hw_fm: fm_set_volume: device=2 (0.180406)
08-21 17:00:22.713  3386  3533 V audio_hw_primary: out_set_parameters: exit: code(0)
08-21 17:00:22.713  3386  3533 V AudioFlinger: processConfigEvents_l() DONE thread 0xf1040000
08-21 17:00:22.713  3386  3520 V AudioPolicyService: AudioCommandThread() going to sleep
08-21 17:00:22.713  3386  3540 V APM::AudioPolicyManager: checkAndSetVolume() cannot set stream 6 volume with force use = 0 for comm
08-21 17:00:22.713  3386  3540 V AudioFlinger: signal playback thread
08-21 17:00:22.713  1567  3268 V SoundPool: delete oldTrack 0x0
08-21 17:00:22.723  3386  3533 V AudioFlinger: acquireWakeLock_l() AudioOut_2 status 0
08-21 17:00:22.726  3386  3532 D audio_hw_primary: start_output_stream: enter: stream(0xf1b28080)usecase(1: low-latency-playback) devices(0x2)
08-21 17:00:22.726  3386  3532 E audio_hw_primary: select_devices: enter and usecase(1)
08-21 17:00:22.726  3386  3532 D msm8974_platform_lge: LGE_platform_get_output_snd_device: enter(0:2)
08-21 17:00:22.726  3386  3532 V msm8974_platform: platform_get_output_snd_device: enter: output devices(0x2)
08-21 17:00:22.726  3386  3532 V msm8974_platform: platform_get_output_snd_device: exit: snd_device(speaker)
08-21 17:00:22.726  3386  3532 V platform_apt: lge_get_output_in_mandatory_depth: enter and devices(2)
08-21 17:00:22.726  3386  3532 D msm8974_platform_lge: LGE_platform_get_output_snd_device: exit: out_snd_device(speaker)
08-21 17:00:22.726  3386  3532 D audio_hw_primary: select_devices: out_snd_device(2: speaker) in_snd_device(0: )
08-21 17:00:22.726  3386  3532 V msm8974_platform: platform_check_and_set_codec_backend_cfg usecase = 1
08-21 17:00:22.726  3386  3532 W msm8974_platform: Codec backend bitwidth 16, samplerate 48000
08-21 17:00:22.727  3386  3532 V msm8974_platform: Offload playback running bw 16 sr 48000
08-21 17:00:22.727  3386  3532 E audio_hw_primary: enable_snd_device: enter  2
08-21 17:00:22.727  3386  3532 D hardware_info: hw_info_append_hw_type : device_name = speaker
08-21 17:00:22.727  3386  3532 V audio_hw_3rdP_spkr_prot: lge_audio_3rdP_spk_prot_enable: Entry
08-21 17:00:22.730  1567  4125 I SplitWindowManager: updateActivityState: ActivityRecord{5fc2555 u0 com.lge.wifisettings/.activity.WifiScreenSettingsActivity t75 f}/ resumed=false
08-21 17:00:22.731  1567  4125 V SplitWindowManager: SplitWindowManager dumpstate.(_mState : NORMAL)
08-21 17:00:22.731  1567  4125 V SplitWindowManager: _mSplitActivityList(1)_______
08-21 17:00:22.731  1567  4125 V SplitWindowManager:  * SplitActivity{835f8f8 com.lge.wifisettings/.activity.WifiScreenSettingsActivity t75 s2 PAUSING ActivitySplitInfo [screenZone=0/ flag=0x0/ state=NATIVE/ forceFullScreen=false]
08-21 17:00:22.731  1567  4125 V SplitWindowManager: _mPreparedActivity : 
08-21 17:00:22.731  1567  1955 D SplitWindowManager: SplitWindowManagerHandler:handleMessage: 501
08-21 17:00:22.734  4064  4722 D SplitWindowPolicy: updateActivityStateChanged: resumed=false, screenId=2, isScreenFull=true
08-21 17:00:22.734  4064  4722 D SplitWindowPolicy: topRunningActivity=ActivityInfo{2d6e624 com.lge.wifisettings.activity.WifiScreenSettingsActivity}, taskId=75, activityType=0, bIsSplit=false
08-21 17:00:22.739  1567  4111 D FingerprintProtector: This is not product version.
08-21 17:00:22.742  1567  4111 D SplitWindowManager: updateStackInfo as SplitActivity{4f5eb72 com.lge.hiddenmenu/.SVC.log_service.MainActivity t54 s2 RESUMED ActivitySplitInfo [screenZone=0/ flag=0x0/ state=NATIVE/ forceFullScreen=false]
08-21 17:00:22.742  1567  4111 I SplitWindowManager: new SplitActivity created. 83225458: ActivityRecord{47d8006 u0 com.lge.hiddenmenu/.SVC.log_service.MainActivity t54}
08-21 17:00:22.742  1567  4111 V SplitWindowManager:   check task = TaskRecord{11606da #54 A=com.lge.hiddenmenu U=0 sz=3}
08-21 17:00:22.742  1567  4111 V SplitWindowManager:   check stack = ActivityStack{a0ad853 stackId=2, 12 tasks}
08-21 17:00:22.742  1567  4111 V SplitWindowManager:  has blank for debug on ensureActivitiesVisibleLocked
08-21 17:00:22.742  1567  4111 I SplitWindowManager: updateActivityState: ActivityRecord{47d8006 u0 com.lge.hiddenmenu/.SVC.log_service.MainActivity t54}/ resumed=true
08-21 17:00:22.743  1567  4111 V SplitWindowManager: remove from list : SplitActivity{835f8f8 com.lge.wifisettings/.activity.WifiScreenSettingsActivity t75 s2 STOPPING ActivitySplitInfo [screenZone=0/ flag=0x0/ state=NATIVE/ forceFullScreen=false]
08-21 17:00:22.743  1567  4111 V SplitWindowManager: add to list : SplitActivity{4f5eb72 com.lge.hiddenmenu/.SVC.log_service.MainActivity t54 s2 RESUMED ActivitySplitInfo [screenZone=0/ flag=0x0/ state=NATIVE/ forceFullScreen=false]
08-21 17:00:22.743  1567  4111 V SplitWindowManager: SplitWindowManager dumpstate.(_mState : NORMAL)
08-21 17:00:22.743  1567  4111 V SplitWindowManager: _mSplitActivityList(1)_______
08-21 17:00:22.743  1567  4111 V SplitWindowManager:  * SplitActivity{4f5eb72 com.lge.hiddenmenu/.SVC.log_service.MainActivity t54 s2 RESUMED ActivitySplitInfo [screenZone=0/ flag=0x0/ state=NATIVE/ forceFullScreen=false]
08-21 17:00:22.743  1567  4111 V SplitWindowManager: _mPreparedActivity : 
08-21 17:00:22.744  1567  1955 D SplitWindowManager: SplitWindowManagerHandler:handleMessage: 501
08-21 17:00:22.744  1567  4111 V SplitWindowManager: ensureActivitiesVisibleLocked has blank for debug 
08-21 17:00:22.745  1567  1680 I PhoneWindowManagerEx: [PWM] sIsDimming=false, isDimChanging = false
08-21 17:00:22.745  1567  1680 I PhoneWindowManagerEx: [PWM][updateSystemUiVisibilityLw] tmpColorNavigationBar=0xff000000
08-21 17:00:22.745  1567  1680 I PhoneWindowManagerEx: [PWM][updateSystemUiVisibilityLw] mLastColorNavigationBar=0xff000000
08-21 17:00:22.745  1567  1680 D kyu     : WindowState::getSystemUiVisibilityLG = 0
08-21 17:00:22.745  1567  1680 I WindowManager: [PWM][updateSystemUiVisibilityLw] diffLG=0
08-21 17:00:22.745  1567  1680 I WindowManager: [PWM][updateSystemUiVisibilityLw] visibilityLG=0x0
08-21 17:00:22.745  1567  1680 I WindowManager: [PWM][updateSystemUiVisibilityLw] mLastSystemUiFlagsLG=0x0
08-21 17:00:22.745  4064 26445 D SplitWindowPolicy: updateActivityStateChanged: resumed=true, screenId=2, isScreenFull=true
08-21 17:00:22.745  4064 26445 D SplitWindowPolicy: topRunningActivity=ActivityInfo{377258d com.lge.hiddenmenu.SVC.log_service.MainActivity}, taskId=54, activityType=0, bIsSplit=false
08-21 17:00:22.747  1567  1680 D InputDispatcher: Focus left window: Window{bc0131a u0 com.lge.wifisettings/com.lge.wifisettings.activity.WifiScreenSettingsActivity}
08-21 17:00:22.757  3386  3532 V audio_hw_3rdP_spkr_prot: lge_audio_3rdP_spk_prot_enable: Exit
08-21 17:00:22.757  3386  3532 V audio_hw_primary: enable_snd_device: snd_device(2: speaker)
08-21 17:00:22.757  3386  3532 I audio_hw_primary: select_devices Selected apptype: 69937
08-21 17:00:22.757  3386  3532 V audio_hw_primary: enable_audio_route: enter: usecase(1)
08-21 17:00:22.757  3386  3532 D audio_hw_utils: audio_extn_utils_send_audio_calibration: audio_extn_utils_send_audio_calibration(0)
08-21 17:00:22.757  3386  3532 V msm8974_platform: platform_send_audio_calibration: sending audio calibration for snd_device(2) acdb_id(14)
08-21 17:00:22.757  3386  3532 D ACDB-LOADER: ACDB -> send_audio_cal, acdb_id = 14, path =  0
08-21 17:00:22.757  3386  3532 D ACDB-LOADER: ACDB -> send_asm_topology
08-21 17:00:22.757  3386  3532 D ACDB-LOADER: ACDB -> ACDB_CMD_GET_AUDPROC_STREAM_TOPOLOGY_ID
08-21 17:00:22.757  3386  3532 D ACDB-LOADER: ACDB -> send_adm_topology
08-21 17:00:22.757  3386  3532 D ACDB-LOADER: ACDB -> ACDB_CMD_GET_AUDPROC_COMMON_TOPOLOGY_ID
08-21 17:00:22.757  3386  3532 D ACDB-LOADER: ACDB -> send_audtable
08-21 17:00:22.757  3386  3532 D ACDB-LOADER: ACDB -> ACDB_CMD_GET_AUDPROC_COMMON_TABLE
08-21 17:00:22.757  3386  3532 D ACDB-LOADER: ACDB -> AUDIO_SET_AUDPROC_CAL
08-21 17:00:22.757  3386  3532 D ACDB-LOADER: ACDB -> send_audvoltable
08-21 17:00:22.757  3386  3532 D ACDB-LOADER: ACDB -> ACDB_CMD_GET_AUDPROC_GAIN_DEP_STEP_TABLE
08-21 17:00:22.757  3386  3532 D ACDB-LOADER: ACDB -> AUDIO_SET_AUDPROC_VOL_CAL
08-21 17:00:22.757  3386  3532 D ACDB-LOADER: ACDB -> send_afe_cal
08-21 17:00:22.757  3386  3532 D ACDB-LOADER: ACDB -> ACDB_CMD_GET_AFE_COMMON_TABLE
08-21 17:00:22.757  3386  3532 D ACDB-LOADER: ACDB -> AUDIO_SET_AFE_CAL
08-21 17:00:22.758  3386  3532 D ACDB-LOADER: ACDB -> send_hw_delay : acdb_id = 14 path = 0
08-21 17:00:22.758  3386  3532 D ACDB-LOADER: ACDB -> ACDB_AVSYNC_INFO: ACDB_CMD_GET_DEVICE_PROPERTY
08-21 17:00:22.758  3386  3532 I audio_hw_utils: audio_extn_utils_send_app_type_cfg app_type 69937, acdb_dev_id 14, sample_rate 48000
08-21 17:00:22.758  3386  3532 V msm8974_platform_lge: LGE_platform_add_backend_name: enter: 2
08-21 17:00:22.758  3386  3532 V audio_hw_primary: enable_audio_route: apply mixer and update path: low-latency-playback quat-mi2s-speaker
08-21 17:00:22.759  3386  3532 V audio_hw_primary: enable_audio_route: exit
08-21 17:00:22.759  3386  3532 D audio_hw_primary: select_devices: done
08-21 17:00:22.759  3386  3532 V audio_hw_primary: start_output_stream: Opening PCM device card_id(0) device_id(15) format(0)
08-21 17:00:22.762  4064  4582 D QcomPmext: activity start: com.lge.hiddenmenu/com.lge.hiddenmenu.SVC.log_service.MainActivity
08-21 17:00:22.763  3386  3532 V msm8974_platform: platform_set_channel_map channel_count:2
08-21 17:00:22.763  3386  3532 D msm8974_platform: platform_set_channel_map mixer_ctl_name:Playback Channel Map15
08-21 17:00:22.763  3386  3532 D msm8974_platform: platform_set_channel_map: set mapping(1 2 0 0 0 0 0 0) for channel:2
08-21 17:00:22.763  3386  3532 V audio_hw_primary: start_output_stream: exit
08-21 17:00:22.771 31963 31963 W SplitWindow: update focus... 
08-21 17:00:22.771  4148  4162 D ForegroundUtils: Foreground changed, PID: 26637 UID: 1000 foreground: true
08-21 17:00:22.771  4148  4162 D ForegroundUtils: Foreground UID/PID combinations:
08-21 17:00:22.771  4148  4162 D ForegroundUtils: UID: 1000 PID: 26637
08-21 17:00:22.771  4148  4162 D ForegroundUtils: UID: 1000 PID: 31963
08-21 17:00:22.773  8709  8724 I CAPP_DB_LOG: opened database address/path : 0x7f8c154b80, /data/user/0/com.lge.lpd/databases/LPD_DB.db
08-21 17:00:22.774  8709  8724 I CAPP_DB_LOG:   database address : 0x7f8c154b80, pragma journal_mode = PERSIST
08-21 17:00:22.775  8709  8724 I CAPP_DB_LOG:   database address : 0x7f8c154b80, pragma journal_size_limit = 524288
08-21 17:00:22.775  8709  8724 I CAPP_DB_LOG:   database address : 0x7f8c154b80, pragma wal_autocheckpoint = 100
08-21 17:00:22.775  1567  4176 D SplitFlag: relayout.. reset flags.. flags = 1810100, sysflags = 0 of win Window{159c863 u0 com.lge.hiddenmenu/com.lge.hiddenmenu.SVC.log_service.MainActivity}
08-21 17:00:22.777  1567  4176 I PhoneWindowManagerEx: [PWM] sIsDimming=false, isDimChanging = false
08-21 17:00:22.777  1567  4176 I PhoneWindowManagerEx: [PWM][updateSystemUiVisibilityLw] tmpColorNavigationBar=0x1
08-21 17:00:22.777  1567  4176 I PhoneWindowManagerEx: [PWM][updateSystemUiVisibilityLw] mLastColorNavigationBar=0xff000000
08-21 17:00:22.777  1567  4176 D kyu     : WindowState::getSystemUiVisibilityLG = 0
08-21 17:00:22.777  1567  4176 I WindowManager: [PWM][updateSystemUiVisibilityLw] diffLG=0
08-21 17:00:22.777  1567  4176 I WindowManager: [PWM][updateSystemUiVisibilityLw] visibilityLG=0x0
08-21 17:00:22.777  1567  4176 I WindowManager: [PWM][updateSystemUiVisibilityLw] mLastSystemUiFlagsLG=0x0
08-21 17:00:22.777  1567  4176 D WindowManager: [PWM][updateSystemUiVisibilityLw] mLastSystemUiFlagsLG=0x0
08-21 17:00:22.777  1567  1963 I SystemUI[Framework]: PhoneWindowManager.updateSystemUiVisibilityLw() :visibility=0x8000, pkg=com.lge.hiddenmenu
08-21 17:00:22.777  8709  8724 D AppInfoDao: topacitivyt exist app = android.uid.system:1000
08-21 17:00:22.777  1567  4176 I PhoneWindowManagerEx: [PWM] sIsDimming=false, isDimChanging = false
08-21 17:00:22.778  1567  4176 I PhoneWindowManagerEx: [PWM][updateSystemUiVisibilityLw] tmpColorNavigationBar=0x1
08-21 17:00:22.778  1567  4176 I PhoneWindowManagerEx: [PWM][updateSystemUiVisibilityLw] mLastColorNavigationBar=0xff000000
08-21 17:00:22.778  1567  4176 D kyu     : WindowState::getSystemUiVisibilityLG = 0
08-21 17:00:22.778  1567  4176 I WindowManager: [PWM][updateSystemUiVisibilityLw] diffLG=0
08-21 17:00:22.778  1567  4176 I WindowManager: [PWM][updateSystemUiVisibilityLw] visibilityLG=0x0
08-21 17:00:22.778  1567  4176 I WindowManager: [PWM][updateSystemUiVisibilityLw] mLastSystemUiFlagsLG=0x0
08-21 17:00:22.780  3599  3599 D PhoneStatusBar: setSystemUiVisibility vis=8000 mask=ffffffff oldVal=8600 newVal=8000 diff=600
08-21 17:00:22.780  1567  1963 I SystemUI[Framework]: ==>disabledNaviBtn() what=0x0, token=android.os.Binder@e09e6ff,  pkg=Window{159c863 u0 com.lge.hiddenmenu/com.lge.hiddenmenu.SVC.log_service.MainActivity}
08-21 17:00:22.780  1567  1963 I SystemUI[Framework]: disableNaviBtn: mDisabledNaviBtn=0x0,  mDisableRecords.size=0
08-21 17:00:22.787  1567  4176 D InputDispatcher: Focus entered window: Window{159c863 u0 com.lge.hiddenmenu/com.lge.hiddenmenu.SVC.log_service.MainActivity}
08-21 17:00:22.787  8709  8724 D AppInfoDao: topacitivyt update app = android.uid.system:1000 time = 2015-08-21 17:00 date = 20150821
08-21 17:00:22.788  8709  8724 I CAPP_DB_LOG: closed database address/path : 0x7f8c154b80, /data/user/0/com.lge.lpd/databases/LPD_DB.db
08-21 17:00:22.789  8709  8724 I CAPP_DB_LOG: opened database address/path : 0x7f8c154b80, /data/user/0/com.lge.lpd/databases/LPD_DB.db
08-21 17:00:22.791  8709  8724 I CAPP_DB_LOG:   database address : 0x7f8c154b80, pragma journal_mode = PERSIST
08-21 17:00:22.791  8709  8724 I CAPP_DB_LOG:   database address : 0x7f8c154b80, pragma journal_size_limit = 524288
08-21 17:00:22.791  8709  8724 I CAPP_DB_LOG:   database address : 0x7f8c154b80, pragma wal_autocheckpoint = 100
08-21 17:00:22.793  8709  8724 I CAPP_DB_LOG: closed database address/path : 0x7f8c154b80, /data/user/0/com.lge.lpd/databases/LPD_DB.db
08-21 17:00:22.825  1567  1578 I art     : Background partial concurrent mark sweep GC freed 23578(845KB) AllocSpace objects, 0(0B) LOS objects, 25% free, 46MB/62MB, paused 1.171ms total 101.685ms
08-21 17:00:22.849  1567  2117 I PhoneWindowManagerEx: [PWM] sIsDimming=false, isDimChanging = false
08-21 17:00:22.849  1567  2117 I PhoneWindowManagerEx: [PWM][updateSystemUiVisibilityLw] tmpColorNavigationBar=0x1
08-21 17:00:22.849  1567  2117 I PhoneWindowManagerEx: [PWM][updateSystemUiVisibilityLw] mLastColorNavigationBar=0xff000000
08-21 17:00:22.849  1567  2117 D kyu     : WindowState::getSystemUiVisibilityLG = 0
08-21 17:00:22.849  1567  2117 I WindowManager: [PWM][updateSystemUiVisibilityLw] diffLG=0
08-21 17:00:22.849  1567  2117 I WindowManager: [PWM][updateSystemUiVisibilityLw] visibilityLG=0x0
08-21 17:00:22.849  1567  2117 I WindowManager: [PWM][updateSystemUiVisibilityLw] mLastSystemUiFlagsLG=0x0
08-21 17:00:22.849 26637 26637 W SplitWindow: update focus... 
08-21 17:00:22.853  1567  2117 I PhoneWindowManagerEx: [PWM] sIsDimming=false, isDimChanging = false
08-21 17:00:22.853  1567  2117 I PhoneWindowManagerEx: [PWM][updateSystemUiVisibilityLw] tmpColorNavigationBar=0x1
08-21 17:00:22.853  1567  2117 I PhoneWindowManagerEx: [PWM][updateSystemUiVisibilityLw] mLastColorNavigationBar=0xff000000
08-21 17:00:22.853  1567  2117 D kyu     : WindowState::getSystemUiVisibilityLG = 0
08-21 17:00:22.853  1567  2117 I WindowManager: [PWM][updateSystemUiVisibilityLw] diffLG=0
08-21 17:00:22.853  1567  2117 I WindowManager: [PWM][updateSystemUiVisibilityLw] visibilityLG=0x0
08-21 17:00:22.853  1567  2117 I WindowManager: [PWM][updateSystemUiVisibilityLw] mLastSystemUiFlagsLG=0x0
08-21 17:00:22.853  1567  2117 D WindowManager: [PWM][updateSystemUiVisibilityLw] mLastSystemUiFlagsLG=0x0
08-21 17:00:22.853  1567  1963 I SystemUI[Framework]: PhoneWindowManager.updateSystemUiVisibilityLw() :visibility=0x0, pkg=com.lge.hiddenmenu
08-21 17:00:22.854  1567  2117 I PhoneWindowManagerEx: [PWM] sIsDimming=false, isDimChanging = false
08-21 17:00:22.854  1567  2117 I PhoneWindowManagerEx: [PWM][updateSystemUiVisibilityLw] tmpColorNavigationBar=0x1
08-21 17:00:22.854  1567  2117 I PhoneWindowManagerEx: [PWM][updateSystemUiVisibilityLw] mLastColorNavigationBar=0xff000000
08-21 17:00:22.854  1567  2117 D kyu     : WindowState::getSystemUiVisibilityLG = 0
08-21 17:00:22.854  1567  1963 I SystemUI[Framework]: ==>disabledNaviBtn() what=0x0, token=android.os.Binder@e09e6ff,  pkg=Window{159c863 u0 com.lge.hiddenmenu/com.lge.hiddenmenu.SVC.log_service.MainActivity}
08-21 17:00:22.854  1567  1963 I SystemUI[Framework]: disableNaviBtn: mDisabledNaviBtn=0x0,  mDisableRecords.size=0
08-21 17:00:22.854  1567  2117 I WindowManager: [PWM][updateSystemUiVisibilityLw] diffLG=0
08-21 17:00:22.854  1567  2117 I WindowManager: [PWM][updateSystemUiVisibilityLw] visibilityLG=0x0
08-21 17:00:22.854  1567  2117 I WindowManager: [PWM][updateSystemUiVisibilityLw] mLastSystemUiFlagsLG=0x0
08-21 17:00:22.854  3599  3599 D PhoneStatusBar: setSystemUiVisibility vis=0 mask=ffffffff oldVal=8000 newVal=0 diff=8000
08-21 17:00:22.855  3599  3599 D [SystemUI]PhoneStatusBar: StatusBarMode is changed (MODE_TRANSPARENT -> MODE_OPAQUE)
08-21 17:00:22.855  3599  3599 D [SystemUI]PhoneStatusBar: NavigationBarMode is changed (MODE_TRANSPARENT -> MODE_OPAQUE)
08-21 17:00:22.855  1567  2117 I ActivityManager: Displayed com.lge.hiddenmenu/.SVC.log_service.MainActivity: +114ms
08-21 17:00:22.857  3599  3599 D [SystemUI]NavigationThemeResource: Bar mode is changed (4 -> 0)
08-21 17:00:22.861  3599  3599 D BarTransitions: draw background and invalidate : color = 7000000
08-21 17:00:22.864  1567   913 V SoundPool: process 0x7f674e34d0 channel 532 event BUFFER_END
08-21 17:00:22.864  1567  3920 V SoundPool: awake
08-21 17:00:22.864  1567  3920 V SoundPool: Getting channel from stop list
08-21 17:00:22.864  1567  3920 V SoundPool: stop
08-21 17:00:22.866  1567  2117 I PhoneWindowManagerEx: [PWM] sIsDimming=false, isDimChanging = false
08-21 17:00:22.866  1567  2117 I PhoneWindowManagerEx: [PWM][updateSystemUiVisibilityLw] tmpColorNavigationBar=0x1
08-21 17:00:22.866  1567  2117 I PhoneWindowManagerEx: [PWM][updateSystemUiVisibilityLw] mLastColorNavigationBar=0xff000000
08-21 17:00:22.866  1567  2117 D kyu     : WindowState::getSystemUiVisibilityLG = 0
08-21 17:00:22.866  1567  2117 I WindowManager: [PWM][updateSystemUiVisibilityLw] diffLG=0
08-21 17:00:22.866  1567  2117 I WindowManager: [PWM][updateSystemUiVisibilityLw] visibilityLG=0x0
08-21 17:00:22.866  1567  2117 I WindowManager: [PWM][updateSystemUiVisibilityLw] mLastSystemUiFlagsLG=0x0
08-21 17:00:22.866  3599  3599 D BarTransitions: draw background and invalidate : color = b000000
08-21 17:00:22.874  3386  3533 V audio_hw_primary: out_get_latency: Latency 10
08-21 17:00:22.881  1567  3920 V SoundPool: done_l(532)
08-21 17:00:22.881  1567  3920 V SoundPool: move to front
08-21 17:00:22.886  1567  4111 I PhoneWindowManagerEx: [PWM] sIsDimming=false, isDimChanging = false
08-21 17:00:22.886  1567  4111 I PhoneWindowManagerEx: [PWM][updateSystemUiVisibilityLw] tmpColorNavigationBar=0x1
08-21 17:00:22.886  1567  4111 I PhoneWindowManagerEx: [PWM][updateSystemUiVisibilityLw] mLastColorNavigationBar=0xff000000
08-21 17:00:22.887  1567  4111 D kyu     : WindowState::getSystemUiVisibilityLG = 0
08-21 17:00:22.887  1567  4111 I WindowManager: [PWM][updateSystemUiVisibilityLw] diffLG=0
08-21 17:00:22.887  1567  4111 I WindowManager: [PWM][updateSystemUiVisibilityLw] visibilityLG=0x0
08-21 17:00:22.887  1567  4111 I WindowManager: [PWM][updateSystemUiVisibilityLw] mLastSystemUiFlagsLG=0x0
08-21 17:00:22.894  1567  4220 V SplitWindowManager: ensureActivitiesVisibleLocked has blank for debug 
08-21 17:00:22.905  3956  3956 D LgeImeImpl: [LgeImeImpl.java:4330:LgeImeImpl.onFinishInput()] [IN]onFinishInput
08-21 17:00:22.905  3956  3956 D LgeImeImpl: [LgeImeImpl.java:4359:LgeImeImpl.onFinishInput()] [OUT]onFinishInput
08-21 17:00:22.905  3956  3956 D LgeImeImpl: [LgeImeImpl.java:1515:LgeImeImpl.onStartInput()] [IN] onStartInput[false]
08-21 17:00:22.905  3956  3956 D LgeImeImpl: [LgeImeImpl.java:1532:LgeImeImpl.onStartInput()] [OUT] onStartInput
08-21 17:00:22.924  3386  3533 V audio_hw_primary: out_get_latency: Latency 10
08-21 17:00:22.931  3386  3533 V AudioFlinger: removeTracks_l removing track on session 945
08-21 17:00:22.931  3386  3533 V AudioFlinger: acquireWakeLock_l() AudioOut_2 status 0
08-21 17:00:22.941  3386  3533 V AudioPolicyService: AudioCommandThread() adding stop output 2
08-21 17:00:22.941  3386  3533 V AudioPolicyService: inserting command: 5 at index 0, num commands 0
08-21 17:00:22.941  3386  3521 V AudioPolicyService: AudioCommandThread() waking up
08-21 17:00:22.941  3386  3521 V AudioPolicyService: AudioCommandThread() processing stop output 2
08-21 17:00:22.941  3386  3521 V APM::AudioPolicyManager: stopOutput() output 2, stream 1, session 945
08-21 17:00:22.941  3386  3521 V APM::AudioPolicyManager: setBeaconMute(1) mBeaconMuteRefCount=0 mBeaconPlayingRefCount=0
08-21 17:00:22.941  3386  3521 V APM::AudioPolicyManager: getNewOutputDevice() selected device 0
08-21 17:00:22.941  3386  3521 V APM::AudioPolicyManager: setOutputDevice() device 0000 delayMs 100
08-21 17:00:22.941  3386  3521 V APM::AudioPolicyManager: setOutputDevice() prevDevice 0x0002
08-21 17:00:22.941  3386  3521 V APM::AudioPolicyManager: AudioPolicyManagerEx::getRingerMode() mRingerMode 2
08-21 17:00:22.941  3386  3521 V APM::AudioPolicyManager: AudioPolicyManagerEx::getRingerMode() mRingerMode 2
08-21 17:00:22.941  3386  3521 V APM::AudioPolicyManager: AudioPolicyManagerEx::getRingerMode() mRingerMode 2
08-21 17:00:22.941  3386  3521 V APM::AudioPolicyManager: AudioPolicyManagerEx::getRingerMode() mRingerMode 2
08-21 17:00:22.941  3386  3521 V APM::AudioPolicyManager: AudioPolicyManagerEx::getRingerMode() mRingerMode 2
08-21 17:00:22.941  3386  3521 V APM::AudioPolicyManager: setOutputDevice() setting same device 0x0000 or null device
08-21 17:00:22.941  3386  3521 V AudioPolicyService: AudioCommandThread() going to sleep
08-21 17:00:23.563  1567  2117 I PhoneWindowManagerEx: [PWM] sIsDimming=false, isDimChanging = false
08-21 17:00:23.563  1567  2117 I PhoneWindowManagerEx: [PWM][updateSystemUiVisibilityLw] tmpColorNavigationBar=0x1
08-21 17:00:23.563  1567  2117 I PhoneWindowManagerEx: [PWM][updateSystemUiVisibilityLw] mLastColorNavigationBar=0xff000000
08-21 17:00:23.563  1567  2117 D kyu     : WindowState::getSystemUiVisibilityLG = 0
08-21 17:00:23.563  1567  2117 I WindowManager: [PWM][updateSystemUiVisibilityLw] diffLG=0
08-21 17:00:23.563  1567  2117 I WindowManager: [PWM][updateSystemUiVisibilityLw] visibilityLG=0x0
08-21 17:00:23.563  1567  2117 I WindowManager: [PWM][updateSystemUiVisibilityLw] mLastSystemUiFlagsLG=0x0
08-21 17:00:23.598  1567  1955 V SplitWindowManager: ensureActivitiesVisibleLocked has blank for debug 
08-21 17:00:23.598  1567  2117 I PhoneWindowManagerEx: [PWM] sIsDimming=false, isDimChanging = false
08-21 17:00:23.598  1567  2117 I PhoneWindowManagerEx: [PWM][updateSystemUiVisibilityLw] tmpColorNavigationBar=0x1
08-21 17:00:23.598  1567  2117 I PhoneWindowManagerEx: [PWM][updateSystemUiVisibilityLw] mLastColorNavigationBar=0xff000000
08-21 17:00:23.598  1567  2117 D kyu     : WindowState::getSystemUiVisibilityLG = 0
08-21 17:00:23.598  1567  2117 I WindowManager: [PWM][updateSystemUiVisibilityLw] diffLG=0
08-21 17:00:23.598  1567  2117 I WindowManager: [PWM][updateSystemUiVisibilityLw] visibilityLG=0x0
08-21 17:00:23.598  1567  2117 I WindowManager: [PWM][updateSystemUiVisibilityLw] mLastSystemUiFlagsLG=0x0
08-21 17:00:23.601  1567  2117 I PhoneWindowManagerEx: [PWM] sIsDimming=false, isDimChanging = false
08-21 17:00:23.601  1567  2117 I PhoneWindowManagerEx: [PWM][updateSystemUiVisibilityLw] tmpColorNavigationBar=0x1
08-21 17:00:23.601  1567  2117 I PhoneWindowManagerEx: [PWM][updateSystemUiVisibilityLw] mLastColorNavigationBar=0xff000000
08-21 17:00:23.601  1567  2117 D kyu     : WindowState::getSystemUiVisibilityLG = 0
08-21 17:00:23.602  1567  2117 I WindowManager: [PWM][updateSystemUiVisibilityLw] diffLG=0
08-21 17:00:23.602  1567  2117 I WindowManager: [PWM][updateSystemUiVisibilityLw] visibilityLG=0x0
08-21 17:00:23.602  1567  2117 I WindowManager: [PWM][updateSystemUiVisibilityLw] mLastSystemUiFlagsLG=0x0
08-21 17:00:23.602   519   575 I GBMv2   : GBM state [0]
08-21 17:00:23.602   519   575 I GBMv2   : GBM state [1]
08-21 17:00:23.607 31963 31963 I WfdManager: setUiStateOff
08-21 17:00:23.610  4064 27317 D WfdStateTracker: setUiStateOff: 7
08-21 17:00:23.610  4148  5144 D ForegroundUtils: Foreground changed, PID: 31963 UID: 1000 foreground: false
08-21 17:00:23.610  4148  5144 D ForegroundUtils: Foreground UID/PID combinations:
08-21 17:00:23.610  4148  5144 D ForegroundUtils: UID: 1000 PID: 26637
08-21 17:00:23.613  1567  2117 I PhoneWindowManagerEx: [PWM] sIsDimming=false, isDimChanging = false
08-21 17:00:23.613  1567  2117 I PhoneWindowManagerEx: [PWM][updateSystemUiVisibilityLw] tmpColorNavigationBar=0x1
08-21 17:00:23.613  1567  2117 I PhoneWindowManagerEx: [PWM][updateSystemUiVisibilityLw] mLastColorNavigationBar=0xff000000
08-21 17:00:23.613  1567  2117 D kyu     : WindowState::getSystemUiVisibilityLG = 0
08-21 17:00:23.613  1567  2117 I WindowManager: [PWM][updateSystemUiVisibilityLw] diffLG=0
08-21 17:00:23.613  1567  2117 I WindowManager: [PWM][updateSystemUiVisibilityLw] visibilityLG=0x0
08-21 17:00:23.613  1567  2117 I WindowManager: [PWM][updateSystemUiVisibilityLw] mLastSystemUiFlagsLG=0x0
08-21 17:00:23.619 31963 31963 D WifiScreenSettings: - unscheduleRouteInfoUpdate: false
08-21 17:00:23.621  7247  7247 W CastMediaRouteProvider: Invalid control category: android.media.intent.category.LIVE_AUDIO
08-21 17:00:23.626  1567  4125 I PhoneWindowManagerEx: [PWM] sIsDimming=false, isDimChanging = false
08-21 17:00:23.626  1567  4125 I PhoneWindowManagerEx: [PWM][updateSystemUiVisibilityLw] tmpColorNavigationBar=0x1
08-21 17:00:23.626  1567  4125 I PhoneWindowManagerEx: [PWM][updateSystemUiVisibilityLw] mLastColorNavigationBar=0xff000000
08-21 17:00:23.626  1567  4125 D kyu     : WindowState::getSystemUiVisibilityLG = 0
08-21 17:00:23.626  1567  4125 I WindowManager: [PWM][updateSystemUiVisibilityLw] diffLG=0
08-21 17:00:23.626  1567  4125 I WindowManager: [PWM][updateSystemUiVisibilityLw] visibilityLG=0x0
08-21 17:00:23.626  1567  4125 I WindowManager: [PWM][updateSystemUiVisibilityLw] mLastSystemUiFlagsLG=0x0
08-21 17:00:23.627  1567  4125 D InputDispatcher: Window went away: Window{bc0131a u0 com.lge.wifisettings/com.lge.wifisettings.activity.WifiScreenSettingsActivity}
08-21 17:00:23.634  1567  3295 D FingerprintProtector: This is not product version.
08-21 17:00:23.776  3599  3599 D [SystemUI]SystemServicesProxy: RecentApps has 25 item(s).
08-21 17:00:24.611  4064  4416 D WfdStateTracker: handleUiStateChangeEvent : 0, 0
08-21 17:00:25.757   707   707 I MSM-irqbalance: Decided to move IRQ222 from CPU1 to CPU3
08-21 17:00:25.911  3386  3533 V AudioFlinger: Audio hardware entering standby, mixer 0xf1040000, suspend count 0
08-21 17:00:25.911  3386  3533 D audio_hw_primary: out_standby: enter: stream (0xf1b28080) usecase(1: low-latency-playback)
08-21 17:00:25.943  3386  3533 V audio_hw_primary: stop_output_stream: enter: usecase(1: low-latency-playback)
08-21 17:00:25.943  3386  3533 V audio_hw_primary: disable_audio_route: enter: usecase(1)
08-21 17:00:25.943  3386  3533 V msm8974_platform_lge: LGE_platform_add_backend_name: enter: 2
08-21 17:00:25.943  3386  3533 V audio_hw_primary: disable_audio_route: reset and update mixer path: low-latency-playback quat-mi2s-speaker
08-21 17:00:25.946  3386  3533 V audio_hw_primary: disable_audio_route: exit
08-21 17:00:25.946  3386  3533 E audio_hw_primary: disable_snd_device: enter 2
08-21 17:00:25.946  3386  3533 D hardware_info: hw_info_append_hw_type : device_name = speaker
08-21 17:00:25.946  3386  3533 V audio_hw_primary: disable_snd_device: snd_device(2: speaker)
08-21 17:00:25.946  3386  3533 V audio_hw_3rdP_spkr_prot: lge_audio_3rdP_spk_prot_disable: Entry
08-21 17:00:25.973  3386  3533 V audio_hw_3rdP_spkr_prot: lge_audio_3rdP_spk_prot_disable: Exit
08-21 17:00:25.973  3386  3533 V audio_hw_primary: stop_output_stream: exit: status(0)
08-21 17:00:25.973  3386  3533 V audio_hw_primary: out_standby: exit
08-21 17:00:25.973  3386  3533 V AudioFlinger: releaseWakeLock_l() AudioOut_2
08-21 17:00:25.974  3386  3533 V AudioFlinger: thread 0xf1040000 type 0 TID 3533 going to sleep
08-21 17:00:26.475  1567  3233 D InputDispatcher: notifyMotion - action=ACTION_DOWN(0), id=0, x=329.000, y=333.000, tooltype=1, deviceId=4, source=0x1002, policyFlags=0x0, flags=0x0, metaState=0x0, buttonState=0x0, edgeFlags=0x0, eventTime=14378586850000, downTime=14378586850000, 
08-21 17:00:26.476  1567  3232 D InputTransport: channel '159c863 com.lge.hiddenmenu/com.lge.hiddenmenu.SVC.log_service.MainActivity (server)' : action=ACTION_DOWN(0), id=0, x=329.000, y=333.000, [tooltype=1, deviceId=4, source=0x1002, flags=0x0, edgeFlags=0x0, metaState=0x0, buttonState=0x0, downTime=14378586850000, eventTime=14378586850000, pointerCount=1
08-21 17:00:26.493  1567  3233 D InputDispatcher: notifyMotion - action=ACTION_UP(0), id=0, x=329.000, y=332.000, tooltype=1, deviceId=4, source=0x1002, policyFlags=0x0, flags=0x0, metaState=0x0, buttonState=0x0, edgeFlags=0x0, eventTime=14378603975000, downTime=14378586850000, 
08-21 17:00:26.493  1567  3232 D InputTransport: channel '159c863 com.lge.hiddenmenu/com.lge.hiddenmenu.SVC.log_service.MainActivity (server)' : action=ACTION_UP(0), id=0, x=329.000, y=332.000, [tooltype=1, deviceId=4, source=0x1002, flags=0x0, edgeFlags=0x0, metaState=0x0, buttonState=0x0, downTime=14378586850000, eventTime=14378603975000, pointerCount=1
08-21 17:00:26.574  1567  3268 V SoundPool: play sampleID=1, leftVolume=1.000000, rightVolume=1.000000, priority=0, loop=0, rate=1.000000
08-21 17:00:26.575  1567  3268 V SoundPool: mState = 4 mChannelID=515, mNumChannels=2, mPos = 0, mPriority=0, mLoop=0
08-21 17:00:26.575  1567  3268 V SoundPool: mState = 0 mChannelID=516, mNumChannels=2, mPos = 0, mPriority=-1, mLoop=0
08-21 17:00:26.575  1567  3268 V SoundPool: mState = 4 mChannelID=524, mNumChannels=2, mPos = 0, mPriority=0, mLoop=0
08-21 17:00:26.575  1567  3268 V SoundPool: mState = 0 mChannelID=532, mNumChannels=2, mPos = 0, mPriority=-1, mLoop=0
08-21 17:00:26.575  1567  3268 V SoundPool: Allocated recycled channel for same sampleID
08-21 17:00:26.575  1567  3268 V SoundPool: play channel 0x7f674e34d0 state = 0
08-21 17:00:26.575  1567  3268 V SoundPool: SoundChannel::play 0x7f674e34d0: sampleID=1, channelID=533, leftVolume=1.000000, rightVolume=1.000000, priority=0, loop=0, rate=1.000000
08-21 17:00:26.575  3386  3958 V APM::AudioPolicyManager: getOutput() device 2, stream 1, samplingRate 0, format 0, channelMask 3, flags 0
08-21 17:00:26.575  3386  3958 V APM::AudioPolicyManager:   getOutputForDevice() returns output 2
08-21 17:00:26.576  1567  3268 V AudioSystem: getFrameCount() output 2, frameCount 960
08-21 17:00:26.576  3386  3541 V APM::AudioPolicyManager: getOutput() device 2, stream 1, samplingRate 0, format 0, channelMask 3, flags 0
08-21 17:00:26.576  3386  3541 V APM::AudioPolicyManager:   getOutputForDevice() returns output 2
08-21 17:00:26.576  1567  3268 V AudioSystem: getOutputSamplingRate() reading from output desc
08-21 17:00:26.577  1567  3268 V AudioSystem: getSamplingRate() output 2, sampling rate 48000
08-21 17:00:26.577  1567  3268 V SoundPool: reusing track 0x7f70e1d700 for sample 1
08-21 17:00:26.577  3386  3539 V APM::AudioPolicyManager: startOutput() output 2, stream 1, session 945
08-21 17:00:26.577  3386  3539 V APM::AudioPolicyManager: setBeaconMute(1) mBeaconMuteRefCount=1 mBeaconPlayingRefCount=0
08-21 17:00:26.577  3386  3539 V APM::AudioPolicyManager: getNewOutputDevice() selected device 2
08-21 17:00:26.577  3386  3539 V APM::AudioPolicyManager: setOutputDevice() device 0002 delayMs 0
08-21 17:00:26.577  3386  3539 V APM::AudioPolicyManager: setOutputDevice() prevDevice 0x0002
08-21 17:00:26.577  3386  3539 V APM::AudioPolicyManager: AudioPolicyManagerEx::getRingerMode() mRingerMode 2
08-21 17:00:26.577  3386  3539 V APM::AudioPolicyManager: AudioPolicyManagerEx::getRingerMode() mRingerMode 2
08-21 17:00:26.578  3386  3539 V APM::AudioPolicyManager: AudioPolicyManagerEx::getRingerMode() mRingerMode 2
08-21 17:00:26.578  3386  3539 V APM::AudioPolicyManager: AudioPolicyManagerEx::getRingerMode() mRingerMode 2
08-21 17:00:26.578  3386  3539 V APM::AudioPolicyManager: AudioPolicyManagerEx::getRingerMode() mRingerMode 2
08-21 17:00:26.578  3386  3539 V APM::AudioPolicyManager: setOutputDevice() changing device
08-21 17:00:26.578  3386  3539 V AudioPolicyService: AudioCommandThread() adding create patch delay 0
08-21 17:00:26.578  3386  3539 V AudioPolicyService: inserting command: 7 at index 0, num commands 0
08-21 17:00:26.578  3386  3520 V AudioPolicyService: AudioCommandThread() waking up
08-21 17:00:26.578  3386  3520 V AudioPolicyService: AudioCommandThread() processing create audio patch
08-21 17:00:26.578  3386  3520 V AudioFlinger: sendConfigEvent_l() num events 1 event 3
08-21 17:00:26.578  3386  3533 V AudioFlinger: thread 0xf1040000 type 0 TID 3533 waking up
08-21 17:00:26.579  3386  3533 V AudioFlinger: acquireWakeLock_l() AudioOut_2 status 0
08-21 17:00:26.579  3386  3533 V AudioFlinger: processConfigEvents_l() remaining events 1
08-21 17:00:26.579  3386  3533 D audio_hw_primary: out_set_parameters: enter: usecase(1: low-latency-playback) kvpairs: routing=2
08-21 17:00:26.579  3386  3533 V audio_hw_primary: out_set_parameters: exit: code(0)
08-21 17:00:26.579  3386  3533 V AudioFlinger: processConfigEvents_l() DONE thread 0xf1040000
08-21 17:00:26.579  3386  3533 V AudioFlinger: acquireWakeLock_l() AudioOut_2 status 0
08-21 17:00:26.579  3386  3520 V AudioPolicyService: AudioCommandThread() going to sleep
08-21 17:00:26.579  3386  3539 V APM::AudioPolicyManager: setOutputDevice() createAudioPatch returned 0 patchHandle 971num_sources 1 num_sinks 1
08-21 17:00:26.579  3386  3539 V AudioPolicyService: AudioCommandThread() adding update audio patch list
08-21 17:00:26.579  3386  3539 V AudioPolicyService: inserting command: 10 at index 0, num commands 0
08-21 17:00:26.580  3386  3539 V APM::AudioPolicyManager: checkAndSetVolume setParameters volume, volume=:0.180406 delay=:0
08-21 17:00:26.580  3386  3539 V AudioPolicyService: AudioCommandThread() adding set parameter string fm_volume=0.1804062873, io 2 ,delay 0
08-21 17:00:26.580  3386  3539 V AudioPolicyService: inserting command: 3 at index 0, num commands 0
08-21 17:00:26.580  3386  3520 V AudioPolicyService: AudioCommandThread() waking up
08-21 17:00:26.580  3386  3520 V AudioPolicyService: AudioCommandThread() processing set parameters string fm_volume=0.1804062873, io 2
08-21 17:00:26.580  3386  3521 V AudioPolicyService: AudioCommandThread() waking up
08-21 17:00:26.580  3386  3520 V AudioFlinger: setParameters(): io 2, keyvalue fm_volume=0.1804062873, calling pid 3386
08-21 17:00:26.580  3386  3521 V AudioPolicyService: AudioCommandThread() processing update audio patch list
08-21 17:00:26.580  3386  3520 V AudioFlinger: ThreadBase::setParameters() fm_volume=0.1804062873
08-21 17:00:26.580  3386  3521 V AudioPolicyService: AudioCommandThread() going to sleep
08-21 17:00:26.580  3386  3520 V AudioFlinger: sendConfigEvent_l() num events 1 event 2
08-21 17:00:26.589  3386  3533 V AudioFlinger: processConfigEvents_l() remaining events 1
08-21 17:00:26.589  3386  3533 D audio_hw_primary: out_set_parameters: enter: usecase(1: low-latency-playback) kvpairs: fm_volume=0.1804062873
08-21 17:00:26.589  3386  3533 D audio_hw_fm: audio_extn_fm_set_parameters: set_fm_volume usecase
08-21 17:00:26.589  3386  3533 D audio_hw_fm: fm_set_volume: device=2 (0.180406)
08-21 17:00:26.590  3386  3533 V audio_hw_primary: out_set_parameters: exit: code(0)
08-21 17:00:26.590  3386  3533 V AudioFlinger: processConfigEvents_l() DONE thread 0xf1040000
08-21 17:00:26.591  3386  3520 V AudioPolicyService: AudioCommandThread() going to sleep
08-21 17:00:26.591  3386  3539 V APM::AudioPolicyManager: checkAndSetVolume() cannot set stream 6 volume with force use = 0 for comm
08-21 17:00:26.591  3386  3539 V AudioFlinger: signal playback thread
08-21 17:00:26.591  1567  3268 V SoundPool: delete oldTrack 0x0
08-21 17:00:26.600  3386  3533 V AudioFlinger: acquireWakeLock_l() AudioOut_2 status 0
08-21 17:00:26.604  3386  3532 D audio_hw_primary: start_output_stream: enter: stream(0xf1b28080)usecase(1: low-latency-playback) devices(0x2)
08-21 17:00:26.604  3386  3532 E audio_hw_primary: select_devices: enter and usecase(1)
08-21 17:00:26.604  3386  3532 D msm8974_platform_lge: LGE_platform_get_output_snd_device: enter(0:2)
08-21 17:00:26.604  3386  3532 V msm8974_platform: platform_get_output_snd_device: enter: output devices(0x2)
08-21 17:00:26.604  3386  3532 V msm8974_platform: platform_get_output_snd_device: exit: snd_device(speaker)
08-21 17:00:26.604  3386  3532 V platform_apt: lge_get_output_in_mandatory_depth: enter and devices(2)
08-21 17:00:26.604  3386  3532 D msm8974_platform_lge: LGE_platform_get_output_snd_device: exit: out_snd_device(speaker)
08-21 17:00:26.604  3386  3532 D audio_hw_primary: select_devices: out_snd_device(2: speaker) in_snd_device(0: )
08-21 17:00:26.604  3386  3532 V msm8974_platform: platform_check_and_set_codec_backend_cfg usecase = 1
08-21 17:00:26.604  3386  3532 W msm8974_platform: Codec backend bitwidth 16, samplerate 48000
08-21 17:00:26.604  3386  3532 V msm8974_platform: Offload playback running bw 16 sr 48000
08-21 17:00:26.604  3386  3532 E audio_hw_primary: enable_snd_device: enter  2
08-21 17:00:26.604  3386  3532 D hardware_info: hw_info_append_hw_type : device_name = speaker
08-21 17:00:26.604  3386  3532 V audio_hw_3rdP_spkr_prot: lge_audio_3rdP_spk_prot_enable: Entry
08-21 17:00:26.614  3386  3533 V AudioFlinger: mixer(0xf1040000) throttle begin: ret(7680) deltaMs(0) requires sleep 10 ms
08-21 17:00:26.632  3386  3532 V audio_hw_3rdP_spkr_prot: lge_audio_3rdP_spk_prot_enable: Exit
08-21 17:00:26.632  3386  3532 V audio_hw_primary: enable_snd_device: snd_device(2: speaker)
08-21 17:00:26.633  3386  3532 I audio_hw_primary: select_devices Selected apptype: 69937
08-21 17:00:26.633  3386  3532 V audio_hw_primary: enable_audio_route: enter: usecase(1)
08-21 17:00:26.633  3386  3532 D audio_hw_utils: audio_extn_utils_send_audio_calibration: audio_extn_utils_send_audio_calibration(0)
08-21 17:00:26.633  3386  3532 V msm8974_platform: platform_send_audio_calibration: sending audio calibration for snd_device(2) acdb_id(14)
08-21 17:00:26.633  3386  3532 D ACDB-LOADER: ACDB -> send_audio_cal, acdb_id = 14, path =  0
08-21 17:00:26.633  3386  3532 D ACDB-LOADER: ACDB -> send_asm_topology
08-21 17:00:26.633  3386  3532 D ACDB-LOADER: ACDB -> ACDB_CMD_GET_AUDPROC_STREAM_TOPOLOGY_ID
08-21 17:00:26.633  3386  3532 D ACDB-LOADER: ACDB -> send_adm_topology
08-21 17:00:26.633  3386  3532 D ACDB-LOADER: ACDB -> ACDB_CMD_GET_AUDPROC_COMMON_TOPOLOGY_ID
08-21 17:00:26.633  3386  3532 D ACDB-LOADER: ACDB -> send_audtable
08-21 17:00:26.633  3386  3532 D ACDB-LOADER: ACDB -> ACDB_CMD_GET_AUDPROC_COMMON_TABLE
08-21 17:00:26.633  3386  3532 D ACDB-LOADER: ACDB -> AUDIO_SET_AUDPROC_CAL
08-21 17:00:26.633  3386  3532 D ACDB-LOADER: ACDB -> send_audvoltable
08-21 17:00:26.633  3386  3532 D ACDB-LOADER: ACDB -> ACDB_CMD_GET_AUDPROC_GAIN_DEP_STEP_TABLE
08-21 17:00:26.633  3386  3532 D ACDB-LOADER: ACDB -> AUDIO_SET_AUDPROC_VOL_CAL
08-21 17:00:26.633  3386  3532 D ACDB-LOADER: ACDB -> send_afe_cal
08-21 17:00:26.633  3386  3532 D ACDB-LOADER: ACDB -> ACDB_CMD_GET_AFE_COMMON_TABLE
08-21 17:00:26.633  3386  3532 D ACDB-LOADER: ACDB -> AUDIO_SET_AFE_CAL
08-21 17:00:26.633  3386  3532 D ACDB-LOADER: ACDB -> send_hw_delay : acdb_id = 14 path = 0
08-21 17:00:26.633  3386  3532 D ACDB-LOADER: ACDB -> ACDB_AVSYNC_INFO: ACDB_CMD_GET_DEVICE_PROPERTY
08-21 17:00:26.634  3386  3532 I audio_hw_utils: audio_extn_utils_send_app_type_cfg app_type 69937, acdb_dev_id 14, sample_rate 48000
08-21 17:00:26.634  3386  3532 V msm8974_platform_lge: LGE_platform_add_backend_name: enter: 2
08-21 17:00:26.634  3386  3532 V audio_hw_primary: enable_audio_route: apply mixer and update path: low-latency-playback quat-mi2s-speaker
08-21 17:00:26.636  3386  3532 V audio_hw_primary: enable_audio_route: exit
08-21 17:00:26.636  3386  3532 D audio_hw_primary: select_devices: done
08-21 17:00:26.636  3386  3532 V audio_hw_primary: start_output_stream: Opening PCM device card_id(0) device_id(15) format(0)
08-21 17:00:26.639  3386  3533 D AudioFlinger: mixer(0xf1040000) throttle end: throttle time(10)
08-21 17:00:26.639  3386  3532 V msm8974_platform: platform_set_channel_map channel_count:2
08-21 17:00:26.639  3386  3532 D msm8974_platform: platform_set_channel_map mixer_ctl_name:Playback Channel Map15
08-21 17:00:26.639  3386  3532 D msm8974_platform: platform_set_channel_map: set mapping(1 2 0 0 0 0 0 0) for channel:2
08-21 17:00:26.640  3386  3532 V audio_hw_primary: start_output_stream: exit
08-21 17:00:26.742  1567   913 V SoundPool: process 0x7f674e34d0 channel 533 event BUFFER_END
08-21 17:00:26.742  1567  3920 V SoundPool: awake
08-21 17:00:26.742  1567  3920 V SoundPool: Getting channel from stop list
08-21 17:00:26.742  1567  3920 V SoundPool: stop
08-21 17:00:26.743  1567  3920 V SoundPool: done_l(533)
08-21 17:00:26.743  1567  3920 V SoundPool: move to front
08-21 17:00:26.794  3386  3533 V audio_hw_primary: out_get_latency: Latency 10
08-21 17:00:26.817  3386  3533 V audio_hw_primary: out_get_latency: Latency 10
08-21 17:00:26.821  3386  3533 V AudioFlinger: removeTracks_l removing track on session 945
08-21 17:00:26.821  3386  3533 V AudioFlinger: acquireWakeLock_l() AudioOut_2 status 0
08-21 17:00:26.831  3386  3533 V AudioPolicyService: AudioCommandThread() adding stop output 2
08-21 17:00:26.831  3386  3533 V AudioPolicyService: inserting command: 5 at index 0, num commands 0
08-21 17:00:26.832  3386  3521 V AudioPolicyService: AudioCommandThread() waking up
08-21 17:00:26.832  3386  3521 V AudioPolicyService: AudioCommandThread() processing stop output 2
08-21 17:00:26.832  3386  3521 V APM::AudioPolicyManager: stopOutput() output 2, stream 1, session 945
08-21 17:00:26.832  3386  3521 V APM::AudioPolicyManager: setBeaconMute(1) mBeaconMuteRefCount=0 mBeaconPlayingRefCount=0
08-21 17:00:26.832  3386  3521 V APM::AudioPolicyManager: getNewOutputDevice() selected device 0
08-21 17:00:26.832  3386  3521 V APM::AudioPolicyManager: setOutputDevice() device 0000 delayMs 100
08-21 17:00:26.832  3386  3521 V APM::AudioPolicyManager: setOutputDevice() prevDevice 0x0002
08-21 17:00:26.832  3386  3521 V APM::AudioPolicyManager: AudioPolicyManagerEx::getRingerMode() mRingerMode 2
08-21 17:00:26.832  3386  3521 V APM::AudioPolicyManager: AudioPolicyManagerEx::getRingerMode() mRingerMode 2
08-21 17:00:26.832  3386  3521 V APM::AudioPolicyManager: AudioPolicyManagerEx::getRingerMode() mRingerMode 2
08-21 17:00:26.832  3386  3521 V APM::AudioPolicyManager: AudioPolicyManagerEx::getRingerMode() mRingerMode 2
08-21 17:00:26.832  3386  3521 V APM::AudioPolicyManager: AudioPolicyManagerEx::getRingerMode() mRingerMode 2
08-21 17:00:26.832  3386  3521 V APM::AudioPolicyManager: setOutputDevice() setting same device 0x0000 or null device
08-21 17:00:26.832  3386  3521 V AudioPolicyService: AudioCommandThread() going to sleep
08-21 17:00:27.926  1567  3233 D InputDispatcher: notifyMotion - action=ACTION_DOWN(0), id=0, x=224.000, y=12.000, tooltype=1, deviceId=4, source=0x1002, policyFlags=0x0, flags=0x0, metaState=0x0, buttonState=0x0, edgeFlags=0x0, eventTime=14380037816000, downTime=14380037816000, 
08-21 17:00:27.927  1567  3232 D InputTransport: channel '73e0648 StatusBar (server)' : action=ACTION_DOWN(0), id=0, x=224.000, y=12.000, [tooltype=1, deviceId=4, source=0x1002, flags=0x0, edgeFlags=0x0, metaState=0x0, buttonState=0x0, downTime=14380037816000, eventTime=14380037816000, pointerCount=1
08-21 17:00:27.928  3599  3599 D [SystemUI]StatusBarWindowView: onInterceptTouchEvent() ACTION_DOWN MotionEvent { action=ACTION_DOWN, actionButton=0, id[0]=0, x[0]=224.0, y[0]=12.0, toolType[0]=TOOL_TYPE_FINGER, buttonState=0, metaState=0, flags=0x0, edgeFlags=0x0, pointerCount=1, historySize=0, eventTime=14380037, downTime=14380037, deviceId=4, source=0x1002 }
08-21 17:00:27.949  3599  3599 D KeyguardSecurityModel: 0 Phone is READY
08-21 17:00:27.949  3599  3599 D KeyguardUpdateMonitor: ###### current user : 0
08-21 17:00:27.962  3599  3599 D [SystemUI]PanelView: onTouchEvent ACTION_DOWN mGestureWaitForTouchSlop=true,mHeightAnimator=null,mPeekAnimator=null
08-21 17:00:27.965  3599  3599 I [SystemUI]PhoneStatusBarView: go state: 0 -> 1
08-21 17:00:27.966  3599  3599 D PhoneStatusBar: disable: < expand ICONS* alerts SYSTEM_INFO* back home recent clock search quick_settings >
08-21 17:00:27.980  3599  3599 D [SystemUI]PanelView: onTouchEvent ACTION_MOVE start Tracking
08-21 17:00:27.980  3599  3599 I [SystemUI]PanelView: onTrackingStarted 
08-21 17:00:27.984  1567  4220 D SplitFlag: relayout.. reset flags.. flags = 81860040, sysflags = 600 of win Window{73e0648 u0 StatusBar}
08-21 17:00:27.984  1567  4220 I PhoneWindowManagerEx: [PWM] sIsDimming=false, isDimChanging = false
08-21 17:00:27.985  1567  4220 I PhoneWindowManagerEx: [PWM][updateSystemUiVisibilityLw] tmpColorNavigationBar=0x1
08-21 17:00:27.985  1567  4220 I PhoneWindowManagerEx: [PWM][updateSystemUiVisibilityLw] mLastColorNavigationBar=0xff000000
08-21 17:00:27.985  1567  4220 D kyu     : WindowState::getSystemUiVisibilityLG = 0
08-21 17:00:27.985  1567  4220 I WindowManager: [PWM][updateSystemUiVisibilityLw] diffLG=0
08-21 17:00:27.985  1567  4220 I WindowManager: [PWM][updateSystemUiVisibilityLw] visibilityLG=0x0
08-21 17:00:27.985  1567  4220 I WindowManager: [PWM][updateSystemUiVisibilityLw] mLastSystemUiFlagsLG=0x0
08-21 17:00:27.985  1567  4220 D WindowManager: [PWM][updateSystemUiVisibilityLw] mLastSystemUiFlagsLG=0x0
08-21 17:00:27.985  1567  1963 I SystemUI[Framework]: PhoneWindowManager.updateSystemUiVisibilityLw() :visibility=0x600, pkg=com.android.systemui
08-21 17:00:27.986  1567  4220 I PhoneWindowManagerEx: [PWM] sIsDimming=false, isDimChanging = false
08-21 17:00:27.986  1567  4220 I PhoneWindowManagerEx: [PWM][updateSystemUiVisibilityLw] tmpColorNavigationBar=0x1
08-21 17:00:27.986  1567  4220 I PhoneWindowManagerEx: [PWM][updateSystemUiVisibilityLw] mLastColorNavigationBar=0xff000000
08-21 17:00:27.986  1567  4220 D kyu     : WindowState::getSystemUiVisibilityLG = 0
08-21 17:00:27.986  1567  4220 I WindowManager: [PWM][updateSystemUiVisibilityLw] diffLG=0
08-21 17:00:27.986  1567  4220 I WindowManager: [PWM][updateSystemUiVisibilityLw] visibilityLG=0x0
08-21 17:00:27.986  1567  4220 I WindowManager: [PWM][updateSystemUiVisibilityLw] mLastSystemUiFlagsLG=0x0
08-21 17:00:27.990  1567  1963 I SystemUI[Framework]: ==>disabledNaviBtn() what=0x0, token=android.os.Binder@e09e6ff,  pkg=Window{73e0648 u0 StatusBar}
08-21 17:00:27.990  1567  1963 I SystemUI[Framework]: disableNaviBtn: mDisabledNaviBtn=0x0,  mDisableRecords.size=0
08-21 17:00:28.014  1567  4220 D InputDispatcher: Focus left window: Window{159c863 u0 com.lge.hiddenmenu/com.lge.hiddenmenu.SVC.log_service.MainActivity}
08-21 17:00:28.014  1567  4220 D InputDispatcher: Focus entered window: Window{73e0648 u0 StatusBar}
08-21 17:00:28.017  1567  4220 I PhoneWindowManagerEx: [PWM] sIsDimming=false, isDimChanging = false
08-21 17:00:28.017  1567  4220 I PhoneWindowManagerEx: [PWM][updateSystemUiVisibilityLw] tmpColorNavigationBar=0x1
08-21 17:00:28.017  1567  4220 I PhoneWindowManagerEx: [PWM][updateSystemUiVisibilityLw] mLastColorNavigationBar=0xff000000
08-21 17:00:28.017  1567  4220 D kyu     : WindowState::getSystemUiVisibilityLG = 0
08-21 17:00:28.017  1567  4220 I WindowManager: [PWM][updateSystemUiVisibilityLw] diffLG=0
08-21 17:00:28.017  1567  4220 I WindowManager: [PWM][updateSystemUiVisibilityLw] visibilityLG=0x0
08-21 17:00:28.017  1567  4220 I WindowManager: [PWM][updateSystemUiVisibilityLw] mLastSystemUiFlagsLG=0x0
08-21 17:00:28.026  3599  3599 D [SystemUI]PanelView: onApplyWindowInsets, WindowInsets : WindowInsets{systemWindowInsets=Rect(0, 0 - 0, 168) windowDecorInsets=Rect(0, 0 - 0, 0) stableInsets=Rect(0, 0 - 0, 168)}
08-21 17:00:28.034  1567  3233 D InputDispatcher: notifyMotion - action=ACTION_UP(0), id=0, x=461.000, y=892.000, tooltype=1, deviceId=4, source=0x1002, policyFlags=0x0, flags=0x0, metaState=0x0, buttonState=0x0, edgeFlags=0x0, eventTime=14380145555000, downTime=14380037816000, 
08-21 17:00:28.034  1567  3232 D InputTransport: channel '73e0648 StatusBar (server)' : action=ACTION_UP(0), id=0, x=461.000, y=892.000, [tooltype=1, deviceId=4, source=0x1002, flags=0x0, edgeFlags=0x0, metaState=0x0, buttonState=0x0, downTime=14380037816000, eventTime=14380145555000, pointerCount=1
08-21 17:00:28.040 26637 26637 W SplitWindow: update focus... 
08-21 17:00:28.098  1567  3641 D SplitFlag: relayout.. reset flags.. flags = 21840068, sysflags = 0 of win Window{ec526fd u0 NavigationBar}
08-21 17:00:28.100  1567  3641 I PhoneWindowManagerEx: [PWM] sIsDimming=false, isDimChanging = false
08-21 17:00:28.100  1567  3641 I PhoneWindowManagerEx: [PWM][updateSystemUiVisibilityLw] tmpColorNavigationBar=0x1
08-21 17:00:28.100  1567  3641 I PhoneWindowManagerEx: [PWM][updateSystemUiVisibilityLw] mLastColorNavigationBar=0xff000000
08-21 17:00:28.100  1567  3641 D kyu     : WindowState::getSystemUiVisibilityLG = 0
08-21 17:00:28.100  1567  3641 I WindowManager: [PWM][updateSystemUiVisibilityLw] diffLG=0
08-21 17:00:28.100  1567  3641 I WindowManager: [PWM][updateSystemUiVisibilityLw] visibilityLG=0x0
08-21 17:00:28.100  1567  3641 I WindowManager: [PWM][updateSystemUiVisibilityLw] mLastSystemUiFlagsLG=0x0
08-21 17:00:28.125  3599  3599 D [SystemUI]StatusBarWindowView: onInterceptTouchEvent() ACTION_UP MotionEvent { action=ACTION_UP, actionButton=0, id[0]=0, x[0]=461.0, y[0]=892.0, toolType[0]=TOOL_TYPE_FINGER, buttonState=0, metaState=0, flags=0x0, edgeFlags=0x0, pointerCount=1, historySize=0, eventTime=14380145, downTime=14380037, deviceId=4, source=0x1002 }
08-21 17:00:28.134  3599  3599 D [SystemUI]PanelView: fling() vel:19085.814,expandBecauseOfFalsing:false,height:2560
08-21 17:00:28.134  3599  3599 I [SystemUI]PanelView: onTrackingStopped : true
08-21 17:00:28.166  3599  3599 D PhoneStatusBar: setSystemUiVisibility vis=600 mask=ffffffff oldVal=0 newVal=600 diff=600
08-21 17:00:28.261  3599  3599 I [SystemUI]PhoneStatusBarView: go state: 1 -> 2
08-21 17:00:28.269  3599  3599 I [SystemUI]StatusBarExpansionState: status bar expansion is changed to settings_expanded
08-21 17:00:28.269  3599  3599 D [SystemUI]NavigationThemeResource: onPanelExpansionChanged, mPanelExpanded : true
08-21 17:00:28.278  3599  3599 D [SystemUI]BrightnessSlider: updateSeekBar, brightness = 177
08-21 17:00:28.279  3599  3599 E [SystemUI]BrightnessSlider: percent = 68
08-21 17:00:28.302  3599  3599 I [SystemUI]StatusBarExpansionState: sending ACTION_STATUS_BAR_EXPANDED
08-21 17:00:28.309  4064  4064 I Cliptray Service: cliptrayEventReceiver :onReceivecom.lge.statusbar.expanded
08-21 17:00:28.332  1567  3641 V NotificationVibrator: cancel()
08-21 17:00:28.332  1567  3641 I VolumeVibratorManager: cancel()
08-21 17:00:28.337  1567  3641 D lightsbindercall: calling ... updateLightList
08-21 17:00:28.338  1567  3641 E lightsbindercall: virtual void android::BpLEDManager::updateLightList(int32_t, int32_t, int, int32_t, int32_t, int32_t, const android::String16&) : Binder Transaction Start!!
08-21 17:00:28.339  1567  4114 I LGNativeVibrator: vibrator_off
08-21 17:00:28.350  1567  3641 E lightsbindercall: virtual void android::BpLEDManager::updateLightList(int32_t, int32_t, int, int32_t, int32_t, int32_t, const android::String16&) : Binder Transaction End!! (error code 0)
08-21 17:00:28.356  7247  2375 I iu.UploadsManager: End new media; added: 0, uploading: 0, time: 415 ms
08-21 17:00:28.649  1567  3954 I AccountManagerService: getTypesVisibleToCaller: isPermitted? true
08-21 17:00:28.803  3386 21639 D audio_hw_extn: audio_extn_get_parameters: returns 
08-21 17:00:28.804  3386 21639 V msm8974_platform: platform_get_parameters: exit: returns - 
08-21 17:00:28.804  3386 21639 V audio_hw_primary: adev_get_parameters: exit: returns - 
08-21 17:00:28.804  3386 21639 I str_params: key: 'isSwIrrc' value: ''
08-21 17:00:28.846  1567  3233 D InputDispatcher: notifyMotion - action=ACTION_DOWN(0), id=0, x=711.000, y=375.000, tooltype=1, deviceId=4, source=0x1002, policyFlags=0x0, flags=0x0, metaState=0x0, buttonState=0x0, edgeFlags=0x0, eventTime=14380957798000, downTime=14380957798000, 
08-21 17:00:28.846  1567  3232 D InputTransport: channel '73e0648 StatusBar (server)' : action=ACTION_DOWN(0), id=0, x=711.000, y=375.000, [tooltype=1, deviceId=4, source=0x1002, flags=0x0, edgeFlags=0x0, metaState=0x0, buttonState=0x0, downTime=14380957798000, eventTime=14380957798000, pointerCount=1
08-21 17:00:28.869  3599  3599 D [SystemUI]VolumeSlider: seekbar maxVolume = 7, volume = 5, plusone = 0
08-21 17:00:28.886  3599  3599 D [SystemUI]StatusBarWindowView: onInterceptTouchEvent() ACTION_DOWN MotionEvent { action=ACTION_DOWN, actionButton=0, id[0]=0, x[0]=711.0, y[0]=375.0, toolType[0]=TOOL_TYPE_FINGER, buttonState=0, metaState=0, flags=0x0, edgeFlags=0x0, pointerCount=1, historySize=0, eventTime=14380957, downTime=14380957, deviceId=4, source=0x1002 }
08-21 17:00:28.914  3599  3599 D KeyguardSecurityModel: 0 Phone is READY
08-21 17:00:28.914  3599  3599 D KeyguardUpdateMonitor: ###### current user : 0
08-21 17:00:28.916  4479  2377 I CAPP_DB_LOG: opened database address/path : 0x7f6b716380, /data/user/0/com.google.android.gms/databases/phenotype.db
08-21 17:00:28.917  3599  3599 D [SystemUI]NotificationPanelView: onQsIntercept ACTION_DOWN shouldQuickSettingsIntercept:false,mQsExpansionAnimator=null
08-21 17:00:28.917  3599  3599 D [SystemUI]PanelView: onInterceptTouchEvent ACTION_DOWN does not cancel heightAnimator mAnimatingOnDown:false,mClosing:false,mPeekAnimator:null
08-21 17:00:28.918  4479  2377 I CAPP_DB_LOG:   database address : 0x7f6b716380, pragma journal_mode = PERSIST
08-21 17:00:28.919  4479  2377 I CAPP_DB_LOG:   database address : 0x7f6b716380, pragma journal_size_limit = 524288
08-21 17:00:28.919  4479  2377 I CAPP_DB_LOG:   database address : 0x7f6b716380, pragma wal_autocheckpoint = 100
08-21 17:00:29.481  4064  4722 V SplitWindowPolicy: checkScreen => return. sourceIntent is null or not support SplitWindow component: ComponentInfo{com.lge.wifisettings/com.lge.wifisettings.activity.WifiScreenSettingsActivity}
08-21 17:00:29.481  1567  4197 V SplitWindowManager: checkScreen takes for 24 ms.
08-21 17:00:29.481  1567  4197 D SplitInfo: new ActivitySplitInfo : ActivitySplitInfo [screenZone=0/ flag=0x0/ state=NATIVE/ forceFullScreen=false]
08-21 17:00:29.481  1567  4197 V SplitWindowManager: prepareSplitWindowLocked blank for debug
08-21 17:00:29.482  1567  4197 D SplitWindowManager: adjustStackFocus returns null
08-21 17:00:29.482  1567  4197 I PhoneWindowManagerEx: [PWM] sIsDimming=false, isDimChanging = false
08-21 17:00:29.482  1567  4197 I PhoneWindowManagerEx: [PWM][updateSystemUiVisibilityLw] tmpColorNavigationBar=0x1
08-21 17:00:29.482  1567  4197 I PhoneWindowManagerEx: [PWM][updateSystemUiVisibilityLw] mLastColorNavigationBar=0xff000000
08-21 17:00:29.482  1567  4197 D kyu     : WindowState::getSystemUiVisibilityLG = 0
08-21 17:00:29.482  1567  4197 I WindowManager: [PWM][updateSystemUiVisibilityLw] diffLG=0
08-21 17:00:29.482  1567  4197 I WindowManager: [PWM][updateSystemUiVisibilityLw] visibilityLG=0x0
08-21 17:00:29.483  1567  4197 I WindowManager: [PWM][updateSystemUiVisibilityLw] mLastSystemUiFlagsLG=0x0
08-21 17:00:29.489  1567  4197 V SplitWindowManager: startActivityLocked has blank for debug ActivityRecord{da432ed u0 com.lge.wifisettings/.activity.WifiScreenSettingsActivity t76}
08-21 17:00:29.496  1567  2117 I PhoneWindow: [generateLayout] setColorNavigationBar => color=0x ff000001
08-21 17:00:29.501  1567  4197 D FingerprintProtector: This is not product version.
08-21 17:00:29.507  1567  2117 D PhoneWindowEx: Ex2. SystemProperties.get result >> #ff000000
08-21 17:00:29.507  1567  2117 D PhoneWindowEx: [PWEx][generateLayout] setNavigationBarColor2 : colors=0xff000000
08-21 17:00:29.507  1567  2117 I PhoneWindow: [setNavigationBarColor2] color=0x ff000000
08-21 17:00:29.511  4064  4582 D QcomPmext: activity start: com.lge.wifisettings/com.lge.wifisettings.activity.WifiScreenSettingsActivity
08-21 17:00:29.547  1567  2117 D SplitFlag: relayout.. reset flags.. flags = 81830118, sysflags = 600 of win Window{ef80ad2 u0 Starting com.lge.wifisettings}
08-21 17:00:29.550  1567  2117 I PhoneWindowManagerEx: [PWM] sIsDimming=false, isDimChanging = false
08-21 17:00:29.550  1567  2117 I PhoneWindowManagerEx: [PWM][updateSystemUiVisibilityLw] tmpColorNavigationBar=0x1
08-21 17:00:29.550  1567  2117 I PhoneWindowManagerEx: [PWM][updateSystemUiVisibilityLw] mLastColorNavigationBar=0xff000000
08-21 17:00:29.550  1567  2117 D kyu     : WindowState::getSystemUiVisibilityLG = 0
08-21 17:00:29.550  1567  2117 I WindowManager: [PWM][updateSystemUiVisibilityLw] diffLG=0
08-21 17:00:29.550  1567  2117 I WindowManager: [PWM][updateSystemUiVisibilityLw] visibilityLG=0x0
08-21 17:00:29.550  1567  2117 I WindowManager: [PWM][updateSystemUiVisibilityLw] mLastSystemUiFlagsLG=0x0
08-21 17:00:29.552  1567  4197 I SplitWindowManager: updateActivityState: ActivityRecord{47d8006 u0 com.lge.hiddenmenu/.SVC.log_service.MainActivity t54}/ resumed=false
08-21 17:00:29.552  1567  4197 V SplitWindowManager: SplitWindowManager dumpstate.(_mState : NORMAL)
08-21 17:00:29.552  1567  4197 V SplitWindowManager: _mSplitActivityList(1)_______
08-21 17:00:29.552  1567  4197 V SplitWindowManager:  * SplitActivity{4f5eb72 com.lge.hiddenmenu/.SVC.log_service.MainActivity t54 s2 PAUSING ActivitySplitInfo [screenZone=0/ flag=0x0/ state=NATIVE/ forceFullScreen=false]
08-21 17:00:29.552  1567  4197 V SplitWindowManager: _mPreparedActivity : 
08-21 17:00:29.552  1567  1955 D SplitWindowManager: SplitWindowManagerHandler:handleMessage: 501
08-21 17:00:29.554  4064  4081 D SplitWindowPolicy: updateActivityStateChanged: resumed=false, screenId=2, isScreenFull=true
08-21 17:00:29.554  4064  4081 D SplitWindowPolicy: topRunningActivity=ActivityInfo{aa7409f com.lge.hiddenmenu.SVC.log_service.MainActivity}, taskId=54, activityType=0, bIsSplit=false
08-21 17:00:29.557  1567  4197 I PhoneWindowManagerEx: [PWM] sIsDimming=false, isDimChanging = false
08-21 17:00:29.557  1567  4197 I PhoneWindowManagerEx: [PWM][updateSystemUiVisibilityLw] tmpColorNavigationBar=0x1
08-21 17:00:29.557  1567  4197 I PhoneWindowManagerEx: [PWM][updateSystemUiVisibilityLw] mLastColorNavigationBar=0xff000000
08-21 17:00:29.557  1567  4197 D kyu     : WindowState::getSystemUiVisibilityLG = 0
08-21 17:00:29.557  1567  4197 I WindowManager: [PWM][updateSystemUiVisibilityLw] diffLG=0
08-21 17:00:29.557  1567  4197 I WindowManager: [PWM][updateSystemUiVisibilityLw] visibilityLG=0x0
08-21 17:00:29.557  1567  4197 I WindowManager: [PWM][updateSystemUiVisibilityLw] mLastSystemUiFlagsLG=0x0
08-21 17:00:29.562  1567  1683 D FingerprintProtector: This is not product version.
08-21 17:00:29.563  1567  1683 D SplitWindowManager: updateStackInfo as SplitActivity{afedaa0 com.lge.wifisettings/.activity.WifiScreenSettingsActivity t76 s2 INITIALIZING ActivitySplitInfo [screenZone=0/ flag=0x0/ state=NATIVE/ forceFullScreen=false]
08-21 17:00:29.563  1567  1683 I SplitWindowManager: new SplitActivity created. 184474272: ActivityRecord{da432ed u0 com.lge.wifisettings/.activity.WifiScreenSettingsActivity t76}
08-21 17:00:29.563  1567  1683 V SplitWindowManager:   check task = TaskRecord{c444d04 #76 I=com.lge.wifisettings/.activity.WifiScreenSettingsActivity U=0 sz=1}
08-21 17:00:29.563  1567  1683 V SplitWindowManager:   check stack = ActivityStack{a0ad853 stackId=2, 12 tasks}
08-21 17:00:29.563  1567  1683 V SplitWindowManager:  has blank for debug on ensureActivitiesVisibleLocked
08-21 17:00:29.578  1567  1683 I SplitWindowManager: updateActivityState: ActivityRecord{da432ed u0 com.lge.wifisettings/.activity.WifiScreenSettingsActivity t76}/ resumed=true
08-21 17:00:29.578  1567  1683 V SplitWindowManager: remove from list : SplitActivity{4f5eb72 com.lge.hiddenmenu/.SVC.log_service.MainActivity t54 s2 PAUSED ActivitySplitInfo [screenZone=0/ flag=0x0/ state=NATIVE/ forceFullScreen=false]
08-21 17:00:29.578  1567  1683 V SplitWindowManager: add to list : SplitActivity{afedaa0 com.lge.wifisettings/.activity.WifiScreenSettingsActivity t76 s2 RESUMED ActivitySplitInfo [screenZone=0/ flag=0x0/ state=NATIVE/ forceFullScreen=false]
08-21 17:00:29.578  1567  1683 V SplitWindowManager: SplitWindowManager dumpstate.(_mState : NORMAL)
08-21 17:00:29.578  1567  1683 V SplitWindowManager: _mSplitActivityList(1)_______
08-21 17:00:29.578  1567  1683 V SplitWindowManager:  * SplitActivity{afedaa0 com.lge.wifisettings/.activity.WifiScreenSettingsActivity t76 s2 RESUMED ActivitySplitInfo [screenZone=0/ flag=0x0/ state=NATIVE/ forceFullScreen=false]
08-21 17:00:29.578  1567  1683 V SplitWindowManager: _mPreparedActivity : 
08-21 17:00:29.578  1567  1683 V SplitWindowManager: ensureActivitiesVisibleLocked has blank for debug 
08-21 17:00:29.579  1567  1683 I PhoneWindowManagerEx: [PWM] sIsDimming=false, isDimChanging = false
08-21 17:00:29.579  1567  1683 I PhoneWindowManagerEx: [PWM][updateSystemUiVisibilityLw] tmpColorNavigationBar=0x1
08-21 17:00:29.579  1567  1683 I PhoneWindowManagerEx: [PWM][updateSystemUiVisibilityLw] mLastColorNavigationBar=0xff000000
08-21 17:00:29.579  1567  1683 D kyu     : WindowState::getSystemUiVisibilityLG = 0
08-21 17:00:29.579  1567  1683 I WindowManager: [PWM][updateSystemUiVisibilityLw] diffLG=0
08-21 17:00:29.579  1567  1683 I WindowManager: [PWM][updateSystemUiVisibilityLw] visibilityLG=0x0
08-21 17:00:29.579  1567  1683 I WindowManager: [PWM][updateSystemUiVisibilityLw] mLastSystemUiFlagsLG=0x0
08-21 17:00:29.583  4064  4582 D QcomPmext: activity start: com.lge.wifisettings/com.lge.wifisettings.activity.WifiScreenSettingsActivity
08-21 17:00:29.587  1567  1955 D SplitWindowManager: SplitWindowManagerHandler:handleMessage: 501
08-21 17:00:29.608   519   575 I GBMv2   : GBM state [8]
08-21 17:00:29.608  4148  4162 D ForegroundUtils: Foreground changed, PID: 31963 UID: 1000 foreground: true
08-21 17:00:29.608  4148  4162 D ForegroundUtils: Foreground UID/PID combinations:
08-21 17:00:29.608  4148  4162 D ForegroundUtils: UID: 1000 PID: 26637
08-21 17:00:29.608  4148  4162 D ForegroundUtils: UID: 1000 PID: 31963
08-21 17:00:29.609  4064  4082 D SplitWindowPolicy: updateActivityStateChanged: resumed=true, screenId=2, isScreenFull=true
08-21 17:00:29.609  4064  4082 D SplitWindowPolicy: topRunningActivity=ActivityInfo{8e125ec com.lge.wifisettings.activity.WifiScreenSettingsActivity}, taskId=76, activityType=0, bIsSplit=false
08-21 17:00:29.611  1567  2117 I PhoneWindowManagerEx: [PWM] sIsDimming=false, isDimChanging = false
08-21 17:00:29.611  1567  2117 I PhoneWindowManagerEx: [PWM][updateSystemUiVisibilityLw] tmpColorNavigationBar=0x1
08-21 17:00:29.611  1567  2117 I PhoneWindowManagerEx: [PWM][updateSystemUiVisibilityLw] mLastColorNavigationBar=0xff000000
08-21 17:00:29.611  1567  2117 D kyu     : WindowState::getSystemUiVisibilityLG = 0
08-21 17:00:29.611  1567  2117 I WindowManager: [PWM][updateSystemUiVisibilityLw] diffLG=0
08-21 17:00:29.611  1567  2117 I WindowManager: [PWM][updateSystemUiVisibilityLw] visibilityLG=0x0
08-21 17:00:29.611  1567  2117 I WindowManager: [PWM][updateSystemUiVisibilityLw] mLastSystemUiFlagsLG=0x0
08-21 17:00:29.618  8709  8724 I CAPP_DB_LOG: opened database address/path : 0x7f8c154b80, /data/user/0/com.lge.lpd/databases/LPD_DB.db
08-21 17:00:29.619  1567  2117 I PhoneWindowManagerEx: [PWM] sIsDimming=false, isDimChanging = false
08-21 17:00:29.619  1567  2117 I PhoneWindowManagerEx: [PWM][updateSystemUiVisibilityLw] tmpColorNavigationBar=0x1
08-21 17:00:29.619  1567  2117 I PhoneWindowManagerEx: [PWM][updateSystemUiVisibilityLw] mLastColorNavigationBar=0xff000000
08-21 17:00:29.619  1567  2117 D kyu     : WindowState::getSystemUiVisibilityLG = 0
08-21 17:00:29.619  1567  2117 I WindowManager: [PWM][updateSystemUiVisibilityLw] diffLG=0
08-21 17:00:29.619  1567  2117 I WindowManager: [PWM][updateSystemUiVisibilityLw] visibilityLG=0x0
08-21 17:00:29.619  1567  2117 I WindowManager: [PWM][updateSystemUiVisibilityLw] mLastSystemUiFlagsLG=0x0
08-21 17:00:29.619  1567  2117 D WindowManager: [PWM][updateSystemUiVisibilityLw] mLastSystemUiFlagsLG=0x0
08-21 17:00:29.619  8709  8724 I CAPP_DB_LOG:   database address : 0x7f8c154b80, pragma journal_mode = PERSIST
08-21 17:00:29.620  1567  1963 I SystemUI[Framework]: PhoneWindowManager.updateSystemUiVisibilityLw() :visibility=0x8600, pkg=com.android.systemui
08-21 17:00:29.620  1567  2117 I PhoneWindowManagerEx: [PWM] sIsDimming=false, isDimChanging = false
08-21 17:00:29.620  1567  2117 I PhoneWindowManagerEx: [PWM][updateSystemUiVisibilityLw] tmpColorNavigationBar=0x1
08-21 17:00:29.620  1567  2117 I PhoneWindowManagerEx: [PWM][updateSystemUiVisibilityLw] mLastColorNavigationBar=0xff000000
08-21 17:00:29.620  1567  2117 D kyu     : WindowState::getSystemUiVisibilityLG = 0
08-21 17:00:29.620  1567  2117 I WindowManager: [PWM][updateSystemUiVisibilityLw] diffLG=0
08-21 17:00:29.620  1567  2117 I WindowManager: [PWM][updateSystemUiVisibilityLw] visibilityLG=0x0
08-21 17:00:29.620  1567  2117 I WindowManager: [PWM][updateSystemUiVisibilityLw] mLastSystemUiFlagsLG=0x0
08-21 17:00:29.620  8709  8724 I CAPP_DB_LOG:   database address : 0x7f8c154b80, pragma journal_size_limit = 524288
08-21 17:00:29.620  8709  8724 I CAPP_DB_LOG:   database address : 0x7f8c154b80, pragma wal_autocheckpoint = 100
08-21 17:00:29.623  8709  8724 D AppInfoDao: topacitivyt exist app = android.uid.system:1000
08-21 17:00:29.625  1567  1963 I SystemUI[Framework]: ==>disabledNaviBtn() what=0x0, token=android.os.Binder@e09e6ff,  pkg=Window{73e0648 u0 StatusBar}
08-21 17:00:29.625  1567  1963 I SystemUI[Framework]: disableNaviBtn: mDisabledNaviBtn=0x0,  mDisableRecords.size=0
08-21 17:00:29.628  1567  2117 I PhoneWindowManagerEx: [PWM] sIsDimming=false, isDimChanging = false
08-21 17:00:29.628  1567  2117 I PhoneWindowManagerEx: [PWM][updateSystemUiVisibilityLw] tmpColorNavigationBar=0x1
08-21 17:00:29.628  1567  2117 I PhoneWindowManagerEx: [PWM][updateSystemUiVisibilityLw] mLastColorNavigationBar=0xff000000
08-21 17:00:29.628  1567  2117 D kyu     : WindowState::getSystemUiVisibilityLG = 0
08-21 17:00:29.628  1567  2117 I WindowManager: [PWM][updateSystemUiVisibilityLw] diffLG=0
08-21 17:00:29.628  1567  2117 I WindowManager: [PWM][updateSystemUiVisibilityLw] visibilityLG=0x0
08-21 17:00:29.628  1567  2117 I WindowManager: [PWM][updateSystemUiVisibilityLw] mLastSystemUiFlagsLG=0x0
08-21 17:00:29.630 31963 31963 D WifiSettings: mWfd_supported = true
08-21 17:00:29.631  3386 22564 D audio_hw_extn: audio_extn_get_parameters: returns 
08-21 17:00:29.631  3386 22564 V msm8974_platform: platform_get_parameters: exit: returns - 
08-21 17:00:29.631  3386 22564 V audio_hw_primary: adev_get_parameters: exit: returns - 
08-21 17:00:29.631  3386 22564 I str_params: key: 'isSwIrrc' value: ''
08-21 17:00:29.632 31963 31963 I PhoneWindow: [generateLayout] setColorNavigationBar => color=0x ff000001
08-21 17:00:29.634  8709  8724 D AppInfoDao: topacitivyt update app = android.uid.system:1000 time = 2015-08-21 17:00 date = 20150821
08-21 17:00:29.634  8709  8724 I CAPP_DB_LOG: closed database address/path : 0x7f8c154b80, /data/user/0/com.lge.lpd/databases/LPD_DB.db
08-21 17:00:29.635  8709  8724 I CAPP_DB_LOG: opened database address/path : 0x7f8c154b80, /data/user/0/com.lge.lpd/databases/LPD_DB.db
08-21 17:00:29.636 31963 31963 D PhoneWindowEx: Ex2. SystemProperties.get result >> #ff000000
08-21 17:00:29.636 31963 31963 D PhoneWindowEx: [PWEx][generateLayout] setNavigationBarColor2 : colors=0xff000000
08-21 17:00:29.636 31963 31963 I PhoneWindow: [setNavigationBarColor2] color=0x ff000000
08-21 17:00:29.637  8709  8724 I CAPP_DB_LOG:   database address : 0x7f8c154b80, pragma journal_mode = PERSIST
08-21 17:00:29.642  8709  8724 I CAPP_DB_LOG:   database address : 0x7f8c154b80, pragma journal_size_limit = 524288
08-21 17:00:29.642  8709  8724 I CAPP_DB_LOG:   database address : 0x7f8c154b80, pragma wal_autocheckpoint = 100
08-21 17:00:29.646  8709  8724 I CAPP_DB_LOG: closed database address/path : 0x7f8c154b80, /data/user/0/com.lge.lpd/databases/LPD_DB.db
08-21 17:00:29.652  1567  3954 I PhoneWindowManagerEx: [PWM] sIsDimming=false, isDimChanging = false
08-21 17:00:29.652  1567  3954 I PhoneWindowManagerEx: [PWM][updateSystemUiVisibilityLw] tmpColorNavigationBar=0x1
08-21 17:00:29.652  1567  3954 I PhoneWindowManagerEx: [PWM][updateSystemUiVisibilityLw] mLastColorNavigationBar=0xff000000
08-21 17:00:29.652  1567  3954 D kyu     : WindowState::getSystemUiVisibilityLG = 0
08-21 17:00:29.652  1567  3954 I WindowManager: [PWM][updateSystemUiVisibilityLw] diffLG=0
08-21 17:00:29.652  1567  3954 I WindowManager: [PWM][updateSystemUiVisibilityLw] visibilityLG=0x0
08-21 17:00:29.652  1567  3954 I WindowManager: [PWM][updateSystemUiVisibilityLw] mLastSystemUiFlagsLG=0x0
08-21 17:00:29.657  1567  1578 I art     : Background partial concurrent mark sweep GC freed 26779(1037KB) AllocSpace objects, 1(20KB) LOS objects, 25% free, 46MB/62MB, paused 13.090ms total 109.705ms
08-21 17:00:29.664 31963 31963 D WifiSettings: [madoga] action name: android.settings.WIFI_SCREEN_SHARE
08-21 17:00:29.676 31963 31963 V WifiScreenSettings: Miracast Setting Created: true
08-21 17:00:29.681 31963 31963 V WifiScreenSettings: WifiScreenSettingsAsDefault
08-21 17:00:29.681  3599  3599 D [SystemUI]VolumeSlider: seekbar maxVolume = 7, volume = 5, plusone = 0
08-21 17:00:29.686  3599  3599 D [SystemUI]NotificationPanelView: onQsExpansionStarted overscrollAmount:0
08-21 17:00:29.686 31963 31963 I WfdManager: setUiStateOn
08-21 17:00:29.686  3599  3599 D PhoneStatusBar: setSystemUiVisibility vis=8600 mask=ffffffff oldVal=600 newVal=8600 diff=8000
08-21 17:00:29.686  3599  3599 D [SystemUI]PhoneStatusBar: StatusBarMode is changed (MODE_OPAQUE -> MODE_TRANSPARENT)
08-21 17:00:29.687  3599  3599 D [SystemUI]PhoneStatusBar: NavigationBarMode is changed (MODE_OPAQUE -> MODE_TRANSPARENT)
08-21 17:00:29.687  3599  3599 D [SystemUI]NavigationThemeResource: Bar mode is changed (0 -> 4)
08-21 17:00:29.687  3599  3599 I [SystemUI]NavigationThemeResource: NavigationKey Color is changed(WHITE -> WHITE_WITH_SHADOW)
08-21 17:00:29.687  3599  3599 I [SystemUI]NavigationThemeResource:  BarMode=4, Theme=BLACK, LightBackground=false (NOT Transparent)
08-21 17:00:29.687  3599  3599 I [SystemUI]NavigationThemeResource: , Keyguard show=false, IME shown=false, Panel expanded=true
08-21 17:00:29.690  4064  4721 D WfdStateTracker: setUiStateOn: 8
08-21 17:00:29.693  1567  4197 D SplitFlag: relayout.. reset flags.. flags = 81840048, sysflags = 600 of win Window{73e0648 u0 StatusBar}
08-21 17:00:29.693  1567  4197 I PhoneWindowManagerEx: [PWM] sIsDimming=false, isDimChanging = false
08-21 17:00:29.693  1567  4197 I PhoneWindowManagerEx: [PWM][updateSystemUiVisibilityLw] tmpColorNavigationBar=0xff000000
08-21 17:00:29.693  1567  4197 I PhoneWindowManagerEx: [PWM][updateSystemUiVisibilityLw] mLastColorNavigationBar=0xff000000
08-21 17:00:29.693  1567  4197 D kyu     : WindowState::getSystemUiVisibilityLG = 0
08-21 17:00:29.693  1567  4197 I WindowManager: [PWM][updateSystemUiVisibilityLw] diffLG=0
08-21 17:00:29.693  1567  4197 I WindowManager: [PWM][updateSystemUiVisibilityLw] visibilityLG=0x0
08-21 17:00:29.693  1567  4197 I WindowManager: [PWM][updateSystemUiVisibilityLw] mLastSystemUiFlagsLG=0x0
08-21 17:00:29.693  1567  4197 D WindowManager: [PWM][updateSystemUiVisibilityLw] mLastSystemUiFlagsLG=0x0
08-21 17:00:29.693  1567  1963 I SystemUI[Framework]: PhoneWindowManager.updateSystemUiVisibilityLw() :visibility=0x8600, pkg=com.lge.wifisettings
08-21 17:00:29.693  1567  4197 I PhoneWindowManagerEx: [PWM] sIsDimming=false, isDimChanging = false
08-21 17:00:29.694  1567  4197 I PhoneWindowManagerEx: [PWM][updateSystemUiVisibilityLw] tmpColorNavigationBar=0xff000000
08-21 17:00:29.694  1567  4197 I PhoneWindowManagerEx: [PWM][updateSystemUiVisibilityLw] mLastColorNavigationBar=0xff000000
08-21 17:00:29.694  1567  4197 D kyu     : WindowState::getSystemUiVisibilityLG = 0
08-21 17:00:29.694  1567  4197 I WindowManager: [PWM][updateSystemUiVisibilityLw] diffLG=0
08-21 17:00:29.694  1567  4197 I WindowManager: [PWM][updateSystemUiVisibilityLw] visibilityLG=0x0
08-21 17:00:29.694  1567  4197 I WindowManager: [PWM][updateSystemUiVisibilityLw] mLastSystemUiFlagsLG=0x0
08-21 17:00:29.695  1567  1963 I SystemUI[Framework]: ==>disabledNaviBtn() what=0x0, token=android.os.Binder@e09e6ff,  pkg=Window{ef80ad2 u0 Starting com.lge.wifisettings}
08-21 17:00:29.695  1567  1963 I SystemUI[Framework]: disableNaviBtn: mDisabledNaviBtn=0x0,  mDisableRecords.size=0
08-21 17:00:29.699  1567  4197 D InputDispatcher: Focus left window: Window{73e0648 u0 StatusBar}
08-21 17:00:29.699 31963 31963 V WifiScreenEnabler: handleScreenStateChanged: 0 set: false enabled: true
08-21 17:00:29.703  3599  3599 D BarTransitions: draw background and invalidate : color = ea000000
08-21 17:00:29.707  3599  3599 D BarTransitions: draw background and invalidate : color = e5000000
08-21 17:00:29.708  7247  7247 W CastMediaRouteProvider: Invalid control category: android.media.intent.category.LIVE_AUDIO
08-21 17:00:29.734 31963 31963 V WifiScreenEnabler: handleScreenStateChanged: 0 set: false enabled: true
08-21 17:00:29.736 31963 31963 D WifiScreenSettings: handleScreenStateChanged == 0
08-21 17:00:29.743  1567  3954 D SplitFlag: relayout.. reset flags.. flags = 81810100, sysflags = 600 of win Window{53234fc u0 com.lge.wifisettings/com.lge.wifisettings.activity.WifiScreenSettingsActivity}
08-21 17:00:29.763  1567  3954 I PhoneWindowManagerEx: [PWM] sIsDimming=false, isDimChanging = false
08-21 17:00:29.763  1567  3954 I PhoneWindowManagerEx: [PWM][updateSystemUiVisibilityLw] tmpColorNavigationBar=0xff000000
08-21 17:00:29.763  1567  3954 I PhoneWindowManagerEx: [PWM][updateSystemUiVisibilityLw] mLastColorNavigationBar=0xff000000
08-21 17:00:29.763  1567  3954 D kyu     : WindowState::getSystemUiVisibilityLG = 0
08-21 17:00:29.763  1567  3954 I WindowManager: [PWM][updateSystemUiVisibilityLw] diffLG=0
08-21 17:00:29.763  1567  3954 I WindowManager: [PWM][updateSystemUiVisibilityLw] visibilityLG=0x0
08-21 17:00:29.763  1567  3954 I WindowManager: [PWM][updateSystemUiVisibilityLw] mLastSystemUiFlagsLG=0x0
08-21 17:00:29.764  1567  3954 I PhoneWindowManagerEx: [PWM] sIsDimming=false, isDimChanging = false
08-21 17:00:29.764  1567  3954 I PhoneWindowManagerEx: [PWM][updateSystemUiVisibilityLw] tmpColorNavigationBar=0xff000000
08-21 17:00:29.764  1567  3954 I PhoneWindowManagerEx: [PWM][updateSystemUiVisibilityLw] mLastColorNavigationBar=0xff000000
08-21 17:00:29.764  1567  3954 D kyu     : WindowState::getSystemUiVisibilityLG = 0
08-21 17:00:29.764  1567  3954 I WindowManager: [PWM][updateSystemUiVisibilityLw] diffLG=0
08-21 17:00:29.764  1567  3954 I WindowManager: [PWM][updateSystemUiVisibilityLw] visibilityLG=0x0
08-21 17:00:29.764  1567  3954 I WindowManager: [PWM][updateSystemUiVisibilityLw] mLastSystemUiFlagsLG=0x0
08-21 17:00:29.765  1567  3954 D InputDispatcher: Focus entered window: Window{53234fc u0 com.lge.wifisettings/com.lge.wifisettings.activity.WifiScreenSettingsActivity}
08-21 17:00:29.800  3386  3533 V AudioFlinger: Audio hardware entering standby, mixer 0xf1040000, suspend count 0
08-21 17:00:29.800  3386  3533 D audio_hw_primary: out_standby: enter: stream (0xf1b28080) usecase(1: low-latency-playback)
08-21 17:00:29.839  3386  3533 V audio_hw_primary: stop_output_stream: enter: usecase(1: low-latency-playback)
08-21 17:00:29.839  3386  3533 V audio_hw_primary: disable_audio_route: enter: usecase(1)
08-21 17:00:29.839  3386  3533 V msm8974_platform_lge: LGE_platform_add_backend_name: enter: 2
08-21 17:00:29.839  3386  3533 V audio_hw_primary: disable_audio_route: reset and update mixer path: low-latency-playback quat-mi2s-speaker
08-21 17:00:29.841  3386  3533 V audio_hw_primary: disable_audio_route: exit
08-21 17:00:29.841  3386  3533 E audio_hw_primary: disable_snd_device: enter 2
08-21 17:00:29.841  3386  3533 D hardware_info: hw_info_append_hw_type : device_name = speaker
08-21 17:00:29.841  3386  3533 V audio_hw_primary: disable_snd_device: snd_device(2: speaker)
08-21 17:00:29.841  3386  3533 V audio_hw_3rdP_spkr_prot: lge_audio_3rdP_spk_prot_disable: Entry
08-21 17:00:29.864 31963 31963 W SplitWindow: update focus... 
08-21 17:00:29.864  1567  2117 I PhoneWindowManagerEx: [PWM] sIsDimming=false, isDimChanging = false
08-21 17:00:29.864  1567  2117 I PhoneWindowManagerEx: [PWM][updateSystemUiVisibilityLw] tmpColorNavigationBar=0xff000000
08-21 17:00:29.864  1567  2117 I PhoneWindowManagerEx: [PWM][updateSystemUiVisibilityLw] mLastColorNavigationBar=0xff000000
08-21 17:00:29.864  1567  2117 D kyu     : WindowState::getSystemUiVisibilityLG = 0
08-21 17:00:29.864  1567  2117 I WindowManager: [PWM][updateSystemUiVisibilityLw] diffLG=0
08-21 17:00:29.864  1567  2117 I WindowManager: [PWM][updateSystemUiVisibilityLw] visibilityLG=0x0
08-21 17:00:29.864  1567  2117 I WindowManager: [PWM][updateSystemUiVisibilityLw] mLastSystemUiFlagsLG=0x0
08-21 17:00:29.866  3386  3533 V audio_hw_3rdP_spkr_prot: lge_audio_3rdP_spk_prot_disable: Exit
08-21 17:00:29.866  3386  3533 V audio_hw_primary: stop_output_stream: exit: status(0)
08-21 17:00:29.866  3386  3533 V audio_hw_primary: out_standby: exit
08-21 17:00:29.866  3386  3533 V AudioFlinger: releaseWakeLock_l() AudioOut_2
08-21 17:00:29.866  3386  3533 V AudioFlinger: thread 0xf1040000 type 0 TID 3533 going to sleep
08-21 17:00:29.867  1567  2117 I PhoneWindowManagerEx: [PWM] sIsDimming=false, isDimChanging = false
08-21 17:00:29.867  1567  2117 I PhoneWindowManagerEx: [PWM][updateSystemUiVisibilityLw] tmpColorNavigationBar=0xff000000
08-21 17:00:29.867  1567  2117 I PhoneWindowManagerEx: [PWM][updateSystemUiVisibilityLw] mLastColorNavigationBar=0xff000000
08-21 17:00:29.867  1567  2117 D kyu     : WindowState::getSystemUiVisibilityLG = 0
08-21 17:00:29.867  1567  2117 I WindowManager: [PWM][updateSystemUiVisibilityLw] diffLG=0
08-21 17:00:29.867  1567  2117 I WindowManager: [PWM][updateSystemUiVisibilityLw] visibilityLG=0x0
08-21 17:00:29.867  1567  2117 I WindowManager: [PWM][updateSystemUiVisibilityLw] mLastSystemUiFlagsLG=0x0
08-21 17:00:29.871  1567  2117 I ActivityManager: Displayed com.lge.wifisettings/.activity.WifiScreenSettingsActivity: +308ms
08-21 17:00:29.872  1567  2117 I PhoneWindowManagerEx: [PWM] sIsDimming=false, isDimChanging = false
08-21 17:00:29.873  1567  2117 I PhoneWindowManagerEx: [PWM][updateSystemUiVisibilityLw] tmpColorNavigationBar=0xff000000
08-21 17:00:29.873  1567  2117 I PhoneWindowManagerEx: [PWM][updateSystemUiVisibilityLw] mLastColorNavigationBar=0xff000000
08-21 17:00:29.873  1567  2117 D kyu     : WindowState::getSystemUiVisibilityLG = 0
08-21 17:00:29.873  1567  2117 I WindowManager: [PWM][updateSystemUiVisibilityLw] diffLG=0
08-21 17:00:29.873  1567  2117 I WindowManager: [PWM][updateSystemUiVisibilityLw] visibilityLG=0x0
08-21 17:00:29.873  1567  2117 I WindowManager: [PWM][updateSystemUiVisibilityLw] mLastSystemUiFlagsLG=0x0
08-21 17:00:29.874  1567  2117 D InputDispatcher: Window went away: Window{ef80ad2 u0 Starting com.lge.wifisettings}
08-21 17:00:29.886  1567  2117 I PhoneWindowManagerEx: [PWM] sIsDimming=false, isDimChanging = false
08-21 17:00:29.886  1567  2117 I PhoneWindowManagerEx: [PWM][updateSystemUiVisibilityLw] tmpColorNavigationBar=0xff000000
08-21 17:00:29.886  1567  2117 I PhoneWindowManagerEx: [PWM][updateSystemUiVisibilityLw] mLastColorNavigationBar=0xff000000
08-21 17:00:29.886  1567  2117 D kyu     : WindowState::getSystemUiVisibilityLG = 0
08-21 17:00:29.887  1567  2117 I WindowManager: [PWM][updateSystemUiVisibilityLw] diffLG=0
08-21 17:00:29.887  1567  2117 I WindowManager: [PWM][updateSystemUiVisibilityLw] visibilityLG=0x0
08-21 17:00:29.887  1567  2117 I WindowManager: [PWM][updateSystemUiVisibilityLw] mLastSystemUiFlagsLG=0x0
08-21 17:00:29.912  1567  3955 V SplitWindowManager: ensureActivitiesVisibleLocked has blank for debug 
08-21 17:00:29.916  3956  3956 D LgeImeImpl: [LgeImeImpl.java:4330:LgeImeImpl.onFinishInput()] [IN]onFinishInput
08-21 17:00:29.916  3956  3956 D LgeImeImpl: [LgeImeImpl.java:4359:LgeImeImpl.onFinishInput()] [OUT]onFinishInput
08-21 17:00:29.916  3956  3956 D LgeImeImpl: [LgeImeImpl.java:1515:LgeImeImpl.onStartInput()] [IN] onStartInput[false]
08-21 17:00:29.916  3956  3956 D LgeImeImpl: [LgeImeImpl.java:1532:LgeImeImpl.onStartInput()] [OUT] onStartInput
08-21 17:00:29.984  1567  3161 D sensors_hal_Time: time_service_sensor1_cb: msg_type 2
08-21 17:00:29.984  1567  3161 D sensors_hal_Time: time_service_sensor1_cb: Sn 24, msg Id 3, txn Id 0
08-21 17:00:29.984  1567  3161 D sensors_hal_Time: tsOffsetIs: Apps: 21039548654248; DSPS: 689637518; Offset : -6518120393 (diff 38437 @0)
08-21 17:00:30.036  1567  3233 D InputDispatcher: notifyMotion - action=ACTION_UP(0), id=0, x=687.000, y=379.000, tooltype=1, deviceId=4, source=0x1002, policyFlags=0x0, flags=0x0, metaState=0x0, buttonState=0x0, edgeFlags=0x0, eventTime=14382147992000, downTime=14380957798000, 
08-21 17:00:30.036  1567  3232 D InputTransport: channel '73e0648 StatusBar (server)' : action=ACTION_UP(0), id=0, x=687.000, y=379.000, [tooltype=1, deviceId=4, source=0x1002, flags=0x0, edgeFlags=0x0, metaState=0x0, buttonState=0x0, downTime=14380957798000, eventTime=14382147992000, pointerCount=1
08-21 17:00:30.038  3599  3599 D [SystemUI]StatusBarWindowView: onInterceptTouchEvent() ACTION_UP MotionEvent { action=ACTION_UP, actionButton=0, id[0]=0, x[0]=687.0, y[0]=379.0, toolType[0]=TOOL_TYPE_FINGER, buttonState=0, metaState=0, flags=0x0, edgeFlags=0x0, pointerCount=1, historySize=0, eventTime=14382147, downTime=14380957, deviceId=4, source=0x1002 }
08-21 17:00:30.040  3599  3599 I [SystemUI]PhoneStatusBarView: go state: 2 -> 0
08-21 17:00:30.041  3599  3599 I [SystemUI]StatusBarExpansionState: status bar expansion is changed to collapsed
08-21 17:00:30.041  3599  3599 D [SystemUI]NavigationThemeResource: onPanelExpansionChanged, mPanelExpanded : false
08-21 17:00:30.042  3599  3599 I [SystemUI]NavigationThemeResource: NavigationKey Color is changed(WHITE_WITH_SHADOW -> WHITE)
08-21 17:00:30.042  3599  3599 I [SystemUI]NavigationThemeResource:  BarMode=4, Theme=BLACK, LightBackground=false (NOT Transparent)
08-21 17:00:30.042  3599  3599 I [SystemUI]NavigationThemeResource: , Keyguard show=false, IME shown=false, Panel expanded=false
08-21 17:00:30.045  3599  3599 I [SystemUI]StatusBarExpansionState: sending ACTION_STATUS_BAR_COLLAPSED
08-21 17:00:30.048  1460  1460 E MYPLACE_Receiver: onReceive com.lge.statusbar.collapsed
08-21 17:00:30.048  1460  1460 E Pref    : get_inner_onoff: false
08-21 17:00:30.048  1460  1460 I MYPLACE_EngineInterface: Stop
08-21 17:00:30.048  1460  1460 I MY_PLACE_ENGINE_SETTING_API: getOnOffStatus()
08-21 17:00:30.050  4131  4147 I MY_PLACE_ENGINE_SETTING_PROVIDER: TYPE_GET_ONOFF_STATUS
08-21 17:00:30.051  4131  4147 I [MY_PLACE_ENGINE::CLUSTERING]: API > getOnOffStatus > status : 0
08-21 17:00:30.059  3599  3599 D [SystemUI]PanelView: setExpandedHeight : 0.0
08-21 17:00:30.060  3599  3599 D PhoneStatusBar: disable: < expand icons* alerts system_info* back home recent clock search quick_settings >
08-21 17:00:30.063  1460  1460 I MY_PLACE_ENGINE_SETTING_API: getOnOffStatus()
08-21 17:00:30.064  4131 19984 I MY_PLACE_ENGINE_SETTING_PROVIDER: TYPE_GET_ONOFF_STATUS
08-21 17:00:30.064  4131 19984 I [MY_PLACE_ENGINE::CLUSTERING]: API > getOnOffStatus > status : 0
08-21 17:00:30.068  1567  2117 I PhoneWindowManagerEx: [PWM] sIsDimming=false, isDimChanging = false
08-21 17:00:30.068  1567  2117 I PhoneWindowManagerEx: [PWM][updateSystemUiVisibilityLw] tmpColorNavigationBar=0xff000000
08-21 17:00:30.068  1567  2117 I PhoneWindowManagerEx: [PWM][updateSystemUiVisibilityLw] mLastColorNavigationBar=0xff000000
08-21 17:00:30.068  1567  2117 D kyu     : WindowState::getSystemUiVisibilityLG = 0
08-21 17:00:30.068  1567  2117 I WindowManager: [PWM][updateSystemUiVisibilityLw] diffLG=0
08-21 17:00:30.068  1567  2117 I WindowManager: [PWM][updateSystemUiVisibilityLw] visibilityLG=0x0
08-21 17:00:30.068  1567  2117 I WindowManager: [PWM][updateSystemUiVisibilityLw] mLastSystemUiFlagsLG=0x0
08-21 17:00:30.077  1567  2117 I PhoneWindowManagerEx: [PWM] sIsDimming=false, isDimChanging = false
08-21 17:00:30.077  1567  2117 I PhoneWindowManagerEx: [PWM][updateSystemUiVisibilityLw] tmpColorNavigationBar=0xff000000
08-21 17:00:30.077  1567  2117 I PhoneWindowManagerEx: [PWM][updateSystemUiVisibilityLw] mLastColorNavigationBar=0xff000000
08-21 17:00:30.078  1567  2117 D kyu     : WindowState::getSystemUiVisibilityLG = 0
08-21 17:00:30.078  1567  2117 I WindowManager: [PWM][updateSystemUiVisibilityLw] diffLG=0
08-21 17:00:30.078  1567  2117 I WindowManager: [PWM][updateSystemUiVisibilityLw] visibilityLG=0x0
08-21 17:00:30.078  1567  2117 I WindowManager: [PWM][updateSystemUiVisibilityLw] mLastSystemUiFlagsLG=0x0
08-21 17:00:30.080  1460  1460 I MYPLACE_EngineInterface: non Stop 0
08-21 17:00:30.087  1460  1460 E MYPLACE_Utils: activityFinish
08-21 17:00:30.094  1460  1460 E MYPLACE_Receiver: onReceive com.lge.myplace.myplace_settings_search_intent
08-21 17:00:30.094  1460  1460 E MYPLACE_Receiver: INTENT_MYPLACE_SETTINGS_SEARCH false
08-21 17:00:30.094  1460  1460 E Pref    : get_onoff: 0
08-21 17:00:30.097  1567  4197 D SplitFlag: relayout.. reset flags.. flags = 81840048, sysflags = 600 of win Window{73e0648 u0 StatusBar}
08-21 17:00:30.097  1567  4197 I PhoneWindowManagerEx: [PWM] sIsDimming=false, isDimChanging = false
08-21 17:00:30.097  1567  4197 I PhoneWindowManagerEx: [PWM][updateSystemUiVisibilityLw] tmpColorNavigationBar=0xff000000
08-21 17:00:30.097  1567  4197 I PhoneWindowManagerEx: [PWM][updateSystemUiVisibilityLw] mLastColorNavigationBar=0xff000000
08-21 17:00:30.097  1567  4197 D kyu     : WindowState::getSystemUiVisibilityLG = 0
08-21 17:00:30.098  1567  4197 I WindowManager: [PWM][updateSystemUiVisibilityLw] diffLG=0
08-21 17:00:30.098  1567  4197 I WindowManager: [PWM][updateSystemUiVisibilityLw] visibilityLG=0x0
08-21 17:00:30.098  1567  4197 I WindowManager: [PWM][updateSystemUiVisibilityLw] mLastSystemUiFlagsLG=0x0
08-21 17:00:30.110  1567  4197 I PhoneWindowManagerEx: [PWM] sIsDimming=false, isDimChanging = false
08-21 17:00:30.110  1567  4197 I PhoneWindowManagerEx: [PWM][updateSystemUiVisibilityLw] tmpColorNavigationBar=0xff000000
08-21 17:00:30.110  1567  4197 I PhoneWindowManagerEx: [PWM][updateSystemUiVisibilityLw] mLastColorNavigationBar=0xff000000
08-21 17:00:30.110  1567  4197 D kyu     : WindowState::getSystemUiVisibilityLG = 0
08-21 17:00:30.111  1567  4197 I WindowManager: [PWM][updateSystemUiVisibilityLw] diffLG=0
08-21 17:00:30.111  1567  4197 I WindowManager: [PWM][updateSystemUiVisibilityLw] visibilityLG=0x0
08-21 17:00:30.111  1567  4197 I WindowManager: [PWM][updateSystemUiVisibilityLw] mLastSystemUiFlagsLG=0x0
08-21 17:00:30.112  3599  3599 D [SystemUI]PanelView: onApplyWindowInsets, WindowInsets : WindowInsets{systemWindowInsets=Rect(0, 0 - 0, 0) windowDecorInsets=Rect(0, 0 - 0, 0) stableInsets=Rect(0, 0 - 0, 0)}
08-21 17:00:30.147  1567  4108 D SplitFlag: relayout.. reset flags.. flags = 1840068, sysflags = 0 of win Window{ec526fd u0 NavigationBar}
08-21 17:00:30.147  1567  4108 I PhoneWindowManagerEx: [PWM] sIsDimming=false, isDimChanging = false
08-21 17:00:30.147  1567  4108 I PhoneWindowManagerEx: [PWM][updateSystemUiVisibilityLw] tmpColorNavigationBar=0xff000000
08-21 17:00:30.147  1567  4108 I PhoneWindowManagerEx: [PWM][updateSystemUiVisibilityLw] mLastColorNavigationBar=0xff000000
08-21 17:00:30.147  1567  4108 D kyu     : WindowState::getSystemUiVisibilityLG = 0
08-21 17:00:30.147  1567  4108 I WindowManager: [PWM][updateSystemUiVisibilityLw] diffLG=0
08-21 17:00:30.147  1567  4108 I WindowManager: [PWM][updateSystemUiVisibilityLw] visibilityLG=0x0
08-21 17:00:30.147  1567  4108 I WindowManager: [PWM][updateSystemUiVisibilityLw] mLastSystemUiFlagsLG=0x0
08-21 17:00:30.200  4479  4479 I CAPP_DB_LOG: closed database address/path : 0x7f6b716380, /data/user/0/com.google.android.gms/databases/phenotype.db
08-21 17:00:30.356  1567  2117 I PhoneWindowManagerEx: [PWM] sIsDimming=false, isDimChanging = false
08-21 17:00:30.357  1567  2117 I PhoneWindowManagerEx: [PWM][updateSystemUiVisibilityLw] tmpColorNavigationBar=0xff000000
08-21 17:00:30.357  1567  2117 I PhoneWindowManagerEx: [PWM][updateSystemUiVisibilityLw] mLastColorNavigationBar=0xff000000
08-21 17:00:30.357  1567  2117 D kyu     : WindowState::getSystemUiVisibilityLG = 0
08-21 17:00:30.357  1567  2117 I WindowManager: [PWM][updateSystemUiVisibilityLw] diffLG=0
08-21 17:00:30.357  1567  2117 I WindowManager: [PWM][updateSystemUiVisibilityLw] visibilityLG=0x0
08-21 17:00:30.357  1567  2117 I WindowManager: [PWM][updateSystemUiVisibilityLw] mLastSystemUiFlagsLG=0x0
08-21 17:00:30.361  1567  2117 I PhoneWindowManagerEx: [PWM] sIsDimming=false, isDimChanging = false
08-21 17:00:30.361  1567  2117 I PhoneWindowManagerEx: [PWM][updateSystemUiVisibilityLw] tmpColorNavigationBar=0xff000000
08-21 17:00:30.361  1567  2117 I PhoneWindowManagerEx: [PWM][updateSystemUiVisibilityLw] mLastColorNavigationBar=0xff000000
08-21 17:00:30.361  1567  2117 D kyu     : WindowState::getSystemUiVisibilityLG = 0
08-21 17:00:30.361  1567  2117 I WindowManager: [PWM][updateSystemUiVisibilityLw] diffLG=0
08-21 17:00:30.361  1567  2117 I WindowManager: [PWM][updateSystemUiVisibilityLw] visibilityLG=0x0
08-21 17:00:30.361  1567  2117 I WindowManager: [PWM][updateSystemUiVisibilityLw] mLastSystemUiFlagsLG=0x0
08-21 17:00:30.365  1567  1955 V SplitWindowManager: ensureActivitiesVisibleLocked has blank for debug 
08-21 17:00:30.376  1567  2117 I PhoneWindowManagerEx: [PWM] sIsDimming=false, isDimChanging = false
08-21 17:00:30.376  1567  2117 I PhoneWindowManagerEx: [PWM][updateSystemUiVisibilityLw] tmpColorNavigationBar=0xff000000
08-21 17:00:30.376  1567  2117 I PhoneWindowManagerEx: [PWM][updateSystemUiVisibilityLw] mLastColorNavigationBar=0xff000000
08-21 17:00:30.376  1567  2117 D kyu     : WindowState::getSystemUiVisibilityLG = 0
08-21 17:00:30.376  1567  2117 I WindowManager: [PWM][updateSystemUiVisibilityLw] diffLG=0
08-21 17:00:30.376  1567  2117 I WindowManager: [PWM][updateSystemUiVisibilityLw] visibilityLG=0x0
08-21 17:00:30.376  1567  2117 I WindowManager: [PWM][updateSystemUiVisibilityLw] mLastSystemUiFlagsLG=0x0
08-21 17:00:30.378  1567  4108 D SplitFlag: relayout.. reset flags.. flags = 1810100, sysflags = 0 of win Window{159c863 u0 com.lge.hiddenmenu/com.lge.hiddenmenu.SVC.log_service.MainActivity}
08-21 17:00:30.379  1567  4108 I PhoneWindowManagerEx: [PWM] sIsDimming=false, isDimChanging = false
08-21 17:00:30.379  1567  4108 I PhoneWindowManagerEx: [PWM][updateSystemUiVisibilityLw] tmpColorNavigationBar=0xff000000
08-21 17:00:30.379  1567  4108 I PhoneWindowManagerEx: [PWM][updateSystemUiVisibilityLw] mLastColorNavigationBar=0xff000000
08-21 17:00:30.379  1567  4108 D kyu     : WindowState::getSystemUiVisibilityLG = 0
08-21 17:00:30.379  1567  4108 I WindowManager: [PWM][updateSystemUiVisibilityLw] diffLG=0
08-21 17:00:30.379  1567  4108 I WindowManager: [PWM][updateSystemUiVisibilityLw] visibilityLG=0x0
08-21 17:00:30.379  1567  4108 I WindowManager: [PWM][updateSystemUiVisibilityLw] mLastSystemUiFlagsLG=0x0
08-21 17:00:30.384  4148  5144 D ForegroundUtils: Foreground changed, PID: 26637 UID: 1000 foreground: false
08-21 17:00:30.384  4148  5144 D ForegroundUtils: Foreground UID/PID combinations:
08-21 17:00:30.384  4148  5144 D ForegroundUtils: UID: 1000 PID: 31963
08-21 17:00:30.592  3599  3599 D [SystemUI]SystemServicesProxy: RecentApps has 25 item(s).
08-21 17:00:30.608   519   575 I GBMv2   : GBM state [0]
08-21 17:00:30.609   519   575 I GBMv2   : GBM state [1]
08-21 17:00:30.880  1567  3233 D InputDispatcher: notifyMotion - action=ACTION_DOWN(0), id=0, x=1331.000, y=199.000, tooltype=1, deviceId=4, source=0x1002, policyFlags=0x0, flags=0x0, metaState=0x0, buttonState=0x0, edgeFlags=0x0, eventTime=14382992001000, downTime=14382992001000, 
08-21 17:00:30.881  1567  3232 D InputTransport: channel '53234fc com.lge.wifisettings/com.lge.wifisettings.activity.WifiScreenSettingsActivity (server)' : action=ACTION_DOWN(0), id=0, x=1331.000, y=199.000, [tooltype=1, deviceId=4, source=0x1002, flags=0x0, edgeFlags=0x0, metaState=0x0, buttonState=0x0, downTime=14382992001000, eventTime=14382992001000, pointerCount=1
08-21 17:00:30.913  1567  3233 D InputDispatcher: notifyMotion - action=ACTION_UP(0), id=0, x=1329.000, y=197.000, tooltype=1, deviceId=4, source=0x1002, policyFlags=0x0, flags=0x0, metaState=0x0, buttonState=0x0, edgeFlags=0x0, eventTime=14383024568000, downTime=14382992001000, 
08-21 17:00:30.913  1567  3232 D InputTransport: channel '53234fc com.lge.wifisettings/com.lge.wifisettings.activity.WifiScreenSettingsActivity (server)' : action=ACTION_UP(0), id=0, x=1329.000, y=197.000, [tooltype=1, deviceId=4, source=0x1002, flags=0x0, edgeFlags=0x0, metaState=0x0, buttonState=0x0, downTime=14382992001000, eventTime=14383024568000, pointerCount=1
08-21 17:00:30.929  4064  4721 D WfdStateTracker: setWifiDisplayEnabled (0) true with 0
08-21 17:00:30.931  4064  4721 D WfdStateTracker: wfd mode set to 0
08-21 17:00:30.934  4064  4721 D WfdStateTracker: Wfd0 State Changed from 0 to 1
08-21 17:00:30.935 21264 21264 I PeopleActivity: MobileDataSetting Changed
08-21 17:00:30.935 21264 21264 I Dialer.DialpadFragment: fragment. refreshUI
08-21 17:00:30.936 21264 21264 E Dialer-DialerCmdBtnManager: getCarrier() : Fail GLOBAL is not a constant in com.android.contacts.dialpad.DialerCmdBtnManager$CarrierConfig$Carrier
08-21 17:00:30.937  3599  3599 I [SystemUI]QuickSettingsHandler: Got action com.lge.systemservice.core.wfdmanager.WFD_STATE_CHANGED at null
08-21 17:00:30.937  4558  4558 D DSDPConnection: HDMICable or WFD ConnectedEvent [com.lge.systemservice.core.wfdmanager.WFD_STATE_CHANGED]
08-21 17:00:30.937  4558  4558 D DSDPConnection: [DSDP]StatusReceiver::WFD Connected: false ExternalDevice: 0
08-21 17:00:30.937  4558  4558 W DsdpExternalView: dismissDsdpPopup()
08-21 17:00:30.937  4558  4558 D DsdpStatus: setIsExternalDeviceConnected() connected : false
08-21 17:00:30.937  4634  4634 D Leccp_1.0.23: [MiracastHandler] onReceive WFD_STATE_CHANGED_ACTION WfdStatus: 0 --> 1
08-21 17:00:30.938 21264 21264 E Dialer-DialerCmdBtnManager: getCarrier() : Fail GLOBAL is not a constant in com.android.contacts.dialpad.DialerCmdBtnManager$CarrierConfig$Carrier
08-21 17:00:30.939 21264 21264 D Dialer-DialerCmdBtnManager: Current conditions : OPEN, 
08-21 17:00:30.939 21264 21264 I Dialer-DialerCmdBtnManager: cond :OPEN, 
08-21 17:00:30.939 21264 21264 W SystemConfig: isQSlideSupported :true
08-21 17:00:30.942  4064  4721 D WfdStateTracker: Enable WifiP2p: 1
08-21 17:00:30.945  3599  3599 I [SystemUI]MiracastHandler: updateButton(), state = 0
08-21 17:00:30.960  1567  4376 E OsAgent :  Wifi Scan Always Available: 1
08-21 17:00:30.960  1567  4376 E Subscription_jni: V/Entering void bool_dataitem_update(JNIEnv*, jobject, jintArray, jbooleanArray) line 166 
08-21 17:00:30.960  1567  4376 E IzatSvc_OSObserver: V/Entering virtual void izat_manager::OSObserver::notify(const std::__1::list<izat_manager::IDataItem*>&) line 523 
08-21 17:00:30.960  1567  4376 E IzatSvc_OSObserver: I/LocTech-Label :: OSOBSERVER :: Data Items In
08-21 17:00:30.960  1567  4376 E         : V/Entering virtual void izat_manager::WifiHardwareStateDataItemStringifier::stringify(std::__1::string&) line 138 
08-21 17:00:30.960  1567  4376 E         : V/Exiting virtual void izat_manager::WifiHardwareStateDataItemStringifier::stringify(std::__1::string&) line 146 "0"
08-21 17:00:30.960  1567  4376 E IzatSvc_OSObserver: I/LocTech-Value :: Data Item Value: IS_WIFI_HARDWARE_ON: true
08-21 17:00:30.960  1567  4376 E         : V/Entering virtual int32 izat_manager::WifiHardwareStateDataItemCopier::copy(izat_manager::IDataItem*, bool*) line 139 
08-21 17:00:30.960  1567  4376 E         : V/Exiting virtual int32 izat_manager::WifiHardwareStateDataItemCopier::copy(izat_manager::IDataItem*, bool*) line 147 "0"
08-21 17:00:30.960  1567  4376 E LocSvc_utils_q: D/msg_q_snd: Sending message with handle = 0x70BCE330
08-21 17:00:30.960  1567  4376 E LocSvc_utils_ll: D/linked_list_add: Adding to list data_obj = 0x70BCE330
08-21 17:00:30.960  1567  4376 E LocSvc_utils_q: D/msg_q_snd: Finished Sending message with handle = 0x70BCE330
08-21 17:00:30.960  1567  4376 E IzatSvc_OSObserver: V/Exiting virtual void izat_manager::OSObserver::notify(const std::__1::list<izat_manager::IDataItem*>&) line 544 "0"
08-21 17:00:30.960  1567  4376 E Subscription_jni: V/Exiting void bool_dataitem_update(JNIEnv*, jobject, jintArray, jbooleanArray) line 221 "0"
08-21 17:00:30.961  1567  4379 E LocSvc_utils_ll: D/linked_list_remove: Removing from list
08-21 17:00:30.961  1567  4379 E LocSvc_utils_q: D/msg_q_rcv: Received message 0x70BCE330 rv = 0
08-21 17:00:30.961  1567  4379 E IzatSvc_OSObserver: V/Entering virtual void izat_manager::OSObserver::HandleNotify::proc() const line 420 
08-21 17:00:30.961  1567  4379 E IzatSvc_OSObserver: V/Entering int izat_manager::OSObserver::updateCache(izat_manager::IDataItem*, bool&) line 629 
08-21 17:00:30.961  1567  4379 E         : V/Entering virtual int32 izat_manager::WifiHardwareStateDataItemCopier::copy(izat_manager::IDataItem*, bool*) line 139 
08-21 17:00:30.961  1567  4379 E         : V/Exiting virtual int32 izat_manager::WifiHardwareStateDataItemCopier::copy(izat_manager::IDataItem*, bool*) line 147 "0"
08-21 17:00:30.961  1567  4379 E IzatSvc_OSObserver: V/Exiting int izat_manager::OSObserver::updateCache(izat_manager::IDataItem*, bool&) line 654 "0"
08-21 17:00:30.961  1567  4379 E IzatSvc_OSObserver: D/LocTech-Label :: OSOBSERVER :: Data Items Out
08-21 17:00:30.961  1567  4376 E OsAgent :  Wifi Scan Always Available: 1
08-21 17:00:30.961  1567  4379 E IzatSvc_OSObserver: V/Exiting virtual void izat_manager::OSObserver::HandleNotify::proc() const line 458 "0"
08-21 17:00:30.961  1567  4376 E Subscription_jni: V/Entering void bool_dataitem_update(JNIEnv*, jobject, jintArray, jbooleanArray) line 166 
08-21 17:00:30.961 21264 21264 I PeopleActivity: MobileDataSetting Changed
08-21 17:00:30.961  1567  4376 E IzatSvc_OSObserver: V/Entering virtual void izat_manager::OSObserver::notify(const std::__1::list<izat_manager::IDataItem*>&) line 523 
08-21 17:00:30.961  1567  4376 E IzatSvc_OSObserver: I/LocTech-Label :: OSOBSERVER :: Data Items In
08-21 17:00:30.961 21264 21264 I Dialer.DialpadFragment: fragment. refreshUI
08-21 17:00:30.961  1567  4379 E LocSvc_MsgTask: D/MsgTask::loop() listening ...
08-21 17:00:30.961  1567  4376 E         : V/Entering virtual void izat_manager::WifiHardwareStateDataItemStringifier::stringify(std::__1::string&) line 138 
08-21 17:00:30.961  1567  4379 E LocSvc_utils_q: D/msg_q_rcv: Waiting on message
08-21 17:00:30.961  1567  4376 E         : V/Exiting virtual void izat_manager::WifiHardwareStateDataItemStringifier::stringify(std::__1::string&) line 146 "0"
08-21 17:00:30.961  1567  4376 E IzatSvc_OSObserver: I/LocTech-Value :: Data Item Value: IS_WIFI_HARDWARE_ON: true
08-21 17:00:30.961  1567  4376 E         : V/Entering virtual int32 izat_manager::WifiHardwareStateDataItemCopier::copy(izat_manager::IDataItem*, bool*) line 139 
08-21 17:00:30.961  1567  4376 E         : V/Exiting virtual int32 izat_manager::WifiHardwareStateDataItemCopier::copy(izat_manager::IDataItem*, bool*) line 147 "0"
08-21 17:00:30.961  1567  4376 E LocSvc_utils_q: D/msg_q_snd: Sending message with handle = 0x70C15DC0
08-21 17:00:30.961  1567  4376 E LocSvc_utils_ll: D/linked_list_add: Adding to list data_obj = 0x70C15DC0
08-21 17:00:30.961  1567  4376 E LocSvc_utils_q: D/msg_q_snd: Finished Sending message with handle = 0x70C15DC0
08-21 17:00:30.961  1567  4376 E IzatSvc_OSObserver: V/Exiting virtual void izat_manager::OSObserver::notify(const std::__1::list<izat_manager::IDataItem*>&) line 544 "0"
08-21 17:00:30.961  1567  4379 E LocSvc_utils_ll: D/linked_list_remove: Removing from list
08-21 17:00:30.961  1567  4376 E Subscription_jni: V/Exiting void bool_dataitem_update(JNIEnv*, jobject, jintArray, jbooleanArray) line 221 "0"
08-21 17:00:30.961  1567  4379 E LocSvc_utils_q: D/msg_q_rcv: Received message 0x70C15DC0 rv = 0
08-21 17:00:30.961  1567  4379 E IzatSvc_OSObserver: V/Entering virtual void izat_manager::OSObserver::HandleNotify::proc() const line 420 
08-21 17:00:30.961  1567  4379 E IzatSvc_OSObserver: V/Entering int izat_manager::OSObserver::updateCache(izat_manager::IDataItem*, bool&) line 629 
08-21 17:00:30.961  1567  4379 E         : V/Entering virtual int32 izat_manager::WifiHardwareStateDataItemCopier::copy(izat_manager::IDataItem*, bool*) line 139 
08-21 17:00:30.961  1567  4379 E         : V/Exiting virtual int32 izat_manager::WifiHardwareStateDataItemCopier::copy(izat_manager::IDataItem*, bool*) line 147 "0"
08-21 17:00:30.961  1567  4379 E IzatSvc_OSObserver: V/Exiting int izat_manager::OSObserver::updateCache(izat_manager::IDataItem*, bool&) line 654 "0"
08-21 17:00:30.961  1567  4379 E IzatSvc_OSObserver: D/LocTech-Label :: OSOBSERVER :: Data Items Out
08-21 17:00:30.961  1567  4379 E IzatSvc_OSObserver: V/Exiting virtual void izat_manager::OSObserver::HandleNotify::proc() const line 458 "0"
08-21 17:00:30.961  1567  4379 E LocSvc_MsgTask: D/MsgTask::loop() listening ...
08-21 17:00:30.961  1567  4379 E LocSvc_utils_q: D/msg_q_rcv: Waiting on message
08-21 17:00:30.961 21264 21264 E Dialer-DialerCmdBtnManager: getCarrier() : Fail GLOBAL is not a constant in com.android.contacts.dialpad.DialerCmdBtnManager$CarrierConfig$Carrier
08-21 17:00:30.961 31963 31963 I AudioManagerEx: AudioManagerEx created
08-21 17:00:30.962  1567  3268 V SoundPool: play sampleID=1, leftVolume=1.000000, rightVolume=1.000000, priority=0, loop=0, rate=1.000000
08-21 17:00:30.962  1567  3244 D WifiOffDelayIfNotUsed: setPowerSaveActivated(false)
08-21 17:00:30.962  1567  3268 V SoundPool: mState = 4 mChannelID=515, mNumChannels=2, mPos = 0, mPriority=0, mLoop=0
08-21 17:00:30.962  1567  3268 V SoundPool: mState = 0 mChannelID=516, mNumChannels=2, mPos = 0, mPriority=-1, mLoop=0
08-21 17:00:30.962  1567  3268 V SoundPool: mState = 4 mChannelID=524, mNumChannels=2, mPos = 0, mPriority=0, mLoop=0
08-21 17:00:30.962  1567  3268 V SoundPool: mState = 0 mChannelID=533, mNumChannels=2, mPos = 0, mPriority=-1, mLoop=0
08-21 17:00:30.962  1567  3268 V SoundPool: Allocated recycled channel for same sampleID
08-21 17:00:30.962  1567  3268 V SoundPool: play channel 0x7f674e34d0 state = 0
08-21 17:00:30.962  1567  3268 V SoundPool: SoundChannel::play 0x7f674e34d0: sampleID=1, channelID=534, leftVolume=1.000000, rightVolume=1.000000, priority=0, loop=0, rate=1.000000
08-21 17:00:30.962  3386  3958 V APM::AudioPolicyManager: getOutput() device 2, stream 1, samplingRate 0, format 0, channelMask 3, flags 0
08-21 17:00:30.962  3386  3958 V APM::AudioPolicyManager:   getOutputForDevice() returns output 2
08-21 17:00:30.962  1567  3268 V AudioSystem: getFrameCount() output 2, frameCount 960
08-21 17:00:30.963  3386  3541 V APM::AudioPolicyManager: getOutput() device 2, stream 1, samplingRate 0, format 0, channelMask 3, flags 0
08-21 17:00:30.963  3386  3541 V APM::AudioPolicyManager:   getOutputForDevice() returns output 2
08-21 17:00:30.963  1567  3268 V AudioSystem: getOutputSamplingRate() reading from output desc
08-21 17:00:30.963  1567  3268 V AudioSystem: getSamplingRate() output 2, sampling rate 48000
08-21 17:00:30.963  1567  3268 V SoundPool: reusing track 0x7f70e1d700 for sample 1
08-21 17:00:30.963 21264 21264 E Dialer-DialerCmdBtnManager: getCarrier() : Fail GLOBAL is not a constant in com.android.contacts.dialpad.DialerCmdBtnManager$CarrierConfig$Carrier
08-21 17:00:30.963 21264 21264 D Dialer-DialerCmdBtnManager: Current conditions : OPEN, 
08-21 17:00:30.963 21264 21264 I Dialer-DialerCmdBtnManager: cond :OPEN, 
08-21 17:00:30.963  1567  1567 D WifiOffDelayIfNotUsed: NETWORK_STATE_CHANGED_ACTION [DISCONNECTED]
08-21 17:00:30.963  3386  3539 V APM::AudioPolicyManager: startOutput() output 2, stream 1, session 945
08-21 17:00:30.963  3386  3539 V APM::AudioPolicyManager: setBeaconMute(1) mBeaconMuteRefCount=1 mBeaconPlayingRefCount=0
08-21 17:00:30.963  3386  3539 V APM::AudioPolicyManager: getNewOutputDevice() selected device 2
08-21 17:00:30.963  3386  3539 V APM::AudioPolicyManager: setOutputDevice() device 0002 delayMs 0
08-21 17:00:30.964  3386  3539 V APM::AudioPolicyManager: setOutputDevice() prevDevice 0x0002
08-21 17:00:30.963 21264 21264 W SystemConfig: isQSlideSupported :true
08-21 17:00:30.964  3386  3539 V APM::AudioPolicyManager: AudioPolicyManagerEx::getRingerMode() mRingerMode 2
08-21 17:00:30.964  3386  3539 V APM::AudioPolicyManager: AudioPolicyManagerEx::getRingerMode() mRingerMode 2
08-21 17:00:30.964  3386  3539 V APM::AudioPolicyManager: AudioPolicyManagerEx::getRingerMode() mRingerMode 2
08-21 17:00:30.964  3386  3539 V APM::AudioPolicyManager: AudioPolicyManagerEx::getRingerMode() mRingerMode 2
08-21 17:00:30.964  3386  3539 V APM::AudioPolicyManager: AudioPolicyManagerEx::getRingerMode() mRingerMode 2
08-21 17:00:30.964  3386  3539 V APM::AudioPolicyManager: setOutputDevice() changing device
08-21 17:00:30.964  3386  3539 V AudioPolicyService: AudioCommandThread() adding create patch delay 0
08-21 17:00:30.964  3386  3539 V AudioPolicyService: inserting command: 7 at index 0, num commands 0
08-21 17:00:30.964  3386  3520 V AudioPolicyService: AudioCommandThread() waking up
08-21 17:00:30.964  3386  3520 V AudioPolicyService: AudioCommandThread() processing create audio patch
08-21 17:00:30.964  3386  3520 V AudioFlinger: sendConfigEvent_l() num events 1 event 3
08-21 17:00:30.964  3386  3533 V AudioFlinger: thread 0xf1040000 type 0 TID 3533 waking up
08-21 17:00:30.965  3386  3533 V AudioFlinger: acquireWakeLock_l() AudioOut_2 status 0
08-21 17:00:30.965  3386  3533 V AudioFlinger: processConfigEvents_l() remaining events 1
08-21 17:00:30.965  3386  3533 D audio_hw_primary: out_set_parameters: enter: usecase(1: low-latency-playback) kvpairs: routing=2
08-21 17:00:30.965  1567  3244 D WifiConfigStore: Loading config and enabling all networks 
08-21 17:00:30.965  3386  3533 V audio_hw_primary: out_set_parameters: exit: code(0)
08-21 17:00:30.965  3386  3533 V AudioFlinger: processConfigEvents_l() DONE thread 0xf1040000
08-21 17:00:30.965  3386  3533 V AudioFlinger: acquireWakeLock_l() AudioOut_2 status 0
08-21 17:00:30.965  3386  3520 V AudioPolicyService: AudioCommandThread() going to sleep
08-21 17:00:30.965 31963 31963 V WifiScreenEnabler: handleScreenStateChanged: 1 set: true enabled: false
08-21 17:00:30.965  3386  3539 V APM::AudioPolicyManager: setOutputDevice() createAudioPatch returned 0 patchHandle 972num_sources 1 num_sinks 1
08-21 17:00:30.965  3386  3539 V AudioPolicyService: AudioCommandThread() adding update audio patch list
08-21 17:00:30.965  3386  3539 V AudioPolicyService: inserting command: 10 at index 0, num commands 0
08-21 17:00:30.965  3386  3521 V AudioPolicyService: AudioCommandThread() waking up
08-21 17:00:30.965  3386  3539 V APM::AudioPolicyManager: checkAndSetVolume setParameters volume, volume=:0.180406 delay=:0
08-21 17:00:30.965  3386  3539 V AudioPolicyService: AudioCommandThread() adding set parameter string fm_volume=0.1804062873, io 2 ,delay 0
08-21 17:00:30.965  3386  3521 V AudioPolicyService: AudioCommandThread() processing update audio patch list
08-21 17:00:30.965  3386  3539 V AudioPolicyService: inserting command: 3 at index 0, num commands 0
08-21 17:00:30.965  3386  3521 V AudioPolicyService: AudioCommandThread() going to sleep
08-21 17:00:30.965  3386  3520 V AudioPolicyService: AudioCommandThread() waking up
08-21 17:00:30.965  3386  3520 V AudioPolicyService: AudioCommandThread() processing set parameters string fm_volume=0.1804062873, io 2
08-21 17:00:30.966  3386  3520 V AudioFlinger: setParameters(): io 2, keyvalue fm_volume=0.1804062873, calling pid 3386
08-21 17:00:30.966  3386  3520 V AudioFlinger: ThreadBase::setParameters() fm_volume=0.1804062873
08-21 17:00:30.966  3386  3520 V AudioFlinger: sendConfigEvent_l() num events 1 event 2
08-21 17:00:30.967 14281 14281 D wpa_supplicant: wlan0: Control interface command 'LIST_NETWORKS LAST_ID=-1'
08-21 17:00:30.968  4064  4064 D WfdService: Waiting for WifiP2p enabling
08-21 17:00:30.969  1567  3244 D WifiConfigStore: loaded 0 passpoint configs
08-21 17:00:30.969  4634  4634 D Leccp_1.0.23: [NetworkWifi] onReceive WIFI_STATE_CHANGED_ACTION state: 3
08-21 17:00:30.969  4634  4634 D Leccp_1.0.23: [ConnectionManager] onListenerMessage WIFI ON_ENABLED
08-21 17:00:30.970  3599  4063 I [SystemUI]NetworkController: onReceive: intent=Intent { act=android.net.wifi.WIFI_STATE_CHANGED flg=0x4000010 (has extras) }
08-21 17:00:30.970  3599  4063 D NetworkController.WifiSignalController: Change in state from: connected=false,enabled=false,level=0,inetCondition=0,iconGroup=IconGroup(Default Wi-Fi Icons),activityIn=true,activityOut=true,rssi=-52,lastModified=08-21 05:00:03,ssid=null
08-21 17:00:30.970  3599  4063 D NetworkController.WifiSignalController: 	to: connected=false,enabled=true,level=0,inetCondition=0,iconGroup=IconGroup(Default Wi-Fi Icons),activityIn=true,activityOut=true,rssi=-52,lastModified=08-21 05:00:03,ssid=null
08-21 17:00:30.971  1567  3244 E WifiConfigStore: readAutoJoinStatus: Error parsing configurationjava.io.FileNotFoundException: /data/misc/wifi/autojoinconfig.txt: open failed: ENOENT (No such file or directory)
08-21 17:00:30.971  1567  3244 E WifiConfigStore: buildPnoList sortedWifiConfigurations size 0
08-21 17:00:30.971  1567  1567 I WifiServerServiceExt: WIFI_STATE_CHANGED_ACTION [3]
08-21 17:00:30.972  1567  1567 E WifiServerServiceExt: sendAutoJoinStatus  LgeWifiConfig.mEnableAutoJoin : 1
08-21 17:00:30.972  1567  3248 I WifiServerServiceExt: batteryPsActivateMsgHandler : state:0 event:3
08-21 17:00:30.972  1567  3244 E WifiConfigStore: --- Begin /data/misc/wifi/wpa_supplicant.conf ---
08-21 17:00:30.973  1567  3244 E WifiConfigStore: ctrl_interface=/data/misc/wifi/sockets
08-21 17:00:30.973  1567  3244 E WifiConfigStore: disable_scan_offload=1
08-21 17:00:30.973  1567  3244 E WifiConfigStore: driver_param=use_p2p_group_interface=1p2p_device=1
08-21 17:00:30.973  1567  3244 E WifiConfigStore: update_config=1
08-21 17:00:30.973  1567  3244 E WifiConfigStore: device_name=p1_global_com
08-21 17:00:30.973  1567  3244 E WifiConfigStore: manufacturer=LGE
08-21 17:00:30.973  1567  3244 E WifiConfigStore: model_name=LG-H815
08-21 17:00:30.973  1567  3244 E WifiConfigStore: model_number=LG-H815
08-21 17:00:30.973  1567  3244 E WifiConfigStore: serial_number=LGH8150ba03b14
08-21 17:00:30.974  1567  3244 E WifiConfigStore: device_type=10-0050F204-5
08-21 17:00:30.974  1567  3244 E WifiConfigStore: config_methods=physical_display virtual_push_button
08-21 17:00:30.974  1567  3244 E WifiConfigStore: p2p_disabled=1
08-21 17:00:30.974  1567  3244 E WifiConfigStore: p2p_no_group_iface=1
08-21 17:00:30.974  1567  3244 E WifiConfigStore: hs20=1
08-21 17:00:30.974  1567  3244 E WifiConfigStore: interworking=1
08-21 17:00:30.974  1567  3244 E WifiConfigStore: auto_interworking=1
08-21 17:00:30.974  1567  3244 E WifiConfigStore: external_sim=1
08-21 17:00:30.974  1567  3244 E WifiConfigStore: p2p_search_delay=0
08-21 17:00:30.974  1567  3244 E WifiConfigStore: cred={
08-21 17:00:30.974  1567  3244 E WifiConfigStore: 	imsi="Auto"
08-21 17:00:30.975  1567  3244 E WifiConfigStore: 	domain="orange.ro"
08-21 17:00:30.975  1567  3244 E WifiConfigStore: 	eap=AKA
08-21 17:00:30.975  1567  3244 E WifiConfigStore: }
08-21 17:00:30.975  1567  3244 E WifiConfigStore: --- End /data/misc/wifi/wpa_supplicant.conf Contents ---
08-21 17:00:30.975  3386  3533 V AudioFlinger: processConfigEvents_l() remaining events 1
08-21 17:00:30.975  3386  3533 D audio_hw_primary: out_set_parameters: enter: usecase(1: low-latency-playback) kvpairs: fm_volume=0.1804062873
08-21 17:00:30.975  1567  3244 E WifiConfigStore: --- Begin /data/misc/wifi/wpa_supplicant.conf.tmp ---
08-21 17:00:30.975  3386  3533 D audio_hw_fm: audio_extn_fm_set_parameters: set_fm_volume usecase
08-21 17:00:30.975  3386  3533 D audio_hw_fm: fm_set_volume: device=2 (0.180406)
08-21 17:00:30.975  3386  3533 V audio_hw_primary: out_set_parameters: exit: code(0)
08-21 17:00:30.975  3386  3533 V AudioFlinger: processConfigEvents_l() DONE thread 0xf1040000
08-21 17:00:30.975  3386  3520 V AudioPolicyService: AudioCommandThread() going to sleep
08-21 17:00:30.975  3386  3539 V APM::AudioPolicyManager: checkAndSetVolume() cannot set stream 6 volume with force use = 0 for comm
08-21 17:00:30.975  3386  3539 V AudioFlinger: signal playback thread
08-21 17:00:30.976  1567  3244 E WifiConfigStore: Could not open /data/misc/wifi/wpa_supplicant.conf.tmp, java.io.FileNotFoundException: /data/misc/wifi/wpa_supplicant.conf.tmp: open failed: ENOENT (No such file or directory)
08-21 17:00:30.976  1567  3244 E WifiConfigStore: --- End /data/misc/wifi/wpa_supplicant.conf.tmp Contents ---
08-21 17:00:30.976  1567  3244 E WifiConfigStore: --- Begin /data/misc/wifi/networkHistory.txt ---
08-21 17:00:30.976  1567  3244 E WifiConfigStore: DELETED_EPHEMERAL"WiFi Workshop"
08-21 17:00:30.976  1567  3244 E WifiConfigStore: --- End /data/misc/wifi/networkHistory.txt Contents ---
08-21 17:00:30.977 14281 14281 D wpa_supplicant: wlan0: Control interface command 'STATUS-NO_EVENTS'
08-21 17:00:30.978  1567  3268 V SoundPool: delete oldTrack 0x0
08-21 17:00:30.984   475  1316 W CommandListener: Failed to retrieve HW addr for p2p0 (No such device)
08-21 17:00:30.985   475  1316 D CommandListener: Setting iface cfg
08-21 17:00:30.985  3386  3533 V AudioFlinger: acquireWakeLock_l() AudioOut_2 status 0
08-21 17:00:30.986  1567  3244 I WifiServerServiceExt: set CMD_ADD_DEFAULT_PROFILE
08-21 17:00:30.986 31963 31963 D WifiScreenSettings: handleScreenStateChanged == 1
08-21 17:00:30.986  1567  3244 I WifiServerServiceExt: setWifiDualbandAPConnection band : 1
08-21 17:00:30.986 14281 14281 D wpa_supplicant: wlan0: Control interface command 'DUALBAND_AP_CONNECT 1'
08-21 17:00:30.987 14281 14281 E wpa_supplicant: nWIFIDualbandAPConnection: 1
08-21 17:00:30.987  1567  3244 I WifiServerServiceExt: setWifiPasspointEnabled state : 0
08-21 17:00:30.987 14281 14281 D wpa_supplicant: wlan0: Control interface command 'PASSPOINT_DISABLED'
08-21 17:00:30.987 14281 14281 E wpa_supplicant: Passpoint is DISABLED
08-21 17:00:30.989  3599  3599 D [SystemUI]QuickSettingsButton: Set image resource for Miracast button. status = 0, clickable = false
08-21 17:00:30.989  1567  3244 I WifiServerServiceExt: set CMD_DISCONNECT_RSSI_LVL : -100
08-21 17:00:30.989 14281 14281 D wpa_supplicant: wlan0: Control interface command 'DISCONNECT_RSSI_LVL -100'
08-21 17:00:30.989 14281 14281 E wpa_supplicant: disconnect_rssi_lvl: -100
08-21 17:00:30.989  3599  3599 D [SystemUI]QuickSettingsHandler: Miracast :Miracast.
08-21 17:00:30.990  1567  3244 I WifiServerServiceExt: set CMD_SET_FRAMEWORK_AUTO_JOIN 1
08-21 17:00:30.990 14281 14281 D wpa_supplicant: wlan0: Control interface command 'SET_FRAMEWORK_AUTO_JOIN 1'
08-21 17:00:30.990 14281 14281 E wpa_supplicant: wpa_supplicant_ctrl_iface_set_framework_auto_join: enable : 1
08-21 17:00:30.990  1567  3243 D WifiMonitor: startMonitoring(p2p0) with mConnected = true
08-21 17:00:30.990 14281 14281 D wpa_supplicant: RX global ctrl_iface - hexdump(len=26): 53 45 54 20 70 65 72 73 69 73 74 65 6e 74 5f 72 65 63 6f 6e 6e 65 63 74 20 31
08-21 17:00:30.990 14281 14281 D wpa_supplicant: GLOBAL_CTRL_IFACE SET 'persistent_reconnect'='1'
08-21 17:00:30.990 14281 14281 D wpa_supplicant: p2p-dev-wlan0: Control interface command 'SET persistent_reconnect 1'
08-21 17:00:30.990  1567  3244 I WifiServerServiceExt: set CMD_UPDATE_DEFAULT_PROFILE
08-21 17:00:30.990 14281 14281 D wpa_supplicant: CTRL_IFACE SET 'persistent_reconnect'='1'
08-21 17:00:30.990 14281 14281 D wpa_supplicant: persistent_reconnect=1
08-21 17:00:30.991  3386  3532 D audio_hw_primary: start_output_stream: enter: stream(0xf1b28080)usecase(1: low-latency-playback) devices(0x2)
08-21 17:00:30.991  3386  3532 E audio_hw_primary: select_devices: enter and usecase(1)
08-21 17:00:30.991  3386  3532 D msm8974_platform_lge: LGE_platform_get_output_snd_device: enter(0:2)
08-21 17:00:30.991  3386  3532 V msm8974_platform: platform_get_output_snd_device: enter: output devices(0x2)
08-21 17:00:30.991  3386  3532 V msm8974_platform: platform_get_output_snd_device: exit: snd_device(speaker)
08-21 17:00:30.991  3386  3532 V platform_apt: lge_get_output_in_mandatory_depth: enter and devices(2)
08-21 17:00:30.991  3386  3532 D msm8974_platform_lge: LGE_platform_get_output_snd_device: exit: out_snd_device(speaker)
08-21 17:00:30.991  3386  3532 D audio_hw_primary: select_devices: out_snd_device(2: speaker) in_snd_device(0: )
08-21 17:00:30.991  3386  3532 V msm8974_platform: platform_check_and_set_codec_backend_cfg usecase = 1
08-21 17:00:30.991  3386  3532 W msm8974_platform: Codec backend bitwidth 16, samplerate 48000
08-21 17:00:30.991  3386  3532 V msm8974_platform: Offload playback running bw 16 sr 48000
08-21 17:00:30.991  3386  3532 E audio_hw_primary: enable_snd_device: enter  2
08-21 17:00:30.991  3386  3532 D hardware_info: hw_info_append_hw_type : device_name = speaker
08-21 17:00:30.991  3386  3532 V audio_hw_3rdP_spkr_prot: lge_audio_3rdP_spk_prot_enable: Entry
08-21 17:00:30.991 14281 14281 D wpa_supplicant: wlan0: Control interface command 'SET pno 0'
08-21 17:00:30.992 14281 14281 D wpa_supplicant: CTRL_IFACE SET 'pno'='0'
08-21 17:00:30.994 14281 14281 D wpa_supplicant: wlan0: Control interface command 'SCAN TYPE=ONLY'
08-21 17:00:30.994 14281 14281 D wpa_supplicant: wlan0: Setting scan request: 0.000000 sec
08-21 17:00:30.994 14281 14281 D wpa_supplicant: OTA_TEST prop_ota_enable: 0
08-21 17:00:30.994 14281 14281 D wpa_supplicant: wlan0: Starting AP scan for wildcard SSID
08-21 17:00:30.994 14281 14281 D wpa_supplicant: wlan0: Add radio work 'scan'@0x7f9581c280
08-21 17:00:30.994 14281 14281 D wpa_supplicant: wlan0: First radio work item in the queue - schedule start immediately
08-21 17:00:30.995 14281 14281 D wpa_supplicant: wlan0: Starting radio work 'scan'@0x7f9581c280 after 0.000058 second wait
08-21 17:00:30.995 14281 14281 D wpa_supplicant: wlan0: nl80211: scan request
08-21 17:00:30.995  3599  3599 I [SystemUI]QuickSettingsHandler: Got action android.net.wifi.WIFI_STATE_CHANGED at null
08-21 17:00:31.000  3599  3599 D [SystemUI]QuickSettingsButton: Set image resource for Wi-Fi button. status = 1, clickable = true
08-21 17:00:31.001  3599  3599 D [SystemUI]QuickSettingsHandler: Wi-Fi :Wi-Fi ligado.
08-21 17:00:31.004 31963 31963 V WiFiOffLoadBroadcast: WiFiOffLoadBroadcast: android.net.wifi.WIFI_STATE_CHANGED
08-21 17:00:31.012  3386  3532 V audio_hw_3rdP_spkr_prot: lge_audio_3rdP_spk_prot_enable: Exit
08-21 17:00:31.012  3386  3532 V audio_hw_primary: enable_snd_device: snd_device(2: speaker)
08-21 17:00:31.012  3386  3532 I audio_hw_primary: select_devices Selected apptype: 69937
08-21 17:00:31.012  3386  3532 V audio_hw_primary: enable_audio_route: enter: usecase(1)
08-21 17:00:31.012  3386  3532 D audio_hw_utils: audio_extn_utils_send_audio_calibration: audio_extn_utils_send_audio_calibration(0)
08-21 17:00:31.012  3386  3532 V msm8974_platform: platform_send_audio_calibration: sending audio calibration for snd_device(2) acdb_id(14)
08-21 17:00:31.012  3386  3532 D ACDB-LOADER: ACDB -> send_audio_cal, acdb_id = 14, path =  0
08-21 17:00:31.012  3386  3532 D ACDB-LOADER: ACDB -> send_asm_topology
08-21 17:00:31.012  3386  3532 D ACDB-LOADER: ACDB -> ACDB_CMD_GET_AUDPROC_STREAM_TOPOLOGY_ID
08-21 17:00:31.012  3386  3532 D ACDB-LOADER: ACDB -> send_adm_topology
08-21 17:00:31.012  3386  3532 D ACDB-LOADER: ACDB -> ACDB_CMD_GET_AUDPROC_COMMON_TOPOLOGY_ID
08-21 17:00:31.012  3386  3532 D ACDB-LOADER: ACDB -> send_audtable
08-21 17:00:31.012  3386  3532 D ACDB-LOADER: ACDB -> ACDB_CMD_GET_AUDPROC_COMMON_TABLE
08-21 17:00:31.012  3386  3532 D ACDB-LOADER: ACDB -> AUDIO_SET_AUDPROC_CAL
08-21 17:00:31.012  3386  3532 D ACDB-LOADER: ACDB -> send_audvoltable
08-21 17:00:31.012  3386  3532 D ACDB-LOADER: ACDB -> ACDB_CMD_GET_AUDPROC_GAIN_DEP_STEP_TABLE
08-21 17:00:31.012  3386  3532 D ACDB-LOADER: ACDB -> AUDIO_SET_AUDPROC_VOL_CAL
08-21 17:00:31.012  3386  3532 D ACDB-LOADER: ACDB -> send_afe_cal
08-21 17:00:31.012  3386  3532 D ACDB-LOADER: ACDB -> ACDB_CMD_GET_AFE_COMMON_TABLE
08-21 17:00:31.012  3386  3532 D ACDB-LOADER: ACDB -> AUDIO_SET_AFE_CAL
08-21 17:00:31.012  3386  3532 D ACDB-LOADER: ACDB -> send_hw_delay : acdb_id = 14 path = 0
08-21 17:00:31.012  3386  3532 D ACDB-LOADER: ACDB -> ACDB_AVSYNC_INFO: ACDB_CMD_GET_DEVICE_PROPERTY
08-21 17:00:31.013  3386  3532 I audio_hw_utils: audio_extn_utils_send_app_type_cfg app_type 69937, acdb_dev_id 14, sample_rate 48000
08-21 17:00:31.013  3386  3532 V msm8974_platform_lge: LGE_platform_add_backend_name: enter: 2
08-21 17:00:31.013  3386  3532 V audio_hw_primary: enable_audio_route: apply mixer and update path: low-latency-playback quat-mi2s-speaker
08-21 17:00:31.014  3386  3532 V audio_hw_primary: enable_audio_route: exit
08-21 17:00:31.014  3386  3532 D audio_hw_primary: select_devices: done
08-21 17:00:31.014  3386  3532 V audio_hw_primary: start_output_stream: Opening PCM device card_id(0) device_id(15) format(0)
08-21 17:00:31.017  3386  3532 V msm8974_platform: platform_set_channel_map channel_count:2
08-21 17:00:31.017  3386  3532 D msm8974_platform: platform_set_channel_map mixer_ctl_name:Playback Channel Map15
08-21 17:00:31.017  3386  3532 D msm8974_platform: platform_set_channel_map: set mapping(1 2 0 0 0 0 0 0) for channel:2
08-21 17:00:31.017  3386  3532 V audio_hw_primary: start_output_stream: exit
08-21 17:00:31.023 31963 31963 D WiFiOffLoadBroadcast: MCCMNC not supported: 72405
08-21 17:00:31.029 31963 31963 D Search  : Broadcast action : android.net.wifi.WIFI_STATE_CHANGED
08-21 17:00:31.051  1529  1529 I LIA_SmartSetting(4.70.1.2)_LogCore: LIA Log setTagPrefix - prefix : LIA_SmartSetting(4.70.1.2)_
08-21 17:00:31.051  1529  1529 V LIA_SmartSetting(4.70.1.2)_ContextDetector: onReceive action android.net.wifi.WIFI_STATE_CHANGED
08-21 17:00:31.051  1529  1529 D LIA_SmartSetting(4.70.1.2)_WifiContextDetector: onReceive state= 3
08-21 17:00:31.051  1529  1529 D LIA_SmartSetting(4.70.1.2)_LGIFTTT: recipeSlug= arrive_home_wifi
08-21 17:00:31.051  1529  1529 D LIA_SmartSetting(4.70.1.2)_LGIFTTT: RECIPE_URI= content://com.lge.iftttmanager.provider/recipe
08-21 17:00:31.051  1529  1529 D LIA_SmartSetting(4.70.1.2)_LGIFTTT: selection= recipe_slug = "arrive_home_wifi"
08-21 17:00:31.053  1529  1529 D LIA_SmartSetting(4.70.1.2)_LGIFTTT: status= 0
08-21 17:00:31.053  1529  1529 D LIA_SmartSetting(4.70.1.2)_ContextDetector: onUpdate Wi-Fi on
08-21 17:00:31.054  1529  1529 I CAPP_DB_LOG: opened database address/path : 0xf518c700, /data/user/0/com.lge.ia.task.smartsetting/databases/smartsetting.db
08-21 17:00:31.055  1529  1529 I CAPP_DB_LOG:   database address : 0xf518c700, pragma journal_mode = PERSIST
08-21 17:00:31.055  1529  1529 I CAPP_DB_LOG:   database address : 0xf518c700, pragma journal_size_limit = 524288
08-21 17:00:31.056  1529  1529 I CAPP_DB_LOG:   database address : 0xf518c700, pragma wal_autocheckpoint = 100
08-21 17:00:31.060  1529  1529 D LIA_SmartSetting(4.70.1.2)_Recommender: onStatusChanged value= Wi-Fi on
08-21 17:00:31.061  1529  1529 V LIA_SmartSetting(4.70.1.2)_SenseLocation: getCurrentPlaceId 
08-21 17:00:31.061  1529  1529 D LIA_SmartSetting(4.70.1.2)_Recommender: not entered home
08-21 17:00:31.061  1529  1529 V LIA_SmartSetting(4.70.1.2)_DeviceLogger: DeviceLogger.log: DeviceSettingProfile [profileId=-1, timestamp=1440187231061, , settingStatus=Wi-Fi on, deviceTypeOrdinal=0]
08-21 17:00:31.061  1529  1529 I CAPP_DB_LOG: opened database address/path : 0xf518c980, /data/user/0/com.lge.ia.task.smartsetting/databases/smartsetting.db
08-21 17:00:31.062  1529  1529 I CAPP_DB_LOG:   database address : 0xf518c980, pragma journal_mode = PERSIST
08-21 17:00:31.062  1529  1529 I CAPP_DB_LOG:   database address : 0xf518c980, pragma journal_size_limit = 524288
08-21 17:00:31.062  1529  1529 I CAPP_DB_LOG:   database address : 0xf518c980, pragma wal_autocheckpoint = 100
08-21 17:00:31.064  1529  1529 D LIA_SmartSetting(4.70.1.2)_LocationDBManagerDBAdapter: insert start
08-21 17:00:31.069  1529  1529 D LIA_SmartSetting(4.70.1.2)_LocationDBManager: insertSettingInfo ID = 29
08-21 17:00:31.069  1529  1529 I CAPP_DB_LOG: closed database address/path : 0xf518c980, /data/user/0/com.lge.ia.task.smartsetting/databases/smartsetting.db
08-21 17:00:31.098 14281 14281 D wpa_supplicant: Scan requested (ret=0) - scan timeout 30 seconds
08-21 17:00:31.098 14281 14281 D wpa_supplicant: RX global ctrl_iface - hexdump(len=22): 53 45 54 20 64 65 76 69 63 65 5f 6e 61 6d 65 20 47 34 20 4c 4f 53
08-21 17:00:31.098 14281 14281 D wpa_supplicant: GLOBAL_CTRL_IFACE SET 'device_name'='G4 LOS'
08-21 17:00:31.099 14281 14281 D wpa_supplicant: p2p-dev-wlan0: Control interface command 'SET device_name G4 LOS'
08-21 17:00:31.099 14281 14281 D wpa_supplicant: CTRL_IFACE SET 'device_name'='G4 LOS'
08-21 17:00:31.099 14281 14281 D wpa_supplicant: device_name='G4 LOS'
08-21 17:00:31.099 14281 14281 D wpa_supplicant: nl80211: Drv Event 33 (NL80211_CMD_TRIGGER_SCAN) received for wlan0
08-21 17:00:31.099 14281 14281 D wpa_supplicant: wlan0: nl80211: Scan trigger
08-21 17:00:31.099 14281 14281 D wpa_supplicant: wlan0: Event SCAN_STARTED (49) received
08-21 17:00:31.099 14281 14281 D wpa_supplicant: wlan0: Own scan request started a scan in 0.000387 seconds
08-21 17:00:31.099 14281 14281 I wpa_supplicant: wlan0: CTRL-EVENT-SCAN-STARTED 
08-21 17:00:31.099 14281 14281 D wpa_supplicant: CTRL_IFACE monitor sent successfully to /data/misc/wifi/sockets/wpa_ctrl_4223-4\x00
08-21 17:00:31.099 14281 14281 D wpa_supplicant: CTRL_IFACE monitor sent successfully to /data/misc/wifi/sockets/wpa_ctrl_1567-5\x00
08-21 17:00:31.099  1567  3243 D WifiServerServiceExt: postfix byte check : 6
08-21 17:00:31.099 14281 14281 D wpa_supplicant: RX global ctrl_iface - hexdump(len=28): 53 45 54 20 70 32 70 5f 73 73 69 64 5f 70 6f 73 74 66 69 78 20 2d 47 34 20 4c 4f 53
08-21 17:00:31.099 14281 14281 D wpa_supplicant: GLOBAL_CTRL_IFACE SET 'p2p_ssid_postfix'='-G4 LOS'
08-21 17:00:31.099 14281 14281 D wpa_supplicant: p2p-dev-wlan0: Control interface command 'SET p2p_ssid_postfix -G4 LOS'
08-21 17:00:31.099 14281 14281 D wpa_supplicant: CTRL_IFACE SET 'p2p_ssid_postfix'='-G4 LOS'
08-21 17:00:31.099 14281 14281 D wpa_supplicant: p2p_ssid_postfix='-G4 LOS'
08-21 17:00:31.099 14281 14281 D wpa_supplicant: P2P: New SSID postfix: -G4 LOS
08-21 17:00:31.100 14281 14281 D wpa_supplicant: RX global ctrl_iface - hexdump(len=29): 53 45 54 20 64 65 76 69 63 65 5f 74 79 70 65 20 31 30 2d 30 30 35 30 46 32 30 34 2d 35
08-21 17:00:31.100 14281 14281 D wpa_supplicant: GLOBAL_CTRL_IFACE SET 'device_type'='10-0050F204-5'
08-21 17:00:31.100 14281 14281 D wpa_supplicant: p2p-dev-wlan0: Control interface command 'SET device_type 10-0050F204-5'
08-21 17:00:31.100 14281 14281 D wpa_supplicant: CTRL_IFACE SET 'device_type'='10-0050F204-5'
08-21 17:00:31.100 14281 14281 D wpa_supplicant: RX global ctrl_iface - hexdump(len=79): 53 45 54 20 63 6f 6e 66 69 67 5f 6d 65 74 68 6f 64 73 20 76 69 72 74 75 61 6c 5f 70 75 73 68 5f ...
08-21 17:00:31.100 14281 14281 D wpa_supplicant: GLOBAL_CTRL_IFACE SET 'config_methods'='virtual_push_button physical_display keypad wfds_default_pin'
08-21 17:00:31.100 14281 14281 D wpa_supplicant: p2p-dev-wlan0: Control interface command 'SET config_methods virtual_push_button physical_display keypad wfds_default_pin'
08-21 17:00:31.100 14281 14281 D wpa_supplicant: CTRL_IFACE SET 'config_methods'='virtual_push_button physical_display keypad wfds_default_pin'
08-21 17:00:31.100 14281 14281 D wpa_supplicant: config_methods='virtual_push_button physical_display keypad wfds_default_pin'
08-21 17:00:31.100 14281 14281 D wpa_supplicant: WFDS: P2P set config_methods to 0x5388
08-21 17:00:31.100 14281 14281 D wpa_supplicant: p2p-dev-wlan0: Control interface command 'P2P_SET conc_pref p2p'
08-21 17:00:31.100 14281 14281 D wpa_supplicant: Single channel concurrency preference: p2p
08-21 17:00:31.100  1567  3243 D WifiNative-HAL: p2pGetDeviceAddress
08-21 17:00:31.100 14281 14281 D wpa_supplicant: RX global ctrl_iface - hexdump(len=6): 53 54 41 54 55 53
08-21 17:00:31.101  1567  3243 D WifiNative-HAL: p2pGetDeviceAddress returning 02:90:4c:d4:02:ca
08-21 17:00:31.102  4223  4223 D WfdsService: WIFI_P2P_THIS_DEVICE_CHANGED_ATCION
08-21 17:00:31.102  4223  4223 D WfdsService: Update P2p Interface State: 3
08-21 17:00:31.102  4064  4064 I WfdStateTracker: handleP2pThisDeviceChanged: 3
08-21 17:00:31.102 14281 14281 D wpa_supplicant: p2p-dev-wlan0: Control interface command 'P2P_FLUSH'
08-21 17:00:31.102 14281 14281 D wpa_supplicant: P2P: Stopping find
08-21 17:00:31.102 14281 14281 D wpa_supplicant: P2P: Clear timeout (state=IDLE)
08-21 17:00:31.102 14281 14281 D wpa_supplicant: P2P: State IDLE -> IDLE
08-21 17:00:31.102 14281 14281 D wpa_supplicant: wpa_driver_set_ap_wps_p2p_ie: Entry
08-21 17:00:31.102 14281 14281 I wpa_supplicant: P2P-DEVICE-LOST p2p_dev_addr=4e:09:d4:43:0e:ee
08-21 17:00:31.102 14281 14281 D wpa_supplicant: CTRL_IFACE monitor sent successfully to /data/misc/wifi/sockets/wpa_ctrl_4223-4\x00
08-21 17:00:31.102 14281 14281 D wpa_supplicant: CTRL_IFACE monitor sent successfully to /data/misc/wifi/sockets/wpa_ctrl_1567-5\x00
08-21 17:00:31.102  4223 14333 D P2pExtMonWorker: Event [P2P-DEVICE-LOST p2p_dev_addr=4e:09:d4:43:0e:ee]
08-21 17:00:31.102 14281 14281 D wpa_supplicant: p2p-dev-wlan0: Control interface command 'P2P_SERVICE_FLUSH'
08-21 17:00:31.103 14281 14281 D wpa_supplicant: p2p-dev-wlan0: Control interface command 'LIST_NETWORKS'
08-21 17:00:31.103 14281 14281 D wpa_supplicant: RX global ctrl_iface - hexdump(len=11): 53 41 56 45 5f 43 4f 4e 46 49 47
08-21 17:00:31.103 14281 14281 D wpa_supplicant: Writing configuration file '/data/misc/wifi/p2p_supplicant.conf.tmp'
08-21 17:00:31.112 14281 14281 D wpa_supplicant: Configuration file '/data/misc/wifi/p2p_supplicant.conf' written successfully
08-21 17:00:31.112 14281 14281 D wpa_supplicant: p2p-dev-wlan0: CTRL_IFACE: SAVE_CONFIG - Configuration updated
08-21 17:00:31.112 14281 14281 D wpa_supplicant: Writing configuration file '/data/misc/wifi/wpa_supplicant.conf.tmp'
08-21 17:00:31.116 14281 14281 D wpa_supplicant: Configuration file '/data/misc/wifi/wpa_supplicant.conf' written successfully
08-21 17:00:31.116 14281 14281 D wpa_supplicant: wlan0: CTRL_IFACE: SAVE_CONFIG - Configuration updated
08-21 17:00:31.117 14281 14281 D wpa_supplicant: p2p-dev-wlan0: Control interface command 'DRIVER COUNTRY BR'
08-21 17:00:31.117 14281 14281 D wpa_supplicant: Re-routing DRIVER cmd to parent iface
08-21 17:00:31.117 14281 14281 D wpa_supplicant: Re-routing command to iface: wlan0 cmd (COUNTRY BR)
08-21 17:00:31.118  4223  4223 D WfdsService: WifiP2pState is changed : true
08-21 17:00:31.118  4064  4064 V WfdStateTracker: handleDirectStateChangedEvent: 2
08-21 17:00:31.118  4223  4332 D WfdsService: Receive the WFDS_ENABLE Method
08-21 17:00:31.118  4064  4064 D WfdStateTracker: Wfd0 State Changed from 1 to 2
08-21 17:00:31.118  4223  4332 D WfdsService: Set the WFDS Monitor: true
08-21 17:00:31.118  4064  4064 D UinputSourceController: Deinit : current mUibcState is INVALID
08-21 17:00:31.118  4064  4064 I WfdMonitor: Start WfdMonitor
08-21 17:00:31.118  4223  4332 D P2pExtMonWorker: startMonitoring(0 : WfdsMonitor) with mConnected = true
08-21 17:00:31.118  4223  4332 D WfdsMonitor: supplicantConnection(true)
08-21 17:00:31.118  4223  4332 D WfdsService: Connected to the supplicant for wfds
08-21 17:00:31.118  4223  4332 D p2pext_jni: doCommand: WFDS_SET TRUE
08-21 17:00:31.118  4634  4634 D Leccp_1.0.23: [NetworkP2p] onReceive WIFI_P2P_STATE_CHANGED_ACTION state: 2
08-21 17:00:31.118  4634  4634 D Leccp_1.0.23: [ConnectionManager] onListenerMessage P2P ON_ENABLED
08-21 17:00:31.118 14281 14281 D wpa_supplicant: wlan0: Event CHANNEL_LIST_CHANGED (30) received
08-21 17:00:31.118  3386  3533 V audio_hw_primary: out_get_latency: Latency 10
08-21 17:00:31.118 14281 14281 I wpa_supplicant: wlan0: CTRL-EVENT-REGDOM-CHANGE init=USER type=COUNTRY alpha2=BR
08-21 17:00:31.119 14281 14281 D wpa_supplicant: CTRL_IFACE monitor sent successfully to /data/misc/wifi/sockets/wpa_ctrl_4223-4\x00
08-21 17:00:31.119 14281 14281 D wpa_supplicant: CTRL_IFACE monitor sent successfully to /data/misc/wifi/sockets/wpa_ctrl_1567-5\x00
08-21 17:00:31.119  1567   913 V SoundPool: process 0x7f674e34d0 channel 534 event BUFFER_END
08-21 17:00:31.119  1567  3920 V SoundPool: awake
08-21 17:00:31.119  1567  3920 V SoundPool: Getting channel from stop list
08-21 17:00:31.119  1567  3920 V SoundPool: stop
08-21 17:00:31.119  3599  3599 I [SystemUI]QuickSettingsHandler: Got action android.net.wifi.p2p.STATE_CHANGED at null
08-21 17:00:31.119 14281 14281 D wpa_supplicant: nl80211: Regulatory information - country=00
08-21 17:00:31.119 14281 14281 D wpa_supplicant: nl80211: 2402-2472 @ 40 MHz 20 mBm
08-21 17:00:31.119 14281 14281 D wpa_supplicant: nl80211: 2457-2482 @ 40 MHz 20 mBm (no IR)
08-21 17:00:31.119 14281 14281 D wpa_supplicant: nl80211: 2474-2494 @ 20 MHz 20 mBm (no OFDM) (no IR)
08-21 17:00:31.119 14281 14281 D wpa_supplicant: nl80211: 5170-5250 @ 80 MHz 20 mBm (no IR)
08-21 17:00:31.120 14281 14281 D wpa_supplicant: nl80211: 5250-5330 @ 80 MHz 20 mBm (no IR)
08-21 17:00:31.120 14281 14281 D wpa_supplicant: nl80211: 5490-5710 @ 80 MHz 20 mBm (no IR)
08-21 17:00:31.120 14281 14281 D wpa_supplicant: nl80211: 5735-5835 @ 80 MHz 20 mBm (no IR)
08-21 17:00:31.120 14281 14281 D wpa_supplicant: nl80211: 57240-63720 @ 2160 MHz 0 mBm
08-21 17:00:31.120 14281 14281 D wpa_supplicant: nl80211: Added 802.11b mode based on 802.11g information
08-21 17:00:31.120 14281 14281 D wpa_supplicant: P2P: Add operating class 81
08-21 17:00:31.120 14281 14281 D wpa_supplicant: P2P: Channels - hexdump(len=13): 01 02 03 04 05 06 07 08 09 0a 0b 0c 0d
08-21 17:00:31.120 14281 14281 D wpa_supplicant: P2P: Add operating class 115
08-21 17:00:31.120 14281 14281 D wpa_supplicant: P2P: Channels - hexdump(len=4): 24 28 2c 30
08-21 17:00:31.120 14281 14281 D wpa_supplicant: P2P: Add operating class 124
08-21 17:00:31.120 14281 14281 D wpa_supplicant: P2P: Channels - hexdump(len=4): 95 99 9d a1
08-21 17:00:31.120 14281 14281 D wpa_supplicant: P2P: Update channel list
08-21 17:00:31.120 14281 14281 D wpa_supplicant: P2P: channels: 81:1,2,3,4,5,6,7,8,9,10,11,12,13 115:36,40,44,48 124:149,153,157,161
08-21 17:00:31.120 14281 14281 D wpa_supplicant: P2P: cli_channels:
08-21 17:00:31.120 14281 14281 D wpa_supplicant: p2p-dev-wlan0: Updating hw mode
08-21 17:00:31.120  4223  4223 D WfdsService: WIFI_P2P_CONNECTION_CHANGED_ACTION
08-21 17:00:31.120 14281 14281 D wpa_supplicant: nl80211: Regulatory information - country=00
08-21 17:00:31.120 14281 14281 D wpa_supplicant: nl80211: 2402-2472 @ 40 MHz 20 mBm
08-21 17:00:31.120 14281 14281 D wpa_supplicant: nl80211: 2457-2482 @ 40 MHz 20 mBm (no IR)
08-21 17:00:31.120 14281 14281 D wpa_supplicant: nl80211: 2474-2494 @ 20 MHz 20 mBm (no OFDM) (no IR)
08-21 17:00:31.121 14281 14281 D wpa_supplicant: nl80211: 5170-5250 @ 80 MHz 20 mBm (no IR)
08-21 17:00:31.121 14281 14281 D wpa_supplicant: nl80211: 5250-5330 @ 80 MHz 20 mBm (no IR)
08-21 17:00:31.121 14281 14281 D wpa_supplicant: nl80211: 5490-5710 @ 80 MHz 20 mBm (no IR)
08-21 17:00:31.121 14281 14281 D wpa_supplicant: nl80211: 5735-5835 @ 80 MHz 20 mBm (no IR)
08-21 17:00:31.121 14281 14281 D wpa_supplicant: nl80211: 57240-63720 @ 2160 MHz 0 mBm
08-21 17:00:31.121 14281 14281 D wpa_supplicant: nl80211: Added 802.11b mode based on 802.11g information
08-21 17:00:31.121 14281 14281 D wpa_supplicant: wpa_driver_nl80211_driver_cmd  len = 0, 0
08-21 17:00:31.121 14281 14281 I wpa_supplicant: [LGE_PATCH] driver_cmd() country:BR
08-21 17:00:31.121 14281 14281 I wpa_supplicant: [LGE_PATCH] gSupportP2P5G:DISABLE_UNII_1n2
08-21 17:00:31.121 14281 14281 D wpa_supplicant: p2p-dev-wlan0: Control interface command 'WFDS_SET TRUE'
08-21 17:00:31.121 14281 14281 I wpa_supplicant: WFDS: wfds_supplicant_wfds_cmd: cmd = SET TRUE
08-21 17:00:31.121 14281 14281 D wpa_supplicant: WFDS: wpas_wfds_setEnable set wfds_enabled = 1
08-21 17:00:31.121 14281 14281 D wpa_supplicant: WFDS: ON at wfds.c
08-21 17:00:31.121  4634  4634 D Leccp_1.0.23: [NetworkP2p] onReceive WIFI_P2P_CONNECTION_CHANGED_ACTION isConnected: false
08-21 17:00:31.121  4634  4634 D Leccp_1.0.23: [NetworkP2p] setState currentState: 0 ,state: 0, ipAddress: null
08-21 17:00:31.122  4223  4332 D p2pext_jni: doCommand: WFDS_CLEAR_PD_INFO
08-21 17:00:31.123  1567  1567 E WifiServerServiceExt: No p2p device connected
08-21 17:00:31.123 14281 14281 D wpa_supplicant: p2p-dev-wlan0: Control interface command 'WFDS_CLEAR_PD_INFO'
08-21 17:00:31.123 14281 14281 I wpa_supplicant: WFDS: wfds_supplicant_wfds_cmd: cmd = CLEAR_PD_INFO
08-21 17:00:31.123  4223  4332 D p2pext_jni: wifip2p_send_command: [WFDS_CLEAR_PD_INFO] failed
08-21 17:00:31.123  4223  4332 D WfdsService: selectPreferredScanChannel [185]
08-21 17:00:31.123  4223  4332 D WfdsService: STATE : WfdsEnabledState - enter: this device mac 02:90:4c:d4:02:ca
08-21 17:00:31.123 14281 14281 D wpa_supplicant: RX global ctrl_iface - hexdump(len=18): 53 45 54 20 77 69 66 69 5f 64 69 73 70 6c 61 79 20 31
08-21 17:00:31.123 14281 14281 D wpa_supplicant: GLOBAL_CTRL_IFACE SET 'wifi_display'='1'
08-21 17:00:31.123 14281 14281 D wpa_supplicant: WFD: Wi-Fi Display enabled
08-21 17:00:31.123 14281 14281 D wpa_supplicant: WFD: Update WFD IE
08-21 17:00:31.123 14281 14281 D wpa_supplicant: WFD: WFD IE for Beacon - hexdump(len=15): dd 0d 50 6f 9a 0a 00 00 06 00 10 1c 44 00 32
08-21 17:00:31.123 14281 14281 D wpa_supplicant: WFD: WFD IE for (Re)Association Request - hexdump(len=15): dd 0d 50 6f 9a 0a 00 00 06 00 10 1c 44 00 32
08-21 17:00:31.123 14281 14281 D wpa_supplicant: WFD: WFD IE for GO Negotiation - hexdump(len=15): dd 0d 50 6f 9a 0a 00 00 06 00 10 1c 44 00 32
08-21 17:00:31.123 14281 14281 D wpa_supplicant: WFD: WFD IE for Provision Discovery Request - hexdump(len=15): dd 0d 50 6f 9a 0a 00 00 06 00 10 1c 44 00 32
08-21 17:00:31.123 14281 14281 D wpa_supplicant: WFD: WFD IE for Probe Request - hexdump(len=15): dd 0d 50 6f 9a 0a 00 00 06 00 10 1c 44 00 32
08-21 17:00:31.123 14281 14281 D wpa_supplicant: WFD: WFD IE for Probe Response - hexdump(len=15): dd 0d 50 6f 9a 0a 00 00 06 00 10 1c 44 00 32
08-21 17:00:31.123 14281 14281 D wpa_supplicant: WFD: WFD IE for P2P Invitation - hexdump(len=15): dd 0d 50 6f 9a 0a 00 00 06 00 10 1c 44 00 32
08-21 17:00:31.123 14281 14281 D wpa_supplicant: WFD: WFD IE for Provision Discovery Response - hexdump(len=15): dd 0d 50 6f 9a 0a 00 00 06 00 10 1c 44 00 32
08-21 17:00:31.124 14281 14281 D wpa_supplicant: p2p-dev-wlan0: Control interface command 'WFD_SUBELEM_SET 0 000600101c440032'
08-21 17:00:31.124 14281 14281 D wpa_supplicant: WFD: Set subelement 0
08-21 17:00:31.124 14281 14281 D wpa_supplicant: WFD: Update WFD IE
08-21 17:00:31.124 14281 14281 D wpa_supplicant: WFD: WFD IE for Beacon - hexdump(len=15): dd 0d 50 6f 9a 0a 00 00 06 00 10 1c 44 00 32
08-21 17:00:31.124 14281 14281 D wpa_supplicant: WFD: WFD IE for (Re)Association Request - hexdump(len=15): dd 0d 50 6f 9a 0a 00 00 06 00 10 1c 44 00 32
08-21 17:00:31.124 14281 14281 D wpa_supplicant: WFD: WFD IE for GO Negotiation - hexdump(len=15): dd 0d 50 6f 9a 0a 00 00 06 00 10 1c 44 00 32
08-21 17:00:31.124 14281 14281 D wpa_supplicant: WFD: WFD IE for Provision Discovery Request - hexdump(len=15): dd 0d 50 6f 9a 0a 00 00 06 00 10 1c 44 00 32
08-21 17:00:31.124 14281 14281 D wpa_supplicant: WFD: WFD IE for Probe Request - hexdump(len=15): dd 0d 50 6f 9a 0a 00 00 06 00 10 1c 44 00 32
08-21 17:00:31.124 14281 14281 D wpa_supplicant: WFD: WFD IE for Probe Response - hexdump(len=15): dd 0d 50 6f 9a 0a 00 00 06 00 10 1c 44 00 32
08-21 17:00:31.124 14281 14281 D wpa_supplicant: WFD: WFD IE for P2P Invitation - hexdump(len=15): dd 0d 50 6f 9a 0a 00 00 06 00 10 1c 44 00 32
08-21 17:00:31.124 14281 14281 D wpa_supplicant: WFD: WFD IE for Provision Discovery Response - hexdump(len=15): dd 0d 50 6f 9a 0a 00 00 06 00 10 1c 44 00 32
08-21 17:00:31.125  1544  1544 V [BNRBootReceiver]: boot receiver action = android.net.wifi.p2p.CONNECTION_STATE_CHANGE
08-21 17:00:31.125  1544  1544 D BNRAndroBeam: [BnR DirectBeam] Android Direct Beam(NFC) Connection changed
08-21 17:00:31.125  1544  1544 V [BNRBootReceiver]: Boot Receiver Return
08-21 17:00:31.126  1567  3920 V SoundPool: done_l(534)
08-21 17:00:31.126  1567  3920 V SoundPool: move to front
08-21 17:00:31.129  4223  4223 D WfdsService: isConnected: false
08-21 17:00:31.131  4223  4223 D WfdsService: WIFI_P2P_THIS_DEVICE_CHANGED_ATCION
08-21 17:00:31.131  4223  4223 D WfdsService: Update P2p Interface State: 3
08-21 17:00:31.132  4223  4223 D WfdsService: GroupInfoAvailable: mGroupInfo is null
08-21 17:00:31.133 14281 14281 D wpa_supplicant: p2p-dev-wlan0: Control interface command 'P2P_FIND 120'
08-21 17:00:31.134 14281 14281 D wpa_supplicant: P2P: Starting find (type=0)
08-21 17:00:31.134 14281 14281 D wpa_supplicant: P2P: Clear timeout (state=IDLE)
08-21 17:00:31.134 14281 14281 D wpa_supplicant: wpa_driver_set_ap_wps_p2p_ie: Entry
08-21 17:00:31.134 14281 14281 D wpa_supplicant: P2P: State IDLE -> SEARCH
08-21 17:00:31.134 14281 14281 D wpa_supplicant: P2P: [LGE_P2P] social_scan_first_num:6
08-21 17:00:31.134 14281 14281 D wpa_supplicant: WPS: Building WPS IE for Probe Request
08-21 17:00:31.134 14281 14281 D wpa_supplicant: WPS:  * Version (hardcoded 0x10)
08-21 17:00:31.134 14281 14281 D wpa_supplicant: WPS:  * Request Type
08-21 17:00:31.134 14281 14281 D wpa_supplicant: WPS:  * Config Methods (5388)
08-21 17:00:31.134 14281 14281 D wpa_supplicant: WPS:  * UUID-E
08-21 17:00:31.134 14281 14281 D wpa_supplicant: WPS:  * Primary Device Type
08-21 17:00:31.134 14281 14281 D wpa_supplicant: WPS:  * RF Bands (3)
08-21 17:00:31.134 14281 14281 D wpa_supplicant: WPS:  * Association State
08-21 17:00:31.134 14281 14281 D wpa_supplicant: WPS:  * Configuration Error (0)
08-21 17:00:31.134 14281 14281 D wpa_supplicant: WPS:  * Device Password ID (0)
08-21 17:00:31.134 14281 14281 D wpa_supplicant: WPS:  * Manufacturer
08-21 17:00:31.134 14281 14281 D wpa_supplicant: WPS:  * Model Name
08-21 17:00:31.134 14281 14281 D wpa_supplicant: WPS:  * Model Number
08-21 17:00:31.134 14281 14281 D wpa_supplicant: WPS:  * Device Name
08-21 17:00:31.134 14281 14281 D wpa_supplicant: WPS:  * Version2 (0x20)
08-21 17:00:31.134 14281 14281 D wpa_supplicant: WPS:  * Request to Enroll (1)
08-21 17:00:31.134 14281 14281 D wpa_supplicant: WFDS: Extra buffer length (0) for Scan Request
08-21 17:00:31.134 14281 14281 D wpa_supplicant: P2P: * P2P IE header
08-21 17:00:31.134 14281 14281 D wpa_supplicant: P2P: * Capability dev=25 group=00
08-21 17:00:31.134 14281 14281 D wpa_supplicant: P2P: * Listen Channel: Regulatory Class 81 Channel 11
08-21 17:00:31.134 14281 14281 D wpa_supplicant: p2p-dev-wlan0: Add radio work 'p2p-scan'@0x7f9581c2d0
08-21 17:00:31.134 14281 14281 D wpa_supplicant: P2P: Running p2p_scan
08-21 17:00:31.134  4558  4558 D DSDPConnection: HDMICable or WFD ConnectedEvent [com.lge.systemservice.core.wfdmanager.WFD_STATE_CHANGED]
08-21 17:00:31.134  4558  4558 D DSDPConnection: [DSDP]StatusReceiver::WFD Connected: false ExternalDevice: 0
08-21 17:00:31.134  4558  4558 W DsdpExternalView: dismissDsdpPopup()
08-21 17:00:31.134  4558  4558 D DsdpStatus: setIsExternalDeviceConnected() connected : false
08-21 17:00:31.134  1567  1567 E WifiServerServiceExt: No p2p device connected
08-21 17:00:31.135  4064  4064 I WfdStateTracker: handleP2pThisDeviceChanged: 3
08-21 17:00:31.136  4634  4634 D Leccp_1.0.23: [MiracastHandler] onReceive WFD_STATE_CHANGED_ACTION WfdStatus: 1 --> 2
08-21 17:00:31.136  4223  4332 W WfdsService: DefaultState - msg [9441285] is not handled
08-21 17:00:31.137  3599  3599 I [SystemUI]QuickSettingsHandler: Got action com.lge.systemservice.core.wfdmanager.WFD_STATE_CHANGED at null
08-21 17:00:31.139  3599  3599 I [SystemUI]MiracastHandler: updateButton(), state = 1
08-21 17:00:31.140  3599  3599 D [SystemUI]QuickSettingsButton: Set image resource for Miracast button. status = 1, clickable = true
08-21 17:00:31.140  3599  3599 D [SystemUI]QuickSettingsHandler: Miracast :Miracast ligado.
08-21 17:00:31.143 31963 31963 V WifiScreenEnabler: handleScreenStateChanged: 2 set: true enabled: false
08-21 17:00:31.148 31963 31963 D WifiScreenSettings: handleScreenStateChanged == 2
08-21 17:00:31.153  4064  4722 D WfdStateTracker: discoverWfdPeers - success
08-21 17:00:31.153 31963 31978 D WifiScreenSettings: discoverWfdPeers success
08-21 17:00:31.172  3386  3533 V audio_hw_primary: out_get_latency: Latency 10
08-21 17:00:31.175  3386  3533 V AudioFlinger: removeTracks_l removing track on session 945
08-21 17:00:31.175  3386  3533 V AudioFlinger: acquireWakeLock_l() AudioOut_2 status 0
08-21 17:00:31.186  3386  3533 V AudioPolicyService: AudioCommandThread() adding stop output 2
08-21 17:00:31.186  3386  3533 V AudioPolicyService: inserting command: 5 at index 0, num commands 0
08-21 17:00:31.186  3386  3521 V AudioPolicyService: AudioCommandThread() waking up
08-21 17:00:31.186  3386  3521 V AudioPolicyService: AudioCommandThread() processing stop output 2
08-21 17:00:31.186  3386  3521 V APM::AudioPolicyManager: stopOutput() output 2, stream 1, session 945
08-21 17:00:31.186  3386  3521 V APM::AudioPolicyManager: setBeaconMute(1) mBeaconMuteRefCount=0 mBeaconPlayingRefCount=0
08-21 17:00:31.186  3386  3521 V APM::AudioPolicyManager: getNewOutputDevice() selected device 0
08-21 17:00:31.186  3386  3521 V APM::AudioPolicyManager: setOutputDevice() device 0000 delayMs 100
08-21 17:00:31.186  3386  3521 V APM::AudioPolicyManager: setOutputDevice() prevDevice 0x0002
08-21 17:00:31.186  3386  3521 V APM::AudioPolicyManager: AudioPolicyManagerEx::getRingerMode() mRingerMode 2
08-21 17:00:31.186  3386  3521 V APM::AudioPolicyManager: AudioPolicyManagerEx::getRingerMode() mRingerMode 2
08-21 17:00:31.186  3386  3521 V APM::AudioPolicyManager: AudioPolicyManagerEx::getRingerMode() mRingerMode 2
08-21 17:00:31.186  3386  3521 V APM::AudioPolicyManager: AudioPolicyManagerEx::getRingerMode() mRingerMode 2
08-21 17:00:31.186  3386  3521 V APM::AudioPolicyManager: AudioPolicyManagerEx::getRingerMode() mRingerMode 2
08-21 17:00:31.186  3386  3521 V APM::AudioPolicyManager: setOutputDevice() setting same device 0x0000 or null device
08-21 17:00:31.186  3386  3521 V AudioPolicyService: AudioCommandThread() going to sleep
08-21 17:00:31.246  3956  3956 D LgeImeImpl: [LgeImeImpl.java:4330:LgeImeImpl.onFinishInput()] [IN]onFinishInput
08-21 17:00:31.246  3956  3956 D LgeImeImpl: [LgeImeImpl.java:4359:LgeImeImpl.onFinishInput()] [OUT]onFinishInput
08-21 17:00:31.247  3956  3956 D LgeImeImpl: [LgeImeImpl.java:1515:LgeImeImpl.onStartInput()] [IN] onStartInput[false]
08-21 17:00:31.247  3956  3956 D LgeImeImpl: [LgeImeImpl.java:1532:LgeImeImpl.onStartInput()] [OUT] onStartInput
08-21 17:00:33.613   519   575 I GBMv2   : GBM state [8]
08-21 17:00:34.156  3386  3533 V AudioFlinger: Audio hardware entering standby, mixer 0xf1040000, suspend count 0
08-21 17:00:34.156  3386  3533 D audio_hw_primary: out_standby: enter: stream (0xf1b28080) usecase(1: low-latency-playback)
08-21 17:00:34.189  3386  3533 V audio_hw_primary: stop_output_stream: enter: usecase(1: low-latency-playback)
08-21 17:00:34.189  3386  3533 V audio_hw_primary: disable_audio_route: enter: usecase(1)
08-21 17:00:34.189  3386  3533 V msm8974_platform_lge: LGE_platform_add_backend_name: enter: 2
08-21 17:00:34.189  3386  3533 V audio_hw_primary: disable_audio_route: reset and update mixer path: low-latency-playback quat-mi2s-speaker
08-21 17:00:34.192  3386  3533 V audio_hw_primary: disable_audio_route: exit
08-21 17:00:34.192  3386  3533 E audio_hw_primary: disable_snd_device: enter 2
08-21 17:00:34.192  3386  3533 D hardware_info: hw_info_append_hw_type : device_name = speaker
08-21 17:00:34.192  3386  3533 V audio_hw_primary: disable_snd_device: snd_device(2: speaker)
08-21 17:00:34.192  3386  3533 V audio_hw_3rdP_spkr_prot: lge_audio_3rdP_spk_prot_disable: Entry
08-21 17:00:34.221  3386  3533 V audio_hw_3rdP_spkr_prot: lge_audio_3rdP_spk_prot_disable: Exit
08-21 17:00:34.221  3386  3533 V audio_hw_primary: stop_output_stream: exit: status(0)
08-21 17:00:34.221  3386  3533 V audio_hw_primary: out_standby: exit
08-21 17:00:34.221  3386  3533 V AudioFlinger: releaseWakeLock_l() AudioOut_2
08-21 17:00:34.222  3386  3533 V AudioFlinger: thread 0xf1040000 type 0 TID 3533 going to sleep
08-21 17:00:34.613   519   575 I GBMv2   : GBM state [0]
08-21 17:00:34.966 14281 14281 D wpa_supplicant: nl80211: Drv Event 34 (NL80211_CMD_NEW_SCAN_RESULTS) received for wlan0
08-21 17:00:34.966 14281 14281 D wpa_supplicant: wlan0: nl80211: New scan results available
08-21 17:00:34.966 14281 14281 D wpa_supplicant: nl80211: Scan probed for SSID ''
08-21 17:00:34.966 14281 14281 D wpa_supplicant: nl80211: Scan included frequencies: 2412 2417 2422 2427 2432 2437 2442 2447 2452 2457 2462 2467 2472 5180 5200 5220 5240 5260 5280 5300 5320 5500 5520 5540 5560 5580 5600 5620 5640 5660 5680 5700 5720 5745 5765 5785 5805 5825
08-21 17:00:34.966 14281 14281 D wpa_supplicant: wlan0: Event SCAN_RESULTS (3) received
08-21 17:00:34.966 14281 14281 D wpa_supplicant: wlan0: Scan completed in 3.867264 seconds
08-21 17:00:34.967 14281 14281 D wpa_supplicant: nl80211: Received scan results (39 BSSes)
08-21 17:00:34.968 14281 14281 D wpa_supplicant: wlan0: BSS: Start scan result update 98
08-21 17:00:34.968 14281 14281 D wpa_supplicant: BSS: last_scan_res_used=39/128
08-21 17:00:34.968 14281 14281 D wpa_supplicant: wlan0: Scan-only results received
08-21 17:00:34.969 14281 14281 D wpa_supplicant: CTRL_IFACE monitor sent successfully to /data/misc/wifi/sockets/wpa_ctrl_4223-4\x00
08-21 17:00:34.969 14281 14281 D wpa_supplicant: CTRL_IFACE monitor sent successfully to /data/misc/wifi/sockets/wpa_ctrl_1567-5\x00
08-21 17:00:34.969 14281 14281 D wpa_supplicant: wlan0: Radio work 'scan'@0x7f9581c280 done in 3.974671 seconds
08-21 17:00:34.969 14281 14281 D wpa_supplicant: p2p-dev-wlan0: Starting radio work 'p2p-scan'@0x7f9581c2d0 after 3.835565 second wait
08-21 17:00:34.969 14281 14281 D wpa_supplicant: p2p-dev-wlan0: nl80211: scan request
08-21 17:00:34.970 14281 14281 D wpa_supplicant: nl80211: P2P probe - mask SuppRates
08-21 17:00:35.068 14281 14281 D wpa_supplicant: Scan requested (ret=0) - scan timeout 30 seconds
08-21 17:00:35.068 14281 14281 D wpa_supplicant: wlan0: Control interface command 'BSS RANGE=0- MASK=0x29d87'
08-21 17:00:35.070 14281 14281 D wpa_supplicant: nl80211: Drv Event 33 (NL80211_CMD_TRIGGER_SCAN) received for p2p-dev-wlan0
08-21 17:00:35.070 14281 14281 D wpa_supplicant: p2p-dev-wlan0: nl80211: Scan trigger
08-21 17:00:35.070 14281 14281 D wpa_supplicant: p2p-dev-wlan0: Event SCAN_STARTED (49) received
08-21 17:00:35.071 14281 14281 D wpa_supplicant: p2p-dev-wlan0: Own scan request started a scan in 0.002243 seconds
08-21 17:00:35.071 14281 14281 I wpa_supplicant: p2p-dev-wlan0: CTRL-EVENT-SCAN-STARTED 
08-21 17:00:35.071  4223 14333 D P2pExtMonWorker: Event [CTRL-EVENT-SCAN-STARTED ]
08-21 17:00:35.071 14281 14281 D wpa_supplicant: CTRL_IFACE monitor sent successfully to /data/misc/wifi/sockets/wpa_ctrl_4223-4\x00
08-21 17:00:35.071 14281 14281 D wpa_supplicant: CTRL_IFACE monitor sent successfully to /data/misc/wifi/sockets/wpa_ctrl_1567-5\x00
08-21 17:00:35.071 14281 14281 D wpa_supplicant: wlan0: Control interface command 'BSS RANGE=680- MASK=0x29d87'
08-21 17:00:35.074 14281 14281 D wpa_supplicant: wlan0: Control interface command 'BSS RANGE=688- MASK=0x29d87'
08-21 17:00:35.077 14281 14281 D wpa_supplicant: wlan0: Control interface command 'BSS RANGE=699- MASK=0x29d87'
08-21 17:00:35.080 14281 14281 D wpa_supplicant: wlan0: Control interface command 'BSS RANGE=719- MASK=0x29d87'
08-21 17:00:35.082 14281 14281 D wpa_supplicant: wlan0: Control interface command 'BSS RANGE=743- MASK=0x29d87'
08-21 17:00:35.086 14281 14281 D wpa_supplicant: wlan0: Control interface command 'BSS RANGE=750- MASK=0x29d87'
08-21 17:00:35.100 14281 14281 D wpa_supplicant: wlan0: Control interface command 'STATUS-NO_EVENTS'
08-21 17:00:35.106  4131  4131 I [MY_PLACE_ENGINE::CLUSTERING]: API > getOnOffStatus > status : 0
08-21 17:00:35.125  4131  4131 I [MY_PLACE_ENGINE::MOVEMENT]: WIFI_MANAGER :: 0821_170035  Engine OFF >> Do Nothing.... 
08-21 17:00:35.151 31963 31963 V WiFiOffLoadBroadcast: WiFiOffLoadBroadcast: android.net.wifi.SCAN_RESULTS
08-21 17:00:35.156 31963 31963 D WiFiOffLoadBroadcast: Not supported operator for automatic switch
08-21 17:00:35.234 14281 14281 D wpa_supplicant: nl80211: Drv Event 34 (NL80211_CMD_NEW_SCAN_RESULTS) received for p2p-dev-wlan0
08-21 17:00:35.234 14281 14281 D wpa_supplicant: p2p-dev-wlan0: nl80211: New scan results available
08-21 17:00:35.234 14281 14281 D wpa_supplicant: nl80211: Scan probed for SSID 'DIRECT-'
08-21 17:00:35.234 14281 14281 D wpa_supplicant: nl80211: Scan included frequencies: 2412 2437 2462
08-21 17:00:35.234 14281 14281 D wpa_supplicant: p2p-dev-wlan0: Event SCAN_RESULTS (3) received
08-21 17:00:35.234 14281 14281 D wpa_supplicant: p2p-dev-wlan0: Scan completed in 0.163564 seconds
08-21 17:00:35.235 14281 14281 D wpa_supplicant: nl80211: Received scan results (39 BSSes)
08-21 17:00:35.235 14281 14281 D wpa_supplicant: p2p-dev-wlan0: BSS: Start scan result update 989
08-21 17:00:35.235 14281 14281 D wpa_supplicant: BSS: last_scan_res_used=39/64
08-21 17:00:35.235 14281 14281 D wpa_supplicant: p2p-dev-wlan0: Radio work 'p2p-scan'@0x7f9581c2d0 done in 0.265647 seconds
08-21 17:00:35.235 14281 14281 D wpa_supplicant: P2P: Scan results received (39 BSS)
08-21 17:00:35.235 14281 14281 D wpa_supplicant: P2P: Ignore scan data without P2P Device Info or P2P Device Id
08-21 17:00:35.235 14281 14281 D wpa_supplicant: P2P: Ignore scan data without P2P Device Info or P2P Device Id
08-21 17:00:35.235 14281 14281 D wpa_supplicant: P2P: Ignore scan data without P2P Device Info or P2P Device Id
08-21 17:00:35.235 14281 14281 D wpa_supplicant: P2P: Ignore scan data without P2P Device Info or P2P Device Id
08-21 17:00:35.235 14281 14281 D wpa_supplicant: P2P: Ignore scan data without P2P Device Info or P2P Device Id
08-21 17:00:35.235 14281 14281 D wpa_supplicant: P2P: Ignore scan data without P2P Device Info or P2P Device Id
08-21 17:00:35.235 14281 14281 D wpa_supplicant: P2P: Ignore scan data without P2P Device Info or P2P Device Id
08-21 17:00:35.235 14281 14281 D wpa_supplicant: P2P: Ignore scan data without P2P Device Info or P2P Device Id
08-21 17:00:35.235 14281 14281 D wpa_supplicant: P2P: Ignore scan data without P2P Device Info or P2P Device Id
08-21 17:00:35.235 14281 14281 D wpa_supplicant: P2P: Ignore scan data without P2P Device Info or P2P Device Id
08-21 17:00:35.235 14281 14281 D wpa_supplicant: P2P: Ignore scan data without P2P Device Info or P2P Device Id
08-21 17:00:35.235 14281 14281 D wpa_supplicant: P2P: Ignore scan data without P2P Device Info or P2P Device Id
08-21 17:00:35.235 14281 14281 D wpa_supplicant: P2P: Ignore scan data without P2P Device Info or P2P Device Id
08-21 17:00:35.235 14281 14281 D wpa_supplicant: P2P: Ignore scan data without P2P Device Info or P2P Device Id
08-21 17:00:35.236 14281 14281 D wpa_supplicant: P2P: Ignore scan data without P2P Device Info or P2P Device Id
08-21 17:00:35.236 14281 14281 D wpa_supplicant: P2P: Ignore scan data without P2P Device Info or P2P Device Id
08-21 17:00:35.236 14281 14281 D wpa_supplicant: P2P: Ignore scan data without P2P Device Info or P2P Device Id
08-21 17:00:35.236 14281 14281 D wpa_supplicant: P2P: Ignore scan data without P2P Device Info or P2P Device Id
08-21 17:00:35.236 14281 14281 D wpa_supplicant: P2P: Ignore scan data without P2P Device Info or P2P Device Id
08-21 17:00:35.236 14281 14281 D wpa_supplicant: P2P: Ignore scan data without P2P Device Info or P2P Device Id
08-21 17:00:35.236 14281 14281 D wpa_supplicant: P2P: Ignore scan data without P2P Device Info or P2P Device Id
08-21 17:00:35.236 14281 14281 D wpa_supplicant: P2P: Ignore scan data without P2P Device Info or P2P Device Id
08-21 17:00:35.236 14281 14281 D wpa_supplicant: P2P: Ignore scan data without P2P Device Info or P2P Device Id
08-21 17:00:35.236 14281 14281 D wpa_supplicant: P2P: Ignore scan data without P2P Device Info or P2P Device Id
08-21 17:00:35.236 14281 14281 D wpa_supplicant: P2P: Ignore scan data without P2P Device Info or P2P Device Id
08-21 17:00:35.236 14281 14281 D wpa_supplicant: P2P: Ignore scan data without P2P Device Info or P2P Device Id
08-21 17:00:35.236 14281 14281 D wpa_supplicant: P2P: Ignore scan data without P2P Device Info or P2P Device Id
08-21 17:00:35.236 14281 14281 D wpa_supplicant: P2P: Ignore scan data without P2P Device Info or P2P Device Id
08-21 17:00:35.236 14281 14281 D wpa_supplicant: P2P: Ignore scan data without P2P Device Info or P2P Device Id
08-21 17:00:35.236 14281 14281 D wpa_supplicant: P2P: Ignore scan data without P2P Device Info or P2P Device Id
08-21 17:00:35.236 14281 14281 D wpa_supplicant: P2P: Ignore scan data without P2P Device Info or P2P Device Id
08-21 17:00:35.236 14281 14281 D wpa_supplicant: P2P: Ignore scan data without P2P Device Info or P2P Device Id
08-21 17:00:35.236 14281 14281 D wpa_supplicant: P2P: Ignore scan data without P2P Device Info or P2P Device Id
08-21 17:00:35.236 14281 14281 D wpa_supplicant: P2P: Ignore scan data without P2P Device Info or P2P Device Id
08-21 17:00:35.236 14281 14281 D wpa_supplicant: P2P: Ignore scan data without P2P Device Info or P2P Device Id
08-21 17:00:35.236 14281 14281 D wpa_supplicant: P2P: Ignore scan data without P2P Device Info or P2P Device Id
08-21 17:00:35.236 14281 14281 D wpa_supplicant: P2P: Ignore scan data without P2P Device Info or P2P Device Id
08-21 17:00:35.236 14281 14281 D wpa_supplicant: P2P: Ignore scan data without P2P Device Info or P2P Device Id
08-21 17:00:35.236 14281 14281 D wpa_supplicant: P2P: Ignore scan data without P2P Device Info or P2P Device Id
08-21 17:00:35.236 14281 14281 D wpa_supplicant: P2P: State SEARCH -> SEARCH
08-21 17:00:35.236 14281 14281 D wpa_supplicant: wpa_driver_set_ap_wps_p2p_ie: Entry
08-21 17:00:35.236 14281 14281 D wpa_supplicant: P2P: Starting search [LGE_P2P] social_scan_first_num:5
08-21 17:00:35.236 14281 14281 D wpa_supplicant: WPS: Building WPS IE for Probe Request
08-21 17:00:35.236 14281 14281 D wpa_supplicant: WPS:  * Version (hardcoded 0x10)
08-21 17:00:35.236 14281 14281 D wpa_supplicant: WPS:  * Request Type
08-21 17:00:35.236 14281 14281 D wpa_supplicant: WPS:  * Config Methods (5388)
08-21 17:00:35.236 14281 14281 D wpa_supplicant: WPS:  * UUID-E
08-21 17:00:35.236 14281 14281 D wpa_supplicant: WPS:  * Primary Device Type
08-21 17:00:35.236 14281 14281 D wpa_supplicant: WPS:  * RF Bands (3)
08-21 17:00:35.236 14281 14281 D wpa_supplicant: WPS:  * Association State
08-21 17:00:35.236 14281 14281 D wpa_supplicant: WPS:  * Configuration Error (0)
08-21 17:00:35.236 14281 14281 D wpa_supplicant: WPS:  * Device Password ID (0)
08-21 17:00:35.237 14281 14281 D wpa_supplicant: WPS:  * Manufacturer
08-21 17:00:35.237 14281 14281 D wpa_supplicant: WPS:  * Model Name
08-21 17:00:35.237 14281 14281 D wpa_supplicant: WPS:  * Model Number
08-21 17:00:35.237 14281 14281 D wpa_supplicant: WPS:  * Device Name
08-21 17:00:35.237 14281 14281 D wpa_supplicant: WPS:  * Version2 (0x20)
08-21 17:00:35.237 14281 14281 D wpa_supplicant: WPS:  * Request to Enroll (1)
08-21 17:00:35.237 14281 14281 D wpa_supplicant: WFDS: Extra buffer length (0) for Scan Request
08-21 17:00:35.237 14281 14281 D wpa_supplicant: P2P: * P2P IE header
08-21 17:00:35.237 14281 14281 D wpa_supplicant: P2P: * Capability dev=25 group=00
08-21 17:00:35.237 14281 14281 D wpa_supplicant: P2P: * Listen Channel: Regulatory Class 81 Channel 11
08-21 17:00:35.237 14281 14281 D wpa_supplicant: p2p-dev-wlan0: Add radio work 'p2p-scan'@0x7f9581c2d0
08-21 17:00:35.237 14281 14281 D wpa_supplicant: p2p-dev-wlan0: First radio work item in the queue - schedule start immediately
08-21 17:00:35.237 14281 14281 D wpa_supplicant: P2P: Running p2p_scan
08-21 17:00:35.237 14281 14281 D wpa_supplicant: p2p-dev-wlan0: Starting radio work 'p2p-scan'@0x7f9581c2d0 after 0.000141 second wait
08-21 17:00:35.237 14281 14281 D wpa_supplicant: p2p-dev-wlan0: nl80211: scan request
08-21 17:00:35.237 14281 14281 D wpa_supplicant: nl80211: P2P probe - mask SuppRates
08-21 17:00:35.241 14281 14281 D wpa_supplicant: Scan requested (ret=0) - scan timeout 30 seconds
08-21 17:00:35.241 14281 14281 D wpa_supplicant: nl80211: Drv Event 33 (NL80211_CMD_TRIGGER_SCAN) received for p2p-dev-wlan0
08-21 17:00:35.241 14281 14281 D wpa_supplicant: p2p-dev-wlan0: nl80211: Scan trigger
08-21 17:00:35.241 14281 14281 D wpa_supplicant: p2p-dev-wlan0: Event SCAN_STARTED (49) received
08-21 17:00:35.241 14281 14281 D wpa_supplicant: p2p-dev-wlan0: Own scan request started a scan in 0.000164 seconds
08-21 17:00:35.241 14281 14281 I wpa_supplicant: p2p-dev-wlan0: CTRL-EVENT-SCAN-STARTED 
08-21 17:00:35.241 14281 14281 D wpa_supplicant: CTRL_IFACE monitor sent successfully to /data/misc/wifi/sockets/wpa_ctrl_4223-4\x00
08-21 17:00:35.241 14281 14281 D wpa_supplicant: CTRL_IFACE monitor sent successfully to /data/misc/wifi/sockets/wpa_ctrl_1567-5\x00
08-21 17:00:35.241  4223 14333 D P2pExtMonWorker: Event [CTRL-EVENT-SCAN-STARTED ]
08-21 17:00:35.401 14281 14281 D wpa_supplicant: nl80211: Drv Event 34 (NL80211_CMD_NEW_SCAN_RESULTS) received for p2p-dev-wlan0
08-21 17:00:35.403 14281 14281 D wpa_supplicant: p2p-dev-wlan0: nl80211: New scan results available
08-21 17:00:35.403 14281 14281 D wpa_supplicant: nl80211: Scan probed for SSID 'DIRECT-'
08-21 17:00:35.403 14281 14281 D wpa_supplicant: nl80211: Scan included frequencies: 2412 2437 2462
08-21 17:00:35.403 14281 14281 D wpa_supplicant: p2p-dev-wlan0: Event SCAN_RESULTS (3) received
08-21 17:00:35.403 14281 14281 D wpa_supplicant: p2p-dev-wlan0: Scan completed in 0.162203 seconds
08-21 17:00:35.404 14281 14281 D wpa_supplicant: nl80211: Received scan results (40 BSSes)
08-21 17:00:35.405 14281 14281 D wpa_supplicant: p2p-dev-wlan0: BSS: Start scan result update 990
08-21 17:00:35.405 14281 14281 D wpa_supplicant: BSS: last_scan_res_used=39/64
08-21 17:00:35.405 14281 14281 D wpa_supplicant: p2p-dev-wlan0: Radio work 'p2p-scan'@0x7f9581c2d0 done in 0.168177 seconds
08-21 17:00:35.405 14281 14281 D wpa_supplicant: P2P: Scan results received (40 BSS)
08-21 17:00:35.405 14281 14281 D wpa_supplicant: P2P: Ignore scan data without P2P Device Info or P2P Device Id
08-21 17:00:35.405 14281 14281 D wpa_supplicant: P2P: Ignore scan data without P2P Device Info or P2P Device Id
08-21 17:00:35.405 14281 14281 D wpa_supplicant: P2P: Ignore scan data without P2P Device Info or P2P Device Id
08-21 17:00:35.405 14281 14281 D wpa_supplicant: P2P: Ignore scan data without P2P Device Info or P2P Device Id
08-21 17:00:35.405 14281 14281 D wpa_supplicant: P2P: Ignore scan data without P2P Device Info or P2P Device Id
08-21 17:00:35.406 14281 14281 D wpa_supplicant: P2P: Ignore scan data without P2P Device Info or P2P Device Id
08-21 17:00:35.406 14281 14281 D wpa_supplicant: P2P: Ignore scan data without P2P Device Info or P2P Device Id
08-21 17:00:35.406 14281 14281 D wpa_supplicant: P2P: Ignore scan data without P2P Device Info or P2P Device Id
08-21 17:00:35.406 14281 14281 D wpa_supplicant: P2P: Ignore scan data without P2P Device Info or P2P Device Id
08-21 17:00:35.406 14281 14281 D wpa_supplicant: P2P: Ignore scan data without P2P Device Info or P2P Device Id
08-21 17:00:35.406 14281 14281 D wpa_supplicant: P2P: Ignore scan data without P2P Device Info or P2P Device Id
08-21 17:00:35.406 14281 14281 D wpa_supplicant: P2P: Ignore scan data without P2P Device Info or P2P Device Id
08-21 17:00:35.406 14281 14281 D wpa_supplicant: P2P: Ignore scan data without P2P Device Info or P2P Device Id
08-21 17:00:35.406 14281 14281 D wpa_supplicant: P2P: Ignore scan data without P2P Device Info or P2P Device Id
08-21 17:00:35.406 14281 14281 D wpa_supplicant: P2P: Ignore scan data without P2P Device Info or P2P Device Id
08-21 17:00:35.406 14281 14281 D wpa_supplicant: P2P: Ignore scan data without P2P Device Info or P2P Device Id
08-21 17:00:35.406 14281 14281 D wpa_supplicant: P2P: Ignore scan data without P2P Device Info or P2P Device Id
08-21 17:00:35.406 14281 14281 D wpa_supplicant: P2P: Ignore scan data without P2P Device Info or P2P Device Id
08-21 17:00:35.406 14281 14281 D wpa_supplicant: P2P: Ignore scan data without P2P Device Info or P2P Device Id
08-21 17:00:35.406 14281 14281 D wpa_supplicant: P2P: Ignore scan data without P2P Device Info or P2P Device Id
08-21 17:00:35.406 14281 14281 D wpa_supplicant: P2P: Ignore scan data without P2P Device Info or P2P Device Id
08-21 17:00:35.406 14281 14281 D wpa_supplicant: P2P: Ignore scan data without P2P Device Info or P2P Device Id
08-21 17:00:35.407 14281 14281 D wpa_supplicant: P2P: Ignore scan data without P2P Device Info or P2P Device Id
08-21 17:00:35.407 14281 14281 D wpa_supplicant: P2P: Ignore scan data without P2P Device Info or P2P Device Id
08-21 17:00:35.407 14281 14281 D wpa_supplicant: P2P: Ignore scan data without P2P Device Info or P2P Device Id
08-21 17:00:35.407 14281 14281 D wpa_supplicant: P2P: Ignore scan data without P2P Device Info or P2P Device Id
08-21 17:00:35.407 14281 14281 D wpa_supplicant: P2P: Ignore scan data without P2P Device Info or P2P Device Id
08-21 17:00:35.407 14281 14281 D wpa_supplicant: P2P: Ignore scan data without P2P Device Info or P2P Device Id
08-21 17:00:35.407 14281 14281 D wpa_supplicant: P2P: Ignore scan data without P2P Device Info or P2P Device Id
08-21 17:00:35.407 14281 14281 D wpa_supplicant: P2P: Ignore scan data without P2P Device Info or P2P Device Id
08-21 17:00:35.407 14281 14281 D wpa_supplicant: P2P: Ignore scan data without P2P Device Info or P2P Device Id
08-21 17:00:35.407 14281 14281 D wpa_supplicant: P2P: Ignore scan data without P2P Device Info or P2P Device Id
08-21 17:00:35.407 14281 14281 D wpa_supplicant: P2P: Ignore scan data without P2P Device Info or P2P Device Id
08-21 17:00:35.407 14281 14281 D wpa_supplicant: P2P: Ignore scan data without P2P Device Info or P2P Device Id
08-21 17:00:35.407 14281 14281 D wpa_supplicant: P2P: Ignore scan data without P2P Device Info or P2P Device Id
08-21 17:00:35.407 14281 14281 D wpa_supplicant: P2P: Parsing WPS IE
08-21 17:00:35.407 14281 14281 D wpa_supplicant: P2P: Config Methods (WPS): 0x108
08-21 17:00:35.407 14281 14281 D wpa_supplicant: P2P: Device Password ID: 0
08-21 17:00:35.407 14281 14281 D wpa_supplicant: P2P: Primary Device Type (WPS): 7-0050F204-1
08-21 17:00:35.408 14281 14281 D wpa_supplicant: P2P: Parsing P2P IE
08-21 17:00:35.408 14281 14281 D wpa_supplicant: P2P: Attribute 2 length 2
08-21 17:00:35.408 14281 14281 D wpa_supplicant: P2P: * Device Capability 24 Group Capability 00
08-21 17:00:35.408 14281 14281 D wpa_supplicant: P2P: Attribute 8 length 4
08-21 17:00:35.408 14281 14281 D wpa_supplicant: P2P: * Extended Listen Timing (period 50 msec  interval 100 msec)
08-21 17:00:35.408 14281 14281 D wpa_supplicant: P2P: Attribute 13 length 48
08-21 17:00:35.408 14281 14281 D wpa_supplicant: P2P: * Device Info: addr 4e:09:d4:43:0e:ee primary device type 7-0050F204-1 device name '[TV][LG]32LB580B-SA' config methods 0x188
08-21 17:00:35.411 14281 14281 D wpa_supplicant: P2P: Update peer 4e:09:d4:43:0e:ee config_methods 0x0 -> 0x188
08-21 17:00:35.411 14281 14281 D wpa_supplicant: P2P: Peer found with Listen frequency 2462 MHz (rx_time=21044.970121)
08-21 17:00:35.411 14281 14281 I wpa_supplicant: P2P-DEVICE-FOUND 4e:09:d4:43:0e:ee p2p_dev_addr=4e:09:d4:43:0e:ee pri_dev_type=7-0050F204-1 name='[TV][LG]32LB580B-SA' config_methods=0x188 dev_capab=0x24 group_capab=0x0 wfd_dev_info=0x01111c440000
08-21 17:00:35.412 14281 14281 D wpa_supplicant: CTRL_IFACE monitor sent successfully to /data/misc/wifi/sockets/wpa_ctrl_4223-4\x00
08-21 17:00:35.412 14281 14281 D wpa_supplicant: CTRL_IFACE monitor sent successfully to /data/misc/wifi/sockets/wpa_ctrl_1567-5\x00
08-21 17:00:35.412 14281 14281 D wpa_supplicant: P2P: Ignore scan data without P2P Device Info or P2P Device Id
08-21 17:00:35.412  4223 14333 D P2pExtMonWorker: Event [P2P-DEVICE-FOUND 4e:09:d4:43:0e:ee p2p_dev_addr=4e:09:d4:43:0e:ee pri_dev_type=7-0050F204-1 name='[TV][LG]32LB580B-SA' config_methods=0x188 dev_capab=0x24 group_capab=0x0 wfd_dev_info=0x01111c440000]
08-21 17:00:35.412 14281 14281 D wpa_supplicant: P2P: Ignore scan data without P2P Device Info or P2P Device Id
08-21 17:00:35.412 14281 14281 D wpa_supplicant: P2P: Ignore scan data without P2P Device Info or P2P Device Id
08-21 17:00:35.412 14281 14281 D wpa_supplicant: P2P: Ignore scan data without P2P Device Info or P2P Device Id
08-21 17:00:35.412 14281 14281 D wpa_supplicant: P2P: State SEARCH -> SEARCH
08-21 17:00:35.412 14281 14281 D wpa_supplicant: wpa_driver_set_ap_wps_p2p_ie: Entry
08-21 17:00:35.412 14281 14281 D wpa_supplicant: P2P: Starting search [LGE_P2P] social_scan_first_num:4
08-21 17:00:35.412 14281 14281 D wpa_supplicant: WPS: Building WPS IE for Probe Request
08-21 17:00:35.412 14281 14281 D wpa_supplicant: WPS:  * Version (hardcoded 0x10)
08-21 17:00:35.412 14281 14281 D wpa_supplicant: WPS:  * Request Type
08-21 17:00:35.412 14281 14281 D wpa_supplicant: WPS:  * Config Methods (5388)
08-21 17:00:35.412 14281 14281 D wpa_supplicant: WPS:  * UUID-E
08-21 17:00:35.412 14281 14281 D wpa_supplicant: WPS:  * Primary Device Type
08-21 17:00:35.412 14281 14281 D wpa_supplicant: WPS:  * RF Bands (3)
08-21 17:00:35.412 14281 14281 D wpa_supplicant: WPS:  * Association State
08-21 17:00:35.412 14281 14281 D wpa_supplicant: WPS:  * Configuration Error (0)
08-21 17:00:35.413 14281 14281 D wpa_supplicant: WPS:  * Device Password ID (0)
08-21 17:00:35.413 14281 14281 D wpa_supplicant: WPS:  * Manufacturer
08-21 17:00:35.413 14281 14281 D wpa_supplicant: WPS:  * Model Name
08-21 17:00:35.413 14281 14281 D wpa_supplicant: WPS:  * Model Number
08-21 17:00:35.413 14281 14281 D wpa_supplicant: WPS:  * Device Name
08-21 17:00:35.413 14281 14281 D wpa_supplicant: WPS:  * Version2 (0x20)
08-21 17:00:35.413 14281 14281 D wpa_supplicant: WPS:  * Request to Enroll (1)
08-21 17:00:35.413 14281 14281 D wpa_supplicant: WFDS: Extra buffer length (0) for Scan Request
08-21 17:00:35.413 14281 14281 D wpa_supplicant: P2P: * P2P IE header
08-21 17:00:35.413 14281 14281 D wpa_supplicant: P2P: * Capability dev=25 group=00
08-21 17:00:35.413 14281 14281 D wpa_supplicant: P2P: * Listen Channel: Regulatory Class 81 Channel 11
08-21 17:00:35.413 14281 14281 D wpa_supplicant: p2p-dev-wlan0: Add radio work 'p2p-scan'@0x7f9581c2d0
08-21 17:00:35.413 14281 14281 D wpa_supplicant: p2p-dev-wlan0: First radio work item in the queue - schedule start immediately
08-21 17:00:35.413 14281 14281 D wpa_supplicant: P2P: Running p2p_scan
08-21 17:00:35.414 14281 14281 D wpa_supplicant: p2p-dev-wlan0: Starting radio work 'p2p-scan'@0x7f9581c2d0 after 0.000569 second wait
08-21 17:00:35.414 14281 14281 D wpa_supplicant: p2p-dev-wlan0: nl80211: scan request
08-21 17:00:35.414 14281 14281 D wpa_supplicant: nl80211: P2P probe - mask SuppRates
08-21 17:00:35.420  1567  1567 E WifiServerServiceExt: No p2p device connected
08-21 17:00:35.422  4223  4223 D WfdsService: WIFI_P2P_PEERS_CHANGED_ACTION
08-21 17:00:35.425 14281 14281 D wpa_supplicant: Scan requested (ret=0) - scan timeout 30 seconds
08-21 17:00:35.426 14281 14281 D wpa_supplicant: nl80211: Drv Event 33 (NL80211_CMD_TRIGGER_SCAN) received for p2p-dev-wlan0
08-21 17:00:35.426 14281 14281 D wpa_supplicant: p2p-dev-wlan0: nl80211: Scan trigger
08-21 17:00:35.426 14281 14281 D wpa_supplicant: p2p-dev-wlan0: Event SCAN_STARTED (49) received
08-21 17:00:35.426 14281 14281 D wpa_supplicant: p2p-dev-wlan0: Own scan request started a scan in 0.000301 seconds
08-21 17:00:35.426 14281 14281 I wpa_supplicant: p2p-dev-wlan0: CTRL-EVENT-SCAN-STARTED 
08-21 17:00:35.426 14281 14281 D wpa_supplicant: CTRL_IFACE monitor sent successfully to /data/misc/wifi/sockets/wpa_ctrl_4223-4\x00
08-21 17:00:35.426 14281 14281 D wpa_supplicant: CTRL_IFACE monitor sent successfully to /data/misc/wifi/sockets/wpa_ctrl_1567-5\x00
08-21 17:00:35.427  4223 14333 D P2pExtMonWorker: Event [CTRL-EVENT-SCAN-STARTED ]
08-21 17:00:35.441  4634  4634 D Leccp_1.0.23: [P2PScanner] WIFI_P2P_PEERS_CHANGED_ACTION mIsReady: false, WfdState: 2
08-21 17:00:35.453  4634  4732 D Leccp_1.0.23: [MiracastHandler] onAddedP2pDevice device: [TV][LG]32LB580B-SA
08-21 17:00:35.453  4634  4732 D Leccp_1.0.23: [LeccpUtil] getDeviceType : TV
08-21 17:00:35.453  4634  4732 D Leccp_1.0.23: [MiracastHandler] checkDeviceState state: AVAILABLE
08-21 17:00:35.453  4634  4732 D Leccp_1.0.23: [MiracastHandler] addDevice deviceName: [TV][LG]32LB580B-SA, deviceAddress: 4e:09:d4:43:0e:ee, primaryDeviceType: 7-0050F204-1, connState: AVAILABLE
08-21 17:00:35.453  4634  4732 D Leccp_1.0.23: [MiracastHandler] convertMiracastToLeccpDevice device: [TV][LG]32LB580B-SA
08-21 17:00:35.453  4634  4732 D Leccp_1.0.23: [ModuleListener_MIRA] onAddedDevice device: 4_4e:09:d4:43:0e:ee
08-21 17:00:35.453  4634  4744 D Leccp_1.0.23: [CardController] onAddedDevice module: MIRACAST, device: 4_4e:09:d4:43:0e:ee
08-21 17:00:35.454  4634  4744 D Leccp_1.0.23: [CardManager] addedDevice module: MIRACAST, leccpDevice: 4_4e:09:d4:43:0e:ee
08-21 17:00:35.454  4634  4744 D Leccp_1.0.23: [CardManager] checkAddCard module: MIRACAST, leccpDevice: 4_4e:09:d4:43:0e:ee
08-21 17:00:35.454  4634  4744 D Leccp_1.0.23: [CardController] onCardAdded card: 4_4e:09:d4:43:0e:ee, name: [TV][LG]32LB580B-SA
08-21 17:00:35.454  4634  4740 D Leccp_1.0.23: [LeccpService] onCardAdded card: 4_4e:09:d4:43:0e:ee
08-21 17:00:35.579 14281 14281 D wpa_supplicant: nl80211: Drv Event 34 (NL80211_CMD_NEW_SCAN_RESULTS) received for p2p-dev-wlan0
08-21 17:00:35.579 14281 14281 D wpa_supplicant: p2p-dev-wlan0: nl80211: New scan results available
08-21 17:00:35.580 14281 14281 D wpa_supplicant: nl80211: Scan probed for SSID 'DIRECT-'
08-21 17:00:35.580 14281 14281 D wpa_supplicant: nl80211: Scan included frequencies: 2412 2437 2462
08-21 17:00:35.580 14281 14281 D wpa_supplicant: p2p-dev-wlan0: Event SCAN_RESULTS (3) received
08-21 17:00:35.580 14281 14281 D wpa_supplicant: p2p-dev-wlan0: Scan completed in 0.153796 seconds
08-21 17:00:35.580 14281 14281 D wpa_supplicant: nl80211: Received scan results (40 BSSes)
08-21 17:00:35.580 14281 14281 D wpa_supplicant: p2p-dev-wlan0: BSS: Start scan result update 991
08-21 17:00:35.580 14281 14281 D wpa_supplicant: BSS: last_scan_res_used=39/64
08-21 17:00:35.581 14281 14281 D wpa_supplicant: p2p-dev-wlan0: Radio work 'p2p-scan'@0x7f9581c2d0 done in 0.166973 seconds
08-21 17:00:35.581 14281 14281 D wpa_supplicant: P2P: Scan results received (40 BSS)
08-21 17:00:35.581 14281 14281 D wpa_supplicant: P2P: Ignore scan data without P2P Device Info or P2P Device Id
08-21 17:00:35.581 14281 14281 D wpa_supplicant: P2P: Ignore scan data without P2P Device Info or P2P Device Id
08-21 17:00:35.581 14281 14281 D wpa_supplicant: P2P: Ignore scan data without P2P Device Info or P2P Device Id
08-21 17:00:35.581 14281 14281 D wpa_supplicant: P2P: Ignore scan data without P2P Device Info or P2P Device Id
08-21 17:00:35.581 14281 14281 D wpa_supplicant: P2P: Ignore scan data without P2P Device Info or P2P Device Id
08-21 17:00:35.581 14281 14281 D wpa_supplicant: P2P: Ignore scan data without P2P Device Info or P2P Device Id
08-21 17:00:35.581 14281 14281 D wpa_supplicant: P2P: Ignore scan data without P2P Device Info or P2P Device Id
08-21 17:00:35.581 14281 14281 D wpa_supplicant: P2P: Ignore scan data without P2P Device Info or P2P Device Id
08-21 17:00:35.581 14281 14281 D wpa_supplicant: P2P: Ignore scan data without P2P Device Info or P2P Device Id
08-21 17:00:35.581 14281 14281 D wpa_supplicant: P2P: Ignore scan data without P2P Device Info or P2P Device Id
08-21 17:00:35.581 14281 14281 D wpa_supplicant: P2P: Ignore scan data without P2P Device Info or P2P Device Id
08-21 17:00:35.581 14281 14281 D wpa_supplicant: P2P: Ignore scan data without P2P Device Info or P2P Device Id
08-21 17:00:35.581 14281 14281 D wpa_supplicant: P2P: Ignore scan data without P2P Device Info or P2P Device Id
08-21 17:00:35.581 14281 14281 D wpa_supplicant: P2P: Ignore scan data without P2P Device Info or P2P Device Id
08-21 17:00:35.581 14281 14281 D wpa_supplicant: P2P: Ignore scan data without P2P Device Info or P2P Device Id
08-21 17:00:35.581 14281 14281 D wpa_supplicant: P2P: Ignore scan data without P2P Device Info or P2P Device Id
08-21 17:00:35.581 14281 14281 D wpa_supplicant: P2P: Ignore scan data without P2P Device Info or P2P Device Id
08-21 17:00:35.581 14281 14281 D wpa_supplicant: P2P: Ignore scan data without P2P Device Info or P2P Device Id
08-21 17:00:35.581 14281 14281 D wpa_supplicant: P2P: Ignore scan data without P2P Device Info or P2P Device Id
08-21 17:00:35.581 14281 14281 D wpa_supplicant: P2P: Ignore scan data without P2P Device Info or P2P Device Id
08-21 17:00:35.581 14281 14281 D wpa_supplicant: P2P: Ignore scan data without P2P Device Info or P2P Device Id
08-21 17:00:35.581 14281 14281 D wpa_supplicant: P2P: Ignore scan data without P2P Device Info or P2P Device Id
08-21 17:00:35.581 14281 14281 D wpa_supplicant: P2P: Ignore scan data without P2P Device Info or P2P Device Id
08-21 17:00:35.581 14281 14281 D wpa_supplicant: P2P: Ignore scan data without P2P Device Info or P2P Device Id
08-21 17:00:35.581 14281 14281 D wpa_supplicant: P2P: Ignore scan data without P2P Device Info or P2P Device Id
08-21 17:00:35.581 14281 14281 D wpa_supplicant: P2P: Ignore scan data without P2P Device Info or P2P Device Id
08-21 17:00:35.581 14281 14281 D wpa_supplicant: P2P: Ignore scan data without P2P Device Info or P2P Device Id
08-21 17:00:35.581 14281 14281 D wpa_supplicant: P2P: Ignore scan data without P2P Device Info or P2P Device Id
08-21 17:00:35.581 14281 14281 D wpa_supplicant: P2P: Ignore scan data without P2P Device Info or P2P Device Id
08-21 17:00:35.581 14281 14281 D wpa_supplicant: P2P: Ignore scan data without P2P Device Info or P2P Device Id
08-21 17:00:35.581 14281 14281 D wpa_supplicant: P2P: Ignore scan data without P2P Device Info or P2P Device Id
08-21 17:00:35.581 14281 14281 D wpa_supplicant: P2P: Ignore scan data without P2P Device Info or P2P Device Id
08-21 17:00:35.582 14281 14281 D wpa_supplicant: P2P: Ignore scan data without P2P Device Info or P2P Device Id
08-21 17:00:35.582 14281 14281 D wpa_supplicant: P2P: Ignore scan data without P2P Device Info or P2P Device Id
08-21 17:00:35.582 14281 14281 D wpa_supplicant: P2P: Ignore scan data without P2P Device Info or P2P Device Id
08-21 17:00:35.582 14281 14281 D wpa_supplicant: P2P: Parsing WPS IE
08-21 17:00:35.582 14281 14281 D wpa_supplicant: P2P: Config Methods (WPS): 0x108
08-21 17:00:35.582 14281 14281 D wpa_supplicant: P2P: Device Password ID: 0
08-21 17:00:35.582 14281 14281 D wpa_supplicant: P2P: Primary Device Type (WPS): 7-0050F204-1
08-21 17:00:35.582 14281 14281 D wpa_supplicant: P2P: Parsing P2P IE
08-21 17:00:35.582 14281 14281 D wpa_supplicant: P2P: Attribute 2 length 2
08-21 17:00:35.582 14281 14281 D wpa_supplicant: P2P: * Device Capability 24 Group Capability 00
08-21 17:00:35.582 14281 14281 D wpa_supplicant: P2P: Attribute 8 length 4
08-21 17:00:35.582 14281 14281 D wpa_supplicant: P2P: * Extended Listen Timing (period 50 msec  interval 100 msec)
08-21 17:00:35.582 14281 14281 D wpa_supplicant: P2P: Attribute 13 length 48
08-21 17:00:35.582 14281 14281 D wpa_supplicant: P2P: * Device Info: addr 4e:09:d4:43:0e:ee primary device type 7-0050F204-1 device name '[TV][LG]32LB580B-SA' config methods 0x188
08-21 17:00:35.582 14281 14281 D wpa_supplicant: P2P: Ignore scan data without P2P Device Info or P2P Device Id
08-21 17:00:35.582 14281 14281 D wpa_supplicant: P2P: Ignore scan data without P2P Device Info or P2P Device Id
08-21 17:00:35.583 14281 14281 D wpa_supplicant: P2P: Ignore scan data without P2P Device Info or P2P Device Id
08-21 17:00:35.583 14281 14281 D wpa_supplicant: P2P: Ignore scan data without P2P Device Info or P2P Device Id
08-21 17:00:35.583 14281 14281 D wpa_supplicant: P2P: State SEARCH -> SEARCH
08-21 17:00:35.583 14281 14281 D wpa_supplicant: wpa_driver_set_ap_wps_p2p_ie: Entry
08-21 17:00:35.583 14281 14281 D wpa_supplicant: P2P: Starting search [LGE_P2P] social_scan_first_num:3
08-21 17:00:35.583 14281 14281 D wpa_supplicant: WPS: Building WPS IE for Probe Request
08-21 17:00:35.583 14281 14281 D wpa_supplicant: WPS:  * Version (hardcoded 0x10)
08-21 17:00:35.583 14281 14281 D wpa_supplicant: WPS:  * Request Type
08-21 17:00:35.583 14281 14281 D wpa_supplicant: WPS:  * Config Methods (5388)
08-21 17:00:35.583 14281 14281 D wpa_supplicant: WPS:  * UUID-E
08-21 17:00:35.583 14281 14281 D wpa_supplicant: WPS:  * Primary Device Type
08-21 17:00:35.583 14281 14281 D wpa_supplicant: WPS:  * RF Bands (3)
08-21 17:00:35.583 14281 14281 D wpa_supplicant: WPS:  * Association State
08-21 17:00:35.583 14281 14281 D wpa_supplicant: WPS:  * Configuration Error (0)
08-21 17:00:35.584 14281 14281 D wpa_supplicant: WPS:  * Device Password ID (0)
08-21 17:00:35.584 14281 14281 D wpa_supplicant: WPS:  * Manufacturer
08-21 17:00:35.584 14281 14281 D wpa_supplicant: WPS:  * Model Name
08-21 17:00:35.584 14281 14281 D wpa_supplicant: WPS:  * Model Number
08-21 17:00:35.584 14281 14281 D wpa_supplicant: WPS:  * Device Name
08-21 17:00:35.584 14281 14281 D wpa_supplicant: WPS:  * Version2 (0x20)
08-21 17:00:35.584 14281 14281 D wpa_supplicant: WPS:  * Request to Enroll (1)
08-21 17:00:35.584 14281 14281 D wpa_supplicant: WFDS: Extra buffer length (0) for Scan Request
08-21 17:00:35.584 14281 14281 D wpa_supplicant: P2P: * P2P IE header
08-21 17:00:35.584 14281 14281 D wpa_supplicant: P2P: * Capability dev=25 group=00
08-21 17:00:35.584 14281 14281 D wpa_supplicant: P2P: * Listen Channel: Regulatory Class 81 Channel 11
08-21 17:00:35.584 14281 14281 D wpa_supplicant: p2p-dev-wlan0: Add radio work 'p2p-scan'@0x7f9581c2d0
08-21 17:00:35.584 14281 14281 D wpa_supplicant: p2p-dev-wlan0: First radio work item in the queue - schedule start immediately
08-21 17:00:35.584 14281 14281 D wpa_supplicant: P2P: Running p2p_scan
08-21 17:00:35.584 14281 14281 D wpa_supplicant: p2p-dev-wlan0: Starting radio work 'p2p-scan'@0x7f9581c2d0 after 0.000596 second wait
08-21 17:00:35.584 14281 14281 D wpa_supplicant: p2p-dev-wlan0: nl80211: scan request
08-21 17:00:35.584 14281 14281 D wpa_supplicant: nl80211: P2P probe - mask SuppRates
08-21 17:00:35.589 14281 14281 D wpa_supplicant: Scan requested (ret=0) - scan timeout 30 seconds
08-21 17:00:35.589 14281 14281 D wpa_supplicant: nl80211: Drv Event 33 (NL80211_CMD_TRIGGER_SCAN) received for p2p-dev-wlan0
08-21 17:00:35.589 14281 14281 D wpa_supplicant: p2p-dev-wlan0: nl80211: Scan trigger
08-21 17:00:35.589 14281 14281 D wpa_supplicant: p2p-dev-wlan0: Event SCAN_STARTED (49) received
08-21 17:00:35.589 14281 14281 D wpa_supplicant: p2p-dev-wlan0: Own scan request started a scan in 0.000148 seconds
08-21 17:00:35.589 14281 14281 I wpa_supplicant: p2p-dev-wlan0: CTRL-EVENT-SCAN-STARTED 
08-21 17:00:35.590  4223 14333 D P2pExtMonWorker: Event [CTRL-EVENT-SCAN-STARTED ]
08-21 17:00:35.590 14281 14281 D wpa_supplicant: CTRL_IFACE monitor sent successfully to /data/misc/wifi/sockets/wpa_ctrl_4223-4\x00
08-21 17:00:35.590 14281 14281 D wpa_supplicant: CTRL_IFACE monitor sent successfully to /data/misc/wifi/sockets/wpa_ctrl_1567-5\x00
08-21 17:00:35.746 14281 14281 D wpa_supplicant: nl80211: Drv Event 34 (NL80211_CMD_NEW_SCAN_RESULTS) received for p2p-dev-wlan0
08-21 17:00:35.746 14281 14281 D wpa_supplicant: p2p-dev-wlan0: nl80211: New scan results available
08-21 17:00:35.746 14281 14281 D wpa_supplicant: nl80211: Scan probed for SSID 'DIRECT-'
08-21 17:00:35.746 14281 14281 D wpa_supplicant: nl80211: Scan included frequencies: 2412 2437 2462
08-21 17:00:35.746 14281 14281 D wpa_supplicant: p2p-dev-wlan0: Event SCAN_RESULTS (3) received
08-21 17:00:35.746 14281 14281 D wpa_supplicant: p2p-dev-wlan0: Scan completed in 0.156571 seconds
08-21 17:00:35.747 14281 14281 D wpa_supplicant: nl80211: Received scan results (40 BSSes)
08-21 17:00:35.747 14281 14281 D wpa_supplicant: p2p-dev-wlan0: BSS: Start scan result update 992
08-21 17:00:35.748 14281 14281 D wpa_supplicant: BSS: last_scan_res_used=39/64
08-21 17:00:35.748 14281 14281 D wpa_supplicant: p2p-dev-wlan0: Radio work 'p2p-scan'@0x7f9581c2d0 done in 0.163183 seconds
08-21 17:00:35.748 14281 14281 D wpa_supplicant: P2P: Scan results received (40 BSS)
08-21 17:00:35.748 14281 14281 D wpa_supplicant: P2P: Ignore scan data without P2P Device Info or P2P Device Id
08-21 17:00:35.748 14281 14281 D wpa_supplicant: P2P: Ignore scan data without P2P Device Info or P2P Device Id
08-21 17:00:35.748 14281 14281 D wpa_supplicant: P2P: Ignore scan data without P2P Device Info or P2P Device Id
08-21 17:00:35.748 14281 14281 D wpa_supplicant: P2P: Ignore scan data without P2P Device Info or P2P Device Id
08-21 17:00:35.748 14281 14281 D wpa_supplicant: P2P: Ignore scan data without P2P Device Info or P2P Device Id
08-21 17:00:35.748 14281 14281 D wpa_supplicant: P2P: Ignore scan data without P2P Device Info or P2P Device Id
08-21 17:00:35.748 14281 14281 D wpa_supplicant: P2P: Ignore scan data without P2P Device Info or P2P Device Id
08-21 17:00:35.748 14281 14281 D wpa_supplicant: P2P: Ignore scan data without P2P Device Info or P2P Device Id
08-21 17:00:35.748 14281 14281 D wpa_supplicant: P2P: Ignore scan data without P2P Device Info or P2P Device Id
08-21 17:00:35.748 14281 14281 D wpa_supplicant: P2P: Ignore scan data without P2P Device Info or P2P Device Id
08-21 17:00:35.749 14281 14281 D wpa_supplicant: P2P: Ignore scan data without P2P Device Info or P2P Device Id
08-21 17:00:35.749 14281 14281 D wpa_supplicant: P2P: Ignore scan data without P2P Device Info or P2P Device Id
08-21 17:00:35.749 14281 14281 D wpa_supplicant: P2P: Ignore scan data without P2P Device Info or P2P Device Id
08-21 17:00:35.749 14281 14281 D wpa_supplicant: P2P: Ignore scan data without P2P Device Info or P2P Device Id
08-21 17:00:35.749 14281 14281 D wpa_supplicant: P2P: Ignore scan data without P2P Device Info or P2P Device Id
08-21 17:00:35.749 14281 14281 D wpa_supplicant: P2P: Ignore scan data without P2P Device Info or P2P Device Id
08-21 17:00:35.749 14281 14281 D wpa_supplicant: P2P: Ignore scan data without P2P Device Info or P2P Device Id
08-21 17:00:35.749 14281 14281 D wpa_supplicant: P2P: Ignore scan data without P2P Device Info or P2P Device Id
08-21 17:00:35.749 14281 14281 D wpa_supplicant: P2P: Ignore scan data without P2P Device Info or P2P Device Id
08-21 17:00:35.749 14281 14281 D wpa_supplicant: P2P: Ignore scan data without P2P Device Info or P2P Device Id
08-21 17:00:35.749 14281 14281 D wpa_supplicant: P2P: Ignore scan data without P2P Device Info or P2P Device Id
08-21 17:00:35.749 14281 14281 D wpa_supplicant: P2P: Ignore scan data without P2P Device Info or P2P Device Id
08-21 17:00:35.749 14281 14281 D wpa_supplicant: P2P: Ignore scan data without P2P Device Info or P2P Device Id
08-21 17:00:35.749 14281 14281 D wpa_supplicant: P2P: Ignore scan data without P2P Device Info or P2P Device Id
08-21 17:00:35.749 14281 14281 D wpa_supplicant: P2P: Ignore scan data without P2P Device Info or P2P Device Id
08-21 17:00:35.749 14281 14281 D wpa_supplicant: P2P: Ignore scan data without P2P Device Info or P2P Device Id
08-21 17:00:35.749 14281 14281 D wpa_supplicant: P2P: Ignore scan data without P2P Device Info or P2P Device Id
08-21 17:00:35.749 14281 14281 D wpa_supplicant: P2P: Ignore scan data without P2P Device Info or P2P Device Id
08-21 17:00:35.750 14281 14281 D wpa_supplicant: P2P: Ignore scan data without P2P Device Info or P2P Device Id
08-21 17:00:35.750 14281 14281 D wpa_supplicant: P2P: Ignore scan data without P2P Device Info or P2P Device Id
08-21 17:00:35.750 14281 14281 D wpa_supplicant: P2P: Ignore scan data without P2P Device Info or P2P Device Id
08-21 17:00:35.750 14281 14281 D wpa_supplicant: P2P: Ignore scan data without P2P Device Info or P2P Device Id
08-21 17:00:35.750 14281 14281 D wpa_supplicant: P2P: Ignore scan data without P2P Device Info or P2P Device Id
08-21 17:00:35.750 14281 14281 D wpa_supplicant: P2P: Ignore scan data without P2P Device Info or P2P Device Id
08-21 17:00:35.750 14281 14281 D wpa_supplicant: P2P: Ignore scan data without P2P Device Info or P2P Device Id
08-21 17:00:35.750 14281 14281 D wpa_supplicant: P2P: Parsing WPS IE
08-21 17:00:35.750 14281 14281 D wpa_supplicant: P2P: Config Methods (WPS): 0x108
08-21 17:00:35.750 14281 14281 D wpa_supplicant: P2P: Device Password ID: 0
08-21 17:00:35.750 14281 14281 D wpa_supplicant: P2P: Primary Device Type (WPS): 7-0050F204-1
08-21 17:00:35.750 14281 14281 D wpa_supplicant: P2P: Parsing P2P IE
08-21 17:00:35.750 14281 14281 D wpa_supplicant: P2P: Attribute 2 length 2
08-21 17:00:35.750 14281 14281 D wpa_supplicant: P2P: * Device Capability 24 Group Capability 00
08-21 17:00:35.750 14281 14281 D wpa_supplicant: P2P: Attribute 8 length 4
08-21 17:00:35.750 14281 14281 D wpa_supplicant: P2P: * Extended Listen Timing (period 50 msec  interval 100 msec)
08-21 17:00:35.750 14281 14281 D wpa_supplicant: P2P: Attribute 13 length 48
08-21 17:00:35.750 14281 14281 D wpa_supplicant: P2P: * Device Info: addr 4e:09:d4:43:0e:ee primary device type 7-0050F204-1 device name '[TV][LG]32LB580B-SA' config methods 0x188
08-21 17:00:35.750 14281 14281 D wpa_supplicant: P2P: Ignore scan data without P2P Device Info or P2P Device Id
08-21 17:00:35.750 14281 14281 D wpa_supplicant: P2P: Ignore scan data without P2P Device Info or P2P Device Id
08-21 17:00:35.751 14281 14281 D wpa_supplicant: P2P: Ignore scan data without P2P Device Info or P2P Device Id
08-21 17:00:35.751 14281 14281 D wpa_supplicant: P2P: Ignore scan data without P2P Device Info or P2P Device Id
08-21 17:00:35.751 14281 14281 D wpa_supplicant: P2P: State SEARCH -> SEARCH
08-21 17:00:35.751 14281 14281 D wpa_supplicant: wpa_driver_set_ap_wps_p2p_ie: Entry
08-21 17:00:35.751 14281 14281 D wpa_supplicant: P2P: Starting search [LGE_P2P] social_scan_first_num:2
08-21 17:00:35.751 14281 14281 D wpa_supplicant: WPS: Building WPS IE for Probe Request
08-21 17:00:35.751 14281 14281 D wpa_supplicant: WPS:  * Version (hardcoded 0x10)
08-21 17:00:35.751 14281 14281 D wpa_supplicant: WPS:  * Request Type
08-21 17:00:35.751 14281 14281 D wpa_supplicant: WPS:  * Config Methods (5388)
08-21 17:00:35.751 14281 14281 D wpa_supplicant: WPS:  * UUID-E
08-21 17:00:35.751 14281 14281 D wpa_supplicant: WPS:  * Primary Device Type
08-21 17:00:35.751 14281 14281 D wpa_supplicant: WPS:  * RF Bands (3)
08-21 17:00:35.751 14281 14281 D wpa_supplicant: WPS:  * Association State
08-21 17:00:35.751 14281 14281 D wpa_supplicant: WPS:  * Configuration Error (0)
08-21 17:00:35.751 14281 14281 D wpa_supplicant: WPS:  * Device Password ID (0)
08-21 17:00:35.751 14281 14281 D wpa_supplicant: WPS:  * Manufacturer
08-21 17:00:35.751 14281 14281 D wpa_supplicant: WPS:  * Model Name
08-21 17:00:35.751 14281 14281 D wpa_supplicant: WPS:  * Model Number
08-21 17:00:35.751 14281 14281 D wpa_supplicant: WPS:  * Device Name
08-21 17:00:35.751 14281 14281 D wpa_supplicant: WPS:  * Version2 (0x20)
08-21 17:00:35.751 14281 14281 D wpa_supplicant: WPS:  * Request to Enroll (1)
08-21 17:00:35.751 14281 14281 D wpa_supplicant: WFDS: Extra buffer length (0) for Scan Request
08-21 17:00:35.751 14281 14281 D wpa_supplicant: P2P: * P2P IE header
08-21 17:00:35.751 14281 14281 D wpa_supplicant: P2P: * Capability dev=25 group=00
08-21 17:00:35.751 14281 14281 D wpa_supplicant: P2P: * Listen Channel: Regulatory Class 81 Channel 11
08-21 17:00:35.751 14281 14281 D wpa_supplicant: p2p-dev-wlan0: Add radio work 'p2p-scan'@0x7f9581c2d0
08-21 17:00:35.752 14281 14281 D wpa_supplicant: p2p-dev-wlan0: First radio work item in the queue - schedule start immediately
08-21 17:00:35.752 14281 14281 D wpa_supplicant: P2P: Running p2p_scan
08-21 17:00:35.752 14281 14281 D wpa_supplicant: p2p-dev-wlan0: Starting radio work 'p2p-scan'@0x7f9581c2d0 after 0.000232 second wait
08-21 17:00:35.752 14281 14281 D wpa_supplicant: p2p-dev-wlan0: nl80211: scan request
08-21 17:00:35.752 14281 14281 D wpa_supplicant: nl80211: P2P probe - mask SuppRates
08-21 17:00:35.754   707   707 I MSM-irqbalance: Decided to move IRQ65 from CPU1 to CPU3
08-21 17:00:35.759 14281 14281 D wpa_supplicant: Scan requested (ret=0) - scan timeout 30 seconds
08-21 17:00:35.759 14281 14281 D wpa_supplicant: nl80211: Drv Event 33 (NL80211_CMD_TRIGGER_SCAN) received for p2p-dev-wlan0
08-21 17:00:35.759 14281 14281 D wpa_supplicant: p2p-dev-wlan0: nl80211: Scan trigger
08-21 17:00:35.759 14281 14281 D wpa_supplicant: p2p-dev-wlan0: Event SCAN_STARTED (49) received
08-21 17:00:35.759 14281 14281 D wpa_supplicant: p2p-dev-wlan0: Own scan request started a scan in 0.000254 seconds
08-21 17:00:35.759 14281 14281 I wpa_supplicant: p2p-dev-wlan0: CTRL-EVENT-SCAN-STARTED 
08-21 17:00:35.759 14281 14281 D wpa_supplicant: CTRL_IFACE monitor sent successfully to /data/misc/wifi/sockets/wpa_ctrl_4223-4\x00
08-21 17:00:35.759 14281 14281 D wpa_supplicant: CTRL_IFACE monitor sent successfully to /data/misc/wifi/sockets/wpa_ctrl_1567-5\x00
08-21 17:00:35.760  4223 14333 D P2pExtMonWorker: Event [CTRL-EVENT-SCAN-STARTED ]
08-21 17:00:35.909 14281 14281 D wpa_supplicant: nl80211: Drv Event 34 (NL80211_CMD_NEW_SCAN_RESULTS) received for p2p-dev-wlan0
08-21 17:00:35.909 14281 14281 D wpa_supplicant: p2p-dev-wlan0: nl80211: New scan results available
08-21 17:00:35.909 14281 14281 D wpa_supplicant: nl80211: Scan probed for SSID 'DIRECT-'
08-21 17:00:35.909 14281 14281 D wpa_supplicant: nl80211: Scan included frequencies: 2412 2437 2462
08-21 17:00:35.910 14281 14281 D wpa_supplicant: p2p-dev-wlan0: Event SCAN_RESULTS (3) received
08-21 17:00:35.910 14281 14281 D wpa_supplicant: p2p-dev-wlan0: Scan completed in 0.150569 seconds
08-21 17:00:35.910 14281 14281 D wpa_supplicant: nl80211: Received scan results (40 BSSes)
08-21 17:00:35.910 14281 14281 D wpa_supplicant: p2p-dev-wlan0: BSS: Start scan result update 993
08-21 17:00:35.911 14281 14281 D wpa_supplicant: BSS: last_scan_res_used=39/64
08-21 17:00:35.911 14281 14281 D wpa_supplicant: p2p-dev-wlan0: Radio work 'p2p-scan'@0x7f9581c2d0 done in 0.158815 seconds
08-21 17:00:35.911 14281 14281 D wpa_supplicant: P2P: Scan results received (40 BSS)
08-21 17:00:35.911 14281 14281 D wpa_supplicant: P2P: Ignore scan data without P2P Device Info or P2P Device Id
08-21 17:00:35.911 14281 14281 D wpa_supplicant: P2P: Ignore scan data without P2P Device Info or P2P Device Id
08-21 17:00:35.911 14281 14281 D wpa_supplicant: P2P: Ignore scan data without P2P Device Info or P2P Device Id
08-21 17:00:35.911 14281 14281 D wpa_supplicant: P2P: Ignore scan data without P2P Device Info or P2P Device Id
08-21 17:00:35.911 14281 14281 D wpa_supplicant: P2P: Ignore scan data without P2P Device Info or P2P Device Id
08-21 17:00:35.911 14281 14281 D wpa_supplicant: P2P: Ignore scan data without P2P Device Info or P2P Device Id
08-21 17:00:35.911 14281 14281 D wpa_supplicant: P2P: Ignore scan data without P2P Device Info or P2P Device Id
08-21 17:00:35.911 14281 14281 D wpa_supplicant: P2P: Ignore scan data without P2P Device Info or P2P Device Id
08-21 17:00:35.911 14281 14281 D wpa_supplicant: P2P: Ignore scan data without P2P Device Info or P2P Device Id
08-21 17:00:35.911 14281 14281 D wpa_supplicant: P2P: Ignore scan data without P2P Device Info or P2P Device Id
08-21 17:00:35.911 14281 14281 D wpa_supplicant: P2P: Ignore scan data without P2P Device Info or P2P Device Id
08-21 17:00:35.911 14281 14281 D wpa_supplicant: P2P: Ignore scan data without P2P Device Info or P2P Device Id
08-21 17:00:35.911 14281 14281 D wpa_supplicant: P2P: Ignore scan data without P2P Device Info or P2P Device Id
08-21 17:00:35.911 14281 14281 D wpa_supplicant: P2P: Ignore scan data without P2P Device Info or P2P Device Id
08-21 17:00:35.911 14281 14281 D wpa_supplicant: P2P: Ignore scan data without P2P Device Info or P2P Device Id
08-21 17:00:35.911 14281 14281 D wpa_supplicant: P2P: Ignore scan data without P2P Device Info or P2P Device Id
08-21 17:00:35.912 14281 14281 D wpa_supplicant: P2P: Ignore scan data without P2P Device Info or P2P Device Id
08-21 17:00:35.912 14281 14281 D wpa_supplicant: P2P: Ignore scan data without P2P Device Info or P2P Device Id
08-21 17:00:35.912 14281 14281 D wpa_supplicant: P2P: Ignore scan data without P2P Device Info or P2P Device Id
08-21 17:00:35.912 14281 14281 D wpa_supplicant: P2P: Ignore scan data without P2P Device Info or P2P Device Id
08-21 17:00:35.912 14281 14281 D wpa_supplicant: P2P: Ignore scan data without P2P Device Info or P2P Device Id
08-21 17:00:35.912 14281 14281 D wpa_supplicant: P2P: Ignore scan data without P2P Device Info or P2P Device Id
08-21 17:00:35.912 14281 14281 D wpa_supplicant: P2P: Ignore scan data without P2P Device Info or P2P Device Id
08-21 17:00:35.912 14281 14281 D wpa_supplicant: P2P: Ignore scan data without P2P Device Info or P2P Device Id
08-21 17:00:35.912 14281 14281 D wpa_supplicant: P2P: Ignore scan data without P2P Device Info or P2P Device Id
08-21 17:00:35.912 14281 14281 D wpa_supplicant: P2P: Ignore scan data without P2P Device Info or P2P Device Id
08-21 17:00:35.912 14281 14281 D wpa_supplicant: P2P: Ignore scan data without P2P Device Info or P2P Device Id
08-21 17:00:35.912 14281 14281 D wpa_supplicant: P2P: Ignore scan data without P2P Device Info or P2P Device Id
08-21 17:00:35.912 14281 14281 D wpa_supplicant: P2P: Ignore scan data without P2P Device Info or P2P Device Id
08-21 17:00:35.912 14281 14281 D wpa_supplicant: P2P: Ignore scan data without P2P Device Info or P2P Device Id
08-21 17:00:35.912 14281 14281 D wpa_supplicant: P2P: Ignore scan data without P2P Device Info or P2P Device Id
08-21 17:00:35.912 14281 14281 D wpa_supplicant: P2P: Ignore scan data without P2P Device Info or P2P Device Id
08-21 17:00:35.912 14281 14281 D wpa_supplicant: P2P: Ignore scan data without P2P Device Info or P2P Device Id
08-21 17:00:35.912 14281 14281 D wpa_supplicant: P2P: Ignore scan data without P2P Device Info or P2P Device Id
08-21 17:00:35.912 14281 14281 D wpa_supplicant: P2P: Ignore scan data without P2P Device Info or P2P Device Id
08-21 17:00:35.913 14281 14281 D wpa_supplicant: P2P: Parsing WPS IE
08-21 17:00:35.913 14281 14281 D wpa_supplicant: P2P: Config Methods (WPS): 0x108
08-21 17:00:35.913 14281 14281 D wpa_supplicant: P2P: Device Password ID: 0
08-21 17:00:35.913 14281 14281 D wpa_supplicant: P2P: Primary Device Type (WPS): 7-0050F204-1
08-21 17:00:35.913 14281 14281 D wpa_supplicant: P2P: Parsing P2P IE
08-21 17:00:35.913 14281 14281 D wpa_supplicant: P2P: Attribute 2 length 2
08-21 17:00:35.913 14281 14281 D wpa_supplicant: P2P: * Device Capability 24 Group Capability 00
08-21 17:00:35.913 14281 14281 D wpa_supplicant: P2P: Attribute 8 length 4
08-21 17:00:35.913 14281 14281 D wpa_supplicant: P2P: * Extended Listen Timing (period 50 msec  interval 100 msec)
08-21 17:00:35.913 14281 14281 D wpa_supplicant: P2P: Attribute 13 length 48
08-21 17:00:35.913 14281 14281 D wpa_supplicant: P2P: * Device Info: addr 4e:09:d4:43:0e:ee primary device type 7-0050F204-1 device name '[TV][LG]32LB580B-SA' config methods 0x188
08-21 17:00:35.913 14281 14281 D wpa_supplicant: P2P: Ignore scan data without P2P Device Info or P2P Device Id
08-21 17:00:35.913 14281 14281 D wpa_supplicant: P2P: Ignore scan data without P2P Device Info or P2P Device Id
08-21 17:00:35.913 14281 14281 D wpa_supplicant: P2P: Ignore scan data without P2P Device Info or P2P Device Id
08-21 17:00:35.913 14281 14281 D wpa_supplicant: P2P: Ignore scan data without P2P Device Info or P2P Device Id
08-21 17:00:35.913 14281 14281 D wpa_supplicant: P2P: State SEARCH -> SEARCH
08-21 17:00:35.913 14281 14281 D wpa_supplicant: wpa_driver_set_ap_wps_p2p_ie: Entry
08-21 17:00:35.913 14281 14281 D wpa_supplicant: P2P: Starting search [LGE_P2P] social_scan_first_num:1
08-21 17:00:35.913 14281 14281 D wpa_supplicant: WPS: Building WPS IE for Probe Request
08-21 17:00:35.913 14281 14281 D wpa_supplicant: WPS:  * Version (hardcoded 0x10)
08-21 17:00:35.913 14281 14281 D wpa_supplicant: WPS:  * Request Type
08-21 17:00:35.913 14281 14281 D wpa_supplicant: WPS:  * Config Methods (5388)
08-21 17:00:35.913 14281 14281 D wpa_supplicant: WPS:  * UUID-E
08-21 17:00:35.913 14281 14281 D wpa_supplicant: WPS:  * Primary Device Type
08-21 17:00:35.913 14281 14281 D wpa_supplicant: WPS:  * RF Bands (3)
08-21 17:00:35.913 14281 14281 D wpa_supplicant: WPS:  * Association State
08-21 17:00:35.913 14281 14281 D wpa_supplicant: WPS:  * Configuration Error (0)
08-21 17:00:35.913 14281 14281 D wpa_supplicant: WPS:  * Device Password ID (0)
08-21 17:00:35.913 14281 14281 D wpa_supplicant: WPS:  * Manufacturer
08-21 17:00:35.913 14281 14281 D wpa_supplicant: WPS:  * Model Name
08-21 17:00:35.913 14281 14281 D wpa_supplicant: WPS:  * Model Number
08-21 17:00:35.913 14281 14281 D wpa_supplicant: WPS:  * Device Name
08-21 17:00:35.913 14281 14281 D wpa_supplicant: WPS:  * Version2 (0x20)
08-21 17:00:35.913 14281 14281 D wpa_supplicant: WPS:  * Request to Enroll (1)
08-21 17:00:35.913 14281 14281 D wpa_supplicant: WFDS: Extra buffer length (0) for Scan Request
08-21 17:00:35.913 14281 14281 D wpa_supplicant: P2P: * P2P IE header
08-21 17:00:35.913 14281 14281 D wpa_supplicant: P2P: * Capability dev=25 group=00
08-21 17:00:35.913 14281 14281 D wpa_supplicant: P2P: * Listen Channel: Regulatory Class 81 Channel 11
08-21 17:00:35.913 14281 14281 D wpa_supplicant: p2p-dev-wlan0: Add radio work 'p2p-scan'@0x7f9581c2d0
08-21 17:00:35.913 14281 14281 D wpa_supplicant: p2p-dev-wlan0: First radio work item in the queue - schedule start immediately
08-21 17:00:35.913 14281 14281 D wpa_supplicant: P2P: Running p2p_scan
08-21 17:00:35.914 14281 14281 D wpa_supplicant: p2p-dev-wlan0: Starting radio work 'p2p-scan'@0x7f9581c2d0 after 0.000266 second wait
08-21 17:00:35.914 14281 14281 D wpa_supplicant: p2p-dev-wlan0: nl80211: scan request
08-21 17:00:35.914 14281 14281 D wpa_supplicant: nl80211: P2P probe - mask SuppRates
08-21 17:00:35.918 14281 14281 D wpa_supplicant: Scan requested (ret=0) - scan timeout 30 seconds
08-21 17:00:35.918 14281 14281 D wpa_supplicant: nl80211: Drv Event 33 (NL80211_CMD_TRIGGER_SCAN) received for p2p-dev-wlan0
08-21 17:00:35.918 14281 14281 D wpa_supplicant: p2p-dev-wlan0: nl80211: Scan trigger
08-21 17:00:35.918 14281 14281 D wpa_supplicant: p2p-dev-wlan0: Event SCAN_STARTED (49) received
08-21 17:00:35.918 14281 14281 D wpa_supplicant: p2p-dev-wlan0: Own scan request started a scan in 0.000164 seconds
08-21 17:00:35.918 14281 14281 I wpa_supplicant: p2p-dev-wlan0: CTRL-EVENT-SCAN-STARTED 
08-21 17:00:35.918 14281 14281 D wpa_supplicant: CTRL_IFACE monitor sent successfully to /data/misc/wifi/sockets/wpa_ctrl_4223-4\x00
08-21 17:00:35.918 14281 14281 D wpa_supplicant: CTRL_IFACE monitor sent successfully to /data/misc/wifi/sockets/wpa_ctrl_1567-5\x00
08-21 17:00:35.918  4223 14333 D P2pExtMonWorker: Event [CTRL-EVENT-SCAN-STARTED ]
08-21 17:00:35.985 14281 14281 D wpa_supplicant: wlan0: Control interface command 'SET pno 0'
08-21 17:00:35.985 14281 14281 D wpa_supplicant: CTRL_IFACE SET 'pno'='0'
08-21 17:00:35.986 14281 14281 D wpa_supplicant: wlan0: Control interface command 'SCAN TYPE=ONLY'
08-21 17:00:35.986 14281 14281 D wpa_supplicant: wlan0: Setting scan request: 0.000000 sec
08-21 17:00:35.986 14281 14281 D wpa_supplicant: OTA_TEST prop_ota_enable: 0
08-21 17:00:35.986 14281 14281 I wpa_supplicant: [LGE_P2P] is_hs20_enable() skip!! hs20 while in p2p_in_progress
08-21 17:00:35.986 14281 14281 D wpa_supplicant: wlan0: Delay station mode scan while P2P operation is in progress
08-21 17:00:35.986 14281 14281 D wpa_supplicant: wlan0: Setting scan request: 5.000000 sec
08-21 17:00:36.072 14281 14281 D wpa_supplicant: nl80211: Drv Event 34 (NL80211_CMD_NEW_SCAN_RESULTS) received for p2p-dev-wlan0
08-21 17:00:36.072 14281 14281 D wpa_supplicant: p2p-dev-wlan0: nl80211: New scan results available
08-21 17:00:36.072 14281 14281 D wpa_supplicant: nl80211: Scan probed for SSID 'DIRECT-'
08-21 17:00:36.072 14281 14281 D wpa_supplicant: nl80211: Scan included frequencies: 2412 2437 2462
08-21 17:00:36.072 14281 14281 D wpa_supplicant: p2p-dev-wlan0: Event SCAN_RESULTS (3) received
08-21 17:00:36.072 14281 14281 D wpa_supplicant: p2p-dev-wlan0: Scan completed in 0.154227 seconds
08-21 17:00:36.073 14281 14281 D wpa_supplicant: nl80211: Received scan results (40 BSSes)
08-21 17:00:36.073 14281 14281 D wpa_supplicant: p2p-dev-wlan0: BSS: Start scan result update 994
08-21 17:00:36.073 14281 14281 D wpa_supplicant: BSS: last_scan_res_used=39/64
08-21 17:00:36.073 14281 14281 D wpa_supplicant: p2p-dev-wlan0: Radio work 'p2p-scan'@0x7f9581c2d0 done in 0.159315 seconds
08-21 17:00:36.073 14281 14281 D wpa_supplicant: P2P: Scan results received (40 BSS)
08-21 17:00:36.073 14281 14281 D wpa_supplicant: P2P: Ignore scan data without P2P Device Info or P2P Device Id
08-21 17:00:36.073 14281 14281 D wpa_supplicant: P2P: Ignore scan data without P2P Device Info or P2P Device Id
08-21 17:00:36.073 14281 14281 D wpa_supplicant: P2P: Ignore scan data without P2P Device Info or P2P Device Id
08-21 17:00:36.073 14281 14281 D wpa_supplicant: P2P: Ignore scan data without P2P Device Info or P2P Device Id
08-21 17:00:36.073 14281 14281 D wpa_supplicant: P2P: Ignore scan data without P2P Device Info or P2P Device Id
08-21 17:00:36.073 14281 14281 D wpa_supplicant: P2P: Ignore scan data without P2P Device Info or P2P Device Id
08-21 17:00:36.073 14281 14281 D wpa_supplicant: P2P: Ignore scan data without P2P Device Info or P2P Device Id
08-21 17:00:36.073 14281 14281 D wpa_supplicant: P2P: Ignore scan data without P2P Device Info or P2P Device Id
08-21 17:00:36.073 14281 14281 D wpa_supplicant: P2P: Ignore scan data without P2P Device Info or P2P Device Id
08-21 17:00:36.073 14281 14281 D wpa_supplicant: P2P: Ignore scan data without P2P Device Info or P2P Device Id
08-21 17:00:36.073 14281 14281 D wpa_supplicant: P2P: Ignore scan data without P2P Device Info or P2P Device Id
08-21 17:00:36.073 14281 14281 D wpa_supplicant: P2P: Ignore scan data without P2P Device Info or P2P Device Id
08-21 17:00:36.074 14281 14281 D wpa_supplicant: P2P: Ignore scan data without P2P Device Info or P2P Device Id
08-21 17:00:36.074 14281 14281 D wpa_supplicant: P2P: Ignore scan data without P2P Device Info or P2P Device Id
08-21 17:00:36.074 14281 14281 D wpa_supplicant: P2P: Ignore scan data without P2P Device Info or P2P Device Id
08-21 17:00:36.074 14281 14281 D wpa_supplicant: P2P: Ignore scan data without P2P Device Info or P2P Device Id
08-21 17:00:36.074 14281 14281 D wpa_supplicant: P2P: Ignore scan data without P2P Device Info or P2P Device Id
08-21 17:00:36.074 14281 14281 D wpa_supplicant: P2P: Ignore scan data without P2P Device Info or P2P Device Id
08-21 17:00:36.074 14281 14281 D wpa_supplicant: P2P: Ignore scan data without P2P Device Info or P2P Device Id
08-21 17:00:36.074 14281 14281 D wpa_supplicant: P2P: Ignore scan data without P2P Device Info or P2P Device Id
08-21 17:00:36.074 14281 14281 D wpa_supplicant: P2P: Ignore scan data without P2P Device Info or P2P Device Id
08-21 17:00:36.074 14281 14281 D wpa_supplicant: P2P: Ignore scan data without P2P Device Info or P2P Device Id
08-21 17:00:36.074 14281 14281 D wpa_supplicant: P2P: Ignore scan data without P2P Device Info or P2P Device Id
08-21 17:00:36.074 14281 14281 D wpa_supplicant: P2P: Ignore scan data without P2P Device Info or P2P Device Id
08-21 17:00:36.074 14281 14281 D wpa_supplicant: P2P: Ignore scan data without P2P Device Info or P2P Device Id
08-21 17:00:36.074 14281 14281 D wpa_supplicant: P2P: Ignore scan data without P2P Device Info or P2P Device Id
08-21 17:00:36.074 14281 14281 D wpa_supplicant: P2P: Ignore scan data without P2P Device Info or P2P Device Id
08-21 17:00:36.074 14281 14281 D wpa_supplicant: P2P: Ignore scan data without P2P Device Info or P2P Device Id
08-21 17:00:36.074 14281 14281 D wpa_supplicant: P2P: Ignore scan data without P2P Device Info or P2P Device Id
08-21 17:00:36.074 14281 14281 D wpa_supplicant: P2P: Ignore scan data without P2P Device Info or P2P Device Id
08-21 17:00:36.074 14281 14281 D wpa_supplicant: P2P: Ignore scan data without P2P Device Info or P2P Device Id
08-21 17:00:36.074 14281 14281 D wpa_supplicant: P2P: Ignore scan data without P2P Device Info or P2P Device Id
08-21 17:00:36.074 14281 14281 D wpa_supplicant: P2P: Ignore scan data without P2P Device Info or P2P Device Id
08-21 17:00:36.074 14281 14281 D wpa_supplicant: P2P: Ignore scan data without P2P Device Info or P2P Device Id
08-21 17:00:36.074 14281 14281 D wpa_supplicant: P2P: Ignore scan data without P2P Device Info or P2P Device Id
08-21 17:00:36.074 14281 14281 D wpa_supplicant: P2P: Parsing WPS IE
08-21 17:00:36.074 14281 14281 D wpa_supplicant: P2P: Config Methods (WPS): 0x108
08-21 17:00:36.074 14281 14281 D wpa_supplicant: P2P: Device Password ID: 0
08-21 17:00:36.074 14281 14281 D wpa_supplicant: P2P: Primary Device Type (WPS): 7-0050F204-1
08-21 17:00:36.074 14281 14281 D wpa_supplicant: P2P: Parsing P2P IE
08-21 17:00:36.075 14281 14281 D wpa_supplicant: P2P: Attribute 2 length 2
08-21 17:00:36.075 14281 14281 D wpa_supplicant: P2P: * Device Capability 24 Group Capability 00
08-21 17:00:36.075 14281 14281 D wpa_supplicant: P2P: Attribute 8 length 4
08-21 17:00:36.075 14281 14281 D wpa_supplicant: P2P: * Extended Listen Timing (period 50 msec  interval 100 msec)
08-21 17:00:36.075 14281 14281 D wpa_supplicant: P2P: Attribute 13 length 48
08-21 17:00:36.075 14281 14281 D wpa_supplicant: P2P: * Device Info: addr 4e:09:d4:43:0e:ee primary device type 7-0050F204-1 device name '[TV][LG]32LB580B-SA' config methods 0x188
08-21 17:00:36.075 14281 14281 D wpa_supplicant: P2P: Ignore scan data without P2P Device Info or P2P Device Id
08-21 17:00:36.075 14281 14281 D wpa_supplicant: P2P: Ignore scan data without P2P Device Info or P2P Device Id
08-21 17:00:36.075 14281 14281 D wpa_supplicant: P2P: Ignore scan data without P2P Device Info or P2P Device Id
08-21 17:00:36.075 14281 14281 D wpa_supplicant: P2P: Ignore scan data without P2P Device Info or P2P Device Id
08-21 17:00:36.075 14281 14281 D wpa_supplicant: P2P: State SEARCH -> SEARCH
08-21 17:00:36.075 14281 14281 D wpa_supplicant: wpa_driver_set_ap_wps_p2p_ie: Entry
08-21 17:00:36.075 14281 14281 D wpa_supplicant: P2P: Starting search [LGE_P2P] P2P_SCAN_FULL
08-21 17:00:36.075 14281 14281 D wpa_supplicant: WPS: Building WPS IE for Probe Request
08-21 17:00:36.075 14281 14281 D wpa_supplicant: WPS:  * Version (hardcoded 0x10)
08-21 17:00:36.075 14281 14281 D wpa_supplicant: WPS:  * Request Type
08-21 17:00:36.075 14281 14281 D wpa_supplicant: WPS:  * Config Methods (5388)
08-21 17:00:36.075 14281 14281 D wpa_supplicant: WPS:  * UUID-E
08-21 17:00:36.075 14281 14281 D wpa_supplicant: WPS:  * Primary Device Type
08-21 17:00:36.075 14281 14281 D wpa_supplicant: WPS:  * RF Bands (3)
08-21 17:00:36.075 14281 14281 D wpa_supplicant: WPS:  * Association State
08-21 17:00:36.075 14281 14281 D wpa_supplicant: WPS:  * Configuration Error (0)
08-21 17:00:36.075 14281 14281 D wpa_supplicant: WPS:  * Device Password ID (0)
08-21 17:00:36.075 14281 14281 D wpa_supplicant: WPS:  * Manufacturer
08-21 17:00:36.075 14281 14281 D wpa_supplicant: WPS:  * Model Name
08-21 17:00:36.075 14281 14281 D wpa_supplicant: WPS:  * Model Number
08-21 17:00:36.075 14281 14281 D wpa_supplicant: WPS:  * Device Name
08-21 17:00:36.075 14281 14281 D wpa_supplicant: WPS:  * Version2 (0x20)
08-21 17:00:36.075 14281 14281 D wpa_supplicant: WPS:  * Request to Enroll (1)
08-21 17:00:36.075 14281 14281 D wpa_supplicant: WFDS: Extra buffer length (0) for Scan Request
08-21 17:00:36.075 14281 14281 D wpa_supplicant: P2P: * P2P IE header
08-21 17:00:36.075 14281 14281 D wpa_supplicant: P2P: * Capability dev=25 group=00
08-21 17:00:36.075 14281 14281 D wpa_supplicant: P2P: * Listen Channel: Regulatory Class 81 Channel 11
08-21 17:00:36.075 14281 14281 D wpa_supplicant: p2p-dev-wlan0: Add radio work 'p2p-scan'@0x7f9581c2d0
08-21 17:00:36.075 14281 14281 D wpa_supplicant: p2p-dev-wlan0: First radio work item in the queue - schedule start immediately
08-21 17:00:36.075 14281 14281 D wpa_supplicant: P2P: Running p2p_scan
08-21 17:00:36.075 14281 14281 D wpa_supplicant: p2p-dev-wlan0: Starting radio work 'p2p-scan'@0x7f9581c2d0 after 0.000128 second wait
08-21 17:00:36.076 14281 14281 D wpa_supplicant: p2p-dev-wlan0: nl80211: scan request
08-21 17:00:36.076 14281 14281 D wpa_supplicant: nl80211: P2P probe - mask SuppRates
08-21 17:00:36.079 14281 14281 D wpa_supplicant: Scan requested (ret=0) - scan timeout 30 seconds
08-21 17:00:36.079 14281 14281 D wpa_supplicant: nl80211: Drv Event 33 (NL80211_CMD_TRIGGER_SCAN) received for p2p-dev-wlan0
08-21 17:00:36.079 14281 14281 D wpa_supplicant: p2p-dev-wlan0: nl80211: Scan trigger
08-21 17:00:36.079 14281 14281 D wpa_supplicant: p2p-dev-wlan0: Event SCAN_STARTED (49) received
08-21 17:00:36.079 14281 14281 D wpa_supplicant: p2p-dev-wlan0: Own scan request started a scan in 0.000168 seconds
08-21 17:00:36.079 14281 14281 I wpa_supplicant: p2p-dev-wlan0: CTRL-EVENT-SCAN-STARTED 
08-21 17:00:36.080 14281 14281 D wpa_supplicant: CTRL_IFACE monitor sent successfully to /data/misc/wifi/sockets/wpa_ctrl_4223-4\x00
08-21 17:00:36.080 14281 14281 D wpa_supplicant: CTRL_IFACE monitor sent successfully to /data/misc/wifi/sockets/wpa_ctrl_1567-5\x00
08-21 17:00:36.080  4223 14333 D P2pExtMonWorker: Event [CTRL-EVENT-SCAN-STARTED ]
08-21 17:00:36.858  1567  3233 D InputDispatcher: notifyMotion - action=ACTION_DOWN(0), id=0, x=681.000, y=730.000, tooltype=1, deviceId=4, source=0x1002, policyFlags=0x0, flags=0x0, metaState=0x0, buttonState=0x0, edgeFlags=0x0, eventTime=14388969676000, downTime=14388969676000, 
08-21 17:00:36.859  1567  3232 D InputTransport: channel '53234fc com.lge.wifisettings/com.lge.wifisettings.activity.WifiScreenSettingsActivity (server)' : action=ACTION_DOWN(0), id=0, x=681.000, y=730.000, [tooltype=1, deviceId=4, source=0x1002, flags=0x0, edgeFlags=0x0, metaState=0x0, buttonState=0x0, downTime=14388969676000, eventTime=14388969676000, pointerCount=1
08-21 17:00:36.906  1567  3233 D InputDispatcher: notifyMotion - action=ACTION_UP(0), id=0, x=681.000, y=730.000, tooltype=1, deviceId=4, source=0x1002, policyFlags=0x0, flags=0x0, metaState=0x0, buttonState=0x0, edgeFlags=0x0, eventTime=14389017787000, downTime=14388969676000, 
08-21 17:00:36.907  1567  3232 D InputTransport: channel '53234fc com.lge.wifisettings/com.lge.wifisettings.activity.WifiScreenSettingsActivity (server)' : action=ACTION_UP(0), id=0, x=681.000, y=730.000, [tooltype=1, deviceId=4, source=0x1002, flags=0x0, edgeFlags=0x0, metaState=0x0, buttonState=0x0, downTime=14388969676000, eventTime=14389017787000, pointerCount=1
08-21 17:00:36.992  1567  3268 V SoundPool: play sampleID=1, leftVolume=1.000000, rightVolume=1.000000, priority=0, loop=0, rate=1.000000
08-21 17:00:36.992  1567  3268 V SoundPool: mState = 4 mChannelID=515, mNumChannels=2, mPos = 0, mPriority=0, mLoop=0
08-21 17:00:36.992  1567  3268 V SoundPool: mState = 0 mChannelID=516, mNumChannels=2, mPos = 0, mPriority=-1, mLoop=0
08-21 17:00:36.992  1567  3268 V SoundPool: mState = 4 mChannelID=524, mNumChannels=2, mPos = 0, mPriority=0, mLoop=0
08-21 17:00:36.992  1567  3268 V SoundPool: mState = 0 mChannelID=534, mNumChannels=2, mPos = 0, mPriority=-1, mLoop=0
08-21 17:00:36.992  1567  3268 V SoundPool: Allocated recycled channel for same sampleID
08-21 17:00:36.992  1567  3268 V SoundPool: play channel 0x7f674e34d0 state = 0
08-21 17:00:36.992  1567  3268 V SoundPool: SoundChannel::play 0x7f674e34d0: sampleID=1, channelID=535, leftVolume=1.000000, rightVolume=1.000000, priority=0, loop=0, rate=1.000000
08-21 17:00:36.994  3386 21639 V APM::AudioPolicyManager: getOutput() device 2, stream 1, samplingRate 0, format 0, channelMask 3, flags 0
08-21 17:00:36.994  3386 21639 V APM::AudioPolicyManager:   getOutputForDevice() returns output 2
08-21 17:00:36.998  1567  3268 V AudioSystem: getFrameCount() output 2, frameCount 960
08-21 17:00:36.998  4064 27317 D WfdStateTracker: requestConnect : 4e:09:d4:43:0e:ee
08-21 17:00:37.004  3386 21638 V APM::AudioPolicyManager: getOutput() device 2, stream 1, samplingRate 0, format 0, channelMask 3, flags 0
08-21 17:00:37.004  3386 21638 V APM::AudioPolicyManager:   getOutputForDevice() returns output 2
08-21 17:00:37.005  1567  3268 V AudioSystem: getOutputSamplingRate() reading from output desc
08-21 17:00:37.005  1567  3268 V AudioSystem: getSamplingRate() output 2, sampling rate 48000
08-21 17:00:37.005  1567  3268 V SoundPool: reusing track 0x7f70e1d700 for sample 1
08-21 17:00:37.006  3386 24047 V APM::AudioPolicyManager: startOutput() output 2, stream 1, session 945
08-21 17:00:37.007  3386 24047 V APM::AudioPolicyManager: setBeaconMute(1) mBeaconMuteRefCount=1 mBeaconPlayingRefCount=0
08-21 17:00:37.007  3386 24047 V APM::AudioPolicyManager: getNewOutputDevice() selected device 2
08-21 17:00:37.007  3386 24047 V APM::AudioPolicyManager: setOutputDevice() device 0002 delayMs 0
08-21 17:00:37.007  3386 24047 V APM::AudioPolicyManager: setOutputDevice() prevDevice 0x0002
08-21 17:00:37.007  3386 24047 V APM::AudioPolicyManager: AudioPolicyManagerEx::getRingerMode() mRingerMode 2
08-21 17:00:37.007  3386 24047 V APM::AudioPolicyManager: AudioPolicyManagerEx::getRingerMode() mRingerMode 2
08-21 17:00:37.007  3386 24047 V APM::AudioPolicyManager: AudioPolicyManagerEx::getRingerMode() mRingerMode 2
08-21 17:00:37.007  3386 24047 V APM::AudioPolicyManager: AudioPolicyManagerEx::getRingerMode() mRingerMode 2
08-21 17:00:37.007  3386 24047 V APM::AudioPolicyManager: AudioPolicyManagerEx::getRingerMode() mRingerMode 2
08-21 17:00:37.007  3386 24047 V APM::AudioPolicyManager: setOutputDevice() changing device
08-21 17:00:37.007  3386 24047 V AudioPolicyService: AudioCommandThread() adding create patch delay 0
08-21 17:00:37.007  3386 24047 V AudioPolicyService: inserting command: 7 at index 0, num commands 0
08-21 17:00:37.007  3386  3520 V AudioPolicyService: AudioCommandThread() waking up
08-21 17:00:37.007  3386  3520 V AudioPolicyService: AudioCommandThread() processing create audio patch
08-21 17:00:37.007  3386  3520 V AudioFlinger: sendConfigEvent_l() num events 1 event 3
08-21 17:00:37.008  3386  3533 V AudioFlinger: thread 0xf1040000 type 0 TID 3533 waking up
08-21 17:00:37.009  3386  3533 V AudioFlinger: acquireWakeLock_l() AudioOut_2 status 0
08-21 17:00:37.009  3386  3533 V AudioFlinger: processConfigEvents_l() remaining events 1
08-21 17:00:37.009  3386  3533 D audio_hw_primary: out_set_parameters: enter: usecase(1: low-latency-playback) kvpairs: routing=2
08-21 17:00:37.009  3386  3533 V audio_hw_primary: out_set_parameters: exit: code(0)
08-21 17:00:37.009  3386  3533 V AudioFlinger: processConfigEvents_l() DONE thread 0xf1040000
08-21 17:00:37.009  3386  3533 V AudioFlinger: acquireWakeLock_l() AudioOut_2 status 0
08-21 17:00:37.009  3386  3520 V AudioPolicyService: AudioCommandThread() going to sleep
08-21 17:00:37.009  3386 24047 V APM::AudioPolicyManager: setOutputDevice() createAudioPatch returned 0 patchHandle 973num_sources 1 num_sinks 1
08-21 17:00:37.009  3386 24047 V AudioPolicyService: AudioCommandThread() adding update audio patch list
08-21 17:00:37.009  3386 24047 V AudioPolicyService: inserting command: 10 at index 0, num commands 0
08-21 17:00:37.010  3386 24047 V APM::AudioPolicyManager: checkAndSetVolume setParameters volume, volume=:0.180406 delay=:0
08-21 17:00:37.010  3386  3521 V AudioPolicyService: AudioCommandThread() waking up
08-21 17:00:37.010  3386 24047 V AudioPolicyService: AudioCommandThread() adding set parameter string fm_volume=0.1804062873, io 2 ,delay 0
08-21 17:00:37.010  3386  3521 V AudioPolicyService: AudioCommandThread() processing update audio patch list
08-21 17:00:37.010  3386 24047 V AudioPolicyService: inserting command: 3 at index 0, num commands 0
08-21 17:00:37.010  3386  3521 V AudioPolicyService: AudioCommandThread() going to sleep
08-21 17:00:37.010  3386  3520 V AudioPolicyService: AudioCommandThread() waking up
08-21 17:00:37.010  3386  3520 V AudioPolicyService: AudioCommandThread() processing set parameters string fm_volume=0.1804062873, io 2
08-21 17:00:37.010  3386  3520 V AudioFlinger: setParameters(): io 2, keyvalue fm_volume=0.1804062873, calling pid 3386
08-21 17:00:37.010  3386  3520 V AudioFlinger: ThreadBase::setParameters() fm_volume=0.1804062873
08-21 17:00:37.010  3386  3520 V AudioFlinger: sendConfigEvent_l() num events 1 event 2
08-21 17:00:37.011 14281 14281 D wpa_supplicant: p2p-dev-wlan0: Control interface command 'P2P_STOP_FIND'
08-21 17:00:37.011 14281 14281 D wpa_supplicant: P2P: Stopping find
08-21 17:00:37.011 14281 14281 D wpa_supplicant: P2P: Clear timeout (state=SEARCH)
08-21 17:00:37.011 14281 14281 I wpa_supplicant: P2P-FIND-STOPPED 
08-21 17:00:37.011 14281 14281 D wpa_supplicant: CTRL_IFACE monitor sent successfully to /data/misc/wifi/sockets/wpa_ctrl_4223-4\x00
08-21 17:00:37.011 14281 14281 D wpa_supplicant: CTRL_IFACE monitor sent successfully to /data/misc/wifi/sockets/wpa_ctrl_1567-5\x00
08-21 17:00:37.011 14281 14281 D wpa_supplicant: P2P: State SEARCH -> IDLE
08-21 17:00:37.011 14281 14281 D wpa_supplicant: wpa_driver_set_ap_wps_p2p_ie: Entry
08-21 17:00:37.012  4223 14333 D P2pExtMonWorker: Event [P2P-FIND-STOPPED ]
08-21 17:00:37.012 14281 14281 D wpa_supplicant: p2p-dev-wlan0: Control interface command 'P2P_PEER 4e:09:d4:43:0e:ee'
08-21 17:00:37.014 14281 14281 D wpa_supplicant: p2p-dev-wlan0: Control interface command 'P2P_PEER 4e:09:d4:43:0e:ee'
08-21 17:00:37.017 14281 14281 D wpa_supplicant: p2p-dev-wlan0: Control interface command 'P2P_PROV_DISC 4e:09:d4:43:0e:ee pbc'
08-21 17:00:37.017 14281 14281 D wpa_supplicant: P2P: Provision Discovery Request with 4e:09:d4:43:0e:ee (config methods 0x80)
08-21 17:00:37.017 14281 14281 D wpa_supplicant: P2P: * Dialog Token: 1
08-21 17:00:37.017 14281 14281 D wpa_supplicant: P2P: * P2P IE header
08-21 17:00:37.017 14281 14281 D wpa_supplicant: P2P: * Capability dev=25 group=00
08-21 17:00:37.017 14281 14281 D wpa_supplicant: P2P: * Device Info
08-21 17:00:37.017 14281 14281 D wpa_supplicant: P2P: Delay Action frame TX until p2p_scan completes
08-21 17:00:37.018  4064  4064 D WfdStateTracker: requestConnect success
08-21 17:00:37.018  4223  4223 D WfdsService: WIFI_P2P_PEERS_CHANGED_ACTION
08-21 17:00:37.021  1567  1567 E WifiServerServiceExt: No p2p device connected
08-21 17:00:37.021  3386  3533 V AudioFlinger: processConfigEvents_l() remaining events 1
08-21 17:00:37.021  3386  3533 D audio_hw_primary: out_set_parameters: enter: usecase(1: low-latency-playback) kvpairs: fm_volume=0.1804062873
08-21 17:00:37.021  3386  3533 D audio_hw_fm: audio_extn_fm_set_parameters: set_fm_volume usecase
08-21 17:00:37.021  3386  3533 D audio_hw_fm: fm_set_volume: device=2 (0.180406)
08-21 17:00:37.021  3386  3533 V audio_hw_primary: out_set_parameters: exit: code(0)
08-21 17:00:37.021  3386  3533 V AudioFlinger: processConfigEvents_l() DONE thread 0xf1040000
08-21 17:00:37.021  3386  3520 V AudioPolicyService: AudioCommandThread() going to sleep
08-21 17:00:37.021  3386 24047 V APM::AudioPolicyManager: checkAndSetVolume() cannot set stream 6 volume with force use = 0 for comm
08-21 17:00:37.021  3386 24047 V AudioFlinger: signal playback thread
08-21 17:00:37.024 31963 31980 D WifiScreenSettings: requestConnect success
08-21 17:00:37.029  1567  3268 V SoundPool: delete oldTrack 0x0
08-21 17:00:37.031  3386  3533 V AudioFlinger: acquireWakeLock_l() AudioOut_2 status 0
08-21 17:00:37.035  3386  3532 D audio_hw_primary: start_output_stream: enter: stream(0xf1b28080)usecase(1: low-latency-playback) devices(0x2)
08-21 17:00:37.035  3386  3532 E audio_hw_primary: select_devices: enter and usecase(1)
08-21 17:00:37.035  3386  3532 D msm8974_platform_lge: LGE_platform_get_output_snd_device: enter(0:2)
08-21 17:00:37.035  3386  3532 V msm8974_platform: platform_get_output_snd_device: enter: output devices(0x2)
08-21 17:00:37.035  3386  3532 V msm8974_platform: platform_get_output_snd_device: exit: snd_device(speaker)
08-21 17:00:37.035  3386  3532 V platform_apt: lge_get_output_in_mandatory_depth: enter and devices(2)
08-21 17:00:37.035  3386  3532 D msm8974_platform_lge: LGE_platform_get_output_snd_device: exit: out_snd_device(speaker)
08-21 17:00:37.035  3386  3532 D audio_hw_primary: select_devices: out_snd_device(2: speaker) in_snd_device(0: )
08-21 17:00:37.035  3386  3532 V msm8974_platform: platform_check_and_set_codec_backend_cfg usecase = 1
08-21 17:00:37.035  3386  3532 W msm8974_platform: Codec backend bitwidth 16, samplerate 48000
08-21 17:00:37.035  3386  3532 V msm8974_platform: Offload playback running bw 16 sr 48000
08-21 17:00:37.035  3386  3532 E audio_hw_primary: enable_snd_device: enter  2
08-21 17:00:37.035  3386  3532 D hardware_info: hw_info_append_hw_type : device_name = speaker
08-21 17:00:37.035  3386  3532 V audio_hw_3rdP_spkr_prot: lge_audio_3rdP_spk_prot_enable: Entry
08-21 17:00:37.046  4064  4064 I WfdStateTracker: handleP2pPeerChanged: invited
08-21 17:00:37.046  4064  4064 V WfdStateTracker: handleDirectStateChangedEvent: 3
08-21 17:00:37.046  4064  4064 D WfdStateTracker: Wfd0 State Changed from 2 to 3
08-21 17:00:37.047  4634  4634 D Leccp_1.0.23: [P2PScanner] WIFI_P2P_PEERS_CHANGED_ACTION mIsReady: false, WfdState: 2
08-21 17:00:37.052  4558  4558 D DSDPConnection: HDMICable or WFD ConnectedEvent [com.lge.systemservice.core.wfdmanager.WFD_STATE_CHANGED]
08-21 17:00:37.052  4558  4558 D DSDPConnection: [DSDP]StatusReceiver::WFD Connected: false ExternalDevice: 0
08-21 17:00:37.052  4558  4558 W DsdpExternalView: dismissDsdpPopup()
08-21 17:00:37.052  4558  4558 D DsdpStatus: setIsExternalDeviceConnected() connected : false
08-21 17:00:37.052  3599  3599 I [SystemUI]QuickSettingsHandler: Got action com.lge.systemservice.core.wfdmanager.WFD_STATE_CHANGED at null
08-21 17:00:37.063  3386  3532 V audio_hw_3rdP_spkr_prot: lge_audio_3rdP_spk_prot_enable: Exit
08-21 17:00:37.063  3386  3532 V audio_hw_primary: enable_snd_device: snd_device(2: speaker)
08-21 17:00:37.063  3386  3532 I audio_hw_primary: select_devices Selected apptype: 69937
08-21 17:00:37.063  3386  3532 V audio_hw_primary: enable_audio_route: enter: usecase(1)
08-21 17:00:37.063  3386  3532 D audio_hw_utils: audio_extn_utils_send_audio_calibration: audio_extn_utils_send_audio_calibration(0)
08-21 17:00:37.063  3386  3532 V msm8974_platform: platform_send_audio_calibration: sending audio calibration for snd_device(2) acdb_id(14)
08-21 17:00:37.063  3386  3532 D ACDB-LOADER: ACDB -> send_audio_cal, acdb_id = 14, path =  0
08-21 17:00:37.063  3386  3532 D ACDB-LOADER: ACDB -> send_asm_topology
08-21 17:00:37.063  3386  3532 D ACDB-LOADER: ACDB -> ACDB_CMD_GET_AUDPROC_STREAM_TOPOLOGY_ID
08-21 17:00:37.063  3386  3532 D ACDB-LOADER: ACDB -> send_adm_topology
08-21 17:00:37.063  3386  3532 D ACDB-LOADER: ACDB -> ACDB_CMD_GET_AUDPROC_COMMON_TOPOLOGY_ID
08-21 17:00:37.063  3386  3532 D ACDB-LOADER: ACDB -> send_audtable
08-21 17:00:37.063  3386  3532 D ACDB-LOADER: ACDB -> ACDB_CMD_GET_AUDPROC_COMMON_TABLE
08-21 17:00:37.063  3386  3532 D ACDB-LOADER: ACDB -> AUDIO_SET_AUDPROC_CAL
08-21 17:00:37.063  3386  3532 D ACDB-LOADER: ACDB -> send_audvoltable
08-21 17:00:37.063  3386  3532 D ACDB-LOADER: ACDB -> ACDB_CMD_GET_AUDPROC_GAIN_DEP_STEP_TABLE
08-21 17:00:37.063  3386  3532 D ACDB-LOADER: ACDB -> AUDIO_SET_AUDPROC_VOL_CAL
08-21 17:00:37.063  3386  3532 D ACDB-LOADER: ACDB -> send_afe_cal
08-21 17:00:37.063  3386  3532 D ACDB-LOADER: ACDB -> ACDB_CMD_GET_AFE_COMMON_TABLE
08-21 17:00:37.063  3386  3532 D ACDB-LOADER: ACDB -> AUDIO_SET_AFE_CAL
08-21 17:00:37.063  3386  3532 D ACDB-LOADER: ACDB -> send_hw_delay : acdb_id = 14 path = 0
08-21 17:00:37.063  3386  3532 D ACDB-LOADER: ACDB -> ACDB_AVSYNC_INFO: ACDB_CMD_GET_DEVICE_PROPERTY
08-21 17:00:37.064  4634  4634 D Leccp_1.0.23: [MiracastHandler] onReceive WFD_STATE_CHANGED_ACTION WfdStatus: 2 --> 3
08-21 17:00:37.064  3386  3532 I audio_hw_utils: audio_extn_utils_send_app_type_cfg app_type 69937, acdb_dev_id 14, sample_rate 48000
08-21 17:00:37.064  3386  3532 V msm8974_platform_lge: LGE_platform_add_backend_name: enter: 2
08-21 17:00:37.064  3386  3532 V audio_hw_primary: enable_audio_route: apply mixer and update path: low-latency-playback quat-mi2s-speaker
08-21 17:00:37.065  3599  3599 I [SystemUI]MiracastHandler: updateButton(), state = 1
08-21 17:00:37.065  3599  3599 D [SystemUI]QuickSettingsButton: Button = Miracast ==> new status = 1, curStatus = 1
08-21 17:00:37.065  3599  3599 D [SystemUI]QuickSettingsHandler: Miracast :Miracast ligado.
08-21 17:00:37.066  3386  3532 V audio_hw_primary: enable_audio_route: exit
08-21 17:00:37.066  3386  3532 D audio_hw_primary: select_devices: done
08-21 17:00:37.066  3386  3532 V audio_hw_primary: start_output_stream: Opening PCM device card_id(0) device_id(15) format(0)
08-21 17:00:37.066  4634  4732 D Leccp_1.0.23: [MiracastHandler] onUpdatedP2pDevice name: [TV][LG]32LB580B-SA, status: 1
08-21 17:00:37.067  4634  4732 D Leccp_1.0.23: [MiracastHandler] updateDevice deviceName: [TV][LG]32LB580B-SA --> [TV][LG]32LB580B-SA, status: 3 --> 1
08-21 17:00:37.067  4634  4732 D Leccp_1.0.23: [MiracastHandler] checkDeviceState state: CONNECTING
08-21 17:00:37.067  4634  4732 D Leccp_1.0.23: [MiracastHandler] updateDevice external miracast state: CONNECTING
08-21 17:00:37.067  4634  4732 D Leccp_1.0.23: [MiracastHandler] updateDeviceState mac_addr: 4e:09:d4:43:0e:ee, connState: AVAILABLE --> CONNECTING, detailState: UNKNOWN --> UNKNOWN
08-21 17:00:37.067  4634  4732 D Leccp_1.0.23: [MiracastHandler] convertMiracastToLeccpDevice device: [TV][LG]32LB580B-SA
08-21 17:00:37.067  4634  4732 D Leccp_1.0.23: [ModuleListener_MIRA] onUpdatedDeviceState device: 4_4e:09:d4:43:0e:ee
08-21 17:00:37.067  4634  4744 D Leccp_1.0.23: [CardController] onUpdatedDeviceState module: MIRACAST, device: 4_4e:09:d4:43:0e:ee, connectionState: CONNECTING, detailState: UNKNOWN, networkType: 3
08-21 17:00:37.067  4634  4744 D Leccp_1.0.23: [CardManager] updatedDeviceState module: MIRACAST, leccpDevice: 4_4e:09:d4:43:0e:ee, connectionState: CONNECTING, detailState: UNKNOWN
08-21 17:00:37.067  4634  4744 D Leccp_1.0.23: [CardManager] checkUpdateCard module: MIRACAST, leccpDevice: 4_4e:09:d4:43:0e:ee
08-21 17:00:37.067  4634  4744 D Leccp_1.0.23: [CardController] onCardUpdated card: 4_4e:09:d4:43:0e:ee, name: [TV][LG]32LB580B-SA
08-21 17:00:37.068  4634  4740 D Leccp_1.0.23: [LeccpService] onCardUpdated card: 4_4e:09:d4:43:0e:ee
08-21 17:00:37.069  3386  3532 V msm8974_platform: platform_set_channel_map channel_count:2
08-21 17:00:37.069  3386  3532 D msm8974_platform: platform_set_channel_map mixer_ctl_name:Playback Channel Map15
08-21 17:00:37.070  3386  3532 D msm8974_platform: platform_set_channel_map: set mapping(1 2 0 0 0 0 0 0) for channel:2
08-21 17:00:37.070  3386  3532 V audio_hw_primary: start_output_stream: exit
08-21 17:00:37.071 31963 31963 V WifiScreenEnabler: handleScreenStateChanged: 3 set: true enabled: true
08-21 17:00:37.080 31963 31963 D WifiScreenSettings: handleScreenStateChanged == 3
08-21 17:00:37.085  4064  4064 W WfdStateTracker: discoverWfdPeers fail, reason: 2
08-21 17:00:37.088 31963  2407 D WifiScreenSettings: discoverWfdPeers failed: 2
08-21 17:00:37.174  1567   913 V SoundPool: process 0x7f674e34d0 channel 535 event BUFFER_END
08-21 17:00:37.175  1567  3920 V SoundPool: awake
08-21 17:00:37.175  1567  3920 V SoundPool: Getting channel from stop list
08-21 17:00:37.175  1567  3920 V SoundPool: stop
08-21 17:00:37.176  1567  3920 V SoundPool: done_l(535)
08-21 17:00:37.176  1567  3920 V SoundPool: move to front
08-21 17:00:37.209  3386  3533 V audio_hw_primary: out_get_latency: Latency 10
08-21 17:00:37.232  3386  3533 V audio_hw_primary: out_get_latency: Latency 10
08-21 17:00:37.239  3386  3533 V AudioFlinger: removeTracks_l removing track on session 945
08-21 17:00:37.239  3386  3533 V AudioFlinger: acquireWakeLock_l() AudioOut_2 status 0
08-21 17:00:37.249  3386  3533 V AudioPolicyService: AudioCommandThread() adding stop output 2
08-21 17:00:37.249  3386  3533 V AudioPolicyService: inserting command: 5 at index 0, num commands 0
08-21 17:00:37.250  3386  3521 V AudioPolicyService: AudioCommandThread() waking up
08-21 17:00:37.250  3386  3521 V AudioPolicyService: AudioCommandThread() processing stop output 2
08-21 17:00:37.250  3386  3521 V APM::AudioPolicyManager: stopOutput() output 2, stream 1, session 945
08-21 17:00:37.250  3386  3521 V APM::AudioPolicyManager: setBeaconMute(1) mBeaconMuteRefCount=0 mBeaconPlayingRefCount=0
08-21 17:00:37.250  3386  3521 V APM::AudioPolicyManager: getNewOutputDevice() selected device 0
08-21 17:00:37.250  3386  3521 V APM::AudioPolicyManager: setOutputDevice() device 0000 delayMs 100
08-21 17:00:37.250  3386  3521 V APM::AudioPolicyManager: setOutputDevice() prevDevice 0x0002
08-21 17:00:37.250  3386  3521 V APM::AudioPolicyManager: AudioPolicyManagerEx::getRingerMode() mRingerMode 2
08-21 17:00:37.250  3386  3521 V APM::AudioPolicyManager: AudioPolicyManagerEx::getRingerMode() mRingerMode 2
08-21 17:00:37.250  3386  3521 V APM::AudioPolicyManager: AudioPolicyManagerEx::getRingerMode() mRingerMode 2
08-21 17:00:37.250  3386  3521 V APM::AudioPolicyManager: AudioPolicyManagerEx::getRingerMode() mRingerMode 2
08-21 17:00:37.250  3386  3521 V APM::AudioPolicyManager: AudioPolicyManagerEx::getRingerMode() mRingerMode 2
08-21 17:00:37.250  3386  3521 V APM::AudioPolicyManager: setOutputDevice() setting same device 0x0000 or null device
08-21 17:00:37.250  3386  3521 V AudioPolicyService: AudioCommandThread() going to sleep
08-21 17:00:38.123 14281 14281 D wpa_supplicant: nl80211: Drv Event 34 (NL80211_CMD_NEW_SCAN_RESULTS) received for p2p-dev-wlan0
08-21 17:00:38.123 14281 14281 D wpa_supplicant: p2p-dev-wlan0: nl80211: New scan results available
08-21 17:00:38.124 14281 14281 D wpa_supplicant: nl80211: Scan probed for SSID 'DIRECT-'
08-21 17:00:38.124 14281 14281 D wpa_supplicant: nl80211: Scan included frequencies: 2412 2417 2422 2427 2432 2437 2442 2447 2452 2457 2462 2467 2472 5180 5200 5220 5240 5260 5280 5300 5320 5500 5520 5540 5560 5580 5600 5620 5640 5660 5680 5700 5720 5745 5765 5785 5805 5825
08-21 17:00:38.124 14281 14281 D wpa_supplicant: p2p-dev-wlan0: Event SCAN_RESULTS (3) received
08-21 17:00:38.124 14281 14281 D wpa_supplicant: p2p-dev-wlan0: Scan completed in 2.044439 seconds
08-21 17:00:38.125 14281 14281 D wpa_supplicant: nl80211: Received scan results (1 BSSes)
08-21 17:00:38.125 14281 14281 D wpa_supplicant: p2p-dev-wlan0: BSS: Start scan result update 995
08-21 17:00:38.125 14281 14281 D wpa_supplicant: BSS: last_scan_res_used=0/64
08-21 17:00:38.126 14281 14281 D wpa_supplicant: p2p-dev-wlan0: Radio work 'p2p-scan'@0x7f9581c2d0 done in 2.050007 seconds
08-21 17:00:38.126 14281 14281 D wpa_supplicant: P2P: Scan results received (1 BSS)
08-21 17:00:38.126 14281 14281 D wpa_supplicant: P2P: Parsing WPS IE
08-21 17:00:38.126 14281 14281 D wpa_supplicant: P2P: Config Methods (WPS): 0x108
08-21 17:00:38.126 14281 14281 D wpa_supplicant: P2P: Device Password ID: 0
08-21 17:00:38.126 14281 14281 D wpa_supplicant: P2P: Primary Device Type (WPS): 7-0050F204-1
08-21 17:00:38.126 14281 14281 D wpa_supplicant: P2P: Parsing P2P IE
08-21 17:00:38.126 14281 14281 D wpa_supplicant: P2P: Attribute 2 length 2
08-21 17:00:38.126 14281 14281 D wpa_supplicant: P2P: * Device Capability 24 Group Capability 00
08-21 17:00:38.126 14281 14281 D wpa_supplicant: P2P: Attribute 8 length 4
08-21 17:00:38.126 14281 14281 D wpa_supplicant: P2P: * Extended Listen Timing (period 50 msec  interval 100 msec)
08-21 17:00:38.126 14281 14281 D wpa_supplicant: P2P: Attribute 13 length 48
08-21 17:00:38.126 14281 14281 D wpa_supplicant: P2P: * Device Info: addr 4e:09:d4:43:0e:ee primary device type 7-0050F204-1 device name '[TV][LG]32LB580B-SA' config methods 0x188
08-21 17:00:38.126 14281 14281 D wpa_supplicant: P2P: Send pending Action frame at p2p_scan completion
08-21 17:00:38.127 14281 14281 D wpa_supplicant: P2P: Schedule new radio work for Action frame TX (listen_freq=-1 send_freq=-1)
08-21 17:00:38.128 14281 14281 D wpa_supplicant: p2p-dev-wlan0: Add radio work 'p2p-send-action'@0x7f9581c2d0
08-21 17:00:38.128 14281 14281 D wpa_supplicant: p2p-dev-wlan0: First radio work item in the queue - schedule start immediately
08-21 17:00:38.129 14281 14281 D wpa_supplicant: p2p-dev-wlan0: Starting radio work 'p2p-send-action'@0x7f9581c2d0 after 0.000240 second wait
08-21 17:00:38.129 14281 14281 D wpa_supplicant: Off-channel: Send action frame: freq=2462 dst=4e:09:d4:43:0e:ee src=02:90:4c:d4:02:ca bssid=4e:09:d4:43:0e:ee len=76
08-21 17:00:38.129 14281 14281 D wpa_supplicant: nl80211: Send Action frame (ifindex=0, freq=2462 MHz wait=200 ms no_cck=1)
08-21 17:00:38.365 14281 14281 D wpa_supplicant: nl80211: Drv Event 60 (NL80211_CMD_FRAME_TX_STATUS) received for p2p-dev-wlan0
08-21 17:00:38.366 14281 14281 D wpa_supplicant: nl80211: Frame TX status event
08-21 17:00:38.366 14281 14281 D wpa_supplicant: nl80211: Action TX status: cookie=052 (match) (ack=1)
08-21 17:00:38.366 14281 14281 D wpa_supplicant: p2p-dev-wlan0: Event TX_STATUS (18) received
08-21 17:00:38.366 14281 14281 D wpa_supplicant: p2p-dev-wlan0: EVENT_TX_STATUS dst=4e:09:d4:43:0e:ee type=0 stype=13
08-21 17:00:38.366 14281 14281 D wpa_supplicant: Off-channel: Delete matching pending action frame
08-21 17:00:38.366 14281 14281 D wpa_supplicant: Off-channel: TX status result=0 cb=0x558d351030
08-21 17:00:38.366 14281 14281 D wpa_supplicant: P2P: Action frame TX callback (state=6 freq=2462 dst=4e:09:d4:43:0e:ee src=02:90:4c:d4:02:ca bssid=4e:09:d4:43:0e:ee result=0
08-21 17:00:38.366 14281 14281 D wpa_supplicant: P2P: Provision Discovery Request TX callback: success=1
08-21 17:00:38.366 14281 14281 D wpa_supplicant: Maximum Time that waiting the provision discovery response: 200000
08-21 17:00:38.366 14281 14281 D wpa_supplicant: P2P: Set timeout (state=IDLE): 0.200000 sec
08-21 17:00:38.366 14281 14281 D wpa_supplicant: nl80211: BSS Event 59 (NL80211_CMD_FRAME) received for p2p-dev-wlan0
08-21 17:00:38.366 14281 14281 D wpa_supplicant: nl80211: RX frame sa=4e:09:d4:43:0e:ee freq=2462 ssi_signal=0 stype=13 (WLAN_FC_STYPE_ACTION) len=59
08-21 17:00:38.366 14281 14281 D wpa_supplicant: p2p-dev-wlan0: Event RX_MGMT (20) received
08-21 17:00:38.367 14281 14281 D wpa_supplicant: p2p-dev-wlan0: Received Action frame: SA=4e:09:d4:43:0e:ee Category=4 DataLen=34 freq=2462 MHz
08-21 17:00:38.367 14281 14281 D wpa_supplicant: P2P: RX P2P Public Action from 4e:09:d4:43:0e:ee
08-21 17:00:38.367 14281 14281 D wpa_supplicant: P2P: Parsing the received message
08-21 17:00:38.367 14281 14281 D wpa_supplicant: P2P: * Dialog Token: 1
08-21 17:00:38.367 14281 14281 D wpa_supplicant: P2P: Parsing WPS IE
08-21 17:00:38.367 14281 14281 D wpa_supplicant: P2P: Config Methods (WPS): 0x80
08-21 17:00:38.367 14281 14281 D wpa_supplicant: P2P: Received Provision Discovery Response from 4e:09:d4:43:0e:ee with config methods 0x80
08-21 17:00:38.367 14281 14281 D wpa_supplicant: p2p-dev-wlan0: Radio work 'p2p-send-action'@0x7f9581c2d0 done in 0.238318 seconds
08-21 17:00:38.367 14281 14281 D wpa_supplicant: Off-channel: Action frame sequence done notification
08-21 17:00:38.367 14281 14281 D wpa_supplicant: nl80211: Cancel TX frame wait: cookie=0x52
08-21 17:00:38.367 14281 14281 I wpa_supplicant: P2P-PROV-DISC-PBC-RESP 4e:09:d4:43:0e:ee
08-21 17:00:38.367 14281 14281 D wpa_supplicant: CTRL_IFACE monitor sent successfully to /data/misc/wifi/sockets/wpa_ctrl_4223-4\x00
08-21 17:00:38.367 14281 14281 D wpa_supplicant: CTRL_IFACE monitor sent successfully to /data/misc/wifi/sockets/wpa_ctrl_1567-5\x00
08-21 17:00:38.368  4223 14333 D P2pExtMonWorker: Event [P2P-PROV-DISC-PBC-RESP 4e:09:d4:43:0e:ee]
08-21 17:00:38.372 14281 14281 D wpa_supplicant: p2p-dev-wlan0: Control interface command 'P2P_PEER 4e:09:d4:43:0e:ee'
08-21 17:00:38.373 14281 14281 D wpa_supplicant: p2p-dev-wlan0: Control interface command 'P2P_CONNECT 4e:09:d4:43:0e:ee pbc persistent go_intent=2 '
08-21 17:00:38.373 14281 14281 D wpa_supplicant: p2p-dev-wlan0: Determining shared radio frequencies (max len 2)
08-21 17:00:38.373 14281 14281 D wpa_supplicant: p2p-dev-wlan0: Shared frequencies (len=0): completed iteration
08-21 17:00:38.373 14281 14281 D wpa_supplicant: p2p-dev-wlan0: Shared frequencies (len=0): valid for P2P
08-21 17:00:38.374 14281 14281 D wpa_supplicant: p2p-dev-wlan0: Determining shared radio frequencies (max len 2)
08-21 17:00:38.374 14281 14281 D wpa_supplicant: p2p-dev-wlan0: Shared frequencies (len=0): completed iteration
08-21 17:00:38.374 14281 14281 D wpa_supplicant: p2p-dev-wlan0: P2P: num_unused_channels: 2
08-21 17:00:38.374 14281 14281 D wpa_supplicant: P2P: Setup freqs: freq=0 num_MCC=2 shared_freqs=0 num_unused=2
08-21 17:00:38.374 14281 14281 D wpa_supplicant: P2P: Current operating channels are not available for P2P. Try to use another channel
08-21 17:00:38.374 14281 14281 D wpa_supplicant: [LGE_P2P] check_2_4_best 0MHz threshold:8
08-21 17:00:38.374 14281 14281 I wpa_supplicant: P2P: [LGE_PATCH_P2P] Skip p2p_set_own_freq_preference because own_freq 0 is not best for disabe UNII 1n2
08-21 17:00:38.374  4223 14333 D P2pExtMonWorker: Event [P2P: [LGE_PATCH_P2P] Skip p2p_set_own_freq_preference because own_freq 0 is not best for disabe UNII 1n2]
08-21 17:00:38.374 14281 14281 D wpa_supplicant: CTRL_IFACE monitor sent successfully to /data/misc/wifi/sockets/wpa_ctrl_4223-4\x00
08-21 17:00:38.374 14281 14281 D wpa_supplicant: CTRL_IFACE monitor sent successfully to /data/misc/wifi/sockets/wpa_ctrl_1567-5\x00
08-21 17:00:38.374 14281 14281 D wpa_supplicant: P2P: Own frequency preference: 0 MHz
08-21 17:00:38.374 14281 14281 D wpa_supplicant: P2P: Create a new interface p2p-wlan0-0 for the group
08-21 17:00:38.375 14281 14281 D wpa_supplicant: nl80211: Create interface iftype 8 (P2P_CLIENT)
08-21 17:00:38.394 14281 14281 D wpa_supplicant: nl80211: New interface p2p-wlan0-0 created: ifindex=31
08-21 17:00:38.394 14281 14281 D wpa_supplicant: nl80211: Set TX rates failed: ret=-95 (Operation not supported on transport endpoint)
08-21 17:00:38.394 14281 14281 D wpa_supplicant: P2P: Created pending virtual interface p2p-wlan0-0 addr 02:90:4c:d4:82:ca
08-21 17:00:38.394 14281 14281 D wpa_supplicant: P2P: Request to start group negotiation - peer=4e:09:d4:43:0e:ee  GO Intent=2  Intended Interface Address=02:90:4c:d4:82:ca wps_method=3 persistent_group=2 pd_before_go_neg=0 oob_pw_id=0
08-21 17:00:38.394 14281 14281 D wpa_supplicant: P2P: Prepare channel - force_freq=0 pref_freq=0 go=0
08-21 17:00:38.394 14281 14281 I wpa_supplicant: [LGE_PATCH_P2P] Skip p2p_prepare_channel_pref because pref_freq 0 is not supported for p2p
08-21 17:00:38.394 14281 14281 I wpa_supplicant: [LGE_PATCH_P2P] prepare channel op_classes change for go UNII
08-21 17:00:38.394 14281 14281 D wpa_supplicant: P2P: Prepare channel best
08-21 17:00:38.396 14281 14281 D wpa_supplicant: P2P: Select possible 5 GHz channel (op_class 124 channel 149) as operating channel preference
08-21 17:00:38.396 14281 14281 D wpa_supplicant: [LTE_COEX]LGE_get_ltecoex_freq_range() len_prop:0 str_ltefreq:
08-21 17:00:38.396 14281 14281 D wpa_supplicant: P2P: prepared channels: 81:1,2,3,4,5,6,7,8,9,10,11,12,13 115:36,40,44,48 124:149,153,157,161
08-21 17:00:38.396 14281 14281 D wpa_supplicant: P2P: after go/cli filter/add: 81:1,2,3,4,5,6,7,8,9,10,11,12,13 115:36,40,44,48 124:149,153,157,161
08-21 17:00:38.397 14281 14281 D wpa_supplicant: P2P: Own preference for operation channel: Operating Class 124 Channel 149
08-21 17:00:38.397 14281 14281 D wpa_supplicant: P2P: * Dialog Token: 2
08-21 17:00:38.397 14281 14281 D wpa_supplicant: P2P: * P2P IE header
08-21 17:00:38.397 14281 14281 D wpa_supplicant: P2P: * Capability dev=25 group=2a
08-21 17:00:38.397 14281 14281 D wpa_supplicant: P2P: * GO Intent: Intent 2 Tie breaker 0
08-21 17:00:38.397 14281 14281 D wpa_supplicant: P2P: * Configuration Timeout: GO 100 (*10ms)  client 20 (*10ms)
08-21 17:00:38.397 14281 14281 D wpa_supplicant: P2P: * Listen Channel: Regulatory Class 81 Channel 11
08-21 17:00:38.397 14281 14281 D wpa_supplicant: P2P: * Intended P2P Interface Address 02:90:4c:d4:82:ca
08-21 17:00:38.397 14281 14281 D wpa_supplicant: P2P: * Channel List - hexdump(len=30): 42 52 04 51 0d 01 02 03 04 05 06 07 08 09 0a 0b 0c 0d 73 04 24 28 2c 30 7c 04 95 99 9d a1
08-21 17:00:38.397 14281 14281 D wpa_supplicant: P2P: * Device Info
08-21 17:00:38.397 14281 14281 D wpa_supplicant: P2P: * Operating Channel: Regulatory Class 124 Channel 149
08-21 17:00:38.397 14281 14281 D wpa_supplicant: WPS:  * Version (hardcoded 0x10)
08-21 17:00:38.397 14281 14281 D wpa_supplicant: P2P: WPS IE Device Password ID: 4
08-21 17:00:38.397 14281 14281 D wpa_supplicant: WPS:  * Version2 (0x20)
08-21 17:00:38.397 14281 14281 D wpa_supplicant: P2P: Sending GO Negotiation Request
08-21 17:00:38.397 14281 14281 D wpa_supplicant: P2P: State IDLE -> CONNECT
08-21 17:00:38.397 14281 14281 D wpa_supplicant: P2P: Schedule new radio work for Action frame TX (listen_freq=-1 send_freq=-1)
08-21 17:00:38.397 14281 14281 D wpa_supplicant: p2p-dev-wlan0: Add radio work 'p2p-send-action'@0x7f9581c1e0
08-21 17:00:38.397 14281 14281 D wpa_supplicant: p2p-dev-wlan0: First radio work item in the queue - schedule start immediately
08-21 17:00:38.398 14281 14281 D wpa_supplicant: p2p-dev-wlan0: Starting radio work 'p2p-send-action'@0x7f9581c1e0 after 0.000774 second wait
08-21 17:00:38.398 14281 14281 D wpa_supplicant: Off-channel: Send action frame: freq=2462 dst=4e:09:d4:43:0e:ee src=02:90:4c:d4:02:ca bssid=4e:09:d4:43:0e:ee len=158
08-21 17:00:38.398 14281 14281 D wpa_supplicant: nl80211: Send Action frame (ifindex=0, freq=2462 MHz wait=500 ms no_cck=1)
08-21 17:00:38.445 14281 14281 D wpa_supplicant: nl80211: Ignore RTM_NEWLINK event for foreign ifindex 31
08-21 17:00:38.445 14281 14281 D wpa_supplicant: nl80211: Drv Event 60 (NL80211_CMD_FRAME_TX_STATUS) received for p2p-dev-wlan0
08-21 17:00:38.445 14281 14281 D wpa_supplicant: nl80211: Frame TX status event
08-21 17:00:38.445 14281 14281 D wpa_supplicant: nl80211: Action TX status: cookie=053 (match) (ack=1)
08-21 17:00:38.445 14281 14281 D wpa_supplicant: p2p-dev-wlan0: Event TX_STATUS (18) received
08-21 17:00:38.445 14281 14281 D wpa_supplicant: p2p-dev-wlan0: EVENT_TX_STATUS dst=4e:09:d4:43:0e:ee type=0 stype=13
08-21 17:00:38.445 14281 14281 D wpa_supplicant: Off-channel: Delete matching pending action frame
08-21 17:00:38.445 14281 14281 D wpa_supplicant: Off-channel: TX status result=0 cb=0x558d351030
08-21 17:00:38.445 14281 14281 D wpa_supplicant: P2P: Action frame TX callback (state=1 freq=2462 dst=4e:09:d4:43:0e:ee src=02:90:4c:d4:02:ca bssid=4e:09:d4:43:0e:ee result=0
08-21 17:00:38.445 14281 14281 D wpa_supplicant: P2P: GO Negotiation Request TX callback: success=1
08-21 17:00:38.445 14281 14281 D wpa_supplicant: P2P: State CONNECT -> CONNECT
08-21 17:00:38.445 14281 14281 D wpa_supplicant: P2P: Set timeout (state=CONNECT): 0.500000 sec
08-21 17:00:38.445 14281 14281 D wpa_supplicant: nl80211: BSS Event 59 (NL80211_CMD_FRAME) received for p2p-dev-wlan0
08-21 17:00:38.445 14281 14281 D wpa_supplicant: nl80211: RX frame sa=4e:09:d4:43:0e:ee freq=2462 ssi_signal=0 stype=13 (WLAN_FC_STYPE_ACTION) len=162
08-21 17:00:38.445 14281 14281 D wpa_supplicant: p2p-dev-wlan0: Event RX_MGMT (20) received
08-21 17:00:38.446 14281 14281 D wpa_supplicant: p2p-dev-wlan0: Received Action frame: SA=4e:09:d4:43:0e:ee Category=4 DataLen=137 freq=2462 MHz
08-21 17:00:38.446 14281 14281 D wpa_supplicant: P2P: RX P2P Public Action from 4e:09:d4:43:0e:ee
08-21 17:00:38.446 14281 14281 D wpa_supplicant: P2P: Received GO Negotiation Response from 4e:09:d4:43:0e:ee (freq=2462)
08-21 17:00:38.446 14281 14281 D wpa_supplicant: P2P: Parsing the received message
08-21 17:00:38.446 14281 14281 D wpa_supplicant: P2P: * Dialog Token: 2
08-21 17:00:38.446 14281 14281 D wpa_supplicant: P2P: Parsing WPS IE
08-21 17:00:38.446 14281 14281 D wpa_supplicant: P2P: Device Password ID: 4
08-21 17:00:38.446 14281 14281 D wpa_supplicant: P2P: Parsing P2P IE
08-21 17:00:38.446 14281 14281 D wpa_supplicant: P2P: Attribute 0 length 1
08-21 17:00:38.446 14281 14281 D wpa_supplicant: P2P: * Status: 1
08-21 17:00:38.446 14281 14281 D wpa_supplicant: P2P: Attribute 2 length 2
08-21 17:00:38.446 14281 14281 D wpa_supplicant: P2P: * Device Capability 24 Group Capability 00
08-21 17:00:38.446 14281 14281 D wpa_supplicant: P2P: Attribute 4 length 1
08-21 17:00:38.446 14281 14281 D wpa_supplicant: P2P: * GO Intent: Intent 8 Tie breaker 1
08-21 17:00:38.446 14281 14281 D wpa_supplicant: P2P: Attribute 5 length 2
08-21 17:00:38.446 14281 14281 D wpa_supplicant: P2P: * Configuration Timeout
08-21 17:00:38.446 14281 14281 D wpa_supplicant: P2P: Attribute 17 length 5
08-21 17:00:38.446 14281 14281 D wpa_supplicant: P2P: * Operating Channel: Country BR(0x04) Regulatory Class 116 Channel Number 36
08-21 17:00:38.446 14281 14281 D wpa_supplicant: P2P: Attribute 9 length 6
08-21 17:00:38.446 14281 14281 D wpa_supplicant: P2P: * Intended P2P Interface Address: 4e:09:d4:43:8e:ee
08-21 17:00:38.446 14281 14281 D wpa_supplicant: P2P: Attribute 11 length 3
08-21 17:00:38.446 14281 14281 D wpa_supplicant: P2P: * Channel List: Country String 'BR(0x04)'
08-21 17:00:38.446 14281 14281 D wpa_supplicant: P2P: Attribute 13 length 48
08-21 17:00:38.446 14281 14281 D wpa_supplicant: P2P: * Device Info: addr 4e:09:d4:43:0e:ee primary device type 7-0050F204-1 device name '[TV][LG]32LB580B-SA' config methods 0x188
08-21 17:00:38.446 14281 14281 D wpa_supplicant: P2P: GO Negotiation rejected: status 1
08-21 17:00:38.446 14281 14281 D wpa_supplicant: P2P: Wait for the peer to become ready for GO Negotiation
08-21 17:00:38.446 14281 14281 D wpa_supplicant: P2P: State CONNECT -> WAIT_PEER_IDLE
08-21 17:00:38.446 14281 14281 D wpa_supplicant: P2P: Set timeout (state=WAIT_PEER_IDLE): 0.000000 sec
08-21 17:00:38.446 14281 14281 D wpa_supplicant: p2p-dev-wlan0: Radio work 'p2p-send-action'@0x7f9581c1e0 done in 0.048413 seconds
08-21 17:00:38.446 14281 14281 D wpa_supplicant: Off-channel: Action frame sequence done notification
08-21 17:00:38.446 14281 14281 D wpa_supplicant: nl80211: Cancel TX frame wait: cookie=0x53
08-21 17:00:38.446 14281 14281 D wpa_supplicant: P2P: Timeout (state=WAIT_PEER_IDLE)
08-21 17:00:38.446 14281 14281 D wpa_supplicant: P2P: Go to Listen state while waiting for the peer to become ready for GO Negotiation
08-21 17:00:38.446 14281 14281 D wpa_supplicant: P2P: State WAIT_PEER_IDLE -> WAIT_PEER_CONNECT
08-21 17:00:38.446 14281 14281 D wpa_supplicant: P2P: Starting short listen state (state=WAIT_PEER_CONNECT)
08-21 17:00:38.448 14281 14281 D wpa_supplicant: WFDS: Extra buffer length (0) for Scan Response
08-21 17:00:38.448 14281 14281 D wpa_supplicant: WPS:  * Version (hardcoded 0x10)
08-21 17:00:38.448 14281 14281 D wpa_supplicant: P2P: WPS IE Device Password ID: 4
08-21 17:00:38.448 14281 14281 D wpa_supplicant: WPS:  * UUID-E
08-21 17:00:38.448 14281 14281 D wpa_supplicant: WPS:  * Version2 (0x20)
08-21 17:00:38.448 14281 14281 D wpa_supplicant: P2P: * P2P IE header
08-21 17:00:38.448 14281 14281 D wpa_supplicant: P2P: * Capability dev=25 group=00
08-21 17:00:38.448 14281 14281 D wpa_supplicant: P2P: * Device Info
08-21 17:00:38.448 14281 14281 D wpa_supplicant: p2p-dev-wlan0: Add radio work 'p2p-listen'@0x7f9581c2d0
08-21 17:00:38.448 14281 14281 D wpa_supplicant: p2p-dev-wlan0: First radio work item in the queue - schedule start immediately
08-21 17:00:38.448 14281 14281 D wpa_supplicant: p2p-dev-wlan0: Starting radio work 'p2p-listen'@0x7f9581c2d0 after 0.000064 second wait
08-21 17:00:38.448 14281 14281 D wpa_supplicant: wpa_driver_set_ap_wps_p2p_ie: Entry
08-21 17:00:38.448 14281 14281 D wpa_supplicant: nl80211: Enable Probe Request reporting nl_preq=0x7f95821cc0
08-21 17:00:38.448 14281 14281 D wpa_supplicant: nl80211: Register frame type=0x40 (WLAN_FC_STYPE_PROBE_REQ) nl_handle=0x7f95821cc0 match=
08-21 17:00:38.451 14281 14281 D wpa_supplicant: nl80211: Remain-on-channel cookie 0x34c for freq=2462 MHz duration=307
08-21 17:00:38.451 14281 14281 D wpa_supplicant: nl80211: Drv Event 55 (NL80211_CMD_REMAIN_ON_CHANNEL) received for p2p-dev-wlan0
08-21 17:00:38.451 14281 14281 D wpa_supplicant: nl80211: Remain-on-channel event (cancel=0 freq=2462 channel_type=0 duration=307 cookie=0x34c (match))
08-21 17:00:38.451 14281 14281 D wpa_supplicant: p2p-dev-wlan0: Event REMAIN_ON_CHANNEL (21) received
08-21 17:00:38.451 14281 14281 D wpa_supplicant: Off-channel: Send Action callback (without_roc=0 pending_action_tx=0x0 pending_action_tx_done=1)
08-21 17:00:38.451 14281 14281 D wpa_supplicant: P2P: Starting Listen timeout(0,307200) on freq=2462 based on callback
08-21 17:00:38.451 14281 14281 D wpa_supplicant: P2P: Set timeout (state=WAIT_PEER_CONNECT): 0.327200 sec
08-21 17:00:38.773 14281 14281 D wpa_supplicant: nl80211: Drv Event 56 (NL80211_CMD_CANCEL_REMAIN_ON_CHANNEL) received for p2p-dev-wlan0
08-21 17:00:38.773 14281 14281 D wpa_supplicant: nl80211: Remain-on-channel event (cancel=1 freq=2462 channel_type=0 duration=0 cookie=0x34c (match))
08-21 17:00:38.773 14281 14281 D wpa_supplicant: p2p-dev-wlan0: Event CANCEL_REMAIN_ON_CHANNEL (22) received
08-21 17:00:38.773 14281 14281 D wpa_supplicant: P2P: Cancel remain-on-channel callback (p2p_long_listen=0 ms pending_action_tx=0x0)
08-21 17:00:38.774 14281 14281 D wpa_supplicant: p2p-dev-wlan0: Radio work 'p2p-listen'@0x7f9581c2d0 done in 0.325346 seconds
08-21 17:00:38.774 14281 14281 D wpa_supplicant: P2P: Driver ended Listen state (freq=2462)
08-21 17:00:38.774 14281 14281 D wpa_supplicant: P2P: Skip stop_listen since not in listen_only state.
08-21 17:00:38.779 14281 14281 D wpa_supplicant: P2P: Timeout (state=WAIT_PEER_CONNECT)
08-21 17:00:38.779 14281 14281 D wpa_supplicant: P2P: State WAIT_PEER_CONNECT -> WAIT_PEER_IDLE
08-21 17:00:38.779 14281 14281 D wpa_supplicant: [LGE_P2P]p2p_timeout_wait_peer_connect() p2p_set_timeout(0)
08-21 17:00:38.779 14281 14281 D wpa_supplicant: P2P: Set timeout (state=WAIT_PEER_IDLE): 0.000000 sec
08-21 17:00:38.779 14281 14281 D wpa_supplicant: P2P: Timeout (state=WAIT_PEER_IDLE)
08-21 17:00:38.779 14281 14281 D wpa_supplicant: P2P: Go to Listen state while waiting for the peer to become ready for GO Negotiation
08-21 17:00:38.779 14281 14281 D wpa_supplicant: P2P: State WAIT_PEER_IDLE -> WAIT_PEER_CONNECT
08-21 17:00:38.779 14281 14281 D wpa_supplicant: P2P: Starting short listen state (state=WAIT_PEER_CONNECT)
08-21 17:00:38.781 14281 14281 D wpa_supplicant: WFDS: Extra buffer length (0) for Scan Response
08-21 17:00:38.781 14281 14281 D wpa_supplicant: WPS:  * Version (hardcoded 0x10)
08-21 17:00:38.781 14281 14281 D wpa_supplicant: P2P: WPS IE Device Password ID: 4
08-21 17:00:38.781 14281 14281 D wpa_supplicant: WPS:  * UUID-E
08-21 17:00:38.781 14281 14281 D wpa_supplicant: WPS:  * Version2 (0x20)
08-21 17:00:38.781 14281 14281 D wpa_supplicant: P2P: * P2P IE header
08-21 17:00:38.781 14281 14281 D wpa_supplicant: P2P: * Capability dev=25 group=00
08-21 17:00:38.781 14281 14281 D wpa_supplicant: P2P: * Device Info
08-21 17:00:38.781 14281 14281 D wpa_supplicant: p2p-dev-wlan0: Add radio work 'p2p-listen'@0x7f9581c1e0
08-21 17:00:38.781 14281 14281 D wpa_supplicant: p2p-dev-wlan0: First radio work item in the queue - schedule start immediately
08-21 17:00:38.782 14281 14281 D wpa_supplicant: p2p-dev-wlan0: Starting radio work 'p2p-listen'@0x7f9581c1e0 after 0.000247 second wait
08-21 17:00:38.782 14281 14281 D wpa_supplicant: wpa_driver_set_ap_wps_p2p_ie: Entry
08-21 17:00:38.782 14281 14281 D wpa_supplicant: nl80211: Probe Request reporting already on! nl_preq=0x888888f71d0a9449
08-21 17:00:38.785 14281 14281 D wpa_supplicant: nl80211: Remain-on-channel cookie 0x34d for freq=2462 MHz duration=102
08-21 17:00:38.786 14281 14281 D wpa_supplicant: nl80211: Drv Event 55 (NL80211_CMD_REMAIN_ON_CHANNEL) received for p2p-dev-wlan0
08-21 17:00:38.786 14281 14281 D wpa_supplicant: nl80211: Remain-on-channel event (cancel=0 freq=2462 channel_type=0 duration=102 cookie=0x34d (match))
08-21 17:00:38.786 14281 14281 D wpa_supplicant: p2p-dev-wlan0: Event REMAIN_ON_CHANNEL (21) received
08-21 17:00:38.786 14281 14281 D wpa_supplicant: Off-channel: Send Action callback (without_roc=0 pending_action_tx=0x0 pending_action_tx_done=1)
08-21 17:00:38.786 14281 14281 D wpa_supplicant: P2P: Starting Listen timeout(0,102400) on freq=2462 based on callback
08-21 17:00:38.786 14281 14281 D wpa_supplicant: P2P: Set timeout (state=WAIT_PEER_CONNECT): 0.122400 sec
08-21 17:00:38.900 14281 14281 D wpa_supplicant: nl80211: Drv Event 56 (NL80211_CMD_CANCEL_REMAIN_ON_CHANNEL) received for p2p-dev-wlan0
08-21 17:00:38.901 14281 14281 D wpa_supplicant: nl80211: Remain-on-channel event (cancel=1 freq=2462 channel_type=0 duration=0 cookie=0x34d (match))
08-21 17:00:38.901 14281 14281 D wpa_supplicant: p2p-dev-wlan0: Event CANCEL_REMAIN_ON_CHANNEL (22) received
08-21 17:00:38.901 14281 14281 D wpa_supplicant: P2P: Cancel remain-on-channel callback (p2p_long_listen=0 ms pending_action_tx=0x0)
08-21 17:00:38.901 14281 14281 D wpa_supplicant: p2p-dev-wlan0: Radio work 'p2p-listen'@0x7f9581c1e0 done in 0.119247 seconds
08-21 17:00:38.901 14281 14281 D wpa_supplicant: P2P: Driver ended Listen state (freq=2462)
08-21 17:00:38.901 14281 14281 D wpa_supplicant: P2P: Skip stop_listen since not in listen_only state.
08-21 17:00:38.909 14281 14281 D wpa_supplicant: P2P: Timeout (state=WAIT_PEER_CONNECT)
08-21 17:00:38.909 14281 14281 D wpa_supplicant: P2P: State WAIT_PEER_CONNECT -> WAIT_PEER_IDLE
08-21 17:00:38.909 14281 14281 D wpa_supplicant: [LGE_P2P]p2p_timeout_wait_peer_connect() p2p_set_timeout(0)
08-21 17:00:38.909 14281 14281 D wpa_supplicant: P2P: Set timeout (state=WAIT_PEER_IDLE): 0.000000 sec
08-21 17:00:38.909 14281 14281 D wpa_supplicant: P2P: Timeout (state=WAIT_PEER_IDLE)
08-21 17:00:38.909 14281 14281 D wpa_supplicant: P2P: Go to Listen state while waiting for the peer to become ready for GO Negotiation
08-21 17:00:38.909 14281 14281 D wpa_supplicant: P2P: State WAIT_PEER_IDLE -> WAIT_PEER_CONNECT
08-21 17:00:38.909 14281 14281 D wpa_supplicant: P2P: Starting short listen state (state=WAIT_PEER_CONNECT)
08-21 17:00:38.914 14281 14281 D wpa_supplicant: WFDS: Extra buffer length (0) for Scan Response
08-21 17:00:38.914 14281 14281 D wpa_supplicant: WPS:  * Version (hardcoded 0x10)
08-21 17:00:38.915 14281 14281 D wpa_supplicant: P2P: WPS IE Device Password ID: 4
08-21 17:00:38.915 14281 14281 D wpa_supplicant: WPS:  * UUID-E
08-21 17:00:38.915 14281 14281 D wpa_supplicant: WPS:  * Version2 (0x20)
08-21 17:00:38.915 14281 14281 D wpa_supplicant: P2P: * P2P IE header
08-21 17:00:38.915 14281 14281 D wpa_supplicant: P2P: * Capability dev=25 group=00
08-21 17:00:38.915 14281 14281 D wpa_supplicant: P2P: * Device Info
08-21 17:00:38.915 14281 14281 D wpa_supplicant: p2p-dev-wlan0: Add radio work 'p2p-listen'@0x7f9581c280
08-21 17:00:38.915 14281 14281 D wpa_supplicant: p2p-dev-wlan0: First radio work item in the queue - schedule start immediately
08-21 17:00:38.915 14281 14281 D wpa_supplicant: p2p-dev-wlan0: Starting radio work 'p2p-listen'@0x7f9581c280 after 0.000213 second wait
08-21 17:00:38.915 14281 14281 D wpa_supplicant: wpa_driver_set_ap_wps_p2p_ie: Entry
08-21 17:00:38.915 14281 14281 D wpa_supplicant: nl80211: Probe Request reporting already on! nl_preq=0x888888f71d0a9449
08-21 17:00:38.922 14281 14281 D wpa_supplicant: nl80211: Remain-on-channel cookie 0x34e for freq=2462 MHz duration=307
08-21 17:00:38.923 14281 14281 D wpa_supplicant: nl80211: Drv Event 55 (NL80211_CMD_REMAIN_ON_CHANNEL) received for p2p-dev-wlan0
08-21 17:00:38.923 14281 14281 D wpa_supplicant: nl80211: Remain-on-channel event (cancel=0 freq=2462 channel_type=0 duration=307 cookie=0x34e (match))
08-21 17:00:38.923 14281 14281 D wpa_supplicant: p2p-dev-wlan0: Event REMAIN_ON_CHANNEL (21) received
08-21 17:00:38.923 14281 14281 D wpa_supplicant: Off-channel: Send Action callback (without_roc=0 pending_action_tx=0x0 pending_action_tx_done=1)
08-21 17:00:38.923 14281 14281 D wpa_supplicant: P2P: Starting Listen timeout(0,307200) on freq=2462 based on callback
08-21 17:00:38.923 14281 14281 D wpa_supplicant: P2P: Set timeout (state=WAIT_PEER_CONNECT): 0.327200 sec
08-21 17:00:39.251 14281 14281 D wpa_supplicant: P2P: Timeout (state=WAIT_PEER_CONNECT)
08-21 17:00:39.251 14281 14281 D wpa_supplicant: P2P: State WAIT_PEER_CONNECT -> WAIT_PEER_IDLE
08-21 17:00:39.251 14281 14281 D wpa_supplicant: [LGE_P2P]p2p_timeout_wait_peer_connect() p2p_set_timeout(0)
08-21 17:00:39.252 14281 14281 D wpa_supplicant: P2P: Set timeout (state=WAIT_PEER_IDLE): 0.000000 sec
08-21 17:00:39.252 14281 14281 D wpa_supplicant: nl80211: Drv Event 56 (NL80211_CMD_CANCEL_REMAIN_ON_CHANNEL) received for p2p-dev-wlan0
08-21 17:00:39.252 14281 14281 D wpa_supplicant: nl80211: Remain-on-channel event (cancel=1 freq=2462 channel_type=0 duration=0 cookie=0x34e (match))
08-21 17:00:39.253 14281 14281 D wpa_supplicant: p2p-dev-wlan0: Event CANCEL_REMAIN_ON_CHANNEL (22) received
08-21 17:00:39.253 14281 14281 D wpa_supplicant: P2P: Cancel remain-on-channel callback (p2p_long_listen=0 ms pending_action_tx=0x0)
08-21 17:00:39.253 14281 14281 D wpa_supplicant: p2p-dev-wlan0: Radio work 'p2p-listen'@0x7f9581c280 done in 0.337503 seconds
08-21 17:00:39.253 14281 14281 D wpa_supplicant: P2P: Driver ended Listen state (freq=2462)
08-21 17:00:39.253 14281 14281 D wpa_supplicant: P2P: Skip stop_listen since not in listen_only state.
08-21 17:00:39.253 14281 14281 D wpa_supplicant: P2P: Timeout (state=WAIT_PEER_IDLE)
08-21 17:00:39.253 14281 14281 D wpa_supplicant: P2P: Go to Listen state while waiting for the peer to become ready for GO Negotiation
08-21 17:00:39.253 14281 14281 D wpa_supplicant: P2P: State WAIT_PEER_IDLE -> WAIT_PEER_CONNECT
08-21 17:00:39.253 14281 14281 D wpa_supplicant: P2P: Starting short listen state (state=WAIT_PEER_CONNECT)
08-21 17:00:39.261 14281 14281 D wpa_supplicant: WFDS: Extra buffer length (0) for Scan Response
08-21 17:00:39.261 14281 14281 D wpa_supplicant: WPS:  * Version (hardcoded 0x10)
08-21 17:00:39.261 14281 14281 D wpa_supplicant: P2P: WPS IE Device Password ID: 4
08-21 17:00:39.261 14281 14281 D wpa_supplicant: WPS:  * UUID-E
08-21 17:00:39.261 14281 14281 D wpa_supplicant: WPS:  * Version2 (0x20)
08-21 17:00:39.261 14281 14281 D wpa_supplicant: P2P: * P2P IE header
08-21 17:00:39.261 14281 14281 D wpa_supplicant: P2P: * Capability dev=25 group=00
08-21 17:00:39.261 14281 14281 D wpa_supplicant: P2P: * Device Info
08-21 17:00:39.261 14281 14281 D wpa_supplicant: p2p-dev-wlan0: Add radio work 'p2p-listen'@0x7f9581c2d0
08-21 17:00:39.261 14281 14281 D wpa_supplicant: p2p-dev-wlan0: First radio work item in the queue - schedule start immediately
08-21 17:00:39.262 14281 14281 D wpa_supplicant: p2p-dev-wlan0: Starting radio work 'p2p-listen'@0x7f9581c2d0 after 0.000612 second wait
08-21 17:00:39.262 14281 14281 D wpa_supplicant: wpa_driver_set_ap_wps_p2p_ie: Entry
08-21 17:00:39.262 14281 14281 D wpa_supplicant: nl80211: Probe Request reporting already on! nl_preq=0x888888f71d0a9449
08-21 17:00:39.267 14281 14281 D wpa_supplicant: nl80211: Remain-on-channel cookie 0x34f for freq=2462 MHz duration=307
08-21 17:00:39.267 14281 14281 D wpa_supplicant: nl80211: Drv Event 55 (NL80211_CMD_REMAIN_ON_CHANNEL) received for p2p-dev-wlan0
08-21 17:00:39.267 14281 14281 D wpa_supplicant: nl80211: Remain-on-channel event (cancel=0 freq=2462 channel_type=0 duration=307 cookie=0x34f (match))
08-21 17:00:39.268 14281 14281 D wpa_supplicant: p2p-dev-wlan0: Event REMAIN_ON_CHANNEL (21) received
08-21 17:00:39.268 14281 14281 D wpa_supplicant: Off-channel: Send Action callback (without_roc=0 pending_action_tx=0x0 pending_action_tx_done=1)
08-21 17:00:39.268 14281 14281 D wpa_supplicant: P2P: Starting Listen timeout(0,307200) on freq=2462 based on callback
08-21 17:00:39.268 14281 14281 D wpa_supplicant: P2P: Set timeout (state=WAIT_PEER_CONNECT): 0.327200 sec
08-21 17:00:39.595 14281 14281 D wpa_supplicant: nl80211: Drv Event 56 (NL80211_CMD_CANCEL_REMAIN_ON_CHANNEL) received for p2p-dev-wlan0
08-21 17:00:39.595 14281 14281 D wpa_supplicant: nl80211: Remain-on-channel event (cancel=1 freq=2462 channel_type=0 duration=0 cookie=0x34f (match))
08-21 17:00:39.595 14281 14281 D wpa_supplicant: p2p-dev-wlan0: Event CANCEL_REMAIN_ON_CHANNEL (22) received
08-21 17:00:39.596 14281 14281 D wpa_supplicant: P2P: Cancel remain-on-channel callback (p2p_long_listen=0 ms pending_action_tx=0x0)
08-21 17:00:39.596 14281 14281 D wpa_supplicant: p2p-dev-wlan0: Radio work 'p2p-listen'@0x7f9581c2d0 done in 0.333528 seconds
08-21 17:00:39.596 14281 14281 D wpa_supplicant: P2P: Driver ended Listen state (freq=2462)
08-21 17:00:39.596 14281 14281 D wpa_supplicant: P2P: Skip stop_listen since not in listen_only state.
08-21 17:00:39.596 14281 14281 D wpa_supplicant: P2P: Timeout (state=WAIT_PEER_CONNECT)
08-21 17:00:39.596 14281 14281 D wpa_supplicant: P2P: State WAIT_PEER_CONNECT -> WAIT_PEER_IDLE
08-21 17:00:39.596 14281 14281 D wpa_supplicant: [LGE_P2P]p2p_timeout_wait_peer_connect() p2p_set_timeout(0)
08-21 17:00:39.596 14281 14281 D wpa_supplicant: P2P: Set timeout (state=WAIT_PEER_IDLE): 0.000000 sec
08-21 17:00:39.596 14281 14281 D wpa_supplicant: P2P: Timeout (state=WAIT_PEER_IDLE)
08-21 17:00:39.596 14281 14281 D wpa_supplicant: P2P: Go to Listen state while waiting for the peer to become ready for GO Negotiation
08-21 17:00:39.596 14281 14281 D wpa_supplicant: P2P: State WAIT_PEER_IDLE -> WAIT_PEER_CONNECT
08-21 17:00:39.597 14281 14281 D wpa_supplicant: P2P: Starting short listen state (state=WAIT_PEER_CONNECT)
08-21 17:00:39.604 14281 14281 D wpa_supplicant: WFDS: Extra buffer length (0) for Scan Response
08-21 17:00:39.604 14281 14281 D wpa_supplicant: WPS:  * Version (hardcoded 0x10)
08-21 17:00:39.604 14281 14281 D wpa_supplicant: P2P: WPS IE Device Password ID: 4
08-21 17:00:39.604 14281 14281 D wpa_supplicant: WPS:  * UUID-E
08-21 17:00:39.604 14281 14281 D wpa_supplicant: WPS:  * Version2 (0x20)
08-21 17:00:39.604 14281 14281 D wpa_supplicant: P2P: * P2P IE header
08-21 17:00:39.605 14281 14281 D wpa_supplicant: P2P: * Capability dev=25 group=00
08-21 17:00:39.605 14281 14281 D wpa_supplicant: P2P: * Device Info
08-21 17:00:39.605 14281 14281 D wpa_supplicant: p2p-dev-wlan0: Add radio work 'p2p-listen'@0x7f9581c1e0
08-21 17:00:39.605 14281 14281 D wpa_supplicant: p2p-dev-wlan0: First radio work item in the queue - schedule start immediately
08-21 17:00:39.605 14281 14281 D wpa_supplicant: p2p-dev-wlan0: Starting radio work 'p2p-listen'@0x7f9581c1e0 after 0.000221 second wait
08-21 17:00:39.605 14281 14281 D wpa_supplicant: wpa_driver_set_ap_wps_p2p_ie: Entry
08-21 17:00:39.605 14281 14281 D wpa_supplicant: nl80211: Probe Request reporting already on! nl_preq=0x888888f71d0a9449
08-21 17:00:39.615 14281 14281 D wpa_supplicant: nl80211: Remain-on-channel cookie 0x350 for freq=2462 MHz duration=102
08-21 17:00:39.615 14281 14281 D wpa_supplicant: nl80211: Drv Event 55 (NL80211_CMD_REMAIN_ON_CHANNEL) received for p2p-dev-wlan0
08-21 17:00:39.615 14281 14281 D wpa_supplicant: nl80211: Remain-on-channel event (cancel=0 freq=2462 channel_type=0 duration=102 cookie=0x350 (match))
08-21 17:00:39.615 14281 14281 D wpa_supplicant: p2p-dev-wlan0: Event REMAIN_ON_CHANNEL (21) received
08-21 17:00:39.615 14281 14281 D wpa_supplicant: Off-channel: Send Action callback (without_roc=0 pending_action_tx=0x0 pending_action_tx_done=1)
08-21 17:00:39.615 14281 14281 D wpa_supplicant: P2P: Starting Listen timeout(0,102400) on freq=2462 based on callback
08-21 17:00:39.616 14281 14281 D wpa_supplicant: P2P: Set timeout (state=WAIT_PEER_CONNECT): 0.122400 sec
08-21 17:00:39.726 14281 14281 D wpa_supplicant: nl80211: Drv Event 56 (NL80211_CMD_CANCEL_REMAIN_ON_CHANNEL) received for p2p-dev-wlan0
08-21 17:00:39.727 14281 14281 D wpa_supplicant: nl80211: Remain-on-channel event (cancel=1 freq=2462 channel_type=0 duration=0 cookie=0x350 (match))
08-21 17:00:39.727 14281 14281 D wpa_supplicant: p2p-dev-wlan0: Event CANCEL_REMAIN_ON_CHANNEL (22) received
08-21 17:00:39.728 14281 14281 D wpa_supplicant: P2P: Cancel remain-on-channel callback (p2p_long_listen=0 ms pending_action_tx=0x0)
08-21 17:00:39.728 14281 14281 D wpa_supplicant: p2p-dev-wlan0: Radio work 'p2p-listen'@0x7f9581c1e0 done in 0.122668 seconds
08-21 17:00:39.728 14281 14281 D wpa_supplicant: P2P: Driver ended Listen state (freq=2462)
08-21 17:00:39.728 14281 14281 D wpa_supplicant: P2P: Skip stop_listen since not in listen_only state.
08-21 17:00:39.739 14281 14281 D wpa_supplicant: P2P: Timeout (state=WAIT_PEER_CONNECT)
08-21 17:00:39.739 14281 14281 D wpa_supplicant: P2P: State WAIT_PEER_CONNECT -> WAIT_PEER_IDLE
08-21 17:00:39.739 14281 14281 D wpa_supplicant: [LGE_P2P]p2p_timeout_wait_peer_connect() p2p_set_timeout(0)
08-21 17:00:39.739 14281 14281 D wpa_supplicant: P2P: Set timeout (state=WAIT_PEER_IDLE): 0.000000 sec
08-21 17:00:39.739 14281 14281 D wpa_supplicant: P2P: Timeout (state=WAIT_PEER_IDLE)
08-21 17:00:39.739 14281 14281 D wpa_supplicant: P2P: Go to Listen state while waiting for the peer to become ready for GO Negotiation
08-21 17:00:39.740 14281 14281 D wpa_supplicant: P2P: State WAIT_PEER_IDLE -> WAIT_PEER_CONNECT
08-21 17:00:39.740 14281 14281 D wpa_supplicant: P2P: Starting short listen state (state=WAIT_PEER_CONNECT)
08-21 17:00:39.750 14281 14281 D wpa_supplicant: WFDS: Extra buffer length (0) for Scan Response
08-21 17:00:39.750 14281 14281 D wpa_supplicant: WPS:  * Version (hardcoded 0x10)
08-21 17:00:39.750 14281 14281 D wpa_supplicant: P2P: WPS IE Device Password ID: 4
08-21 17:00:39.750 14281 14281 D wpa_supplicant: WPS:  * UUID-E
08-21 17:00:39.750 14281 14281 D wpa_supplicant: WPS:  * Version2 (0x20)
08-21 17:00:39.751 14281 14281 D wpa_supplicant: P2P: * P2P IE header
08-21 17:00:39.751 14281 14281 D wpa_supplicant: P2P: * Capability dev=25 group=00
08-21 17:00:39.751 14281 14281 D wpa_supplicant: P2P: * Device Info
08-21 17:00:39.751 14281 14281 D wpa_supplicant: p2p-dev-wlan0: Add radio work 'p2p-listen'@0x7f9581c280
08-21 17:00:39.751 14281 14281 D wpa_supplicant: p2p-dev-wlan0: First radio work item in the queue - schedule start immediately
08-21 17:00:39.751 14281 14281 D wpa_supplicant: p2p-dev-wlan0: Starting radio work 'p2p-listen'@0x7f9581c280 after 0.000239 second wait
08-21 17:00:39.751 14281 14281 D wpa_supplicant: wpa_driver_set_ap_wps_p2p_ie: Entry
08-21 17:00:39.751 14281 14281 D wpa_supplicant: nl80211: Probe Request reporting already on! nl_preq=0x888888f71d0a9449
08-21 17:00:39.761 14281 14281 D wpa_supplicant: nl80211: Remain-on-channel cookie 0x351 for freq=2462 MHz duration=204
08-21 17:00:39.761 14281 14281 D wpa_supplicant: nl80211: Drv Event 55 (NL80211_CMD_REMAIN_ON_CHANNEL) received for p2p-dev-wlan0
08-21 17:00:39.761 14281 14281 D wpa_supplicant: nl80211: Remain-on-channel event (cancel=0 freq=2462 channel_type=0 duration=204 cookie=0x351 (match))
08-21 17:00:39.761 14281 14281 D wpa_supplicant: p2p-dev-wlan0: Event REMAIN_ON_CHANNEL (21) received
08-21 17:00:39.761 14281 14281 D wpa_supplicant: Off-channel: Send Action callback (without_roc=0 pending_action_tx=0x0 pending_action_tx_done=1)
08-21 17:00:39.761 14281 14281 D wpa_supplicant: P2P: Starting Listen timeout(0,204800) on freq=2462 based on callback
08-21 17:00:39.761 14281 14281 D wpa_supplicant: P2P: Set timeout (state=WAIT_PEER_CONNECT): 0.224800 sec
08-21 17:00:39.976 14281 14281 D wpa_supplicant: nl80211: Drv Event 56 (NL80211_CMD_CANCEL_REMAIN_ON_CHANNEL) received for p2p-dev-wlan0
08-21 17:00:39.976 14281 14281 D wpa_supplicant: nl80211: Remain-on-channel event (cancel=1 freq=2462 channel_type=0 duration=0 cookie=0x351 (match))
08-21 17:00:39.976 14281 14281 D wpa_supplicant: p2p-dev-wlan0: Event CANCEL_REMAIN_ON_CHANNEL (22) received
08-21 17:00:39.977 14281 14281 D wpa_supplicant: P2P: Cancel remain-on-channel callback (p2p_long_listen=0 ms pending_action_tx=0x0)
08-21 17:00:39.977 14281 14281 D wpa_supplicant: p2p-dev-wlan0: Radio work 'p2p-listen'@0x7f9581c280 done in 0.225913 seconds
08-21 17:00:39.977 14281 14281 D wpa_supplicant: P2P: Driver ended Listen state (freq=2462)
08-21 17:00:39.977 14281 14281 D wpa_supplicant: P2P: Skip stop_listen since not in listen_only state.
08-21 17:00:39.986 14281 14281 D wpa_supplicant: P2P: Timeout (state=WAIT_PEER_CONNECT)
08-21 17:00:39.987 14281 14281 D wpa_supplicant: P2P: State WAIT_PEER_CONNECT -> WAIT_PEER_IDLE
08-21 17:00:39.987 14281 14281 D wpa_supplicant: [LGE_P2P]p2p_timeout_wait_peer_connect() p2p_set_timeout(0)
08-21 17:00:39.987 14281 14281 D wpa_supplicant: P2P: Set timeout (state=WAIT_PEER_IDLE): 0.000000 sec
08-21 17:00:39.987 14281 14281 D wpa_supplicant: P2P: Timeout (state=WAIT_PEER_IDLE)
08-21 17:00:39.987 14281 14281 D wpa_supplicant: P2P: Go to Listen state while waiting for the peer to become ready for GO Negotiation
08-21 17:00:39.987 14281 14281 D wpa_supplicant: P2P: State WAIT_PEER_IDLE -> WAIT_PEER_CONNECT
08-21 17:00:39.987 14281 14281 D wpa_supplicant: P2P: Starting short listen state (state=WAIT_PEER_CONNECT)
08-21 17:00:39.992 14281 14281 D wpa_supplicant: WFDS: Extra buffer length (0) for Scan Response
08-21 17:00:39.992 14281 14281 D wpa_supplicant: WPS:  * Version (hardcoded 0x10)
08-21 17:00:39.993 14281 14281 D wpa_supplicant: P2P: WPS IE Device Password ID: 4
08-21 17:00:39.993 14281 14281 D wpa_supplicant: WPS:  * UUID-E
08-21 17:00:39.993 14281 14281 D wpa_supplicant: WPS:  * Version2 (0x20)
08-21 17:00:39.993 14281 14281 D wpa_supplicant: P2P: * P2P IE header
08-21 17:00:39.993 14281 14281 D wpa_supplicant: P2P: * Capability dev=25 group=00
08-21 17:00:39.993 14281 14281 D wpa_supplicant: P2P: * Device Info
08-21 17:00:39.993 14281 14281 D wpa_supplicant: p2p-dev-wlan0: Add radio work 'p2p-listen'@0x7f9581c2d0
08-21 17:00:39.993 14281 14281 D wpa_supplicant: p2p-dev-wlan0: First radio work item in the queue - schedule start immediately
08-21 17:00:39.993 14281 14281 D wpa_supplicant: p2p-dev-wlan0: Starting radio work 'p2p-listen'@0x7f9581c2d0 after 0.000220 second wait
08-21 17:00:39.993 14281 14281 D wpa_supplicant: wpa_driver_set_ap_wps_p2p_ie: Entry
08-21 17:00:39.993 14281 14281 D wpa_supplicant: nl80211: Probe Request reporting already on! nl_preq=0x888888f71d0a9449
08-21 17:00:40.004 14281 14281 D wpa_supplicant: nl80211: Remain-on-channel cookie 0x352 for freq=2462 MHz duration=102
08-21 17:00:40.004 14281 14281 D wpa_supplicant: nl80211: Drv Event 55 (NL80211_CMD_REMAIN_ON_CHANNEL) received for p2p-dev-wlan0
08-21 17:00:40.004 14281 14281 D wpa_supplicant: nl80211: Remain-on-channel event (cancel=0 freq=2462 channel_type=0 duration=102 cookie=0x352 (match))
08-21 17:00:40.004 14281 14281 D wpa_supplicant: p2p-dev-wlan0: Event REMAIN_ON_CHANNEL (21) received
08-21 17:00:40.004 14281 14281 D wpa_supplicant: Off-channel: Send Action callback (without_roc=0 pending_action_tx=0x0 pending_action_tx_done=1)
08-21 17:00:40.004 14281 14281 D wpa_supplicant: P2P: Starting Listen timeout(0,102400) on freq=2462 based on callback
08-21 17:00:40.005 14281 14281 D wpa_supplicant: P2P: Set timeout (state=WAIT_PEER_CONNECT): 0.122400 sec
08-21 17:00:40.115 14281 14281 D wpa_supplicant: nl80211: Drv Event 56 (NL80211_CMD_CANCEL_REMAIN_ON_CHANNEL) received for p2p-dev-wlan0
08-21 17:00:40.115 14281 14281 D wpa_supplicant: nl80211: Remain-on-channel event (cancel=1 freq=2462 channel_type=0 duration=0 cookie=0x352 (match))
08-21 17:00:40.116 14281 14281 D wpa_supplicant: p2p-dev-wlan0: Event CANCEL_REMAIN_ON_CHANNEL (22) received
08-21 17:00:40.116 14281 14281 D wpa_supplicant: P2P: Cancel remain-on-channel callback (p2p_long_listen=0 ms pending_action_tx=0x0)
08-21 17:00:40.116 14281 14281 D wpa_supplicant: p2p-dev-wlan0: Radio work 'p2p-listen'@0x7f9581c2d0 done in 0.122543 seconds
08-21 17:00:40.116 14281 14281 D wpa_supplicant: P2P: Driver ended Listen state (freq=2462)
08-21 17:00:40.116 14281 14281 D wpa_supplicant: P2P: Skip stop_listen since not in listen_only state.
08-21 17:00:40.127 14281 14281 D wpa_supplicant: P2P: Timeout (state=WAIT_PEER_CONNECT)
08-21 17:00:40.128 14281 14281 D wpa_supplicant: P2P: State WAIT_PEER_CONNECT -> WAIT_PEER_IDLE
08-21 17:00:40.128 14281 14281 D wpa_supplicant: [LGE_P2P]p2p_timeout_wait_peer_connect() p2p_set_timeout(0)
08-21 17:00:40.128 14281 14281 D wpa_supplicant: P2P: Set timeout (state=WAIT_PEER_IDLE): 0.000000 sec
08-21 17:00:40.128 14281 14281 D wpa_supplicant: P2P: Timeout (state=WAIT_PEER_IDLE)
08-21 17:00:40.128 14281 14281 D wpa_supplicant: P2P: Go to Listen state while waiting for the peer to become ready for GO Negotiation
08-21 17:00:40.128 14281 14281 D wpa_supplicant: P2P: State WAIT_PEER_IDLE -> WAIT_PEER_CONNECT
08-21 17:00:40.129 14281 14281 D wpa_supplicant: P2P: Starting short listen state (state=WAIT_PEER_CONNECT)
08-21 17:00:40.134 14281 14281 D wpa_supplicant: WFDS: Extra buffer length (0) for Scan Response
08-21 17:00:40.134 14281 14281 D wpa_supplicant: WPS:  * Version (hardcoded 0x10)
08-21 17:00:40.135 14281 14281 D wpa_supplicant: P2P: WPS IE Device Password ID: 4
08-21 17:00:40.136 14281 14281 D wpa_supplicant: WPS:  * UUID-E
08-21 17:00:40.136 14281 14281 D wpa_supplicant: WPS:  * Version2 (0x20)
08-21 17:00:40.136 14281 14281 D wpa_supplicant: P2P: * P2P IE header
08-21 17:00:40.136 14281 14281 D wpa_supplicant: P2P: * Capability dev=25 group=00
08-21 17:00:40.136 14281 14281 D wpa_supplicant: P2P: * Device Info
08-21 17:00:40.136 14281 14281 D wpa_supplicant: p2p-dev-wlan0: Add radio work 'p2p-listen'@0x7f9581c1e0
08-21 17:00:40.136 14281 14281 D wpa_supplicant: p2p-dev-wlan0: First radio work item in the queue - schedule start immediately
08-21 17:00:40.136 14281 14281 D wpa_supplicant: p2p-dev-wlan0: Starting radio work 'p2p-listen'@0x7f9581c1e0 after 0.000220 second wait
08-21 17:00:40.136 14281 14281 D wpa_supplicant: wpa_driver_set_ap_wps_p2p_ie: Entry
08-21 17:00:40.136 14281 14281 D wpa_supplicant: nl80211: Probe Request reporting already on! nl_preq=0x888888f71d0a9449
08-21 17:00:40.144 14281 14281 D wpa_supplicant: nl80211: Remain-on-channel cookie 0x353 for freq=2462 MHz duration=307
08-21 17:00:40.144 14281 14281 D wpa_supplicant: nl80211: Drv Event 55 (NL80211_CMD_REMAIN_ON_CHANNEL) received for p2p-dev-wlan0
08-21 17:00:40.144 14281 14281 D wpa_supplicant: nl80211: Remain-on-channel event (cancel=0 freq=2462 channel_type=0 duration=307 cookie=0x353 (match))
08-21 17:00:40.144 14281 14281 D wpa_supplicant: p2p-dev-wlan0: Event REMAIN_ON_CHANNEL (21) received
08-21 17:00:40.144 14281 14281 D wpa_supplicant: Off-channel: Send Action callback (without_roc=0 pending_action_tx=0x0 pending_action_tx_done=1)
08-21 17:00:40.144 14281 14281 D wpa_supplicant: P2P: Starting Listen timeout(0,307200) on freq=2462 based on callback
08-21 17:00:40.144 14281 14281 D wpa_supplicant: P2P: Set timeout (state=WAIT_PEER_CONNECT): 0.327200 sec
08-21 17:00:40.216  3386  3533 V AudioFlinger: Audio hardware entering standby, mixer 0xf1040000, suspend count 0
08-21 17:00:40.216  3386  3533 D audio_hw_primary: out_standby: enter: stream (0xf1b28080) usecase(1: low-latency-playback)
08-21 17:00:40.257  3386  3533 V audio_hw_primary: stop_output_stream: enter: usecase(1: low-latency-playback)
08-21 17:00:40.258  3386  3533 V audio_hw_primary: disable_audio_route: enter: usecase(1)
08-21 17:00:40.258  3386  3533 V msm8974_platform_lge: LGE_platform_add_backend_name: enter: 2
08-21 17:00:40.258  3386  3533 V audio_hw_primary: disable_audio_route: reset and update mixer path: low-latency-playback quat-mi2s-speaker
08-21 17:00:40.262  3386  3533 V audio_hw_primary: disable_audio_route: exit
08-21 17:00:40.262  3386  3533 E audio_hw_primary: disable_snd_device: enter 2
08-21 17:00:40.262  3386  3533 D hardware_info: hw_info_append_hw_type : device_name = speaker
08-21 17:00:40.262  3386  3533 V audio_hw_primary: disable_snd_device: snd_device(2: speaker)
08-21 17:00:40.263  3386  3533 V audio_hw_3rdP_spkr_prot: lge_audio_3rdP_spk_prot_disable: Entry
08-21 17:00:40.293  3386  3533 V audio_hw_3rdP_spkr_prot: lge_audio_3rdP_spk_prot_disable: Exit
08-21 17:00:40.293  3386  3533 V audio_hw_primary: stop_output_stream: exit: status(0)
08-21 17:00:40.293  3386  3533 V audio_hw_primary: out_standby: exit
08-21 17:00:40.293  3386  3533 V AudioFlinger: releaseWakeLock_l() AudioOut_2
08-21 17:00:40.294  3386  3533 V AudioFlinger: thread 0xf1040000 type 0 TID 3533 going to sleep
08-21 17:00:40.472 14281 14281 D wpa_supplicant: P2P: Timeout (state=WAIT_PEER_CONNECT)
08-21 17:00:40.473 14281 14281 D wpa_supplicant: P2P: State WAIT_PEER_CONNECT -> WAIT_PEER_IDLE
08-21 17:00:40.473 14281 14281 D wpa_supplicant: [LGE_P2P]p2p_timeout_wait_peer_connect() p2p_set_timeout(0)
08-21 17:00:40.473 14281 14281 D wpa_supplicant: P2P: Set timeout (state=WAIT_PEER_IDLE): 0.000000 sec
08-21 17:00:40.473 14281 14281 D wpa_supplicant: P2P: Timeout (state=WAIT_PEER_IDLE)
08-21 17:00:40.473 14281 14281 D wpa_supplicant: P2P: Go to Listen state while waiting for the peer to become ready for GO Negotiation
08-21 17:00:40.473 14281 14281 D wpa_supplicant: P2P: State WAIT_PEER_IDLE -> WAIT_PEER_CONNECT
08-21 17:00:40.473 14281 14281 D wpa_supplicant: P2P: Starting short listen state (state=WAIT_PEER_CONNECT)
08-21 17:00:40.480 14281 14281 D wpa_supplicant: WFDS: Extra buffer length (0) for Scan Response
08-21 17:00:40.480 14281 14281 D wpa_supplicant: WPS:  * Version (hardcoded 0x10)
08-21 17:00:40.480 14281 14281 D wpa_supplicant: P2P: WPS IE Device Password ID: 4
08-21 17:00:40.480 14281 14281 D wpa_supplicant: WPS:  * UUID-E
08-21 17:00:40.480 14281 14281 D wpa_supplicant: WPS:  * Version2 (0x20)
08-21 17:00:40.480 14281 14281 D wpa_supplicant: P2P: * P2P IE header
08-21 17:00:40.480 14281 14281 D wpa_supplicant: P2P: * Capability dev=25 group=00
08-21 17:00:40.480 14281 14281 D wpa_supplicant: P2P: * Device Info
08-21 17:00:40.480 14281 14281 D wpa_supplicant: P2P: Reject start_listen since p2p_listen_work already exists
08-21 17:00:40.480 14281 14281 D wpa_supplicant: P2P: [LGE_P2P_PATCH] listen work is already exists. set timeout 50ms
08-21 17:00:40.480 14281 14281 D wpa_supplicant: P2P: State WAIT_PEER_CONNECT -> WAIT_PEER_IDLE
08-21 17:00:40.480 14281 14281 D wpa_supplicant: P2P: Set timeout (state=WAIT_PEER_IDLE): 0.050000 sec
08-21 17:00:40.481 14281 14281 D wpa_supplicant: nl80211: Drv Event 56 (NL80211_CMD_CANCEL_REMAIN_ON_CHANNEL) received for p2p-dev-wlan0
08-21 17:00:40.481 14281 14281 D wpa_supplicant: nl80211: Remain-on-channel event (cancel=1 freq=2462 channel_type=0 duration=0 cookie=0x353 (match))
08-21 17:00:40.481 14281 14281 D wpa_supplicant: p2p-dev-wlan0: Event CANCEL_REMAIN_ON_CHANNEL (22) received
08-21 17:00:40.481 14281 14281 D wpa_supplicant: P2P: Cancel remain-on-channel callback (p2p_long_listen=0 ms pending_action_tx=0x0)
08-21 17:00:40.481 14281 14281 D wpa_supplicant: p2p-dev-wlan0: Radio work 'p2p-listen'@0x7f9581c1e0 done in 0.344776 seconds
08-21 17:00:40.481 14281 14281 D wpa_supplicant: P2P: Driver ended Listen state (freq=2462)
08-21 17:00:40.481 14281 14281 D wpa_supplicant: P2P: Skip stop_listen since not in listen_only state.
08-21 17:00:40.531 14281 14281 D wpa_supplicant: P2P: Timeout (state=WAIT_PEER_IDLE)
08-21 17:00:40.531 14281 14281 D wpa_supplicant: P2P: Go to Listen state while waiting for the peer to become ready for GO Negotiation
08-21 17:00:40.531 14281 14281 D wpa_supplicant: P2P: State WAIT_PEER_IDLE -> WAIT_PEER_CONNECT
08-21 17:00:40.531 14281 14281 D wpa_supplicant: P2P: Starting short listen state (state=WAIT_PEER_CONNECT)
08-21 17:00:40.533 14281 14281 D wpa_supplicant: WFDS: Extra buffer length (0) for Scan Response
08-21 17:00:40.533 14281 14281 D wpa_supplicant: WPS:  * Version (hardcoded 0x10)
08-21 17:00:40.533 14281 14281 D wpa_supplicant: P2P: WPS IE Device Password ID: 4
08-21 17:00:40.533 14281 14281 D wpa_supplicant: WPS:  * UUID-E
08-21 17:00:40.533 14281 14281 D wpa_supplicant: WPS:  * Version2 (0x20)
08-21 17:00:40.533 14281 14281 D wpa_supplicant: P2P: * P2P IE header
08-21 17:00:40.533 14281 14281 D wpa_supplicant: P2P: * Capability dev=25 group=00
08-21 17:00:40.533 14281 14281 D wpa_supplicant: P2P: * Device Info
08-21 17:00:40.533 14281 14281 D wpa_supplicant: p2p-dev-wlan0: Add radio work 'p2p-listen'@0x7f9581c280
08-21 17:00:40.533 14281 14281 D wpa_supplicant: p2p-dev-wlan0: First radio work item in the queue - schedule start immediately
08-21 17:00:40.533 14281 14281 D wpa_supplicant: p2p-dev-wlan0: Starting radio work 'p2p-listen'@0x7f9581c280 after 0.000097 second wait
08-21 17:00:40.533 14281 14281 D wpa_supplicant: wpa_driver_set_ap_wps_p2p_ie: Entry
08-21 17:00:40.533 14281 14281 D wpa_supplicant: nl80211: Probe Request reporting already on! nl_preq=0x888888f71d0a9449
08-21 17:00:40.537 14281 14281 D wpa_supplicant: nl80211: Remain-on-channel cookie 0x354 for freq=2462 MHz duration=102
08-21 17:00:40.537 14281 14281 D wpa_supplicant: nl80211: Drv Event 55 (NL80211_CMD_REMAIN_ON_CHANNEL) received for p2p-dev-wlan0
08-21 17:00:40.537 14281 14281 D wpa_supplicant: nl80211: Remain-on-channel event (cancel=0 freq=2462 channel_type=0 duration=102 cookie=0x354 (match))
08-21 17:00:40.537 14281 14281 D wpa_supplicant: p2p-dev-wlan0: Event REMAIN_ON_CHANNEL (21) received
08-21 17:00:40.537 14281 14281 D wpa_supplicant: Off-channel: Send Action callback (without_roc=0 pending_action_tx=0x0 pending_action_tx_done=1)
08-21 17:00:40.537 14281 14281 D wpa_supplicant: P2P: Starting Listen timeout(0,102400) on freq=2462 based on callback
08-21 17:00:40.537 14281 14281 D wpa_supplicant: P2P: Set timeout (state=WAIT_PEER_CONNECT): 0.122400 sec
08-21 17:00:40.650 14281 14281 D wpa_supplicant: nl80211: Drv Event 56 (NL80211_CMD_CANCEL_REMAIN_ON_CHANNEL) received for p2p-dev-wlan0
08-21 17:00:40.650 14281 14281 D wpa_supplicant: nl80211: Remain-on-channel event (cancel=1 freq=2462 channel_type=0 duration=0 cookie=0x354 (match))
08-21 17:00:40.650 14281 14281 D wpa_supplicant: p2p-dev-wlan0: Event CANCEL_REMAIN_ON_CHANNEL (22) received
08-21 17:00:40.650 14281 14281 D wpa_supplicant: P2P: Cancel remain-on-channel callback (p2p_long_listen=0 ms pending_action_tx=0x0)
08-21 17:00:40.650 14281 14281 D wpa_supplicant: p2p-dev-wlan0: Radio work 'p2p-listen'@0x7f9581c280 done in 0.117048 seconds
08-21 17:00:40.650 14281 14281 D wpa_supplicant: P2P: Driver ended Listen state (freq=2462)
08-21 17:00:40.651 14281 14281 D wpa_supplicant: P2P: Skip stop_listen since not in listen_only state.
08-21 17:00:40.660 14281 14281 D wpa_supplicant: P2P: Timeout (state=WAIT_PEER_CONNECT)
08-21 17:00:40.660 14281 14281 D wpa_supplicant: P2P: State WAIT_PEER_CONNECT -> WAIT_PEER_IDLE
08-21 17:00:40.661 14281 14281 D wpa_supplicant: [LGE_P2P]p2p_timeout_wait_peer_connect() p2p_set_timeout(0)
08-21 17:00:40.661 14281 14281 D wpa_supplicant: P2P: Set timeout (state=WAIT_PEER_IDLE): 0.000000 sec
08-21 17:00:40.661 14281 14281 D wpa_supplicant: P2P: Timeout (state=WAIT_PEER_IDLE)
08-21 17:00:40.661 14281 14281 D wpa_supplicant: P2P: Go to Listen state while waiting for the peer to become ready for GO Negotiation
08-21 17:00:40.661 14281 14281 D wpa_supplicant: P2P: State WAIT_PEER_IDLE -> WAIT_PEER_CONNECT
08-21 17:00:40.661 14281 14281 D wpa_supplicant: P2P: Starting short listen state (state=WAIT_PEER_CONNECT)
08-21 17:00:40.666 14281 14281 D wpa_supplicant: WFDS: Extra buffer length (0) for Scan Response
08-21 17:00:40.666 14281 14281 D wpa_supplicant: WPS:  * Version (hardcoded 0x10)
08-21 17:00:40.666 14281 14281 D wpa_supplicant: P2P: WPS IE Device Password ID: 4
08-21 17:00:40.666 14281 14281 D wpa_supplicant: WPS:  * UUID-E
08-21 17:00:40.666 14281 14281 D wpa_supplicant: WPS:  * Version2 (0x20)
08-21 17:00:40.666 14281 14281 D wpa_supplicant: P2P: * P2P IE header
08-21 17:00:40.666 14281 14281 D wpa_supplicant: P2P: * Capability dev=25 group=00
08-21 17:00:40.666 14281 14281 D wpa_supplicant: P2P: * Device Info
08-21 17:00:40.666 14281 14281 D wpa_supplicant: p2p-dev-wlan0: Add radio work 'p2p-listen'@0x7f9581c2d0
08-21 17:00:40.667 14281 14281 D wpa_supplicant: p2p-dev-wlan0: First radio work item in the queue - schedule start immediately
08-21 17:00:40.667 14281 14281 D wpa_supplicant: p2p-dev-wlan0: Starting radio work 'p2p-listen'@0x7f9581c2d0 after 0.000215 second wait
08-21 17:00:40.667 14281 14281 D wpa_supplicant: wpa_driver_set_ap_wps_p2p_ie: Entry
08-21 17:00:40.667 14281 14281 D wpa_supplicant: nl80211: Probe Request reporting already on! nl_preq=0x888888f71d0a9449
08-21 17:00:40.672 14281 14281 D wpa_supplicant: nl80211: Remain-on-channel cookie 0x355 for freq=2462 MHz duration=307
08-21 17:00:40.672 14281 14281 D wpa_supplicant: nl80211: Drv Event 55 (NL80211_CMD_REMAIN_ON_CHANNEL) received for p2p-dev-wlan0
08-21 17:00:40.673 14281 14281 D wpa_supplicant: nl80211: Remain-on-channel event (cancel=0 freq=2462 channel_type=0 duration=307 cookie=0x355 (match))
08-21 17:00:40.673 14281 14281 D wpa_supplicant: p2p-dev-wlan0: Event REMAIN_ON_CHANNEL (21) received
08-21 17:00:40.673 14281 14281 D wpa_supplicant: Off-channel: Send Action callback (without_roc=0 pending_action_tx=0x0 pending_action_tx_done=1)
08-21 17:00:40.673 14281 14281 D wpa_supplicant: P2P: Starting Listen timeout(0,307200) on freq=2462 based on callback
08-21 17:00:40.673 14281 14281 D wpa_supplicant: P2P: Set timeout (state=WAIT_PEER_CONNECT): 0.327200 sec
08-21 17:00:40.757   707   707 I MSM-irqbalance: Decided to move IRQ48 from CPU1 to CPU3
08-21 17:00:40.872 14281 14281 D wpa_supplicant: nl80211: BSS Event 59 (NL80211_CMD_FRAME) received for p2p-dev-wlan0
08-21 17:00:40.872 14281 14281 D wpa_supplicant: nl80211: RX frame sa=4e:09:d4:43:0e:ee freq=2462 ssi_signal=0 stype=13 (WLAN_FC_STYPE_ACTION) len=219
08-21 17:00:40.873 14281 14281 D wpa_supplicant: p2p-dev-wlan0: Event RX_MGMT (20) received
08-21 17:00:40.873 14281 14281 D wpa_supplicant: p2p-dev-wlan0: Received Action frame: SA=4e:09:d4:43:0e:ee Category=4 DataLen=194 freq=2462 MHz
08-21 17:00:40.873 14281 14281 D wpa_supplicant: P2P: RX P2P Public Action from 4e:09:d4:43:0e:ee
08-21 17:00:40.873 14281 14281 D wpa_supplicant: P2P: Received GO Negotiation Request from 4e:09:d4:43:0e:ee(freq=2462)
08-21 17:00:40.873 14281 14281 D wpa_supplicant: P2P: Parsing the received message
08-21 17:00:40.873 14281 14281 D wpa_supplicant: P2P: * Dialog Token: 5
08-21 17:00:40.873 14281 14281 D wpa_supplicant: P2P: Parsing WPS IE
08-21 17:00:40.873 14281 14281 D wpa_supplicant: P2P: Device Password ID: 4
08-21 17:00:40.873 14281 14281 D wpa_supplicant: P2P: Parsing P2P IE
08-21 17:00:40.873 14281 14281 D wpa_supplicant: P2P: Attribute 2 length 2
08-21 17:00:40.873 14281 14281 D wpa_supplicant: P2P: * Device Capability 24 Group Capability 00
08-21 17:00:40.873 14281 14281 D wpa_supplicant: P2P: Attribute 4 length 1
08-21 17:00:40.873 14281 14281 D wpa_supplicant: P2P: * GO Intent: Intent 13 Tie breaker 1
08-21 17:00:40.874 14281 14281 D wpa_supplicant: P2P: Attribute 5 length 2
08-21 17:00:40.874 14281 14281 D wpa_supplicant: P2P: * Configuration Timeout
08-21 17:00:40.874 14281 14281 D wpa_supplicant: P2P: Attribute 6 length 5
08-21 17:00:40.874 14281 14281 D wpa_supplicant: P2P: * Listen Channel: Country BR(0x04) Regulatory Class 81 Channel Number 11
08-21 17:00:40.874 14281 14281 D wpa_supplicant: P2P: Attribute 17 length 5
08-21 17:00:40.874 14281 14281 D wpa_supplicant: P2P: * Operating Channel: Country BR(0x04) Regulatory Class 116 Channel Number 36
08-21 17:00:40.874 14281 14281 D wpa_supplicant: P2P: Attribute 8 length 4
08-21 17:00:40.874 14281 14281 D wpa_supplicant: P2P: * Extended Listen Timing (period 50 msec  interval 100 msec)
08-21 17:00:40.874 14281 14281 D wpa_supplicant: P2P: Attribute 9 length 6
08-21 17:00:40.874 14281 14281 D wpa_supplicant: P2P: * Intended P2P Interface Address: 4e:09:d4:43:8e:ee
08-21 17:00:40.874 14281 14281 D wpa_supplicant: P2P: Attribute 11 length 49
08-21 17:00:40.874 14281 14281 D wpa_supplicant: P2P: * Channel List: Country String 'BR(0x04)'
08-21 17:00:40.874 14281 14281 D wpa_supplicant: P2P: Attribute 13 length 48
08-21 17:00:40.874 14281 14281 D wpa_supplicant: P2P: * Device Info: addr 4e:09:d4:43:0e:ee primary device type 7-0050F204-1 device name '[TV][LG]32LB580B-SA' config methods 0x188
08-21 17:00:40.874 14281 14281 D wpa_supplicant: P2P: [LGE_P2P] Update peer 4e:09:d4:43:0e:ee Listen channel: 2462 -> 2462 MHz
08-21 17:00:40.875 14281 14281 D wpa_supplicant: P2P: Peer country - hexdump(len=3): 42 52 04
08-21 17:00:40.875 14281 14281 D wpa_supplicant: P2P: Own reg_classes 3 peer reg_classes 8 intersection reg_classes 3
08-21 17:00:40.875 14281 14281 D wpa_supplicant: P2P: Peer using pushbutton
08-21 17:00:40.875 14281 14281 D wpa_supplicant: P2P: Peer operating channel preference: 5180 MHz
08-21 17:00:40.875 14281 14281 D wpa_supplicant: WFDS: Group Capability 0x00
08-21 17:00:40.875 14281 14281 D wpa_supplicant: P2P: GO Negotiation with 4e:09:d4:43:0e:ee
08-21 17:00:40.875 14281 14281 D wpa_supplicant: P2P: Stopping find
08-21 17:00:40.875 14281 14281 D wpa_supplicant: P2P: Clear timeout (state=WAIT_PEER_CONNECT)
08-21 17:00:40.875 14281 14281 D wpa_supplicant: P2P: State WAIT_PEER_CONNECT -> IDLE
08-21 17:00:40.875 14281 14281 D wpa_supplicant: P2P: Skip stop_listen since we are on correct channel for response
08-21 17:00:40.875 14281 14281 D wpa_supplicant: P2P: State IDLE -> GO_NEG
08-21 17:00:40.875 14281 14281 D wpa_supplicant: P2P: Clear timeout (state=GO_NEG)
08-21 17:00:40.876 14281 14281 D wpa_supplicant: nl80211: Get shared freq for PHY phy0
08-21 17:00:40.876 14281 14281 D wpa_supplicant: nl80211: No shared interface for PHY (phy0) in associated state
08-21 17:00:40.876 14281 14281 D wpa_supplicant: [LGE_P2P] my_sta_freq:0MHz peer_oper_freq:5180MHz
08-21 17:00:40.876 14281 14281 D wpa_supplicant: P2P: Building GO Negotiation Response
08-21 17:00:40.876 14281 14281 D wpa_supplicant: P2P: * Dialog Token: 5
08-21 17:00:40.876 14281 14281 D wpa_supplicant: P2P: * P2P IE header
08-21 17:00:40.876 14281 14281 D wpa_supplicant: P2P: * Status: 0
08-21 17:00:40.876 14281 14281 D wpa_supplicant: P2P: * Capability dev=25 group=02
08-21 17:00:40.876 14281 14281 D wpa_supplicant: P2P: * GO Intent: Intent 2 Tie breaker 0
08-21 17:00:40.876 14281 14281 D wpa_supplicant: P2P: * Configuration Timeout: GO 100 (*10ms)  client 20 (*10ms)
08-21 17:00:40.876 14281 14281 D wpa_supplicant: P2P: Omit Operating Channel attribute
08-21 17:00:40.876 14281 14281 D wpa_supplicant: P2P: * Intended P2P Interface Address 02:90:4c:d4:82:ca
08-21 17:00:40.876 14281 14281 D wpa_supplicant: P2P: * Channel List - hexdump(len=30): 42 52 04 51 0d 01 02 03 04 05 06 07 08 09 0a 0b 0c 0d 73 04 24 28 2c 30 7c 04 95 99 9d a1
08-21 17:00:40.876 14281 14281 D wpa_supplicant: P2P: * Device Info
08-21 17:00:40.877 14281 14281 D wpa_supplicant: WPS:  * Version (hardcoded 0x10)
08-21 17:00:40.877 14281 14281 D wpa_supplicant: P2P: WPS IE Device Password ID: 4
08-21 17:00:40.877 14281 14281 D wpa_supplicant: WPS:  * Version2 (0x20)
08-21 17:00:40.877 14281 14281 D wpa_supplicant: P2P: Sending GO Negotiation Response
08-21 17:00:40.877 14281 14281 D wpa_supplicant: P2P: Use ongoing radio work for Action frame TX
08-21 17:00:40.877 14281 14281 D wpa_supplicant: Off-channel: Send action frame: freq=2462 dst=4e:09:d4:43:0e:ee src=02:90:4c:d4:02:ca bssid=02:90:4c:d4:02:ca len=146
08-21 17:00:40.877 14281 14281 D wpa_supplicant: nl80211: Send Action frame (ifindex=0, freq=2462 MHz wait=500 ms no_cck=1)
08-21 17:00:40.957 14281 14281 D wpa_supplicant: nl80211: Drv Event 56 (NL80211_CMD_CANCEL_REMAIN_ON_CHANNEL) received for p2p-dev-wlan0
08-21 17:00:40.957 14281 14281 D wpa_supplicant: nl80211: Remain-on-channel event (cancel=1 freq=2462 channel_type=0 duration=0 cookie=0x355 (match))
08-21 17:00:40.957 14281 14281 D wpa_supplicant: p2p-dev-wlan0: Event CANCEL_REMAIN_ON_CHANNEL (22) received
08-21 17:00:40.957 14281 14281 D wpa_supplicant: P2P: Cancel remain-on-channel callback (p2p_long_listen=0 ms pending_action_tx=0x7f95669600)
08-21 17:00:40.957 14281 14281 D wpa_supplicant: p2p-dev-wlan0: Radio work 'p2p-listen'@0x7f9581c2d0 done in 0.290525 seconds
08-21 17:00:40.957 14281 14281 D wpa_supplicant: P2P: Driver ended Listen state (freq=2462)
08-21 17:00:40.958 14281 14281 D wpa_supplicant: nl80211: BSS Event 59 (NL80211_CMD_FRAME) received for p2p-dev-wlan0
08-21 17:00:40.958 14281 14281 D wpa_supplicant: nl80211: RX frame sa=4e:09:d4:43:0e:ee freq=2462 ssi_signal=0 stype=13 (WLAN_FC_STYPE_ACTION) len=157
08-21 17:00:40.958 14281 14281 D wpa_supplicant: p2p-dev-wlan0: Event RX_MGMT (20) received
08-21 17:00:40.959 14281 14281 D wpa_supplicant: p2p-dev-wlan0: Received Action frame: SA=4e:09:d4:43:0e:ee Category=4 DataLen=132 freq=2462 MHz
08-21 17:00:40.959 14281 14281 D wpa_supplicant: P2P: RX P2P Public Action from 4e:09:d4:43:0e:ee
08-21 17:00:40.959 14281 14281 D wpa_supplicant: P2P: Received GO Negotiation Confirm from 4e:09:d4:43:0e:ee
08-21 17:00:40.959 14281 14281 D wpa_supplicant: P2P: Stopped waiting for TX status on GO Negotiation Response since we already received Confirmation
08-21 17:00:40.959 14281 14281 D wpa_supplicant: P2P: Parsing the received message
08-21 17:00:40.959 14281 14281 D wpa_supplicant: P2P: * Dialog Token: 5
08-21 17:00:40.959 14281 14281 D wpa_supplicant: P2P: Parsing WPS IE
08-21 17:00:40.959 14281 14281 D wpa_supplicant: P2P: Device Password ID: 4
08-21 17:00:40.959 14281 14281 D wpa_supplicant: P2P: Parsing P2P IE
08-21 17:00:40.959 14281 14281 D wpa_supplicant: P2P: Attribute 0 length 1
08-21 17:00:40.959 14281 14281 D wpa_supplicant: P2P: * Status: 0
08-21 17:00:40.959 14281 14281 D wpa_supplicant: P2P: Attribute 2 length 2
08-21 17:00:40.960 14281 14281 D wpa_supplicant: P2P: * Device Capability 34 Group Capability 01
08-21 17:00:40.960 14281 14281 D wpa_supplicant: P2P: Attribute 17 length 5
08-21 17:00:40.960 14281 14281 D wpa_supplicant: P2P: * Operating Channel: Country BR(0x04) Regulatory Class 115 Channel Number 36
08-21 17:00:40.960 14281 14281 D wpa_supplicant: P2P: Attribute 11 length 30
08-21 17:00:40.960 14281 14281 D wpa_supplicant: P2P: * Channel List: Country String 'BR(0x04)'
08-21 17:00:40.960 14281 14281 D wpa_supplicant: P2P: Attribute 15 length 34
08-21 17:00:40.960 14281 14281 D wpa_supplicant: P2P: * P2P Group ID: Device Address 4e:09:d4:43:0e:ee
08-21 17:00:40.960 14281 14281 D wpa_supplicant: P2P: * P2P Group ID: SSID - hexdump(len=28): 44 49 52 45 43 54 2d 41 50 5b 54 56 5d 5b 4c 47 5d 33 32 4c 42 35 38 30 42 2d 53 41
08-21 17:00:40.961 14281 14281 D wpa_supplicant: Off-channel: Action frame sequence done notification
08-21 17:00:40.961 14281 14281 D wpa_supplicant: nl80211: Cancel TX frame wait: cookie=0x54
08-21 17:00:40.961 14281 14281 D wpa_supplicant: P2P: 20 ms wait on current channel before starting group
08-21 17:00:40.982 14281 14281 D wpa_supplicant: P2P: GO Negotiation with 4e:09:d4:43:0e:ee completed (peer will be GO)
08-21 17:00:40.982 14281 14281 D wpa_supplicant: P2P: own channels: 81:1,2,3,4,5,6,7,8,9,10,11,12,13 115:36,40,44,48 124:149,153,157,161
08-21 17:00:40.983 14281 14281 D wpa_supplicant: P2P: peer channels: 81:1,2,3,4,5,6,7,8,9,10,11,12,13 115:36,40,44,48 124:149,153,157,161 125:165 116:36,44 126:149,157 117:40,48 127:153,161
08-21 17:00:40.983 14281 14281 D wpa_supplicant: P2P: Clear timeout (state=GO_NEG)
08-21 17:00:40.983 14281 14281 D wpa_supplicant: P2P: State GO_NEG -> PROVISIONING
08-21 17:00:40.983 14281 14281 I wpa_supplicant: P2P-GO-NEG-SUCCESS role=client freq=5180 ht40=0 peer_dev=4e:09:d4:43:0e:ee peer_iface=4e:09:d4:43:8e:ee wps_method=PBC
08-21 17:00:40.983 14281 14281 D wpa_supplicant: CTRL_IFACE monitor sent successfully to /data/misc/wifi/sockets/wpa_ctrl_4223-4\x00
08-21 17:00:40.984 14281 14281 D wpa_supplicant: CTRL_IFACE monitor sent successfully to /data/misc/wifi/sockets/wpa_ctrl_1567-5\x00
08-21 17:00:40.984 14281 14281 D wpa_supplicant: Override interface parameter: ctrl_interface ('/data/misc/wifi/sockets' -> '/data/misc/wifi/sockets')
08-21 17:00:40.984 14281 14281 D wpa_supplicant: Initializing interface 'p2p-wlan0-0' conf 'N/A' driver 'nl80211' ctrl_interface '/data/misc/wifi/sockets' bridge 'N/A'
08-21 17:00:40.984 14281 14281 I wpa_supplicant: rfkill: Cannot open RFKILL control device
08-21 17:00:40.984 14281 14281 D wpa_supplicant: nl80211: RFKILL status not available
08-21 17:00:40.986 14281 14281 D wpa_supplicant: nl80211: TDLS supported
08-21 17:00:40.986 14281 14281 D wpa_supplicant: nl80211: Supported cipher 00-0f-ac:1
08-21 17:00:40.986 14281 14281 D wpa_supplicant: nl80211: Supported cipher 00-0f-ac:5
08-21 17:00:40.986 14281 14281 D wpa_supplicant: nl80211: Supported cipher 00-0f-ac:2
08-21 17:00:40.986 14281 14281 D wpa_supplicant: nl80211: Supported cipher 00-0f-ac:4
08-21 17:00:40.986 14281 14281 D wpa_supplicant: nl80211: Supported cipher 00-0f-ac:6
08-21 17:00:40.986 14281 14281 D wpa_supplicant: nl80211: Supported cipher 00-90-4c:0
08-21 17:00:40.986 14281 14281 D wpa_supplicant: nl80211: Using driver-based off-channel TX
08-21 17:00:40.987 14281 14281 D wpa_supplicant: nl80211: Supported vendor command: vendor_id=0x1018 subcmd=1
08-21 17:00:40.987 14281 14281 D wpa_supplicant: nl80211: Supported vendor command: vendor_id=0x1a11 subcmd=4106
08-21 17:00:40.987 14281 14281 D wpa_supplicant: nl80211: Supported vendor command: vendor_id=0x1a11 subcmd=4107
08-21 17:00:40.987  4223 14333 D P2pExtMonWorker: Event [P2P-GO-NEG-SUCCESS role=client freq=5180 ht40=0 peer_dev=4e:09:d4:43:0e:ee peer_iface=4e:09:d4:43:8e:ee wps_method=PBC]
08-21 17:00:40.987 14281 14281 D wpa_supplicant: nl80211: Supported vendor command: vendor_id=0x1a11 subcmd=4108
08-21 17:00:40.989 14281 14281 D wpa_supplicant: nl80211: Supported vendor event: vendor_id=0x1018 subcmd=0
08-21 17:00:40.989 14281 14281 D wpa_supplicant: nl80211: Supported vendor event: vendor_id=0x1018 subcmd=1
08-21 17:00:40.989 14281 14281 D wpa_supplicant: nl80211: Use separate P2P group interface (driver advertised support)
08-21 17:00:40.989 14281 14281 D wpa_supplicant: nl80211: Enable multi-channel concurrent (driver advertised support)
08-21 17:00:40.991 14281 14281 D wpa_supplicant: nl80211: Disable use_monitor with device_ap_sme since no monitor mode support detected
08-21 17:00:40.992 14281 14281 D wpa_supplicant: nl80211: interface p2p-wlan0-0 in phy phy0
08-21 17:00:40.992 14281 14281 D wpa_supplicant: nl80211: Set mode ifindex 31 iftype 8 (P2P_CLIENT)
08-21 17:00:40.992 14281 14281 D wpa_supplicant: nl80211: Set TX rates failed: ret=-95 (Operation not supported on transport endpoint)
08-21 17:00:40.992 14281 14281 D wpa_supplicant: nl80211: Subscribe to mgmt frames with non-AP handle 0x7f95821ac0
08-21 17:00:40.992 14281 14281 D wpa_supplicant: nl80211: Register frame type=0xd0 (WLAN_FC_STYPE_ACTION) nl_handle=0x7f95821ac0 match=0104
08-21 17:00:40.992 14281 14281 D wpa_supplicant: nl80211: Register frame type=0xd0 (WLAN_FC_STYPE_ACTION) nl_handle=0x7f95821ac0 match=040a
08-21 17:00:40.992 14281 14281 D wpa_supplicant: nl80211: Register frame type=0xd0 (WLAN_FC_STYPE_ACTION) nl_handle=0x7f95821ac0 match=040b
08-21 17:00:40.993 14281 14281 D wpa_supplicant: nl80211: Register frame type=0xd0 (WLAN_FC_STYPE_ACTION) nl_handle=0x7f95821ac0 match=040c
08-21 17:00:40.993 14281 14281 D wpa_supplicant: nl80211: Register frame type=0xd0 (WLAN_FC_STYPE_ACTION) nl_handle=0x7f95821ac0 match=040d
08-21 17:00:40.993 14281 14281 D wpa_supplicant: nl80211: Register frame type=0xd0 (WLAN_FC_STYPE_ACTION) nl_handle=0x7f95821ac0 match=090a
08-21 17:00:40.993 14281 14281 D wpa_supplicant: nl80211: Register frame type=0xd0 (WLAN_FC_STYPE_ACTION) nl_handle=0x7f95821ac0 match=090b
08-21 17:00:40.993 14281 14281 D wpa_supplicant: nl80211: Register frame type=0xd0 (WLAN_FC_STYPE_ACTION) nl_handle=0x7f95821ac0 match=090c
08-21 17:00:40.993 14281 14281 D wpa_supplicant: nl80211: Register frame type=0xd0 (WLAN_FC_STYPE_ACTION) nl_handle=0x7f95821ac0 match=090d
08-21 17:00:40.993 14281 14281 D wpa_supplicant: nl80211: Register frame type=0xd0 (WLAN_FC_STYPE_ACTION) nl_handle=0x7f95821ac0 match=0409506f9a09
08-21 17:00:40.993 14281 14281 D wpa_supplicant: nl80211: Register frame type=0xd0 (WLAN_FC_STYPE_ACTION) nl_handle=0x7f95821ac0 match=7f506f9a09
08-21 17:00:40.993 14281 14281 D wpa_supplicant: nl80211: Register frame type=0xd0 (WLAN_FC_STYPE_ACTION) nl_handle=0x7f95821ac0 match=0801
08-21 17:00:40.993 14281 14281 D wpa_supplicant: nl80211: Register frame type=0xd0 (WLAN_FC_STYPE_ACTION) nl_handle=0x7f95821ac0 match=040e
08-21 17:00:40.994 14281 14281 D wpa_supplicant: nl80211: Register frame type=0xd0 (WLAN_FC_STYPE_ACTION) nl_handle=0x7f95821ac0 match=06
08-21 17:00:40.994 14281 14281 D wpa_supplicant: nl80211: Register frame type=0xd0 (WLAN_FC_STYPE_ACTION) nl_handle=0x7f95821ac0 match=0a07
08-21 17:00:40.994 14281 14281 D wpa_supplicant: nl80211: Register frame type=0xd0 (WLAN_FC_STYPE_ACTION) nl_handle=0x7f95821ac0 match=0a11
08-21 17:00:40.994 14281 14281 D wpa_supplicant: nl80211: Register frame type=0xd0 (WLAN_FC_STYPE_ACTION) nl_handle=0x7f95821ac0 match=0a1a
08-21 17:00:41.002 14281 14281 D wpa_supplicant: netlink: Operstate: ifindex=31 linkmode=1 (userspace-control), operstate=5 (IF_OPER_DORMANT)
08-21 17:00:41.005 14281 14281 D wpa_supplicant: nl80211: driver param='use_p2p_group_interface=1p2p_device=1'
08-21 17:00:41.006 14281 14281 D wpa_supplicant: nl80211: Use separate P2P group interface
08-21 17:00:41.006 14281 14281 D wpa_supplicant: Add interface p2p-wlan0-0 to existing radio phy0
08-21 17:00:41.007 14281 14281 D wpa_supplicant: nl80211: Regulatory information - country=00
08-21 17:00:41.008 14281 14281 D wpa_supplicant: nl80211: 2402-2472 @ 40 MHz 20 mBm
08-21 17:00:41.008 14281 14281 D wpa_supplicant: nl80211: 2457-2482 @ 40 MHz 20 mBm (no IR)
08-21 17:00:41.008 14281 14281 D wpa_supplicant: nl80211: 2474-2494 @ 20 MHz 20 mBm (no OFDM) (no IR)
08-21 17:00:41.008 14281 14281 D wpa_supplicant: nl80211: 5170-5250 @ 80 MHz 20 mBm (no IR)
08-21 17:00:41.008 14281 14281 D wpa_supplicant: nl80211: 5250-5330 @ 80 MHz 20 mBm (no IR)
08-21 17:00:41.008 14281 14281 D wpa_supplicant: nl80211: 5490-5710 @ 80 MHz 20 mBm (no IR)
08-21 17:00:41.008 14281 14281 D wpa_supplicant: nl80211: 5735-5835 @ 80 MHz 20 mBm (no IR)
08-21 17:00:41.008 14281 14281 D wpa_supplicant: nl80211: 57240-63720 @ 2160 MHz 0 mBm
08-21 17:00:41.009 14281 14281 D wpa_supplicant: nl80211: Added 802.11b mode based on 802.11g information
08-21 17:00:41.089 14281 14281 D wpa_supplicant: p2p-wlan0-0: Own MAC address: 02:90:4c:d4:82:ca
08-21 17:00:41.089 14281 14281 D wpa_supplicant: wpa_driver_nl80211_set_key: ifindex=31 (p2p-wlan0-0) alg=0 addr=0x0 key_idx=0 set_tx=0 seq_len=0 key_len=0
08-21 17:00:41.090 14281 14281 D wpa_supplicant: wpa_driver_nl80211_set_key: ifindex=31 (p2p-wlan0-0) alg=0 addr=0x0 key_idx=1 set_tx=0 seq_len=0 key_len=0
08-21 17:00:41.090 14281 14281 D wpa_supplicant: wpa_driver_nl80211_set_key: ifindex=31 (p2p-wlan0-0) alg=0 addr=0x0 key_idx=2 set_tx=0 seq_len=0 key_len=0
08-21 17:00:41.090 14281 14281 D wpa_supplicant: wpa_driver_nl80211_set_key: ifindex=31 (p2p-wlan0-0) alg=0 addr=0x0 key_idx=3 set_tx=0 seq_len=0 key_len=0
08-21 17:00:41.090 14281 14281 D wpa_supplicant: wpa_driver_nl80211_set_key: ifindex=31 (p2p-wlan0-0) alg=0 addr=0x0 key_idx=4 set_tx=0 seq_len=0 key_len=0
08-21 17:00:41.090 14281 14281 D wpa_supplicant: wpa_driver_nl80211_set_key: ifindex=31 (p2p-wlan0-0) alg=0 addr=0x0 key_idx=5 set_tx=0 seq_len=0 key_len=0
08-21 17:00:41.090 14281 14281 D wpa_supplicant: p2p-wlan0-0: RSN: flushing PMKID list in the driver
08-21 17:00:41.090 14281 14281 D wpa_supplicant: nl80211: Flush PMKIDs
08-21 17:00:41.090 14281 14281 D wpa_supplicant: p2p-wlan0-0: State: DISCONNECTED -> INACTIVE
08-21 17:00:41.091  4223 14333 D P2pExtMonWorker: Event [CTRL-EVENT-STATE-CHANGE id=-1 state=2 BSSID=00:00:00:00:00:00 SSID=]
08-21 17:00:41.091 14281 14281 D wpa_supplicant: CTRL_IFACE monitor sent successfully to /data/misc/wifi/sockets/wpa_ctrl_4223-4\x00
08-21 17:00:41.092 14281 14281 D wpa_supplicant: CTRL_IFACE monitor sent successfully to /data/misc/wifi/sockets/wpa_ctrl_1567-5\x00
08-21 17:00:41.139 14281 14281 D wpa_supplicant: TDLS: TDLS operation supported by driver
08-21 17:00:41.140 14281 14281 D wpa_supplicant: TDLS: Driver uses internal link setup
08-21 17:00:41.140 14281 14281 D wpa_supplicant: p2p-wlan0-0: WPS: UUID from the first interface: d139843d-4864-562c-ade5-f004a7cb8df8
08-21 17:00:41.140 14281 14281 D wpa_supplicant: EAPOL: SUPP_PAE entering state DISCONNECTED
08-21 17:00:41.140 14281 14281 D wpa_supplicant: EAPOL: Supplicant port status: Unauthorized
08-21 17:00:41.140 14281 14281 D wpa_supplicant: nl80211: Skip set_supp_port(unauthorized) while not associated
08-21 17:00:41.140 14281 14281 D wpa_supplicant: EAPOL: KEY_RX entering state NO_KEY_RECEIVE
08-21 17:00:41.140 14281 14281 D wpa_supplicant: EAPOL: SUPP_BE entering state INITIALIZE
08-21 17:00:41.140 14281 14281 D wpa_supplicant: EAP: EAP entering state DISABLED
08-21 17:00:41.140 14281 14281 D wpa_supplicant: Using existing control interface directory.
08-21 17:00:41.141 14281 14281 D wpa_supplicant: p2p-wlan0-0: Added interface p2p-wlan0-0
08-21 17:00:41.142 14281 14281 D wpa_supplicant: p2p-wlan0-0: State: INACTIVE -> DISCONNECTED
08-21 17:00:41.142 14281 14281 D wpa_supplicant: nl80211: Set p2p-wlan0-0 operstate 0->0 (DORMANT)
08-21 17:00:41.142 14281 14281 D wpa_supplicant: netlink: Operstate: ifindex=31 linkmode=-1 (no change), operstate=5 (IF_OPER_DORMANT)
08-21 17:00:41.142 14281 14281 D wpa_supplicant: CTRL_IFACE monitor sent successfully to /data/misc/wifi/sockets/wpa_ctrl_4223-4\x00
08-21 17:00:41.142 14281 14281 D wpa_supplicant: CTRL_IFACE monitor sent successfully to /data/misc/wifi/sockets/wpa_ctrl_1567-5\x00
08-21 17:00:41.142 14281 14281 D wpa_supplicant: P2P: Start WPS Enrollee for peer 4e:09:d4:43:8e:ee dev_addr 4e:09:d4:43:0e:ee wps_method 3
08-21 17:00:41.142  4223 14333 D P2pExtMonWorker: Event [CTRL-EVENT-STATE-CHANGE id=-1 state=0 BSSID=00:00:00:00:00:00 SSID=]
08-21 17:00:41.142 14281 14281 D wpa_supplicant: P2P: Start WPS Enrollee for SSID - hexdump(len=28): 44 49 52 45 43 54 2d 41 50 5b 54 56 5d 5b 4c 47 5d 33 32 4c 42 35 38 30 42 2d 53 41
08-21 17:00:41.142 14281 14281 D wpa_supplicant: WPS: Use specific AP SSID - hexdump(len=28): 44 49 52 45 43 54 2d 41 50 5b 54 56 5d 5b 4c 47 5d 33 32 4c 42 35 38 30 42 2d 53 41
08-21 17:00:41.142 14281 14281 D wpa_supplicant: p2p-wlan0-0: Setting scan request: 0.000000 sec
08-21 17:00:41.142 14281 14281 D wpa_supplicant: wpas_wps_start_pbc isWPS : 0
08-21 17:00:41.142 14281 14281 D wpa_supplicant: OTA_TEST prop_ota_enable: 0
08-21 17:00:41.142 14281 14281 D wpa_supplicant: wlan0: P2P: Another interface (p2p-wlan0-0) in group formation
08-21 17:00:41.142 14281 14281 I wpa_supplicant: [LGE_P2P] is_hs20_enable() skip!! hs20 while in p2p_in_progress
08-21 17:00:41.142 14281 14281 D wpa_supplicant: wlan0: P2P: Another interface (p2p-wlan0-0) in group formation
08-21 17:00:41.142 14281 14281 D wpa_supplicant: wlan0: Delay station mode scan while P2P operation is in progress
08-21 17:00:41.142 14281 14281 D wpa_supplicant: wlan0: Setting scan request: 5.000000 sec
08-21 17:00:41.142 14281 14281 D wpa_supplicant: wlan0: Control interface command 'SET pno 0'
08-21 17:00:41.142 14281 14281 D wpa_supplicant: CTRL_IFACE SET 'pno'='0'
08-21 17:00:41.143 14281 14281 D wpa_supplicant: RTM_NEWLINK: ifi_index=31 ifname=p2p-wlan0-0 operstate=0 linkmode=0 ifi_flags=0x11043 ([UP][RUNNING][LOWER_UP])
08-21 17:00:41.143 14281 14281 D wpa_supplicant: RTM_NEWLINK: ifi_index=31 ifname=p2p-wlan0-0 operstate=5 linkmode=0 ifi_flags=0x11003 ([UP][LOWER_UP])
08-21 17:00:41.143 14281 14281 D wpa_supplicant: nl80211: Drv Event 60 (NL80211_CMD_FRAME_TX_STATUS) received for p2p-dev-wlan0
08-21 17:00:41.143 14281 14281 D wpa_supplicant: nl80211: Frame TX status event
08-21 17:00:41.143 14281 14281 D wpa_supplicant: nl80211: Action TX status: cookie=054 (match) (ack=1)
08-21 17:00:41.143 14281 14281 D wpa_supplicant: p2p-dev-wlan0: Event TX_STATUS (18) received
08-21 17:00:41.143 14281 14281 D wpa_supplicant: p2p-dev-wlan0: EVENT_TX_STATUS dst=4e:09:d4:43:0e:ee type=0 stype=13
08-21 17:00:41.143 14281 14281 D wpa_supplicant: Off-channel: Ignore Action TX status - no pending operation
08-21 17:00:41.143 14281 14281 D wpa_supplicant: OTA_TEST prop_ota_enable: 0
08-21 17:00:41.143 14281 14281 D wpa_supplicant: p2p-wlan0-0: State: DISCONNECTED -> SCANNING
08-21 17:00:41.143 14281 14281 D wpa_supplicant: CTRL_IFACE monitor sent successfully to /data/misc/wifi/sockets/wpa_ctrl_4223-4\x00
08-21 17:00:41.144 14281 14281 D wpa_supplicant: CTRL_IFACE monitor sent successfully to /data/misc/wifi/sockets/wpa_ctrl_1567-5\x00
08-21 17:00:41.144 14281 14281 D wpa_supplicant: P2P: Use specific SSID for scan during P2P group formation (p2p_in_provisioning=1 show_group_started=0)
08-21 17:00:41.144 14281 14281 D wpa_supplicant: p2p-wlan0-0: P2P: Scan only GO preferred frequency 5180 MHz
08-21 17:00:41.144 14281 14281 D wpa_supplicant: WPS: Building WPS IE for Probe Request
08-21 17:00:41.144 14281 14281 D wpa_supplicant: WPS:  * Version (hardcoded 0x10)
08-21 17:00:41.144 14281 14281 D wpa_supplicant: WPS:  * Request Type
08-21 17:00:41.144  4223 14333 D P2pExtMonWorker: Event [CTRL-EVENT-STATE-CHANGE id=-1 state=3 BSSID=00:00:00:00:00:00 SSID=]
08-21 17:00:41.144 14281 14281 D wpa_supplicant: WPS:  * Config Methods (2148)
08-21 17:00:41.144 14281 14281 D wpa_supplicant: WPS:  * UUID-E
08-21 17:00:41.144 14281 14281 D wpa_supplicant: WPS:  * Primary Device Type
08-21 17:00:41.144 14281 14281 D wpa_supplicant: WPS:  * RF Bands (3)
08-21 17:00:41.144 14281 14281 D wpa_supplicant: WPS:  * Association State
08-21 17:00:41.144 14281 14281 D wpa_supplicant: WPS:  * Configuration Error (0)
08-21 17:00:41.144 14281 14281 D wpa_supplicant: WPS:  * Device Password ID (4)
08-21 17:00:41.144 14281 14281 D wpa_supplicant: WPS:  * Manufacturer
08-21 17:00:41.144 14281 14281 D wpa_supplicant: WPS:  * Model Name
08-21 17:00:41.144 14281 14281 D wpa_supplicant: WPS:  * Model Number
08-21 17:00:41.144 14281 14281 D wpa_supplicant: WPS:  * Device Name
08-21 17:00:41.144 14281 14281 D wpa_supplicant: WPS:  * Version2 (0x20)
08-21 17:00:41.144 14281 14281 D wpa_supplicant: WPS:  * Request to Enroll (1)
08-21 17:00:41.144 14281 14281 D wpa_supplicant: WFDS: Extra buffer length (0) for Scan Request
08-21 17:00:41.144 14281 14281 D wpa_supplicant: P2P: * P2P IE header
08-21 17:00:41.144 14281 14281 D wpa_supplicant: P2P: * Capability dev=25 group=00
08-21 17:00:41.144 14281 14281 D wpa_supplicant: P2P: * Listen Channel: Regulatory Class 81 Channel 11
08-21 17:00:41.144 14281 14281 D wpa_supplicant: p2p-wlan0-0: Add radio work 'scan'@0x7f9581c1e0
08-21 17:00:41.144 14281 14281 D wpa_supplicant: p2p-wlan0-0: First radio work item in the queue - schedule start immediately
08-21 17:00:41.144 14281 14281 D wpa_supplicant: p2p-wlan0-0: Starting radio work 'scan'@0x7f9581c1e0 after 0.000097 second wait
08-21 17:00:41.144 14281 14281 D wpa_supplicant: p2p-wlan0-0: nl80211: scan request
08-21 17:00:41.144 14281 14281 D wpa_supplicant: nl80211: P2P probe - mask SuppRates
08-21 17:00:41.264 14281 14281 D wpa_supplicant: Scan requested (ret=0) - scan timeout 10 seconds
08-21 17:00:41.264 14281 14281 D wpa_supplicant: wlan0: Control interface command 'SCAN TYPE=ONLY'
08-21 17:00:41.265 14281 14281 D wpa_supplicant: wlan0: Rescheduling scan request: 0.000000 sec
08-21 17:00:41.265 14281 14281 D wpa_supplicant: OTA_TEST prop_ota_enable: 0
08-21 17:00:41.265 14281 14281 D wpa_supplicant: wlan0: P2P: Another interface (p2p-wlan0-0) in group formation
08-21 17:00:41.265 14281 14281 I wpa_supplicant: [LGE_P2P] is_hs20_enable() skip!! hs20 while in p2p_in_progress
08-21 17:00:41.265 14281 14281 D wpa_supplicant: wlan0: P2P: Another interface (p2p-wlan0-0) in group formation
08-21 17:00:41.265 14281 14281 D wpa_supplicant: wlan0: Delay station mode scan while P2P operation is in progress
08-21 17:00:41.266 14281 14281 D wpa_supplicant: wlan0: Setting scan request: 5.000000 sec
08-21 17:00:41.266 14281 14281 D wpa_supplicant: nl80211: Drv Event 33 (NL80211_CMD_TRIGGER_SCAN) received for p2p-wlan0-0
08-21 17:00:41.266 14281 14281 D wpa_supplicant: p2p-wlan0-0: nl80211: Scan trigger
08-21 17:00:41.266 14281 14281 D wpa_supplicant: p2p-wlan0-0: Event SCAN_STARTED (49) received
08-21 17:00:41.266 14281 14281 D wpa_supplicant: p2p-wlan0-0: Own scan request started a scan in 0.001593 seconds
08-21 17:00:41.266 14281 14281 I wpa_supplicant: p2p-wlan0-0: CTRL-EVENT-SCAN-STARTED 
08-21 17:00:41.266 14281 14281 D wpa_supplicant: CTRL_IFACE monitor sent successfully to /data/misc/wifi/sockets/wpa_ctrl_4223-4\x00
08-21 17:00:41.267  4223 14333 D P2pExtMonWorker: Event [CTRL-EVENT-SCAN-STARTED ]
08-21 17:00:41.268 14281 14281 D wpa_supplicant: CTRL_IFACE monitor sent successfully to /data/misc/wifi/sockets/wpa_ctrl_1567-5\x00
08-21 17:00:41.473 14281 14281 D wpa_supplicant: nl80211: Drv Event 34 (NL80211_CMD_NEW_SCAN_RESULTS) received for p2p-wlan0-0
08-21 17:00:41.473 14281 14281 D wpa_supplicant: p2p-wlan0-0: nl80211: New scan results available
08-21 17:00:41.474 14281 14281 D wpa_supplicant: nl80211: Scan probed for SSID 'DIRECT-AP[TV][LG]32LB580B-SA'
08-21 17:00:41.474 14281 14281 D wpa_supplicant: nl80211: Scan included frequencies: 5180
08-21 17:00:41.474 14281 14281 D wpa_supplicant: p2p-wlan0-0: Event SCAN_RESULTS (3) received
08-21 17:00:41.474 14281 14281 D wpa_supplicant: p2p-wlan0-0: Scan completed in 0.207815 seconds
08-21 17:00:41.474 14281 14281 D wpa_supplicant: nl80211: Received scan results (0 BSSes)
08-21 17:00:41.474 14281 14281 D wpa_supplicant: p2p-wlan0-0: WPS: Order scan results with WPS provisioning rules
08-21 17:00:41.475 14281 14281 D wpa_supplicant: p2p-wlan0-0: BSS: Start scan result update 1
08-21 17:00:41.475 14281 14281 D wpa_supplicant: BSS: last_scan_res_used=0/0
08-21 17:00:41.475 14281 14281 D wpa_supplicant: p2p-wlan0-0: New scan results available (own=1 ext=0)
08-21 17:00:41.475 14281 14281 D wpa_supplicant: CTRL_IFACE monitor sent successfully to /data/misc/wifi/sockets/wpa_ctrl_4223-4\x00
08-21 17:00:41.475 14281 14281 D wpa_supplicant: CTRL_IFACE monitor sent successfully to /data/misc/wifi/sockets/wpa_ctrl_1567-5\x00
08-21 17:00:41.475 14281 14281 D wpa_supplicant: p2p-wlan0-0: Radio work 'scan'@0x7f9581c1e0 done in 0.331135 seconds
08-21 17:00:41.475 14281 14281 D wpa_supplicant: wpas_select_network_from_last_scan
08-21 17:00:41.476 14281 14281 D wpa_supplicant: p2p-wlan0-0: No suitable network found
08-21 17:00:41.476 14281 14281 D wpa_supplicant: [LGE_WLAN]p2p scan delay set 250ms
08-21 17:00:41.476 14281 14281 D wpa_supplicant: p2p-wlan0-0: Setting scan request: 0.250000 sec
08-21 17:00:41.476 14281 14281 D wpa_supplicant: p2p-dev-wlan0: Updating scan results from sibling
08-21 17:00:41.476  4223 14333 D P2pExtMonWorker: Event [CTRL-EVENT-SCAN-RESULTS ]
08-21 17:00:41.476 14281 14281 D wpa_supplicant: nl80211: Received scan results (0 BSSes)
08-21 17:00:41.476 14281 14281 D wpa_supplicant: p2p-dev-wlan0: BSS: Start scan result update 996
08-21 17:00:41.477 14281 14281 D wpa_supplicant: BSS: last_scan_res_used=0/64
08-21 17:00:41.477 14281 14281 D wpa_supplicant: p2p-dev-wlan0: New scan results available (own=0 ext=0)
08-21 17:00:41.477 14281 14281 D wpa_supplicant: CTRL_IFACE monitor sent successfully to /data/misc/wifi/sockets/wpa_ctrl_4223-4\x00
08-21 17:00:41.477 14281 14281 D wpa_supplicant: CTRL_IFACE monitor sent successfully to /data/misc/wifi/sockets/wpa_ctrl_1567-5\x00
08-21 17:00:41.477  4223 14333 D P2pExtMonWorker: Event [CTRL-EVENT-SCAN-RESULTS ]
08-21 17:00:41.477 14281 14281 D wpa_supplicant: WPS: AP[0] c6:36:6c:06:4a:4c type=0 tries=0 last_attempt=-1 sec ago blacklist=0
08-21 17:00:41.477 14281 14281 D wpa_supplicant: wpas_select_network_from_last_scan
08-21 17:00:41.478 14281 14281 D wpa_supplicant: p2p-dev-wlan0: No suitable network found
08-21 17:00:41.478 14281 14281 D wpa_supplicant: wlan0: Updating scan results from sibling
08-21 17:00:41.479 14281 14281 D wpa_supplicant: nl80211: Received scan results (0 BSSes)
08-21 17:00:41.480 14281 14281 D wpa_supplicant: wlan0: BSS: Start scan result update 99
08-21 17:00:41.480 14281 14281 D wpa_supplicant: BSS: last_scan_res_used=0/128
08-21 17:00:41.480 14281 14281 D wpa_supplicant: wlan0: New scan results available (own=0 ext=0)
08-21 17:00:41.480 14281 14281 D wpa_supplicant: CTRL_IFACE monitor sent successfully to /data/misc/wifi/sockets/wpa_ctrl_4223-4\x00
08-21 17:00:41.481 14281 14281 D wpa_supplicant: CTRL_IFACE monitor sent successfully to /data/misc/wifi/sockets/wpa_ctrl_1567-5\x00
08-21 17:00:41.481 14281 14281 D wpa_supplicant: wlan0: State: SCANNING -> DISCONNECTED
08-21 17:00:41.481 14281 14281 D wpa_supplicant: nl80211: Set wlan0 operstate 0->0 (DORMANT)
08-21 17:00:41.481 14281 14281 D wpa_supplicant: netlink: Operstate: ifindex=5 linkmode=-1 (no change), operstate=5 (IF_OPER_DORMANT)
08-21 17:00:41.481 14281 14281 D wpa_supplicant: CTRL_IFACE monitor sent successfully to /data/misc/wifi/sockets/wpa_ctrl_4223-4\x00
08-21 17:00:41.481 14281 14281 D wpa_supplicant: CTRL_IFACE monitor sent successfully to /data/misc/wifi/sockets/wpa_ctrl_1567-5\x00
08-21 17:00:41.490 14281 14281 D wpa_supplicant: wlan0: Control interface command 'BSS RANGE=0- MASK=0x29d87'
08-21 17:00:41.498 14281 14281 D wpa_supplicant: wlan0: Control interface command 'BSS RANGE=680- MASK=0x29d87'
08-21 17:00:41.510 14281 14281 D wpa_supplicant: wlan0: Control interface command 'BSS RANGE=688- MASK=0x29d87'
08-21 17:00:41.516 14281 14281 D wpa_supplicant: wlan0: Control interface command 'BSS RANGE=699- MASK=0x29d87'
08-21 17:00:41.524 14281 14281 D wpa_supplicant: wlan0: Control interface command 'BSS RANGE=719- MASK=0x29d87'
08-21 17:00:41.527 14281 14281 D wpa_supplicant: wlan0: Control interface command 'BSS RANGE=743- MASK=0x29d87'
08-21 17:00:41.530 14281 14281 D wpa_supplicant: wlan0: Control interface command 'BSS RANGE=750- MASK=0x29d87'
08-21 17:00:41.548 14281 14281 D wpa_supplicant: wlan0: Control interface command 'STATUS-NO_EVENTS'
08-21 17:00:41.555  4131  4131 I [MY_PLACE_ENGINE::CLUSTERING]: API > getOnOffStatus > status : 0
08-21 17:00:41.555  1567  1567 D WifiServerServiceExt: SUPPLICANT_STATE_CHANGED_ACTION
08-21 17:00:41.555  1567  1567 D WifiServerServiceExt: setSupplicantStateDISCONNECTED
08-21 17:00:41.575  4131  4131 I [MY_PLACE_ENGINE::MOVEMENT]: WIFI_MANAGER :: 0821_170041  Engine OFF >> Do Nothing.... 
08-21 17:00:41.595 31963 31963 V WiFiOffLoadBroadcast: WiFiOffLoadBroadcast: android.net.wifi.SCAN_RESULTS
08-21 17:00:41.598 31963 31963 D WiFiOffLoadBroadcast: Not supported operator for automatic switch
08-21 17:00:41.727 14281 14281 D wpa_supplicant: OTA_TEST prop_ota_enable: 0
08-21 17:00:41.727 14281 14281 D wpa_supplicant: P2P: Use specific SSID for scan during P2P group formation (p2p_in_provisioning=2 show_group_started=0)
08-21 17:00:41.727 14281 14281 D wpa_supplicant: p2p-wlan0-0: P2P: Scan only GO preferred frequency 5180 MHz
08-21 17:00:41.728 14281 14281 D wpa_supplicant: WPS: Building WPS IE for Probe Request
08-21 17:00:41.728 14281 14281 D wpa_supplicant: WPS:  * Version (hardcoded 0x10)
08-21 17:00:41.728 14281 14281 D wpa_supplicant: WPS:  * Request Type
08-21 17:00:41.728 14281 14281 D wpa_supplicant: WPS:  * Config Methods (2148)
08-21 17:00:41.728 14281 14281 D wpa_supplicant: WPS:  * UUID-E
08-21 17:00:41.728 14281 14281 D wpa_supplicant: WPS:  * Primary Device Type
08-21 17:00:41.728 14281 14281 D wpa_supplicant: WPS:  * RF Bands (3)
08-21 17:00:41.728 14281 14281 D wpa_supplicant: WPS:  * Association State
08-21 17:00:41.728 14281 14281 D wpa_supplicant: WPS:  * Configuration Error (0)
08-21 17:00:41.728 14281 14281 D wpa_supplicant: WPS:  * Device Password ID (4)
08-21 17:00:41.728 14281 14281 D wpa_supplicant: WPS:  * Manufacturer
08-21 17:00:41.728 14281 14281 D wpa_supplicant: WPS:  * Model Name
08-21 17:00:41.728 14281 14281 D wpa_supplicant: WPS:  * Model Number
08-21 17:00:41.729 14281 14281 D wpa_supplicant: WPS:  * Device Name
08-21 17:00:41.729 14281 14281 D wpa_supplicant: WPS:  * Version2 (0x20)
08-21 17:00:41.729 14281 14281 D wpa_supplicant: WPS:  * Request to Enroll (1)
08-21 17:00:41.729 14281 14281 D wpa_supplicant: WFDS: Extra buffer length (0) for Scan Request
08-21 17:00:41.729 14281 14281 D wpa_supplicant: P2P: * P2P IE header
08-21 17:00:41.729 14281 14281 D wpa_supplicant: P2P: * Capability dev=25 group=00
08-21 17:00:41.729 14281 14281 D wpa_supplicant: P2P: * Listen Channel: Regulatory Class 81 Channel 11
08-21 17:00:41.729 14281 14281 D wpa_supplicant: p2p-wlan0-0: Add radio work 'scan'@0x7f9581c280
08-21 17:00:41.729 14281 14281 D wpa_supplicant: p2p-wlan0-0: First radio work item in the queue - schedule start immediately
08-21 17:00:41.729 14281 14281 D wpa_supplicant: p2p-wlan0-0: Starting radio work 'scan'@0x7f9581c280 after 0.000230 second wait
08-21 17:00:41.729 14281 14281 D wpa_supplicant: p2p-wlan0-0: nl80211: scan request
08-21 17:00:41.730 14281 14281 D wpa_supplicant: nl80211: P2P probe - mask SuppRates
08-21 17:00:41.750 14281 14281 D wpa_supplicant: Scan requested (ret=0) - scan timeout 30 seconds
08-21 17:00:41.750 14281 14281 D wpa_supplicant: nl80211: Drv Event 33 (NL80211_CMD_TRIGGER_SCAN) received for p2p-wlan0-0
08-21 17:00:41.750 14281 14281 D wpa_supplicant: p2p-wlan0-0: nl80211: Scan trigger
08-21 17:00:41.750 14281 14281 D wpa_supplicant: p2p-wlan0-0: Event SCAN_STARTED (49) received
08-21 17:00:41.751 14281 14281 D wpa_supplicant: p2p-wlan0-0: Own scan request started a scan in 0.000659 seconds
08-21 17:00:41.751 14281 14281 I wpa_supplicant: p2p-wlan0-0: CTRL-EVENT-SCAN-STARTED 
08-21 17:00:41.751 14281 14281 D wpa_supplicant: CTRL_IFACE monitor sent successfully to /data/misc/wifi/sockets/wpa_ctrl_4223-4\x00
08-21 17:00:41.751 14281 14281 D wpa_supplicant: CTRL_IFACE monitor sent successfully to /data/misc/wifi/sockets/wpa_ctrl_1567-5\x00
08-21 17:00:41.751  4223 14333 D P2pExtMonWorker: Event [CTRL-EVENT-SCAN-STARTED ]
08-21 17:00:41.965 14281 14281 D wpa_supplicant: nl80211: Drv Event 34 (NL80211_CMD_NEW_SCAN_RESULTS) received for p2p-wlan0-0
08-21 17:00:41.965 14281 14281 D wpa_supplicant: p2p-wlan0-0: nl80211: New scan results available
08-21 17:00:41.965 14281 14281 D wpa_supplicant: nl80211: Scan probed for SSID 'DIRECT-AP[TV][LG]32LB580B-SA'
08-21 17:00:41.965 14281 14281 D wpa_supplicant: nl80211: Scan included frequencies: 5180
08-21 17:00:41.965 14281 14281 D wpa_supplicant: p2p-wlan0-0: Event SCAN_RESULTS (3) received
08-21 17:00:41.966 14281 14281 D wpa_supplicant: p2p-wlan0-0: Scan completed in 0.214968 seconds
08-21 17:00:41.966 14281 14281 D wpa_supplicant: nl80211: Received scan results (0 BSSes)
08-21 17:00:41.966 14281 14281 D wpa_supplicant: p2p-wlan0-0: WPS: Order scan results with WPS provisioning rules
08-21 17:00:41.966 14281 14281 D wpa_supplicant: p2p-wlan0-0: BSS: Start scan result update 2
08-21 17:00:41.966 14281 14281 D wpa_supplicant: BSS: last_scan_res_used=0/0
08-21 17:00:41.966 14281 14281 D wpa_supplicant: p2p-wlan0-0: New scan results available (own=1 ext=0)
08-21 17:00:41.967  4223 14333 D P2pExtMonWorker: Event [CTRL-EVENT-SCAN-RESULTS ]
08-21 17:00:41.967 14281 14281 D wpa_supplicant: CTRL_IFACE monitor sent successfully to /data/misc/wifi/sockets/wpa_ctrl_4223-4\x00
08-21 17:00:41.968 14281 14281 D wpa_supplicant: CTRL_IFACE monitor sent successfully to /data/misc/wifi/sockets/wpa_ctrl_1567-5\x00
08-21 17:00:41.968 14281 14281 D wpa_supplicant: p2p-wlan0-0: Radio work 'scan'@0x7f9581c280 done in 0.239130 seconds
08-21 17:00:41.969 14281 14281 D wpa_supplicant: wpas_select_network_from_last_scan
08-21 17:00:41.969 14281 14281 D wpa_supplicant: p2p-wlan0-0: No suitable network found
08-21 17:00:41.969 14281 14281 D wpa_supplicant: [LGE_WLAN]p2p scan delay set 250ms
08-21 17:00:41.969 14281 14281 D wpa_supplicant: p2p-wlan0-0: Setting scan request: 0.250000 sec
08-21 17:00:41.969 14281 14281 D wpa_supplicant: p2p-dev-wlan0: Updating scan results from sibling
08-21 17:00:41.969 14281 14281 D wpa_supplicant: nl80211: Received scan results (0 BSSes)
08-21 17:00:41.970 14281 14281 D wpa_supplicant: p2p-dev-wlan0: BSS: Start scan result update 997
08-21 17:00:41.970 14281 14281 D wpa_supplicant: BSS: last_scan_res_used=0/64
08-21 17:00:41.970 14281 14281 D wpa_supplicant: p2p-dev-wlan0: New scan results available (own=0 ext=0)
08-21 17:00:41.970 14281 14281 D wpa_supplicant: CTRL_IFACE monitor sent successfully to /data/misc/wifi/sockets/wpa_ctrl_4223-4\x00
08-21 17:00:41.970 14281 14281 D wpa_supplicant: CTRL_IFACE monitor sent successfully to /data/misc/wifi/sockets/wpa_ctrl_1567-5\x00
08-21 17:00:41.971 14281 14281 D wpa_supplicant: WPS: AP[0] c6:36:6c:06:4a:4c type=0 tries=0 last_attempt=-1 sec ago blacklist=0
08-21 17:00:41.971 14281 14281 D wpa_supplicant: wpas_select_network_from_last_scan
08-21 17:00:41.971 14281 14281 D wpa_supplicant: p2p-dev-wlan0: No suitable network found
08-21 17:00:41.971 14281 14281 D wpa_supplicant: wlan0: Updating scan results from sibling
08-21 17:00:41.971  4223 14333 D P2pExtMonWorker: Event [CTRL-EVENT-SCAN-RESULTS ]
08-21 17:00:41.971 14281 14281 D wpa_supplicant: nl80211: Received scan results (0 BSSes)
08-21 17:00:41.971 14281 14281 D wpa_supplicant: wlan0: BSS: Start scan result update 100
08-21 17:00:41.972 14281 14281 D wpa_supplicant: BSS: last_scan_res_used=0/128
08-21 17:00:41.972 14281 14281 D wpa_supplicant: wlan0: New scan results available (own=0 ext=0)
08-21 17:00:41.972 14281 14281 D wpa_supplicant: CTRL_IFACE monitor sent successfully to /data/misc/wifi/sockets/wpa_ctrl_4223-4\x00
08-21 17:00:41.972 14281 14281 D wpa_supplicant: CTRL_IFACE monitor sent successfully to /data/misc/wifi/sockets/wpa_ctrl_1567-5\x00
08-21 17:00:41.972 14281 14281 D wpa_supplicant: wlan0: State: DISCONNECTED -> DISCONNECTED
08-21 17:00:41.972 14281 14281 D wpa_supplicant: nl80211: Set wlan0 operstate 0->0 (DORMANT)
08-21 17:00:41.972 14281 14281 D wpa_supplicant: netlink: Operstate: ifindex=5 linkmode=-1 (no change), operstate=5 (IF_OPER_DORMANT)
08-21 17:00:41.981 14281 14281 D wpa_supplicant: wlan0: Control interface command 'BSS RANGE=0- MASK=0x29d87'
08-21 17:00:41.989 14281 14281 D wpa_supplicant: wlan0: Control interface command 'BSS RANGE=680- MASK=0x29d87'
08-21 17:00:41.996 14281 14281 D wpa_supplicant: wlan0: Control interface command 'BSS RANGE=688- MASK=0x29d87'
08-21 17:00:42.002 14281 14281 D wpa_supplicant: wlan0: Control interface command 'BSS RANGE=699- MASK=0x29d87'
08-21 17:00:42.005 14281 14281 D wpa_supplicant: wlan0: Control interface command 'BSS RANGE=719- MASK=0x29d87'
08-21 17:00:42.009 14281 14281 D wpa_supplicant: wlan0: Control interface command 'BSS RANGE=743- MASK=0x29d87'
08-21 17:00:42.013 14281 14281 D wpa_supplicant: wlan0: Control interface command 'BSS RANGE=750- MASK=0x29d87'
08-21 17:00:42.032 14281 14281 D wpa_supplicant: wlan0: Control interface command 'STATUS-NO_EVENTS'
08-21 17:00:42.039  4131  4131 I [MY_PLACE_ENGINE::CLUSTERING]: API > getOnOffStatus > status : 0
08-21 17:00:42.039   516   761 E ThermalEngine: [GPU_MON] Gpu Clock is back to idle state ( 600000000 Mhz ) 
08-21 17:00:42.039   516   761 E ThermalEngine: [GPU_MON] ACTION: GPU - [GPU_MON] Setting GPU[0] to 600000000
08-21 17:00:42.040   516   761 E ThermalEngine: ACTION: GPU - Setting max_pwrlevel to 0
08-21 17:00:42.053  4131  4131 I [MY_PLACE_ENGINE::MOVEMENT]: WIFI_MANAGER :: 0821_170042  Engine OFF >> Do Nothing.... 
08-21 17:00:42.078 31963 31963 V WiFiOffLoadBroadcast: WiFiOffLoadBroadcast: android.net.wifi.SCAN_RESULTS
08-21 17:00:42.082 31963 31963 D WiFiOffLoadBroadcast: Not supported operator for automatic switch
08-21 17:00:42.143 14281 14281 D wpa_supplicant: EAPOL: disable timer tick
08-21 17:00:42.220 14281 14281 D wpa_supplicant: OTA_TEST prop_ota_enable: 0
08-21 17:00:42.221 14281 14281 D wpa_supplicant: P2P: Use specific SSID for scan during P2P group formation (p2p_in_provisioning=3 show_group_started=0)
08-21 17:00:42.221 14281 14281 D wpa_supplicant: p2p-wlan0-0: P2P: Scan only GO preferred frequency 5180 MHz
08-21 17:00:42.221 14281 14281 D wpa_supplicant: WPS: Building WPS IE for Probe Request
08-21 17:00:42.221 14281 14281 D wpa_supplicant: WPS:  * Version (hardcoded 0x10)
08-21 17:00:42.221 14281 14281 D wpa_supplicant: WPS:  * Request Type
08-21 17:00:42.221 14281 14281 D wpa_supplicant: WPS:  * Config Methods (2148)
08-21 17:00:42.221 14281 14281 D wpa_supplicant: WPS:  * UUID-E
08-21 17:00:42.221 14281 14281 D wpa_supplicant: WPS:  * Primary Device Type
08-21 17:00:42.221 14281 14281 D wpa_supplicant: WPS:  * RF Bands (3)
08-21 17:00:42.221 14281 14281 D wpa_supplicant: WPS:  * Association State
08-21 17:00:42.221 14281 14281 D wpa_supplicant: WPS:  * Configuration Error (0)
08-21 17:00:42.221 14281 14281 D wpa_supplicant: WPS:  * Device Password ID (4)
08-21 17:00:42.221 14281 14281 D wpa_supplicant: WPS:  * Manufacturer
08-21 17:00:42.221 14281 14281 D wpa_supplicant: WPS:  * Model Name
08-21 17:00:42.221 14281 14281 D wpa_supplicant: WPS:  * Model Number
08-21 17:00:42.221 14281 14281 D wpa_supplicant: WPS:  * Device Name
08-21 17:00:42.222 14281 14281 D wpa_supplicant: WPS:  * Version2 (0x20)
08-21 17:00:42.222 14281 14281 D wpa_supplicant: WPS:  * Request to Enroll (1)
08-21 17:00:42.222 14281 14281 D wpa_supplicant: WFDS: Extra buffer length (0) for Scan Request
08-21 17:00:42.222 14281 14281 D wpa_supplicant: P2P: * P2P IE header
08-21 17:00:42.222 14281 14281 D wpa_supplicant: P2P: * Capability dev=25 group=00
08-21 17:00:42.222 14281 14281 D wpa_supplicant: P2P: * Listen Channel: Regulatory Class 81 Channel 11
08-21 17:00:42.222 14281 14281 D wpa_supplicant: p2p-wlan0-0: Add radio work 'scan'@0x7f9581c1e0
08-21 17:00:42.222 14281 14281 D wpa_supplicant: p2p-wlan0-0: First radio work item in the queue - schedule start immediately
08-21 17:00:42.222 14281 14281 D wpa_supplicant: p2p-wlan0-0: Starting radio work 'scan'@0x7f9581c1e0 after 0.000225 second wait
08-21 17:00:42.222 14281 14281 D wpa_supplicant: p2p-wlan0-0: nl80211: scan request
08-21 17:00:42.223 14281 14281 D wpa_supplicant: nl80211: P2P probe - mask SuppRates
08-21 17:00:42.342 14281 14281 D wpa_supplicant: Scan requested (ret=0) - scan timeout 30 seconds
08-21 17:00:42.342 14281 14281 D wpa_supplicant: nl80211: Drv Event 33 (NL80211_CMD_TRIGGER_SCAN) received for p2p-wlan0-0
08-21 17:00:42.343 14281 14281 D wpa_supplicant: p2p-wlan0-0: nl80211: Scan trigger
08-21 17:00:42.343 14281 14281 D wpa_supplicant: p2p-wlan0-0: Event SCAN_STARTED (49) received
08-21 17:00:42.343 14281 14281 D wpa_supplicant: p2p-wlan0-0: Own scan request started a scan in 0.000484 seconds
08-21 17:00:42.343 14281 14281 I wpa_supplicant: p2p-wlan0-0: CTRL-EVENT-SCAN-STARTED 
08-21 17:00:42.343 14281 14281 D wpa_supplicant: CTRL_IFACE monitor sent successfully to /data/misc/wifi/sockets/wpa_ctrl_4223-4\x00
08-21 17:00:42.344 14281 14281 D wpa_supplicant: CTRL_IFACE monitor sent successfully to /data/misc/wifi/sockets/wpa_ctrl_1567-5\x00
08-21 17:00:42.344  4223 14333 D P2pExtMonWorker: Event [CTRL-EVENT-SCAN-STARTED ]
08-21 17:00:42.542 14281 14281 D wpa_supplicant: nl80211: Drv Event 34 (NL80211_CMD_NEW_SCAN_RESULTS) received for p2p-wlan0-0
08-21 17:00:42.542 14281 14281 D wpa_supplicant: p2p-wlan0-0: nl80211: New scan results available
08-21 17:00:42.542 14281 14281 D wpa_supplicant: nl80211: Scan probed for SSID 'DIRECT-AP[TV][LG]32LB580B-SA'
08-21 17:00:42.542 14281 14281 D wpa_supplicant: nl80211: Scan included frequencies: 5180
08-21 17:00:42.542 14281 14281 D wpa_supplicant: p2p-wlan0-0: Event SCAN_RESULTS (3) received
08-21 17:00:42.543 14281 14281 D wpa_supplicant: p2p-wlan0-0: Scan completed in 0.199732 seconds
08-21 17:00:42.543 14281 14281 D wpa_supplicant: nl80211: Received scan results (1 BSSes)
08-21 17:00:42.543 14281 14281 D wpa_supplicant: p2p-wlan0-0: WPS: Order scan results with WPS provisioning rules
08-21 17:00:42.543 14281 14281 D wpa_supplicant: p2p-wlan0-0: BSS: Start scan result update 3
08-21 17:00:42.544 14281 14281 D wpa_supplicant: BSS: last_scan_res_used=1/32
08-21 17:00:42.544 14281 14281 D wpa_supplicant: p2p-wlan0-0: New scan results available (own=1 ext=0)
08-21 17:00:42.544 14281 14281 D wpa_supplicant: CTRL_IFACE monitor sent successfully to /data/misc/wifi/sockets/wpa_ctrl_4223-4\x00
08-21 17:00:42.544 14281 14281 D wpa_supplicant: CTRL_IFACE monitor sent successfully to /data/misc/wifi/sockets/wpa_ctrl_1567-5\x00
08-21 17:00:42.544  4223 14333 D P2pExtMonWorker: Event [CTRL-EVENT-SCAN-RESULTS ]
08-21 17:00:42.544 14281 14281 D wpa_supplicant: CTRL_IFACE monitor sent successfully to /data/misc/wifi/sockets/wpa_ctrl_4223-4\x00
08-21 17:00:42.544 14281 14281 D wpa_supplicant: CTRL_IFACE monitor sent successfully to /data/misc/wifi/sockets/wpa_ctrl_1567-5\x00
08-21 17:00:42.544  4223 14333 D P2pExtMonWorker: Event [WPS-AP-AVAILABLE-PBC ]
08-21 17:00:42.545 14281 14281 D wpa_supplicant: WPS: AP 4e:09:d4:43:8e:ee type 0 added
08-21 17:00:42.545 14281 14281 D wpa_supplicant: WPS: AP[0] 4e:09:d4:43:8e:ee type=0 tries=0 last_attempt=-1 sec ago blacklist=0
08-21 17:00:42.545 14281 14281 D wpa_supplicant: p2p-wlan0-0: Radio work 'scan'@0x7f9581c1e0 done in 0.322339 seconds
08-21 17:00:42.545 14281 14281 D wpa_supplicant: wpas_select_network_from_last_scan
08-21 17:00:42.545 14281 14281 D wpa_supplicant: p2p-wlan0-0: Selecting BSS from priority group 0
08-21 17:00:42.545 14281 14281 D wpa_supplicant: p2p-wlan0-0: 0: 4e:09:d4:43:8e:ee ssid='DIRECT-AP[TV][LG]32LB580B-SA' wpa_ie_len=0 rsn_ie_len=20 caps=0x111 level=-48 wps p2p
08-21 17:00:42.545 14281 14281 D wpa_supplicant:    selected based on WPS IE (Active PBC)
08-21 17:00:42.545 14281 14281 D wpa_supplicant: p2p-wlan0-0:    selected BSS 4e:09:d4:43:8e:ee ssid='DIRECT-AP[TV][LG]32LB580B-SA'
08-21 17:00:42.545 14281 14281 D wpa_supplicant: wpa_supplicant_check_mdm_ac_policy policy: 0
08-21 17:00:42.546 14281 14281 D wpa_supplicant: p2p-wlan0-0: [MDM] lg_mdm_auto_connect_policy 0
08-21 17:00:42.547 14281 14281 D wpa_supplicant: p2p-wlan0-0: [MDM] lg_mdm_auto_connect_policy 1
08-21 17:00:42.547 14281 14281 D wpa_supplicant: wpa_supplicant_check_mdm_ac_policy policy: 0
08-21 17:00:42.547 14281 14281 D wpa_supplicant: wpa_supplicant_check_mdm_ac_policy policy: 0
08-21 17:00:42.547 14281 14281 D wpa_supplicant: p2p-wlan0-0: [MDM] lg mdm allow/disallow auto connect is not set 
08-21 17:00:42.547 14281 14281 D wpa_supplicant: WPS: Check whether PBC session overlap is present in scan results; selected BSSID 4e:09:d4:43:8e:ee
08-21 17:00:42.547 14281 14281 D wpa_supplicant: WPS: UUID of the selected BSS - hexdump(len=16): 22 21 02 03 04 05 06 07 08 09 4e 09 d4 43 8e ee
08-21 17:00:42.547 14281 14281 D wpa_supplicant: p2p-wlan0-0: Considering connect request: reassociate: 1  selected: 4e:09:d4:43:8e:ee  bssid: 00:00:00:00:00:00  pending: 00:00:00:00:00:00  wpa_state: SCANNING  ssid=0x7f95665000  current_ssid=0x0
08-21 17:00:42.548 14281 14281 D wpa_supplicant: p2p-wlan0-0: Selected network is configured to use SIM, but neither EAP-SIM nor EAP-AKA are enabled
08-21 17:00:42.548 14281 14281 D wpa_supplicant: p2p-wlan0-0: Request association with 4e:09:d4:43:8e:ee
08-21 17:00:42.548 14281 14281 D wpa_supplicant: p2p-wlan0-0: [Events.c:1455]Request association: reassociate: 1  selected: 4e:09:d4:43:8e:ee  bssid: 00:00:00:00:00:00  pending: 00:00:00:00:00:00  wpa_state: SCANNING
08-21 17:00:42.549 14281 14281 D wpa_supplicant: wpa_supplicant_check_mdm_ac_policy policy: 0
08-21 17:00:42.549 14281 14281 D wpa_supplicant: p2p-wlan0-0: [MDM] lg_mdm_auto_connect_policy 0
08-21 17:00:42.550 14281 14281 D wpa_supplicant: wpa_supplicant_check_mdm_ac_policy policy: 0
08-21 17:00:42.550 14281 14281 D wpa_supplicant: wpa_supplicant_check_mdm_ac_policy policy: 0
08-21 17:00:42.550 14281 14281 D wpa_supplicant: p2p-wlan0-0: [MDM] lg mdm allow/disallow auto connect is not set 
08-21 17:00:42.550 14281 14281 D wpa_supplicant: WPA: Unrecognized EAPOL-Key Key Data IE - hexdump(len=30): 00 1c 44 49 52 45 43 54 2d 41 50 5b 54 56 5d 5b 4c 47 5d 33 32 4c 42 35 38 30 42 2d 53 41
08-21 17:00:42.550 14281 14281 D wpa_supplicant: WPA: Unrecognized EAPOL-Key Key Data IE - hexdump(len=32): 07 1e 42 52 20 24 01 11 28 01 11 2c 01 11 30 01 11 95 01 1e 99 01 1e 9d 01 1e a1 01 1e a5 01 1e
08-21 17:00:42.550 14281 14281 D wpa_supplicant: WPA: Unrecognized EAPOL-Key Key Data IE - hexdump(len=3): 20 01 00
08-21 17:00:42.550 14281 14281 D wpa_supplicant: WPA: Unrecognized EAPOL-Key Key Data IE - hexdump(len=4): 23 02 0a 00
08-21 17:00:42.550 14281 14281 D wpa_supplicant: WPA: RSN IE in EAPOL-Key - hexdump(len=22): 30 14 01 00 00 0f ac 04 01 00 00 0f ac 04 01 00 00 0f ac 02 08 00
08-21 17:00:42.551 14281 14281 D wpa_supplicant: WPA: Unrecognized EAPOL-Key Key Data IE - hexdump(len=24): 3d 16 24 08 00 00 00 00 00 00 00 00 00 00 00 00 00 00 00 00 00 00 00 00
08-21 17:00:42.551 14281 14281 D wpa_supplicant: WPA: WMM Parameter Element - hexdump(len=24): 00 50 f2 02 01 01 80 00 03 a4 00 00 27 a4 00 00 42 43 5e 00 62 32 2f 00
08-21 17:00:42.551 14281 14281 D wpa_supplicant: TDLS: TDLS is allowed in the target BSS
08-21 17:00:42.551 14281 14281 D wpa_supplicant: p2p-wlan0-0: Add radio work 'connect'@0x7f9581c1e0
08-21 17:00:42.551 14281 14281 D wpa_supplicant: p2p-wlan0-0: First radio work item in the queue - schedule start immediately
08-21 17:00:42.551 14281 14281 D wpa_supplicant: p2p-wlan0-0: Starting radio work 'connect'@0x7f9581c1e0 after 0.000267 second wait
08-21 17:00:42.551 14281 14281 I wpa_supplicant: Trying to associate with 4e:09:d4:43:8e:ee (SSID='DIRECT-AP[TV][LG]32LB580B-SA' freq=5180 MHz)
08-21 17:00:42.551 14281 14281 D wpa_supplicant: p2p-wlan0-0: Cancelling scan request
08-21 17:00:42.551 14281 14281 D wpa_supplicant: p2p-wlan0-0: WPA: clearing own WPA/RSN IE
08-21 17:00:42.552 14281 14281 D wpa_supplicant: p2p-wlan0-0: Automatic auth_alg selection: 0x1
08-21 17:00:42.552 14281 14281 D wpa_supplicant: WPS: Building WPS IE for (Re)Association Request
08-21 17:00:42.552 14281 14281 D wpa_supplicant: WPS:  * Version (hardcoded 0x10)
08-21 17:00:42.552 14281 14281 D wpa_supplicant: WPS:  * Request Type
08-21 17:00:42.552 14281 14281 D wpa_supplicant: WPS:  * Version2 (0x20)
08-21 17:00:42.552 14281 14281 D wpa_supplicant: p2p-wlan0-0: WPA: clearing AP WPA IE
08-21 17:00:42.552 14281 14281 D wpa_supplicant: p2p-wlan0-0: WPA: clearing AP RSN IE
08-21 17:00:42.552 14281 14281 D wpa_supplicant: p2p-wlan0-0: WPA: clearing own WPA/RSN IE
08-21 17:00:42.552 14281 14281 D wpa_supplicant: [LGE_P2P] wpas_p2p_assoc_req_ie() ifname:p2p-wlan0-0 drv_flags:0x3808fac0
08-21 17:00:42.552 14281 14281 D wpa_supplicant: P2P: * P2P IE header
08-21 17:00:42.552 14281 14281 D wpa_supplicant: P2P: * Capability dev=27 group=00
08-21 17:00:42.552 14281 14281 D wpa_supplicant: P2P: * Device Info
08-21 17:00:42.552 14281 14281 D wpa_supplicant: P2P: Parsing P2P IE
08-21 17:00:42.552 14281 14281 D wpa_supplicant: P2P: Attribute 2 length 2
08-21 17:00:42.553 14281 14281 D wpa_supplicant: P2P: * Device Capability 24 Group Capability 01
08-21 17:00:42.553 14281 14281 D wpa_supplicant: P2P: Attribute 8 length 4
08-21 17:00:42.553 14281 14281 D wpa_supplicant: P2P: * Extended Listen Timing (period 50 msec  interval 100 msec)
08-21 17:00:42.553 14281 14281 D wpa_supplicant: P2P: Attribute 13 length 48
08-21 17:00:42.553 14281 14281 D wpa_supplicant: P2P: * Device Info: addr 4e:09:d4:43:0e:ee primary device type 7-0050F204-1 device name '[TV][LG]32LB580B-SA' config methods 0x188
08-21 17:00:42.553 14281 14281 D wpa_supplicant: P2P: Attribute 14 length 0
08-21 17:00:42.553 14281 14281 D wpa_supplicant: P2P: * Group Info
08-21 17:00:42.553 14281 14281 D wpa_supplicant: p2p-wlan0-0: P2P: WLAN AP allows cross connection
08-21 17:00:42.553 14281 14281 D wpa_supplicant: p2p-wlan0-0: State: SCANNING -> ASSOCIATING
08-21 17:00:42.553 14281 14281 D wpa_supplicant: nl80211: Set p2p-wlan0-0 operstate 0->0 (DORMANT)
08-21 17:00:42.553 14281 14281 D wpa_supplicant: netlink: Operstate: ifindex=31 linkmode=-1 (no change), operstate=5 (IF_OPER_DORMANT)
08-21 17:00:42.554 14281 14281 D wpa_supplicant: CTRL_IFACE monitor sent successfully to /data/misc/wifi/sockets/wpa_ctrl_4223-4\x00
08-21 17:00:42.554 14281 14281 D wpa_supplicant: CTRL_IFACE monitor sent successfully to /data/misc/wifi/sockets/wpa_ctrl_1567-5\x00
08-21 17:00:42.554 14281 14281 D wpa_supplicant: Limit connection to BSSID 4e:09:d4:43:8e:ee freq=5180 MHz based on scan results (bssid_set=1)
08-21 17:00:42.554  4223 14333 D P2pExtMonWorker: Event [CTRL-EVENT-STATE-CHANGE id=-1 state=5 BSSID=00:00:00:00:00:00 SSID=]
08-21 17:00:42.554 14281 14281 D wpa_supplicant: nl80211: Set mode ifindex 31 iftype 8 (P2P_CLIENT)
08-21 17:00:42.555 14281 14281 D wpa_supplicant: nl80211: Set TX rates failed: ret=-95 (Operation not supported on transport endpoint)
08-21 17:00:42.555 14281 14281 D wpa_supplicant: nl80211: Unsubscribe mgmt frames handle 0x888888f71d0a9249 (mode change)
08-21 17:00:42.556 14281 14281 D wpa_supplicant: nl80211: Subscribe to mgmt frames with non-AP handle 0x7f95821ac0
08-21 17:00:42.556 14281 14281 D wpa_supplicant: nl80211: Register frame type=0xd0 (WLAN_FC_STYPE_ACTION) nl_handle=0x7f95821ac0 match=0104
08-21 17:00:42.556 14281 14281 D wpa_supplicant: nl80211: Register frame type=0xd0 (WLAN_FC_STYPE_ACTION) nl_handle=0x7f95821ac0 match=040a
08-21 17:00:42.556 14281 14281 D wpa_supplicant: nl80211: Register frame type=0xd0 (WLAN_FC_STYPE_ACTION) nl_handle=0x7f95821ac0 match=040b
08-21 17:00:42.557 14281 14281 D wpa_supplicant: nl80211: Register frame type=0xd0 (WLAN_FC_STYPE_ACTION) nl_handle=0x7f95821ac0 match=040c
08-21 17:00:42.557 14281 14281 D wpa_supplicant: nl80211: Register frame type=0xd0 (WLAN_FC_STYPE_ACTION) nl_handle=0x7f95821ac0 match=040d
08-21 17:00:42.557 14281 14281 D wpa_supplicant: nl80211: Register frame type=0xd0 (WLAN_FC_STYPE_ACTION) nl_handle=0x7f95821ac0 match=090a
08-21 17:00:42.557 14281 14281 D wpa_supplicant: nl80211: Register frame type=0xd0 (WLAN_FC_STYPE_ACTION) nl_handle=0x7f95821ac0 match=090b
08-21 17:00:42.557 14281 14281 D wpa_supplicant: nl80211: Register frame type=0xd0 (WLAN_FC_STYPE_ACTION) nl_handle=0x7f95821ac0 match=090c
08-21 17:00:42.558 14281 14281 D wpa_supplicant: nl80211: Register frame type=0xd0 (WLAN_FC_STYPE_ACTION) nl_handle=0x7f95821ac0 match=090d
08-21 17:00:42.558 14281 14281 D wpa_supplicant: nl80211: Register frame type=0xd0 (WLAN_FC_STYPE_ACTION) nl_handle=0x7f95821ac0 match=0409506f9a09
08-21 17:00:42.558 14281 14281 D wpa_supplicant: nl80211: Register frame type=0xd0 (WLAN_FC_STYPE_ACTION) nl_handle=0x7f95821ac0 match=7f506f9a09
08-21 17:00:42.559 14281 14281 D wpa_supplicant: nl80211: Register frame type=0xd0 (WLAN_FC_STYPE_ACTION) nl_handle=0x7f95821ac0 match=0801
08-21 17:00:42.559 14281 14281 D wpa_supplicant: nl80211: Register frame type=0xd0 (WLAN_FC_STYPE_ACTION) nl_handle=0x7f95821ac0 match=040e
08-21 17:00:42.559 14281 14281 D wpa_supplicant: nl80211: Register frame type=0xd0 (WLAN_FC_STYPE_ACTION) nl_handle=0x7f95821ac0 match=06
08-21 17:00:42.559 14281 14281 D wpa_supplicant: nl80211: Register frame type=0xd0 (WLAN_FC_STYPE_ACTION) nl_handle=0x7f95821ac0 match=0a07
08-21 17:00:42.559 14281 14281 D wpa_supplicant: nl80211: Register frame type=0xd0 (WLAN_FC_STYPE_ACTION) nl_handle=0x7f95821ac0 match=0a11
08-21 17:00:42.560 14281 14281 D wpa_supplicant: nl80211: Register frame type=0xd0 (WLAN_FC_STYPE_ACTION) nl_handle=0x7f95821ac0 match=0a1a
08-21 17:00:42.560 14281 14281 D wpa_supplicant: nl80211: Connect (ifindex=31)
08-21 17:00:42.560 14281 14281 D wpa_supplicant:   * bssid=4e:09:d4:43:8e:ee
08-21 17:00:42.560 14281 14281 D wpa_supplicant:   * bssid_hint=4e:09:d4:43:8e:ee
08-21 17:00:42.560 14281 14281 D wpa_supplicant:   * freq=5180
08-21 17:00:42.560 14281 14281 D wpa_supplicant:   * freq_hint=5180
08-21 17:00:42.560 14281 14281 D wpa_supplicant:   * SSID - hexdump(len=28): 44 49 52 45 43 54 2d 41 50 5b 54 56 5d 5b 4c 47 5d 33 32 4c 42 35 38 30 42 2d 53 41
08-21 17:00:42.560 14281 14281 D wpa_supplicant:   * IEs - hexdump(len=82): dd 18 00 50 f2 04 10 4a 00 01 10 10 3a 00 01 01 10 49 00 06 00 37 2a 00 01 20 dd 0d 50 6f 9a 0a ...
08-21 17:00:42.560 14281 14281 D wpa_supplicant: nl80211_connect_common: params->key_mgmt_suite=512
08-21 17:00:42.560 14281 14281 D wpa_supplicant: nl80211_connect_common: BIT(params->key_mgmt_suite)=1
08-21 17:00:42.561 14281 14281 D wpa_supplicant:   * P2P group
08-21 17:00:42.561 14281 14281 D wpa_supplicant:   * Auth Type 0
08-21 17:00:42.572 14281 14281 D wpa_supplicant: nl80211: Connect request send successfully
08-21 17:00:42.572 14281 14281 D wpa_supplicant: p2p-wlan0-0: Setting authentication timeout: 10 sec 0 usec
08-21 17:00:42.572 14281 14281 D wpa_supplicant: P2P: Parsing P2P IE
08-21 17:00:42.572 14281 14281 D wpa_supplicant: P2P: Attribute 2 length 2
08-21 17:00:42.572 14281 14281 D wpa_supplicant: P2P: * Device Capability 24 Group Capability 01
08-21 17:00:42.572 14281 14281 D wpa_supplicant: P2P: Attribute 8 length 4
08-21 17:00:42.572 14281 14281 D wpa_supplicant: P2P: * Extended Listen Timing (period 50 msec  interval 100 msec)
08-21 17:00:42.572 14281 14281 D wpa_supplicant: P2P: Attribute 13 length 48
08-21 17:00:42.572 14281 14281 D wpa_supplicant: P2P: * Device Info: addr 4e:09:d4:43:0e:ee primary device type 7-0050F204-1 device name '[TV][LG]32LB580B-SA' config methods 0x188
08-21 17:00:42.572 14281 14281 D wpa_supplicant: P2P: Attribute 14 length 0
08-21 17:00:42.572 14281 14281 D wpa_supplicant: P2P: * Group Info
08-21 17:00:42.572 14281 14281 D wpa_supplicant: EAPOL: External notification - EAP success=0
08-21 17:00:42.572 14281 14281 D wpa_supplicant: EAPOL: External notification - EAP fail=0
08-21 17:00:42.572 14281 14281 D wpa_supplicant: EAPOL: External notification - portControl=Auto
08-21 17:00:42.651 14281 14281 D wpa_supplicant: nl80211: Drv Event 46 (NL80211_CMD_CONNECT) received for p2p-wlan0-0
08-21 17:00:42.651 14281 14281 D wpa_supplicant: nl80211: Connect event
08-21 17:00:42.652 14281 14281 D wpa_supplicant: nl80211: Associated on 5180 MHz
08-21 17:00:42.652 14281 14281 D wpa_supplicant: nl80211: Associated with 4e:09:d4:43:8e:ee
08-21 17:00:42.652 14281 14281 D wpa_supplicant: nl80211: Operating frequency for the associated BSS from scan results: 5180 MHz
08-21 17:00:42.652 14281 14281 D wpa_supplicant: p2p-wlan0-0: Event ASSOC (0) received
08-21 17:00:42.652 14281 14281 D wpa_supplicant: p2p-wlan0-0: Association info event
08-21 17:00:42.652 14281 14281 D wpa_supplicant: req_ies - hexdump(len=218): 00 1c 44 49 52 45 43 54 2d 41 50 5b 54 56 5d 5b 4c 47 5d 33 32 4c 42 35 38 30 42 2d 53 41 01 08 ...
08-21 17:00:42.652 14281 14281 D wpa_supplicant: resp_ies - hexdump(len=153): 01 08 8c 12 98 24 b0 48 60 6c 2d 1a 2c 08 16 ff 00 00 00 00 00 00 00 00 00 00 00 00 00 00 00 00 ...
08-21 17:00:42.652 14281 14281 D wpa_supplicant: WPA: Unrecognized EAPOL-Key Key Data IE - hexdump(len=24): 3d 16 24 08 04 00 00 00 00 00 00 00 00 00 00 00 00 00 00 00 00 00 00 00
08-21 17:00:42.652 14281 14281 D wpa_supplicant: WPA: WMM Parameter Element - hexdump(len=24): 00 50 f2 02 01 01 80 00 03 a4 00 00 27 a4 00 00 42 43 5e 00 62 32 2f 00
08-21 17:00:42.652 14281 14281 D wpa_supplicant: p2p-wlan0-0: freq=5180 MHz
08-21 17:00:42.652 14281 14281 D wpa_supplicant: p2p-wlan0-0: WPA: clearing own WPA/RSN IE
08-21 17:00:42.652 14281 14281 D wpa_supplicant: p2p-wlan0-0: State: ASSOCIATING -> ASSOCIATED
08-21 17:00:42.652 14281 14281 D wpa_supplicant: nl80211: Set p2p-wlan0-0 operstate 0->0 (DORMANT)
08-21 17:00:42.652 14281 14281 D wpa_supplicant: netlink: Operstate: ifindex=31 linkmode=-1 (no change), operstate=5 (IF_OPER_DORMANT)
08-21 17:00:42.653  4223 14333 D P2pExtMonWorker: Event [CTRL-EVENT-STATE-CHANGE id=0 state=6 BSSID=00:00:00:00:00:00 SSID=DIRECT-AP[TV][LG]32LB580B-SA]
08-21 17:00:42.653 14281 14281 D wpa_supplicant: CTRL_IFACE monitor sent successfully to /data/misc/wifi/sockets/wpa_ctrl_4223-4\x00
08-21 17:00:42.654 14281 14281 D wpa_supplicant: CTRL_IFACE monitor sent successfully to /data/misc/wifi/sockets/wpa_ctrl_1567-5\x00
08-21 17:00:42.655 14281 14281 D wpa_supplicant: p2p-wlan0-0: Associated to a new BSS: BSSID=4e:09:d4:43:8e:ee
08-21 17:00:42.655 14281 14281 I wpa_supplicant: p2p-wlan0-0: Associated with 4e:09:d4:43:8e:ee
08-21 17:00:42.655  4223 14333 D P2pExtMonWorker: Event [Associated with 4e:09:d4:43:8e:ee]
08-21 17:00:42.655 14281 14281 D wpa_supplicant: CTRL_IFACE monitor sent successfully to /data/misc/wifi/sockets/wpa_ctrl_4223-4\x00
08-21 17:00:42.656 14281 14281 D wpa_supplicant: CTRL_IFACE monitor sent successfully to /data/misc/wifi/sockets/wpa_ctrl_1567-5\x00
08-21 17:00:42.656 14281 14281 D wpa_supplicant: p2p-wlan0-0: Selected network is configured to use SIM, but neither EAP-SIM nor EAP-AKA are enabled
08-21 17:00:42.656 14281 14281 D wpa_supplicant: p2p-wlan0-0: WPA: Association event - clear replay counter
08-21 17:00:42.656 14281 14281 D wpa_supplicant: p2p-wlan0-0: WPA: Clear old PTK
08-21 17:00:42.656 14281 14281 D wpa_supplicant: TDLS: Remove peers on association
08-21 17:00:42.656 14281 14281 D wpa_supplicant: EAPOL: External notification - portEnabled=0
08-21 17:00:42.656 14281 14281 D wpa_supplicant: EAPOL: External notification - portValid=0
08-21 17:00:42.656 14281 14281 D wpa_supplicant: EAPOL: External notification - portEnabled=1
08-21 17:00:42.657 14281 14281 D wpa_supplicant: EAPOL: SUPP_PAE entering state CONNECTING
08-21 17:00:42.657 14281 14281 D wpa_supplicant: EAPOL: enable timer tick
08-21 17:00:42.657 14281 14281 D wpa_supplicant: EAPOL: SUPP_BE entering state IDLE
08-21 17:00:42.657 14281 14281 D wpa_supplicant: EAP: EAP entering state INITIALIZE
08-21 17:00:42.657 14281 14281 D wpa_supplicant: EAP: EAP entering state IDLE
08-21 17:00:42.657 14281 14281 D wpa_supplicant: p2p-wlan0-0: Setting authentication timeout: 10 sec 0 usec
08-21 17:00:42.657 14281 14281 D wpa_supplicant: p2p-wlan0-0: Cancelling scan request
08-21 17:00:42.657 14281 14281 D wpa_supplicant: nl80211: Drv Event 36 (NL80211_CMD_REG_CHANGE) received for p2p-wlan0-0
08-21 17:00:42.657 14281 14281 D wpa_supplicant: nl80211: Regulatory domain change
08-21 17:00:42.657 14281 14281 D wpa_supplicant:  * initiator=3
08-21 17:00:42.657 14281 14281 D wpa_supplicant:  * type=0
08-21 17:00:42.657 14281 14281 D wpa_supplicant:  * alpha2=BR
08-21 17:00:42.657 14281 14281 D wpa_supplicant: p2p-wlan0-0: Event CHANNEL_LIST_CHANGED (30) received
08-21 17:00:42.657 14281 14281 I wpa_supplicant: p2p-wlan0-0: CTRL-EVENT-REGDOM-CHANGE init=USER type=COUNTRY alpha2=BR
08-21 17:00:42.657  4223 14333 D P2pExtMonWorker: Event [CTRL-EVENT-REGDOM-CHANGE init=USER type=COUNTRY alpha2=BR]
08-21 17:00:42.657 14281 14281 D wpa_supplicant: CTRL_IFACE monitor sent successfully to /data/misc/wifi/sockets/wpa_ctrl_4223-4\x00
08-21 17:00:42.658 14281 14281 D wpa_supplicant: CTRL_IFACE monitor sent successfully to /data/misc/wifi/sockets/wpa_ctrl_1567-5\x00
08-21 17:00:42.659 14281 14281 D wpa_supplicant: nl80211: Regulatory information - country=BR
08-21 17:00:42.659 14281 14281 D wpa_supplicant: nl80211: 2402-2482 @ 40 MHz 20 mBm
08-21 17:00:42.659 14281 14281 D wpa_supplicant: nl80211: 5170-5250 @ 80 MHz 24 mBm
08-21 17:00:42.659 14281 14281 D wpa_supplicant: nl80211: 5250-5330 @ 80 MHz 24 mBm (DFS)
08-21 17:00:42.659 14281 14281 D wpa_supplicant: nl80211: 5490-5730 @ 80 MHz 24 mBm (DFS)
08-21 17:00:42.659 14281 14281 D wpa_supplicant: nl80211: 5735-5835 @ 80 MHz 30 mBm
08-21 17:00:42.660 14281 14281 D wpa_supplicant: nl80211: Added 802.11b mode based on 802.11g information
08-21 17:00:42.660 14281 14281 D wpa_supplicant: P2P: Add operating class 81
08-21 17:00:42.660 14281 14281 D wpa_supplicant: P2P: Channels - hexdump(len=13): 01 02 03 04 05 06 07 08 09 0a 0b 0c 0d
08-21 17:00:42.660 14281 14281 D wpa_supplicant: P2P: Add operating class 115
08-21 17:00:42.660 14281 14281 D wpa_supplicant: P2P: Channels - hexdump(len=4): 24 28 2c 30
08-21 17:00:42.660 14281 14281 D wpa_supplicant: P2P: Add operating class 124
08-21 17:00:42.660 14281 14281 D wpa_supplicant: P2P: Channels - hexdump(len=4): 95 99 9d a1
08-21 17:00:42.660 14281 14281 D wpa_supplicant: P2P: Update channel list
08-21 17:00:42.660 14281 14281 D wpa_supplicant: P2P: channels: 81:1,2,3,4,5,6,7,8,9,10,11,12,13 115:36,40,44,48 124:149,153,157,161
08-21 17:00:42.660 14281 14281 D wpa_supplicant: P2P: cli_channels:
08-21 17:00:42.660 14281 14281 D wpa_supplicant: p2p-dev-wlan0: Updating hw mode
08-21 17:00:42.661 14281 14281 D wpa_supplicant: nl80211: Regulatory information - country=BR
08-21 17:00:42.661 14281 14281 D wpa_supplicant: nl80211: 2402-2482 @ 40 MHz 20 mBm
08-21 17:00:42.661 14281 14281 D wpa_supplicant: nl80211: 5170-5250 @ 80 MHz 24 mBm
08-21 17:00:42.661 14281 14281 D wpa_supplicant: nl80211: 5250-5330 @ 80 MHz 24 mBm (DFS)
08-21 17:00:42.661 14281 14281 D wpa_supplicant: nl80211: 5490-5730 @ 80 MHz 24 mBm (DFS)
08-21 17:00:42.661 14281 14281 D wpa_supplicant: nl80211: 5735-5835 @ 80 MHz 30 mBm
08-21 17:00:42.662 14281 14281 D wpa_supplicant: nl80211: Added 802.11b mode based on 802.11g information
08-21 17:00:42.662 14281 14281 D wpa_supplicant: wlan0: Updating hw mode
08-21 17:00:42.662 14281 14281 D wpa_supplicant: nl80211: Regulatory information - country=BR
08-21 17:00:42.662 14281 14281 D wpa_supplicant: nl80211: 2402-2482 @ 40 MHz 20 mBm
08-21 17:00:42.662 14281 14281 D wpa_supplicant: nl80211: 5170-5250 @ 80 MHz 24 mBm
08-21 17:00:42.662 14281 14281 D wpa_supplicant: nl80211: 5250-5330 @ 80 MHz 24 mBm (DFS)
08-21 17:00:42.662 14281 14281 D wpa_supplicant: nl80211: 5490-5730 @ 80 MHz 24 mBm (DFS)
08-21 17:00:42.662 14281 14281 D wpa_supplicant: nl80211: 5735-5835 @ 80 MHz 30 mBm
08-21 17:00:42.662 14281 14281 D wpa_supplicant: nl80211: Added 802.11b mode based on 802.11g information
08-21 17:00:43.659 14281 14281 D wpa_supplicant: EAPOL: startWhen --> 0
08-21 17:00:43.660 14281 14281 D wpa_supplicant: EAPOL: SUPP_PAE entering state CONNECTING
08-21 17:00:43.660 14281 14281 D wpa_supplicant: EAPOL: txStart
08-21 17:00:43.660 14281 14281 D wpa_supplicant: TX EAPOL: dst=4e:09:d4:43:8e:ee
08-21 17:00:43.689 14281 14281 D wpa_supplicant: p2p-wlan0-0: RX EAPOL from 4e:09:d4:43:8e:ee
08-21 17:00:43.690 14281 14281 D wpa_supplicant: p2p-wlan0-0: Setting authentication timeout: 70 sec 0 usec
08-21 17:00:43.690 14281 14281 D wpa_supplicant: EAPOL: Received EAP-Packet frame
08-21 17:00:43.690 14281 14281 D wpa_supplicant: EAPOL: SUPP_PAE entering state RESTART
08-21 17:00:43.690 14281 14281 D wpa_supplicant: EAP: EAP entering state INITIALIZE
08-21 17:00:43.690 14281 14281 D wpa_supplicant: EAP: EAP entering state IDLE
08-21 17:00:43.690 14281 14281 D wpa_supplicant: EAPOL: SUPP_PAE entering state AUTHENTICATING
08-21 17:00:43.691 14281 14281 D wpa_supplicant: EAPOL: SUPP_BE entering state REQUEST
08-21 17:00:43.691 14281 14281 D wpa_supplicant: EAPOL: getSuppRsp
08-21 17:00:43.691 14281 14281 D wpa_supplicant: EAP: EAP entering state RECEIVED
08-21 17:00:43.691 14281 14281 D wpa_supplicant: EAP: Received EAP-Request id=0 method=1 vendor=0 vendorMethod=0
08-21 17:00:43.691 14281 14281 D wpa_supplicant: EAP: EAP entering state IDENTITY
08-21 17:00:43.691 14281 14281 I wpa_supplicant: p2p-wlan0-0: CTRL-EVENT-EAP-STARTED EAP authentication started
08-21 17:00:43.692  4223 14333 D P2pExtMonWorker: Event [CTRL-EVENT-EAP-STARTED EAP authentication started]
08-21 17:00:43.692 14281 14281 D wpa_supplicant: CTRL_IFACE monitor sent successfully to /data/misc/wifi/sockets/wpa_ctrl_4223-4\x00
08-21 17:00:43.695 14281 14281 D wpa_supplicant: CTRL_IFACE monitor sent successfully to /data/misc/wifi/sockets/wpa_ctrl_1567-5\x00
08-21 17:00:43.695 14281 14281 D wpa_supplicant: EAP: Status notification: started (param=)
08-21 17:00:43.695  4223 14333 D P2pExtMonWorker: Event [CTRL-EVENT-EAP-STATUS status='started' parameter='']
08-21 17:00:43.696 14281 14281 D wpa_supplicant: CTRL_IFACE monitor sent successfully to /data/misc/wifi/sockets/wpa_ctrl_4223-4\x00
08-21 17:00:43.696 14281 14281 D wpa_supplicant: CTRL_IFACE monitor sent successfully to /data/misc/wifi/sockets/wpa_ctrl_1567-5\x00
08-21 17:00:43.696 14281 14281 D wpa_supplicant: EAP: EAP-Request Identity data - hexdump(len=0):
08-21 17:00:43.696 14281 14281 D wpa_supplicant: lge_eap_check_eap_type
08-21 17:00:43.696 14281 14281 D wpa_supplicant: eap_sm_buildIdentity, eap_type : 0
08-21 17:00:43.697 14281 14281 D wpa_supplicant: EAP: using real identity - hexdump(len=29): 57 46 41 2d 53 69 6d 70 6c 65 43 6f 6e 66 69 67 2d 45 6e 72 6f 6c 6c 65 65 2d 31 2d 30
08-21 17:00:43.697 14281 14281 D wpa_supplicant: eap_sm_buildIdentity, final id : WFA-SimpleConfig-Enrollee-1-0
08-21 17:00:43.697 14281 14281 D wpa_supplicant: EAP: EAP entering state SEND_RESPONSE
08-21 17:00:43.697 14281 14281 D wpa_supplicant: EAP: EAP entering state IDLE
08-21 17:00:43.697 14281 14281 D wpa_supplicant: EAPOL: SUPP_BE entering state RESPONSE
08-21 17:00:43.697 14281 14281 D wpa_supplicant: EAPOL: txSuppRsp
08-21 17:00:43.697 14281 14281 D wpa_supplicant: TX EAPOL: dst=4e:09:d4:43:8e:ee
08-21 17:00:43.699  1567  1567 I WifiServerServiceExt: processLgeEapActionForCommon, eapEvent : 203
08-21 17:00:43.699 14281 14281 D wpa_supplicant: EAPOL: SUPP_BE entering state RECEIVE
08-21 17:00:43.907 14281 14281 D wpa_supplicant: p2p-wlan0-0: RX EAPOL from 4e:09:d4:43:8e:ee
08-21 17:00:43.907 14281 14281 D wpa_supplicant: EAPOL: Received EAP-Packet frame
08-21 17:00:43.907 14281 14281 D wpa_supplicant: EAPOL: SUPP_BE entering state REQUEST
08-21 17:00:43.907 14281 14281 D wpa_supplicant: EAPOL: getSuppRsp
08-21 17:00:43.907 14281 14281 D wpa_supplicant: EAP: EAP entering state RECEIVED
08-21 17:00:43.907 14281 14281 D wpa_supplicant: EAP: Received EAP-Request id=1 method=254 vendor=14122 vendorMethod=1
08-21 17:00:43.907 14281 14281 D wpa_supplicant: EAP: EAP entering state GET_METHOD
08-21 17:00:43.908 14281 14281 I wpa_supplicant: p2p-wlan0-0: CTRL-EVENT-EAP-PROPOSED-METHOD vendor=14122 method=1
08-21 17:00:43.908 14281 14281 D wpa_supplicant: CTRL_IFACE monitor sent successfully to /data/misc/wifi/sockets/wpa_ctrl_4223-4\x00
08-21 17:00:43.908 14281 14281 D wpa_supplicant: CTRL_IFACE monitor sent successfully to /data/misc/wifi/sockets/wpa_ctrl_1567-5\x00
08-21 17:00:43.908 14281 14281 D wpa_supplicant: EAP: Status notification: accept proposed method (param=WSC)
08-21 17:00:43.909 14281 14281 D wpa_supplicant: CTRL_IFACE monitor sent successfully to /data/misc/wifi/sockets/wpa_ctrl_4223-4\x00
08-21 17:00:43.909  4223 14333 D P2pExtMonWorker: Event [CTRL-EVENT-EAP-PROPOSED-METHOD vendor=14122 method=1]
08-21 17:00:43.909 14281 14281 D wpa_supplicant: CTRL_IFACE monitor sent successfully to /data/misc/wifi/sockets/wpa_ctrl_1567-5\x00
08-21 17:00:43.909 14281 14281 D wpa_supplicant: EAP: Initialize selected EAP method: vendor 14122 method 1 (WSC)
08-21 17:00:43.909 14281 14281 D wpa_supplicant: EAP-WSC: Fragment size limit 1398
08-21 17:00:43.909  4223 14333 D P2pExtMonWorker: Event [CTRL-EVENT-EAP-STATUS status='accept proposed method' parameter='WSC']
08-21 17:00:43.909 14281 14281 I wpa_supplicant: p2p-wlan0-0: CTRL-EVENT-EAP-METHOD EAP vendor 14122 method 1 (WSC) selected
08-21 17:00:43.909 14281 14281 D wpa_supplicant: CTRL_IFACE monitor sent successfully to /data/misc/wifi/sockets/wpa_ctrl_4223-4\x00
08-21 17:00:43.909 14281 14281 D wpa_supplicant: CTRL_IFACE monitor sent successfully to /data/misc/wifi/sockets/wpa_ctrl_1567-5\x00
08-21 17:00:43.909  1567 14331 I WifiServerServiceExt: LGE_EAP_PROPOSED_METHOD_ACTION extra... - vendor : 14122, method : 1
08-21 17:00:43.909 14281 14281 D wpa_supplicant: EAP: EAP entering state METHOD
08-21 17:00:43.909 14281 14281 D wpa_supplicant: EAP-WSC: Received packet: Op-Code 1 Flags 0x0 Message Length 0
08-21 17:00:43.909 14281 14281 D wpa_supplicant: EAP-WSC: Received start
08-21 17:00:43.910 14281 14281 D wpa_supplicant: EAP-WSC: WAIT_START -> MESG
08-21 17:00:43.911  1567  1567 I WifiServerServiceExt: processLgeEapActionForCommon, eapEvent : 204
08-21 17:00:43.912  1567 14331 I WifiServerServiceExt: LGE_EAP_METHOD_ACTION extra... - vendor : 14122, method : 1
08-21 17:00:43.912  1567 14331 I WifiServerServiceExt: mEapMethodType :1
08-21 17:00:43.912  4223 14333 D P2pExtMonWorker: Event [CTRL-EVENT-EAP-METHOD EAP vendor 14122 method 1 (WSC) selected]
08-21 17:00:43.919 14281 14281 D wpa_supplicant: WPS: Enrollee Nonce - hexdump(len=16): 03 96 8e 86 7b 54 e5 4a ff 41 a4 f1 cf be ef 5d
08-21 17:00:43.919 14281 14281 D wpa_supplicant: WPS: Building Message M1
08-21 17:00:43.919 14281 14281 D wpa_supplicant: WPS:  * Version (hardcoded 0x10)
08-21 17:00:43.919 14281 14281 D wpa_supplicant: WPS:  * Message Type (4)
08-21 17:00:43.919 14281 14281 D wpa_supplicant: WPS:  * UUID-E
08-21 17:00:43.919 14281 14281 D wpa_supplicant: WPS:  * MAC Address (02:90:4c:d4:82:ca)
08-21 17:00:43.919 14281 14281 D wpa_supplicant: WPS:  * Enrollee Nonce
08-21 17:00:43.919 14281 14281 D wpa_supplicant: WPS:  * Public Key
08-21 17:00:43.919 14281 14281 D wpa_supplicant: WPS: Generate new DH keys
08-21 17:00:43.921  1567  1567 I WifiServerServiceExt: processLgeEapActionForCommon, eapEvent : 205
08-21 17:00:44.000 14281 14281 D wpa_supplicant: WPS: DH Private Key - hexdump(len=192): [REMOVED]
08-21 17:00:44.000 14281 14281 D wpa_supplicant: WPS: DH own Public Key - hexdump(len=192): 33 e6 c5 41 d5 51 d5 c3 84 d7 0a 61 e4 2e 04 e7 0f 3d 38 4f 05 99 c0 e7 57 6e 7c 87 7e 9c 37 4c ...
08-21 17:00:44.000 14281 14281 D wpa_supplicant: WPS:  * Authentication Type Flags
08-21 17:00:44.000 14281 14281 D wpa_supplicant: WPS:  * Encryption Type Flags
08-21 17:00:44.000 14281 14281 D wpa_supplicant: WPS:  * Connection Type Flags
08-21 17:00:44.000 14281 14281 D wpa_supplicant: WPS:  * Config Methods (2148)
08-21 17:00:44.000 14281 14281 D wpa_supplicant: WPS:  * Wi-Fi Protected Setup State (1)
08-21 17:00:44.000 14281 14281 D wpa_supplicant: WPS:  * Manufacturer
08-21 17:00:44.000 14281 14281 D wpa_supplicant: WPS:  * Model Name
08-21 17:00:44.000 14281 14281 D wpa_supplicant: WPS:  * Model Number
08-21 17:00:44.000 14281 14281 D wpa_supplicant: WPS:  * Serial Number
08-21 17:00:44.000 14281 14281 D wpa_supplicant: WPS:  * Primary Device Type
08-21 17:00:44.000 14281 14281 D wpa_supplicant: WPS:  * Device Name
08-21 17:00:44.000 14281 14281 D wpa_supplicant: WPS:  * RF Bands (2)
08-21 17:00:44.000 14281 14281 D wpa_supplicant: WPS:  * Association State
08-21 17:00:44.000 14281 14281 D wpa_supplicant: WPS:  * Device Password ID (4)
08-21 17:00:44.000 14281 14281 D wpa_supplicant: WPS:  * Configuration Error (0)
08-21 17:00:44.000 14281 14281 D wpa_supplicant: WPS:  * OS Version
08-21 17:00:44.000 14281 14281 D wpa_supplicant: WPS:  * Version2 (0x20)
08-21 17:00:44.000 14281 14281 D wpa_supplicant: EAP-WSC: MESG -> MESG
08-21 17:00:44.000 14281 14281 D wpa_supplicant: EAP-WSC: Generating Response
08-21 17:00:44.000 14281 14281 D wpa_supplicant: EAP-WSC: Sending out 362 bytes (message sent completely)
08-21 17:00:44.000 14281 14281 D wpa_supplicant: EAP-WSC: MESG -> MESG
08-21 17:00:44.000 14281 14281 D wpa_supplicant: EAP: method process -> ignore=FALSE methodState=MAY_CONT decision=FAIL eapRespData=0x7f9582cd00
08-21 17:00:44.000 14281 14281 D wpa_supplicant: EAP: EAP entering state SEND_RESPONSE
08-21 17:00:44.000 14281 14281 D wpa_supplicant: EAP: EAP entering state IDLE
08-21 17:00:44.000 14281 14281 D wpa_supplicant: EAPOL: SUPP_BE entering state RESPONSE
08-21 17:00:44.000 14281 14281 D wpa_supplicant: EAPOL: txSuppRsp
08-21 17:00:44.000 14281 14281 D wpa_supplicant: TX EAPOL: dst=4e:09:d4:43:8e:ee
08-21 17:00:44.002 14281 14281 D wpa_supplicant: EAPOL: SUPP_BE entering state RECEIVE
08-21 17:00:44.237 14281 14281 D wpa_supplicant: p2p-wlan0-0: RX EAPOL from 4e:09:d4:43:8e:ee
08-21 17:00:44.237 14281 14281 D wpa_supplicant: EAPOL: Received EAP-Packet frame
08-21 17:00:44.237 14281 14281 D wpa_supplicant: EAPOL: SUPP_BE entering state REQUEST
08-21 17:00:44.237 14281 14281 D wpa_supplicant: EAPOL: getSuppRsp
08-21 17:00:44.237 14281 14281 D wpa_supplicant: EAP: EAP entering state RECEIVED
08-21 17:00:44.237 14281 14281 D wpa_supplicant: EAP: Received EAP-Request id=2 method=254 vendor=14122 vendorMethod=1
08-21 17:00:44.237 14281 14281 D wpa_supplicant: EAP: EAP entering state METHOD
08-21 17:00:44.237 14281 14281 D wpa_supplicant: EAP-WSC: Received packet: Op-Code 4 Flags 0x0 Message Length 0
08-21 17:00:44.237 14281 14281 D wpa_supplicant: WPS: Processing received message (len=409 op_code=4)
08-21 17:00:44.238 14281 14281 D wpa_supplicant: WPS: Received WSC_MSG
08-21 17:00:44.238 14281 14281 D wpa_supplicant: WPS: Received M2
08-21 17:00:44.238 14281 14281 D wpa_supplicant: WPS: Registrar Nonce - hexdump(len=16): a2 24 58 29 59 b0 7e 48 e4 60 b4 eb d9 df e9 67
08-21 17:00:44.238 14281 14281 D wpa_supplicant: WPS: UUID-R - hexdump(len=16): 22 21 02 03 04 05 06 07 08 09 4e 09 d4 43 8e ee
08-21 17:00:44.238 14281 14281 D wpa_supplicant: WPS: Device Password ID 4
08-21 17:00:44.238 14281 14281 D wpa_supplicant: WPS: DH Private Key - hexdump(len=192): [REMOVED]
08-21 17:00:44.238 14281 14281 D wpa_supplicant: WPS: DH peer Public Key - hexdump(len=192): fa d8 e3 d4 25 28 7e d3 8f 7c 39 c1 fe 4c 3e da db 83 db c1 88 1d f4 96 0d c6 43 e1 a2 9b 6d f4 ...
08-21 17:00:44.329 14281 14281 D wpa_supplicant: WPS: DH shared key - hexdump(len=192): [REMOVED]
08-21 17:00:44.329 14281 14281 D wpa_supplicant: WPS: DHKey - hexdump(len=32): [REMOVED]
08-21 17:00:44.329 14281 14281 D wpa_supplicant: WPS: KDK - hexdump(len=32): [REMOVED]
08-21 17:00:44.329 14281 14281 D wpa_supplicant: WPS: AuthKey - hexdump(len=32): [REMOVED]
08-21 17:00:44.329 14281 14281 D wpa_supplicant: WPS: KeyWrapKey - hexdump(len=16): [REMOVED]
08-21 17:00:44.329 14281 14281 D wpa_supplicant: WPS: EMSK - hexdump(len=32): [REMOVED]
08-21 17:00:44.329 14281 14281 D wpa_supplicant: WPS: Manufacturer - hexdump(len=8): 42 72 6f 61 64 63 6f 6d
08-21 17:00:44.329 14281 14281 D wpa_supplicant: WPS: Model Name - hexdump(len=6): 53 6f 66 74 41 50
08-21 17:00:44.329 14281 14281 D wpa_supplicant: WPS: Model Number - hexdump(len=1): 30
08-21 17:00:44.329 14281 14281 D wpa_supplicant: WPS: Serial Number - hexdump(len=1): 30
08-21 17:00:44.329 14281 14281 D wpa_supplicant: WPS: Primary Device Type: 7-0050F204-1
08-21 17:00:44.329 14281 14281 D wpa_supplicant: WPS: Device Name - hexdump(len=19): 5b 54 56 5d 5b 4c 47 5d 33 32 4c 42 35 38 30 42 2d 53 41
08-21 17:00:44.329 14281 14281 D wpa_supplicant: EAP-WSC: MESG -> MESG
08-21 17:00:44.329 14281 14281 D wpa_supplicant: WPS: Building Message M3
08-21 17:00:44.329 14281 14281 D wpa_supplicant: WPS: Device Password - hexdump(len=8): [REMOVED]
08-21 17:00:44.329 14281 14281 D wpa_supplicant: WPS: PSK1 - hexdump(len=16): [REMOVED]
08-21 17:00:44.329 14281 14281 D wpa_supplicant: WPS: PSK2 - hexdump(len=16): [REMOVED]
08-21 17:00:44.329 14281 14281 D wpa_supplicant: WPS:  * Version (hardcoded 0x10)
08-21 17:00:44.329 14281 14281 D wpa_supplicant: WPS:  * Message Type (7)
08-21 17:00:44.329 14281 14281 D wpa_supplicant: WPS:  * Registrar Nonce
08-21 17:00:44.331 14281 14281 D wpa_supplicant: WPS: E-S1 - hexdump(len=16): 58 cf a0 04 15 6d 2e b3 9a 0c cd 2c 1b a8 1a b9
08-21 17:00:44.331 14281 14281 D wpa_supplicant: WPS: E-S2 - hexdump(len=16): e9 99 bb da 7f 8f 01 f7 69 9e f0 4f 44 b2 0c 3b
08-21 17:00:44.331 14281 14281 D wpa_supplicant: WPS:  * E-Hash1
08-21 17:00:44.331 14281 14281 D wpa_supplicant: WPS: E-Hash1 - hexdump(len=32): f7 eb 9a c5 ae 61 0f 24 b6 d4 4b 8f f2 e8 0a 64 0e ae 2b b5 da 47 1a ed b0 4e 32 3b aa 65 47 32
08-21 17:00:44.331 14281 14281 D wpa_supplicant: WPS:  * E-Hash2
08-21 17:00:44.331 14281 14281 D wpa_supplicant: WPS: E-Hash2 - hexdump(len=32): ec b5 ec 58 ae 89 1b 2f 94 a1 d0 86 b0 2e d9 91 07 7a 68 c7 9a 9b 21 81 bb 0c 0f 71 28 20 3a b5
08-21 17:00:44.331 14281 14281 D wpa_supplicant: WPS:  * Version2 (0x20)
08-21 17:00:44.331 14281 14281 D wpa_supplicant: WPS:  * Authenticator
08-21 17:00:44.331 14281 14281 D wpa_supplicant: EAP-WSC: MESG -> MESG
08-21 17:00:44.331 14281 14281 D wpa_supplicant: EAP-WSC: Generating Response
08-21 17:00:44.331 14281 14281 D wpa_supplicant: EAP-WSC: Sending out 124 bytes (message sent completely)
08-21 17:00:44.331 14281 14281 D wpa_supplicant: EAP-WSC: MESG -> MESG
08-21 17:00:44.331 14281 14281 D wpa_supplicant: EAP: method process -> ignore=FALSE methodState=MAY_CONT decision=FAIL eapRespData=0x7f956696c0
08-21 17:00:44.331 14281 14281 D wpa_supplicant: EAP: EAP entering state SEND_RESPONSE
08-21 17:00:44.331 14281 14281 D wpa_supplicant: EAP: EAP entering state IDLE
08-21 17:00:44.331 14281 14281 D wpa_supplicant: EAPOL: SUPP_BE entering state RESPONSE
08-21 17:00:44.331 14281 14281 D wpa_supplicant: EAPOL: txSuppRsp
08-21 17:00:44.331 14281 14281 D wpa_supplicant: TX EAPOL: dst=4e:09:d4:43:8e:ee
08-21 17:00:44.332 14281 14281 D wpa_supplicant: EAPOL: SUPP_BE entering state RECEIVE
08-21 17:00:44.344 14281 14281 D wpa_supplicant: p2p-wlan0-0: RX EAPOL from 4e:09:d4:43:8e:ee
08-21 17:00:44.344 14281 14281 D wpa_supplicant: EAPOL: Received EAP-Packet frame
08-21 17:00:44.344 14281 14281 D wpa_supplicant: EAPOL: SUPP_BE entering state REQUEST
08-21 17:00:44.344 14281 14281 D wpa_supplicant: EAPOL: getSuppRsp
08-21 17:00:44.344 14281 14281 D wpa_supplicant: EAP: EAP entering state RECEIVED
08-21 17:00:44.344 14281 14281 D wpa_supplicant: EAP: Received EAP-Request id=3 method=254 vendor=14122 vendorMethod=1
08-21 17:00:44.344 14281 14281 D wpa_supplicant: EAP: EAP entering state METHOD
08-21 17:00:44.344 14281 14281 D wpa_supplicant: EAP-WSC: Received packet: Op-Code 4 Flags 0x0 Message Length 0
08-21 17:00:44.344 14281 14281 D wpa_supplicant: WPS: Processing received message (len=192 op_code=4)
08-21 17:00:44.344 14281 14281 D wpa_supplicant: WPS: Received WSC_MSG
08-21 17:00:44.344 14281 14281 D wpa_supplicant: WPS: Received M4
08-21 17:00:44.344 14281 14281 D wpa_supplicant: WPS: R-Hash1 - hexdump(len=32): e6 b8 52 5e 31 00 af aa 7a 46 24 0f 7e fe 41 10 fe 42 88 c4 d6 90 12 f4 55 78 7a 2b 3e af b3 d8
08-21 17:00:44.344 14281 14281 D wpa_supplicant: WPS: R-Hash2 - hexdump(len=32): 2c 11 58 bc b6 eb 34 d9 e7 26 66 32 52 39 ee 85 a0 7a 53 69 9d a5 97 8f 22 85 88 f3 0b 21 ac e5
08-21 17:00:44.345 14281 14281 D wpa_supplicant: WPS: Processing decrypted Encrypted Settings attribute
08-21 17:00:44.345 14281 14281 D wpa_supplicant: WPS: R-SNonce1 - hexdump(len=16): [REMOVED]
08-21 17:00:44.345 14281 14281 D wpa_supplicant: WPS: Registrar proved knowledge of the first half of the device password
08-21 17:00:44.345 14281 14281 D wpa_supplicant: EAP-WSC: MESG -> MESG
08-21 17:00:44.345 14281 14281 D wpa_supplicant: WPS: Building Message M5
08-21 17:00:44.345 14281 14281 D wpa_supplicant: WPS:  * Version (hardcoded 0x10)
08-21 17:00:44.345 14281 14281 D wpa_supplicant: WPS:  * Message Type (9)
08-21 17:00:44.345 14281 14281 D wpa_supplicant: WPS:  * Registrar Nonce
08-21 17:00:44.345 14281 14281 D wpa_supplicant: WPS:  * E-SNonce1
08-21 17:00:44.345 14281 14281 D wpa_supplicant: WPS:  * Key Wrap Authenticator
08-21 17:00:44.345 14281 14281 D wpa_supplicant: WPS:  * Encrypted Settings
08-21 17:00:44.346 14281 14281 D wpa_supplicant: WPS:  * Version2 (0x20)
08-21 17:00:44.346 14281 14281 D wpa_supplicant: WPS:  * Authenticator
08-21 17:00:44.346 14281 14281 D wpa_supplicant: EAP-WSC: MESG -> MESG
08-21 17:00:44.346 14281 14281 D wpa_supplicant: EAP-WSC: Generating Response
08-21 17:00:44.346 14281 14281 D wpa_supplicant: EAP-WSC: Sending out 120 bytes (message sent completely)
08-21 17:00:44.346 14281 14281 D wpa_supplicant: EAP-WSC: MESG -> MESG
08-21 17:00:44.346 14281 14281 D wpa_supplicant: EAP: method process -> ignore=FALSE methodState=MAY_CONT decision=FAIL eapRespData=0x7f956696c0
08-21 17:00:44.346 14281 14281 D wpa_supplicant: EAP: EAP entering state SEND_RESPONSE
08-21 17:00:44.346 14281 14281 D wpa_supplicant: EAP: EAP entering state IDLE
08-21 17:00:44.346 14281 14281 D wpa_supplicant: EAPOL: SUPP_BE entering state RESPONSE
08-21 17:00:44.346 14281 14281 D wpa_supplicant: EAPOL: txSuppRsp
08-21 17:00:44.346 14281 14281 D wpa_supplicant: TX EAPOL: dst=4e:09:d4:43:8e:ee
08-21 17:00:44.347 14281 14281 D wpa_supplicant: EAPOL: SUPP_BE entering state RECEIVE
08-21 17:00:44.355 14281 14281 D wpa_supplicant: p2p-wlan0-0: RX EAPOL from 4e:09:d4:43:8e:ee
08-21 17:00:44.355 14281 14281 D wpa_supplicant: EAPOL: Received EAP-Packet frame
08-21 17:00:44.355 14281 14281 D wpa_supplicant: EAPOL: SUPP_BE entering state REQUEST
08-21 17:00:44.355 14281 14281 D wpa_supplicant: EAPOL: getSuppRsp
08-21 17:00:44.355 14281 14281 D wpa_supplicant: EAP: EAP entering state RECEIVED
08-21 17:00:44.355 14281 14281 D wpa_supplicant: EAP: Received EAP-Request id=4 method=254 vendor=14122 vendorMethod=1
08-21 17:00:44.355 14281 14281 D wpa_supplicant: EAP: EAP entering state METHOD
08-21 17:00:44.355 14281 14281 D wpa_supplicant: EAP-WSC: Received packet: Op-Code 4 Flags 0x0 Message Length 0
08-21 17:00:44.355 14281 14281 D wpa_supplicant: WPS: Processing received message (len=120 op_code=4)
08-21 17:00:44.355 14281 14281 D wpa_supplicant: WPS: Received WSC_MSG
08-21 17:00:44.355 14281 14281 D wpa_supplicant: WPS: Received M6
08-21 17:00:44.355 14281 14281 D wpa_supplicant: WPS: Processing decrypted Encrypted Settings attribute
08-21 17:00:44.355 14281 14281 D wpa_supplicant: WPS: R-SNonce2 - hexdump(len=16): [REMOVED]
08-21 17:00:44.355 14281 14281 D wpa_supplicant: WPS: Registrar proved knowledge of the second half of the device password
08-21 17:00:44.355 14281 14281 D wpa_supplicant: EAP-WSC: MESG -> MESG
08-21 17:00:44.356 14281 14281 D wpa_supplicant: WPS: Building Message M7
08-21 17:00:44.356 14281 14281 D wpa_supplicant: WPS:  * Version (hardcoded 0x10)
08-21 17:00:44.356 14281 14281 D wpa_supplicant: WPS:  * Message Type (11)
08-21 17:00:44.356 14281 14281 D wpa_supplicant: WPS:  * Registrar Nonce
08-21 17:00:44.356 14281 14281 D wpa_supplicant: WPS:  * E-SNonce2
08-21 17:00:44.356 14281 14281 D wpa_supplicant: WPS:  * Key Wrap Authenticator
08-21 17:00:44.356 14281 14281 D wpa_supplicant: WPS:  * Encrypted Settings
08-21 17:00:44.357 14281 14281 D wpa_supplicant: WPS:  * Version2 (0x20)
08-21 17:00:44.357 14281 14281 D wpa_supplicant: WPS:  * Authenticator
08-21 17:00:44.357 14281 14281 D wpa_supplicant: EAP-WSC: MESG -> MESG
08-21 17:00:44.357 14281 14281 D wpa_supplicant: EAP-WSC: Generating Response
08-21 17:00:44.357 14281 14281 D wpa_supplicant: EAP-WSC: Sending out 120 bytes (message sent completely)
08-21 17:00:44.357 14281 14281 D wpa_supplicant: EAP-WSC: MESG -> MESG
08-21 17:00:44.357 14281 14281 D wpa_supplicant: EAP: method process -> ignore=FALSE methodState=MAY_CONT decision=FAIL eapRespData=0x7f956699c0
08-21 17:00:44.357 14281 14281 D wpa_supplicant: EAP: EAP entering state SEND_RESPONSE
08-21 17:00:44.357 14281 14281 D wpa_supplicant: EAP: EAP entering state IDLE
08-21 17:00:44.357 14281 14281 D wpa_supplicant: EAPOL: SUPP_BE entering state RESPONSE
08-21 17:00:44.357 14281 14281 D wpa_supplicant: EAPOL: txSuppRsp
08-21 17:00:44.357 14281 14281 D wpa_supplicant: TX EAPOL: dst=4e:09:d4:43:8e:ee
08-21 17:00:44.358 14281 14281 D wpa_supplicant: EAPOL: SUPP_BE entering state RECEIVE
08-21 17:00:44.364 14281 14281 D wpa_supplicant: p2p-wlan0-0: RX EAPOL from 4e:09:d4:43:8e:ee
08-21 17:00:44.364 14281 14281 D wpa_supplicant: EAPOL: Received EAP-Packet frame
08-21 17:00:44.364 14281 14281 D wpa_supplicant: EAPOL: SUPP_BE entering state REQUEST
08-21 17:00:44.364 14281 14281 D wpa_supplicant: EAPOL: getSuppRsp
08-21 17:00:44.364 14281 14281 D wpa_supplicant: EAP: EAP entering state RECEIVED
08-21 17:00:44.364 14281 14281 D wpa_supplicant: EAP: Received EAP-Request id=5 method=254 vendor=14122 vendorMethod=1
08-21 17:00:44.364 14281 14281 D wpa_supplicant: EAP: EAP entering state METHOD
08-21 17:00:44.364 14281 14281 D wpa_supplicant: EAP-WSC: Received packet: Op-Code 4 Flags 0x0 Message Length 0
08-21 17:00:44.364 14281 14281 D wpa_supplicant: WPS: Processing received message (len=216 op_code=4)
08-21 17:00:44.364 14281 14281 D wpa_supplicant: WPS: Received WSC_MSG
08-21 17:00:44.364 14281 14281 D wpa_supplicant: WPS: Received M8
08-21 17:00:44.365 14281 14281 D wpa_supplicant: WPS: Processing decrypted Encrypted Settings attribute
08-21 17:00:44.365 14281 14281 D wpa_supplicant: WPS: Received Credential
08-21 17:00:44.365 14281 14281 D wpa_supplicant: WPS: Process Credential
08-21 17:00:44.365 14281 14281 D wpa_supplicant: WPS: Network Index: 1
08-21 17:00:44.365 14281 14281 D wpa_supplicant: WPS: SSID - hexdump(len=28): 44 49 52 45 43 54 2d 41 50 5b 54 56 5d 5b 4c 47 5d 33 32 4c 42 35 38 30 42 2d 53 41
08-21 17:00:44.365 14281 14281 D wpa_supplicant: WPS: Authentication Type: 0x20
08-21 17:00:44.365 14281 14281 D wpa_supplicant: WPS: Encryption Type: 0x8
08-21 17:00:44.365 14281 14281 D wpa_supplicant: WPS: Network Key - hexdump(len=64): [REMOVED]
08-21 17:00:44.365 14281 14281 D wpa_supplicant: WPS: MAC Address 02:90:4c:d4:82:ca
08-21 17:00:44.365 14281 14281 I wpa_supplicant: p2p-wlan0-0: WPS-CRED-RECEIVED 
08-21 17:00:44.365 14281 14281 D wpa_supplicant: CTRL_IFACE monitor sent successfully to /data/misc/wifi/sockets/wpa_ctrl_4223-4\x00
08-21 17:00:44.365 14281 14281 D wpa_supplicant: CTRL_IFACE monitor sent successfully to /data/misc/wifi/sockets/wpa_ctrl_1567-5\x00
08-21 17:00:44.365 14281 14281 D wpa_supplicant: WPS: Received Credential attribute - hexdump(len=131): [REMOVED]
08-21 17:00:44.365 14281 14281 D wpa_supplicant: WPS: SSID - hexdump(len=28): 44 49 52 45 43 54 2d 41 50 5b 54 56 5d 5b 4c 47 5d 33 32 4c 42 35 38 30 42 2d 53 41
08-21 17:00:44.365 14281 14281 D wpa_supplicant: WPS: Authentication Type 0x20
08-21 17:00:44.365 14281 14281 D wpa_supplicant: WPS: Encryption Type 0x8
08-21 17:00:44.365 14281 14281 D wpa_supplicant: WPS: Network Key Index 0
08-21 17:00:44.365 14281 14281 D wpa_supplicant: WPS: Network Key - hexdump(len=64): [REMOVED]
08-21 17:00:44.365 14281 14281 D wpa_supplicant: WPS: MAC Address 02:90:4c:d4:82:ca
08-21 17:00:44.365 14281 14281 D wpa_supplicant: WPS: Replace WPS network block based on the received credential
08-21 17:00:44.365 14281 14281 D wpa_supplicant: WPS: The AP was not found from BSS table - use credential as-is
08-21 17:00:44.365  4223 14333 D P2pExtMonWorker: Event [WPS-CRED-RECEIVED ]
08-21 17:00:44.365 14281 14281 D wpa_supplicant: EAP-WSC: MESG -> MESG
08-21 17:00:44.365 14281 14281 D wpa_supplicant: WPS: Building Message WSC_Done
08-21 17:00:44.365 14281 14281 D wpa_supplicant: WPS:  * Version (hardcoded 0x10)
08-21 17:00:44.365 14281 14281 D wpa_supplicant: WPS:  * Message Type (15)
08-21 17:00:44.365 14281 14281 D wpa_supplicant: WPS:  * Enrollee Nonce
08-21 17:00:44.365 14281 14281 D wpa_supplicant: WPS:  * Registrar Nonce
08-21 17:00:44.365 14281 14281 D wpa_supplicant: WPS:  * Version2 (0x20)
08-21 17:00:44.366 14281 14281 I wpa_supplicant: p2p-wlan0-0: WPS-SUCCESS 
08-21 17:00:44.366 14281 14281 D wpa_supplicant: CTRL_IFACE monitor sent successfully to /data/misc/wifi/sockets/wpa_ctrl_4223-4\x00
08-21 17:00:44.366 14281 14281 D wpa_supplicant: CTRL_IFACE monitor sent successfully to /data/misc/wifi/sockets/wpa_ctrl_1567-5\x00
08-21 17:00:44.366 14281 14281 D wpa_supplicant: P2P: Parsing P2P IE
08-21 17:00:44.366  4223 14333 D P2pExtMonWorker: Event [WPS-SUCCESS ]
08-21 17:00:44.366 14281 14281 D wpa_supplicant: P2P: Attribute 2 length 2
08-21 17:00:44.366 14281 14281 D wpa_supplicant: P2P: * Device Capability 24 Group Capability 01
08-21 17:00:44.366 14281 14281 D wpa_supplicant: P2P: Attribute 8 length 4
08-21 17:00:44.366 14281 14281 D wpa_supplicant: P2P: * Extended Listen Timing (period 50 msec  interval 100 msec)
08-21 17:00:44.366 14281 14281 D wpa_supplicant: P2P: Attribute 13 length 48
08-21 17:00:44.366 14281 14281 D wpa_supplicant: P2P: * Device Info: addr 4e:09:d4:43:0e:ee primary device type 7-0050F204-1 device name '[TV][LG]32LB580B-SA' config methods 0x188
08-21 17:00:44.366 14281 14281 D wpa_supplicant: P2P: Attribute 14 length 0
08-21 17:00:44.366 14281 14281 D wpa_supplicant: P2P: * Group Info
08-21 17:00:44.366 14281 14281 D wpa_supplicant: P2P: Parsing P2P IE
08-21 17:00:44.366 14281 14281 D wpa_supplicant: P2P: Attribute 2 length 2
08-21 17:00:44.366 14281 14281 D wpa_supplicant: P2P: * Device Capability 24 Group Capability 01
08-21 17:00:44.366 14281 14281 D wpa_supplicant: P2P: Attribute 8 length 4
08-21 17:00:44.366 14281 14281 D wpa_supplicant: P2P: * Extended Listen Timing (period 50 msec  interval 100 msec)
08-21 17:00:44.366 14281 14281 D wpa_supplicant: P2P: Attribute 13 length 48
08-21 17:00:44.366 14281 14281 D wpa_supplicant: P2P: * Device Info: addr 4e:09:d4:43:0e:ee primary device type 7-0050F204-1 device name '[TV][LG]32LB580B-SA' config methods 0x188
08-21 17:00:44.366 14281 14281 D wpa_supplicant: P2P: Attribute 14 length 0
08-21 17:00:44.366 14281 14281 D wpa_supplicant: P2P: * Group Info
08-21 17:00:44.366 14281 14281 D wpa_supplicant: P2P: Checking whether group is persistent: group_capab=0x1
08-21 17:00:44.366 14281 14281 D wpa_supplicant: P2P: GO Device Address 4e:09:d4:43:0e:ee
08-21 17:00:44.366 14281 14281 D wpa_supplicant: P2P: BSS 4e:09:d4:43:8e:ee group_capab=0x1 go_dev_addr=4e:09:d4:43:0e:ee
08-21 17:00:44.366 14281 14281 D wpa_supplicant: p2p-wlan0-0: P2P: Re-start group formation timeout (10 seconds) as client for initial connection
08-21 17:00:44.366 14281 14281 D wpa_supplicant: P2P: Group Formation completed successfully with 4e:09:d4:43:8e:ee
08-21 17:00:44.366  1567 14331 I WifiServerServiceExt: WPS_SUCCESS_EVENT
08-21 17:00:44.367 14281 14281 D wpa_supplicant: P2P: Clear timeout (state=PROVISIONING)
08-21 17:00:44.367 14281 14281 D wpa_supplicant: P2P: State PROVISIONING -> IDLE
08-21 17:00:44.367 14281 14281 I wpa_supplicant: P2P-GROUP-FORMATION-SUCCESS 
08-21 17:00:44.367 14281 14281 D wpa_supplicant: CTRL_IFACE monitor sent successfully to /data/misc/wifi/sockets/wpa_ctrl_4223-4\x00
08-21 17:00:44.367 14281 14281 D wpa_supplicant: CTRL_IFACE monitor sent successfully to /data/misc/wifi/sockets/wpa_ctrl_1567-5\x00
08-21 17:00:44.367 14281 14281 D wpa_supplicant: P2P: Parsing P2P IE
08-21 17:00:44.367 14281 14281 D wpa_supplicant: P2P: Attribute 2 length 2
08-21 17:00:44.367 14281 14281 D wpa_supplicant: P2P: * Device Capability 24 Group Capability 01
08-21 17:00:44.367 14281 14281 D wpa_supplicant: P2P: Attribute 8 length 4
08-21 17:00:44.367 14281 14281 D wpa_supplicant: P2P: * Extended Listen Timing (period 50 msec  interval 100 msec)
08-21 17:00:44.367 14281 14281 D wpa_supplicant: P2P: Attribute 13 length 48
08-21 17:00:44.367  4223 14333 D P2pExtMonWorker: Event [P2P-GROUP-FORMATION-SUCCESS ]
08-21 17:00:44.367 14281 14281 D wpa_supplicant: P2P: * Device Info: addr 4e:09:d4:43:0e:ee primary device type 7-0050F204-1 device name '[TV][LG]32LB580B-SA' config methods 0x188
08-21 17:00:44.367 14281 14281 D wpa_supplicant: P2P: Attribute 14 length 0
08-21 17:00:44.367 14281 14281 D wpa_supplicant: P2P: * Group Info
08-21 17:00:44.367 14281 14281 D wpa_supplicant: P2P: Parsing P2P IE
08-21 17:00:44.367 14281 14281 D wpa_supplicant: P2P: Attribute 2 length 2
08-21 17:00:44.367 14281 14281 D wpa_supplicant: P2P: * Device Capability 24 Group Capability 01
08-21 17:00:44.367 14281 14281 D wpa_supplicant: P2P: Attribute 8 length 4
08-21 17:00:44.367 14281 14281 D wpa_supplicant: P2P: * Extended Listen Timing (period 50 msec  interval 100 msec)
08-21 17:00:44.367 14281 14281 D wpa_supplicant: P2P: Attribute 13 length 48
08-21 17:00:44.367 14281 14281 D wpa_supplicant: P2P: * Device Info: addr 4e:09:d4:43:0e:ee primary device type 7-0050F204-1 device name '[TV][LG]32LB580B-SA' config methods 0x188
08-21 17:00:44.367 14281 14281 D wpa_supplicant: P2P: Attribute 14 length 0
08-21 17:00:44.367 14281 14281 D wpa_supplicant: P2P: * Group Info
08-21 17:00:44.367 14281 14281 D wpa_supplicant: P2P: Checking whether group is persistent: group_capab=0x1
08-21 17:00:44.367 14281 14281 D wpa_supplicant: P2P: GO Device Address 4e:09:d4:43:0e:ee
08-21 17:00:44.367 14281 14281 D wpa_supplicant: P2P: BSS 4e:09:d4:43:8e:ee group_capab=0x1 go_dev_addr=4e:09:d4:43:0e:ee
08-21 17:00:44.367 14281 14281 D wpa_supplicant: EAP-WSC: MESG -> MESG
08-21 17:00:44.367 14281 14281 D wpa_supplicant: EAP-WSC: Generating Response
08-21 17:00:44.367 14281 14281 D wpa_supplicant: EAP-WSC: Sending out 60 bytes (message sent completely)
08-21 17:00:44.367 14281 14281 D wpa_supplicant: EAP-WSC: MESG -> FAIL
08-21 17:00:44.367 14281 14281 D wpa_supplicant: EAP: method process -> ignore=FALSE methodState=DONE decision=FAIL eapRespData=0x7f958151c0
08-21 17:00:44.367 14281 14281 D wpa_supplicant: EAP: EAP entering state SEND_RESPONSE
08-21 17:00:44.367 14281 14281 D wpa_supplicant: EAP: EAP entering state IDLE
08-21 17:00:44.367 14281 14281 D wpa_supplicant: EAPOL: SUPP_BE entering state RESPONSE
08-21 17:00:44.367 14281 14281 D wpa_supplicant: EAPOL: txSuppRsp
08-21 17:00:44.367 14281 14281 D wpa_supplicant: TX EAPOL: dst=4e:09:d4:43:8e:ee
08-21 17:00:44.368 14281 14281 D wpa_supplicant: EAPOL: SUPP_BE entering state RECEIVE
08-21 17:00:44.372 14281 14281 D wpa_supplicant: p2p-wlan0-0: RX EAPOL from 4e:09:d4:43:8e:ee
08-21 17:00:44.372 14281 14281 D wpa_supplicant: EAPOL: Received EAP-Packet frame
08-21 17:00:44.372 14281 14281 D wpa_supplicant: EAPOL: SUPP_BE entering state REQUEST
08-21 17:00:44.372 14281 14281 D wpa_supplicant: EAPOL: getSuppRsp
08-21 17:00:44.372 14281 14281 D wpa_supplicant: EAP: EAP entering state RECEIVED
08-21 17:00:44.372 14281 14281 D wpa_supplicant: EAP: Received EAP-Failure
08-21 17:00:44.372 14281 14281 D wpa_supplicant: EAP: Status notification: completion (param=failure)
08-21 17:00:44.372 14281 14281 D wpa_supplicant: CTRL_IFACE monitor sent successfully to /data/misc/wifi/sockets/wpa_ctrl_4223-4\x00
08-21 17:00:44.372 14281 14281 D wpa_supplicant: CTRL_IFACE monitor sent successfully to /data/misc/wifi/sockets/wpa_ctrl_1567-5\x00
08-21 17:00:44.372 14281 14281 D wpa_supplicant: EAP: Workaround for unexpected identifier field in EAP Success: reqId=6 lastId=5 (these are supposed to be same)
08-21 17:00:44.372 14281 14281 D wpa_supplicant: EAP: EAP entering state FAILURE
08-21 17:00:44.372 14281 14281 D wpa_supplicant: lge_eap_fail
08-21 17:00:44.372 14281 14281 D wpa_supplicant: lge_eap_inform_failure
08-21 17:00:44.372 14281 14281 I wpa_supplicant: p2p-wlan0-0: CTRL-EVENT-EAP-FAILURE EAP authentication failed
08-21 17:00:44.373 14281 14281 D wpa_supplicant: CTRL_IFACE monitor sent successfully to /data/misc/wifi/sockets/wpa_ctrl_4223-4\x00
08-21 17:00:44.373 14281 14281 D wpa_supplicant: CTRL_IFACE monitor sent successfully to /data/misc/wifi/sockets/wpa_ctrl_1567-5\x00
08-21 17:00:44.373 14281 14281 D wpa_supplicant: lge_eap_check_eap_type
08-21 17:00:44.373 14281 14281 D wpa_supplicant: EAPOL: SUPP_PAE entering state HELD
08-21 17:00:44.373 14281 14281 D wpa_supplicant: EAPOL: Supplicant port status: Unauthorized
08-21 17:00:44.373 14281 14281 D wpa_supplicant: nl80211: Set supplicant port unauthorized for 4e:09:d4:43:8e:ee
08-21 17:00:44.373  4223 14333 D P2pExtMonWorker: Event [CTRL-EVENT-EAP-STATUS status='completion' parameter='failure']
08-21 17:00:44.373  4223 14333 D P2pExtMonWorker: Event [CTRL-EVENT-EAP-FAILURE EAP authentication failed]
08-21 17:00:44.374 14281 14281 D wpa_supplicant: EAPOL: SUPP_BE entering state RECEIVE
08-21 17:00:44.374 14281 14281 D wpa_supplicant: EAPOL: SUPP_BE entering state FAIL
08-21 17:00:44.374 14281 14281 D wpa_supplicant: EAPOL: SUPP_BE entering state IDLE
08-21 17:00:44.374 14281 14281 D wpa_supplicant: EAPOL authentication completed - result=FAILURE
08-21 17:00:44.374 14281 14281 D wpa_supplicant:  wpa_s->wps_success : 1, wpa_s->p2p_in_provisioning : 0
08-21 17:00:44.374 14281 14281 D wpa_supplicant: WPS: Network configuration replaced - try to associate with the received credential (freq=5180)
08-21 17:00:44.374 14281 14281 D wpa_supplicant: p2p-wlan0-0: Request to deauthenticate - bssid=4e:09:d4:43:8e:ee pending_bssid=00:00:00:00:00:00 reason=3 state=ASSOCIATED
08-21 17:00:44.374 14281 14281 D wpa_supplicant: TDLS: Tear down peers
08-21 17:00:44.374 14281 14281 D wpa_supplicant: wpa_driver_nl80211_disconnect(reason_code=3)
08-21 17:00:44.375  1567  1567 I WifiServerServiceExt: processLgeEapActionForCommon, eapEvent : 201
08-21 17:00:44.380 14281 14281 D wpa_supplicant: p2p-wlan0-0: Event DEAUTH (12) received
08-21 17:00:44.380 14281 14281 D wpa_supplicant: p2p-wlan0-0: Deauthentication notification
08-21 17:00:44.380 14281 14281 D wpa_supplicant: p2p-wlan0-0:  * reason 3 (locally generated)
08-21 17:00:44.380 14281 14281 D wpa_supplicant: Deauthentication frame IE(s) - hexdump(len=0): [NULL]
08-21 17:00:44.380 14281 14281 I wpa_supplicant: p2p-wlan0-0: CTRL-EVENT-DISCONNECTED bssid=4e:09:d4:43:8e:ee reason=3 locally_generated=1
08-21 17:00:44.381  4223 14333 D P2pExtMonWorker: Event [CTRL-EVENT-DISCONNECTED bssid=4e:09:d4:43:8e:ee reason=3 locally_generated=1]
08-21 17:00:44.381 14281 14281 D wpa_supplicant: CTRL_IFACE monitor sent successfully to /data/misc/wifi/sockets/wpa_ctrl_4223-4\x00
08-21 17:00:44.381 14281 14281 D wpa_supplicant: CTRL_IFACE monitor sent successfully to /data/misc/wifi/sockets/wpa_ctrl_1567-5\x00
08-21 17:00:44.381 14281 14281 D wpa_supplicant: p2p-wlan0-0: Auto connect enabled: try to reconnect (wps=1 wpa_state=6)
08-21 17:00:44.381 14281 14281 D wpa_supplicant: p2p-wlan0-0: Setting scan request: 0.500000 sec
08-21 17:00:44.381 14281 14281 D wpa_supplicant: p2p-wlan0-0: Radio work 'connect'@0x7f9581c1e0 done in 1.830141 seconds
08-21 17:00:44.381 14281 14281 D wpa_supplicant: Added BSSID 4e:09:d4:43:8e:ee into blacklist
08-21 17:00:44.381 14281 14281 D wpa_supplicant: p2p-wlan0-0: Blacklist count 1 --> request scan in 100 ms
08-21 17:00:44.381 14281 14281 D wpa_supplicant: p2p-wlan0-0: Rescheduling scan request: 0.100000 sec
08-21 17:00:44.381 14281 14281 D wpa_supplicant: TDLS: Remove peers on disassociation
08-21 17:00:44.381 14281 14281 D wpa_supplicant: p2p-wlan0-0: WPA: Clear old PMK and PTK
08-21 17:00:44.381 14281 14281 D wpa_supplicant: p2p-wlan0-0: Disconnect event - remove keys
08-21 17:00:44.382 14281 14281 D wpa_supplicant: p2p-wlan0-0: State: ASSOCIATED -> DISCONNECTED
08-21 17:00:44.382 14281 14281 D wpa_supplicant: nl80211: Set p2p-wlan0-0 operstate 0->0 (DORMANT)
08-21 17:00:44.382 14281 14281 D wpa_supplicant: netlink: Operstate: ifindex=31 linkmode=-1 (no change), operstate=5 (IF_OPER_DORMANT)
08-21 17:00:44.382 14281 14281 D wpa_supplicant: P2P: Do not use P2P group idle timeout while waiting for initial 4-way handshake to complete
08-21 17:00:44.382  4223 14333 D P2pExtMonWorker: Event [CTRL-EVENT-STATE-CHANGE id=0 state=0 BSSID=4e:09:d4:43:8e:ee SSID=DIRECT-AP[TV][LG]32LB580B-SA]
08-21 17:00:44.382 14281 14281 D wpa_supplicant: CTRL_IFACE monitor sent successfully to /data/misc/wifi/sockets/wpa_ctrl_4223-4\x00
08-21 17:00:44.382 14281 14281 D wpa_supplicant: CTRL_IFACE monitor sent successfully to /data/misc/wifi/sockets/wpa_ctrl_1567-5\x00
08-21 17:00:44.382 14281 14281 D wpa_supplicant: EAPOL: External notification - portEnabled=0
08-21 17:00:44.382 14281 14281 D wpa_supplicant: EAPOL: SUPP_PAE entering state DISCONNECTED
08-21 17:00:44.382 14281 14281 D wpa_supplicant: EAPOL: Supplicant port status: Unauthorized
08-21 17:00:44.383 14281 14281 D wpa_supplicant: nl80211: Skip set_supp_port(unauthorized) while not associated
08-21 17:00:44.383 14281 14281 D wpa_supplicant: EAPOL: SUPP_BE entering state INITIALIZE
08-21 17:00:44.383 14281 14281 D wpa_supplicant: EAP: EAP entering state DISABLED
08-21 17:00:44.383 14281 14281 D wpa_supplicant: EAPOL: External notification - portValid=0
08-21 17:00:44.383 14281 14281 D wpa_supplicant: p2p-wlan0-0: State: DISCONNECTED -> DISCONNECTED
08-21 17:00:44.383 14281 14281 D wpa_supplicant: nl80211: Set p2p-wlan0-0 operstate 0->0 (DORMANT)
08-21 17:00:44.383 14281 14281 D wpa_supplicant: netlink: Operstate: ifindex=31 linkmode=-1 (no change), operstate=5 (IF_OPER_DORMANT)
08-21 17:00:44.383 14281 14281 D wpa_supplicant: EAPOL: External notification - portEnabled=0
08-21 17:00:44.383 14281 14281 D wpa_supplicant: EAPOL: External notification - portValid=0
08-21 17:00:44.383 14281 14281 D wpa_supplicant: WPS: Checking whether fast association without a new scan can be used
08-21 17:00:44.383 14281 14281 D wpa_supplicant: p2p-wlan0-0: Selecting BSS from priority group 0
08-21 17:00:44.383 14281 14281 D wpa_supplicant: p2p-wlan0-0: 0: 4e:09:d4:43:8e:ee ssid='DIRECT-AP[TV][LG]32LB580B-SA' wpa_ie_len=0 rsn_ie_len=20 caps=0x111 level=-48 wps p2p
08-21 17:00:44.383 14281 14281 D wpa_supplicant: p2p-wlan0-0:    skip - blacklisted (count=1 limit=0)
08-21 17:00:44.383 14281 14281 D wpa_supplicant: p2p-wlan0-0: No APs found - clear blacklist and try again
08-21 17:00:44.383 14281 14281 D wpa_supplicant: Removed BSSID 4e:09:d4:43:8e:ee from blacklist (clear)
08-21 17:00:44.383 14281 14281 D wpa_supplicant: p2p-wlan0-0: Selecting BSS from priority group 0
08-21 17:00:44.383 14281 14281 D wpa_supplicant: p2p-wlan0-0: 0: 4e:09:d4:43:8e:ee ssid='DIRECT-AP[TV][LG]32LB580B-SA' wpa_ie_len=0 rsn_ie_len=20 caps=0x111 level=-48 wps p2p
08-21 17:00:44.383 14281 14281 D wpa_supplicant: p2p-wlan0-0:    selected based on RSN IE
08-21 17:00:44.383 14281 14281 D wpa_supplicant: p2p-wlan0-0:    selected BSS 4e:09:d4:43:8e:ee ssid='DIRECT-AP[TV][LG]32LB580B-SA'
08-21 17:00:44.383 14281 14281 D wpa_supplicant: wpa_supplicant_check_mdm_ac_policy policy: 0
08-21 17:00:44.383 14281 14281 D wpa_supplicant: p2p-wlan0-0: [MDM] lg_mdm_auto_connect_policy 0
08-21 17:00:44.383 14281 14281 D wpa_supplicant: p2p-wlan0-0: [MDM] lg_mdm_auto_connect_policy 1
08-21 17:00:44.383 14281 14281 D wpa_supplicant: wpa_supplicant_check_mdm_ac_policy policy: 0
08-21 17:00:44.383 14281 14281 D wpa_supplicant: wpa_supplicant_check_mdm_ac_policy policy: 0
08-21 17:00:44.383 14281 14281 D wpa_supplicant: p2p-wlan0-0: [MDM] lg mdm allow/disallow auto connect is not set 
08-21 17:00:44.383 14281 14281 D wpa_supplicant: WPS: Continue association from timeout
08-21 17:00:44.384 14281 14281 D wpa_supplicant: nl80211: Drv Event 48 (NL80211_CMD_DISCONNECT) received for p2p-wlan0-0
08-21 17:00:44.384 14281 14281 D wpa_supplicant: nl80211: Ignore disconnect event triggered during reassociation
08-21 17:00:44.384 14281 14281 D wpa_supplicant: nl80211: Drv Event 36 (NL80211_CMD_REG_CHANGE) received for p2p-wlan0-0
08-21 17:00:44.384 14281 14281 D wpa_supplicant: nl80211: Regulatory domain change
08-21 17:00:44.384 14281 14281 D wpa_supplicant:  * initiator=0
08-21 17:00:44.384 14281 14281 D wpa_supplicant:  * type=1
08-21 17:00:44.384 14281 14281 D wpa_supplicant: p2p-wlan0-0: Event CHANNEL_LIST_CHANGED (30) received
08-21 17:00:44.384 14281 14281 I wpa_supplicant: p2p-wlan0-0: CTRL-EVENT-REGDOM-CHANGE init=DRIVER type=WORLD
08-21 17:00:44.384  4223 14333 D P2pExtMonWorker: Event [CTRL-EVENT-REGDOM-CHANGE init=DRIVER type=WORLD]
08-21 17:00:44.384 14281 14281 D wpa_supplicant: CTRL_IFACE monitor sent successfully to /data/misc/wifi/sockets/wpa_ctrl_4223-4\x00
08-21 17:00:44.385 14281 14281 D wpa_supplicant: CTRL_IFACE monitor sent successfully to /data/misc/wifi/sockets/wpa_ctrl_1567-5\x00
08-21 17:00:44.385 14281 14281 D wpa_supplicant: nl80211: Regulatory information - country=00
08-21 17:00:44.386 14281 14281 D wpa_supplicant: nl80211: 2402-2472 @ 40 MHz 20 mBm
08-21 17:00:44.386 14281 14281 D wpa_supplicant: nl80211: 2457-2482 @ 40 MHz 20 mBm (no IR)
08-21 17:00:44.386 14281 14281 D wpa_supplicant: nl80211: 2474-2494 @ 20 MHz 20 mBm (no OFDM) (no IR)
08-21 17:00:44.386 14281 14281 D wpa_supplicant: nl80211: 5170-5250 @ 80 MHz 20 mBm (no IR)
08-21 17:00:44.386 14281 14281 D wpa_supplicant: nl80211: 5250-5330 @ 80 MHz 20 mBm (no IR)
08-21 17:00:44.386 14281 14281 D wpa_supplicant: nl80211: 5490-5710 @ 80 MHz 20 mBm (no IR)
08-21 17:00:44.386 14281 14281 D wpa_supplicant: nl80211: 5735-5835 @ 80 MHz 20 mBm (no IR)
08-21 17:00:44.386 14281 14281 D wpa_supplicant: nl80211: 57240-63720 @ 2160 MHz 0 mBm
08-21 17:00:44.386 14281 14281 D wpa_supplicant: nl80211: Added 802.11b mode based on 802.11g information
08-21 17:00:44.386 14281 14281 D wpa_supplicant: P2P: Add operating class 81
08-21 17:00:44.386 14281 14281 D wpa_supplicant: P2P: Channels - hexdump(len=13): 01 02 03 04 05 06 07 08 09 0a 0b 0c 0d
08-21 17:00:44.386 14281 14281 D wpa_supplicant: P2P: Add operating class 115
08-21 17:00:44.386 14281 14281 D wpa_supplicant: P2P: Channels - hexdump(len=4): 24 28 2c 30
08-21 17:00:44.386 14281 14281 D wpa_supplicant: P2P: Add operating class 124
08-21 17:00:44.386 14281 14281 D wpa_supplicant: P2P: Channels - hexdump(len=4): 95 99 9d a1
08-21 17:00:44.386 14281 14281 D wpa_supplicant: P2P: Update channel list
08-21 17:00:44.386 14281 14281 D wpa_supplicant: P2P: channels: 81:1,2,3,4,5,6,7,8,9,10,11,12,13 115:36,40,44,48 124:149,153,157,161
08-21 17:00:44.386 14281 14281 D wpa_supplicant: P2P: cli_channels:
08-21 17:00:44.386 14281 14281 D wpa_supplicant: p2p-dev-wlan0: Updating hw mode
08-21 17:00:44.387 14281 14281 D wpa_supplicant: nl80211: Regulatory information - country=00
08-21 17:00:44.387 14281 14281 D wpa_supplicant: nl80211: 2402-2472 @ 40 MHz 20 mBm
08-21 17:00:44.387 14281 14281 D wpa_supplicant: nl80211: 2457-2482 @ 40 MHz 20 mBm (no IR)
08-21 17:00:44.387 14281 14281 D wpa_supplicant: nl80211: 2474-2494 @ 20 MHz 20 mBm (no OFDM) (no IR)
08-21 17:00:44.387 14281 14281 D wpa_supplicant: nl80211: 5170-5250 @ 80 MHz 20 mBm (no IR)
08-21 17:00:44.387 14281 14281 D wpa_supplicant: nl80211: 5250-5330 @ 80 MHz 20 mBm (no IR)
08-21 17:00:44.387 14281 14281 D wpa_supplicant: nl80211: 5490-5710 @ 80 MHz 20 mBm (no IR)
08-21 17:00:44.387 14281 14281 D wpa_supplicant: nl80211: 5735-5835 @ 80 MHz 20 mBm (no IR)
08-21 17:00:44.387 14281 14281 D wpa_supplicant: nl80211: 57240-63720 @ 2160 MHz 0 mBm
08-21 17:00:44.387 14281 14281 D wpa_supplicant: nl80211: Added 802.11b mode based on 802.11g information
08-21 17:00:44.387 14281 14281 D wpa_supplicant: wlan0: Updating hw mode
08-21 17:00:44.387 14281 14281 D wpa_supplicant: nl80211: Regulatory information - country=00
08-21 17:00:44.388 14281 14281 D wpa_supplicant: nl80211: 2402-2472 @ 40 MHz 20 mBm
08-21 17:00:44.388 14281 14281 D wpa_supplicant: nl80211: 2457-2482 @ 40 MHz 20 mBm (no IR)
08-21 17:00:44.388 14281 14281 D wpa_supplicant: nl80211: 2474-2494 @ 20 MHz 20 mBm (no OFDM) (no IR)
08-21 17:00:44.388 14281 14281 D wpa_supplicant: nl80211: 5170-5250 @ 80 MHz 20 mBm (no IR)
08-21 17:00:44.388 14281 14281 D wpa_supplicant: nl80211: 5250-5330 @ 80 MHz 20 mBm (no IR)
08-21 17:00:44.388 14281 14281 D wpa_supplicant: nl80211: 5490-5710 @ 80 MHz 20 mBm (no IR)
08-21 17:00:44.388 14281 14281 D wpa_supplicant: nl80211: 5735-5835 @ 80 MHz 20 mBm (no IR)
08-21 17:00:44.388 14281 14281 D wpa_supplicant: nl80211: 57240-63720 @ 2160 MHz 0 mBm
08-21 17:00:44.388 14281 14281 D wpa_supplicant: nl80211: Added 802.11b mode based on 802.11g information
08-21 17:00:44.394 14281 14281 D wpa_supplicant: WPS: Continuing association after eapol_cb
08-21 17:00:44.394 14281 14281 D wpa_supplicant: wpas_select_network_from_last_scan
08-21 17:00:44.394 14281 14281 D wpa_supplicant: p2p-wlan0-0: Selecting BSS from priority group 0
08-21 17:00:44.394 14281 14281 D wpa_supplicant: p2p-wlan0-0: 0: 4e:09:d4:43:8e:ee ssid='DIRECT-AP[TV][LG]32LB580B-SA' wpa_ie_len=0 rsn_ie_len=20 caps=0x111 level=-48 wps p2p
08-21 17:00:44.394 14281 14281 D wpa_supplicant: p2p-wlan0-0:    selected based on RSN IE
08-21 17:00:44.394 14281 14281 D wpa_supplicant: p2p-wlan0-0:    selected BSS 4e:09:d4:43:8e:ee ssid='DIRECT-AP[TV][LG]32LB580B-SA'
08-21 17:00:44.394 14281 14281 D wpa_supplicant: wpa_supplicant_check_mdm_ac_policy policy: 0
08-21 17:00:44.394 14281 14281 D wpa_supplicant: p2p-wlan0-0: [MDM] lg_mdm_auto_connect_policy 0
08-21 17:00:44.394 14281 14281 D wpa_supplicant: p2p-wlan0-0: [MDM] lg_mdm_auto_connect_policy 1
08-21 17:00:44.394 14281 14281 D wpa_supplicant: wpa_supplicant_check_mdm_ac_policy policy: 0
08-21 17:00:44.395 14281 14281 D wpa_supplicant: wpa_supplicant_check_mdm_ac_policy policy: 0
08-21 17:00:44.395 14281 14281 D wpa_supplicant: p2p-wlan0-0: [MDM] lg mdm allow/disallow auto connect is not set 
08-21 17:00:44.395 14281 14281 D wpa_supplicant: p2p-wlan0-0: Considering connect request: reassociate: 1  selected: 4e:09:d4:43:8e:ee  bssid: 00:00:00:00:00:00  pending: 00:00:00:00:00:00  wpa_state: DISCONNECTED  ssid=0x7f95665000  current_ssid=0x0
08-21 17:00:44.395 14281 14281 D wpa_supplicant: p2p-wlan0-0: Selected network is configured to use SIM (sim=1 aka=1) - initialize PCSC
08-21 17:00:44.395 14281 14281 E wpa_supplicant: USIM:  scard_init function
08-21 17:00:44.395 14281 14281 D wpa_supplicant: p2p-wlan0-0: Request association with 4e:09:d4:43:8e:ee
08-21 17:00:44.395 14281 14281 D wpa_supplicant: p2p-wlan0-0: [Events.c:1455]Request association: reassociate: 1  selected: 4e:09:d4:43:8e:ee  bssid: 00:00:00:00:00:00  pending: 00:00:00:00:00:00  wpa_state: DISCONNECTED
08-21 17:00:44.395 14281 14281 D wpa_supplicant: wpa_supplicant_check_mdm_ac_policy policy: 0
08-21 17:00:44.395 14281 14281 D wpa_supplicant: p2p-wlan0-0: [MDM] lg_mdm_auto_connect_policy 0
08-21 17:00:44.395 14281 14281 D wpa_supplicant: wpa_supplicant_check_mdm_ac_policy policy: 0
08-21 17:00:44.395 14281 14281 D wpa_supplicant: wpa_supplicant_check_mdm_ac_policy policy: 0
08-21 17:00:44.395 14281 14281 D wpa_supplicant: p2p-wlan0-0: [MDM] lg mdm allow/disallow auto connect is not set 
08-21 17:00:44.395 14281 14281 D wpa_supplicant: WPA: Unrecognized EAPOL-Key Key Data IE - hexdump(len=30): 00 1c 44 49 52 45 43 54 2d 41 50 5b 54 56 5d 5b 4c 47 5d 33 32 4c 42 35 38 30 42 2d 53 41
08-21 17:00:44.395 14281 14281 D wpa_supplicant: WPA: Unrecognized EAPOL-Key Key Data IE - hexdump(len=32): 07 1e 42 52 20 24 01 11 28 01 11 2c 01 11 30 01 11 95 01 1e 99 01 1e 9d 01 1e a1 01 1e a5 01 1e
08-21 17:00:44.395 14281 14281 D wpa_supplicant: WPA: Unrecognized EAPOL-Key Key Data IE - hexdump(len=3): 20 01 00
08-21 17:00:44.395 14281 14281 D wpa_supplicant: WPA: Unrecognized EAPOL-Key Key Data IE - hexdump(len=4): 23 02 0a 00
08-21 17:00:44.395 14281 14281 D wpa_supplicant: WPA: RSN IE in EAPOL-Key - hexdump(len=22): 30 14 01 00 00 0f ac 04 01 00 00 0f ac 04 01 00 00 0f ac 02 08 00
08-21 17:00:44.395 14281 14281 D wpa_supplicant: WPA: Unrecognized EAPOL-Key Key Data IE - hexdump(len=24): 3d 16 24 08 00 00 00 00 00 00 00 00 00 00 00 00 00 00 00 00 00 00 00 00
08-21 17:00:44.395 14281 14281 D wpa_supplicant: WPA: WMM Parameter Element - hexdump(len=24): 00 50 f2 02 01 01 80 00 03 a4 00 00 27 a4 00 00 42 43 5e 00 62 32 2f 00
08-21 17:00:44.395 14281 14281 D wpa_supplicant: TDLS: TDLS is allowed in the target BSS
08-21 17:00:44.395 14281 14281 D wpa_supplicant: p2p-wlan0-0: Add radio work 'connect'@0x7f9581c1e0
08-21 17:00:44.396 14281 14281 D wpa_supplicant: p2p-wlan0-0: First radio work item in the queue - schedule start immediately
08-21 17:00:44.396 14281 14281 D wpa_supplicant: p2p-wlan0-0: Starting radio work 'connect'@0x7f9581c1e0 after 0.000088 second wait
08-21 17:00:44.396 14281 14281 I wpa_supplicant: Trying to associate with 4e:09:d4:43:8e:ee (SSID='DIRECT-AP[TV][LG]32LB580B-SA' freq=5180 MHz)
08-21 17:00:44.396 14281 14281 D wpa_supplicant: p2p-wlan0-0: Cancelling scan request
08-21 17:00:44.396 14281 14281 D wpa_supplicant: p2p-wlan0-0: WPA: clearing own WPA/RSN IE
08-21 17:00:44.396 14281 14281 D wpa_supplicant: p2p-wlan0-0: Automatic auth_alg selection: 0x1
08-21 17:00:44.396 14281 14281 D wpa_supplicant: p2p-wlan0-0: Overriding auth_alg selection: 0x1
08-21 17:00:44.396 14281 14281 D wpa_supplicant: RSN: PMKSA cache search - network_ctx=0x7f95665000 try_opportunistic=0
08-21 17:00:44.396 14281 14281 D wpa_supplicant: RSN: Search for BSSID 4e:09:d4:43:8e:ee
08-21 17:00:44.396 14281 14281 D wpa_supplicant: RSN: No PMKSA cache entry found
08-21 17:00:44.396 14281 14281 D wpa_supplicant: p2p-wlan0-0: RSN: using IEEE 802.11i/D9.0
08-21 17:00:44.396 14281 14281 D wpa_supplicant: p2p-wlan0-0: WPA: Selected cipher suites: group 16 pairwise 16 key_mgmt 2 proto 2
08-21 17:00:44.396 14281 14281 D wpa_supplicant: p2p-wlan0-0: WPA: Selected mgmt group cipher 32
08-21 17:00:44.396 14281 14281 D wpa_supplicant: p2p-wlan0-0: WPA: clearing AP WPA IE
08-21 17:00:44.396 14281 14281 D wpa_supplicant: WPA: set AP RSN IE - hexdump(len=22): 30 14 01 00 00 0f ac 04 01 00 00 0f ac 04 01 00 00 0f ac 02 08 00
08-21 17:00:44.396 14281 14281 D wpa_supplicant: p2p-wlan0-0: WPA: using GTK CCMP
08-21 17:00:44.396 14281 14281 D wpa_supplicant: p2p-wlan0-0: WPA: using PTK CCMP
08-21 17:00:44.396 14281 14281 D wpa_supplicant: p2p-wlan0-0: WPA: using KEY_MGMT WPA-PSK
08-21 17:00:44.396 14281 14281 D wpa_supplicant: p2p-wlan0-0: WPA: not using MGMT group cipher
08-21 17:00:44.396 14281 14281 D wpa_supplicant: WPA: Set own WPA IE default - hexdump(len=22): 30 14 01 00 00 0f ac 04 01 00 00 0f ac 04 01 00 00 0f ac 02 00 00
08-21 17:00:44.396 14281 14281 D wpa_supplicant: [LGE_P2P] wpas_p2p_assoc_req_ie() ifname:p2p-wlan0-0 drv_flags:0x3808fac0
08-21 17:00:44.396 14281 14281 D wpa_supplicant: P2P: * P2P IE header
08-21 17:00:44.396 14281 14281 D wpa_supplicant: P2P: * Capability dev=27 group=00
08-21 17:00:44.396 14281 14281 D wpa_supplicant: P2P: * Device Info
08-21 17:00:44.469 14281 14281 D wpa_supplicant: WPA: WMM Parameter Element - hexdump(len=24): 00 50 f2 02 01 01 80 00 03 a4 00 00 27 a4 00 00 42 43 5e 00 62 32 2f 00
08-21 17:00:44.470 14281 14281 D wpa_supplicant: CTRL_IFACE monitor sent successfully to /data/misc/wifi/sockets/wpa_ctrl_1567-5\x00
08-21 17:00:44.470 14281 14281 D wpa_supplicant: p2p-wlan0-0: Associated to a new BSS: BSSID=4e:09:d4:43:8e:ee
08-21 17:00:44.470 14281 14281 D wpa_supplicant: p2p-wlan0-0: WPA: clearing AP WPA IE
08-21 17:00:44.470 14281 14281 D wpa_supplicant: WPA: set AP RSN IE - hexdump(len=22): 30 14 01 00 00 0f ac 04 01 00 00 0f ac 04 01 00 00 0f ac 02 08 00
08-21 17:00:44.470 14281 14281 I wpa_supplicant: p2p-wlan0-0: Associated with 4e:09:d4:43:8e:ee
08-21 17:00:44.470  4223 14333 D P2pExtMonWorker: Event [Associated with 4e:09:d4:43:8e:ee]
08-21 17:00:44.471 14281 14281 D wpa_supplicant: CTRL_IFACE monitor sent successfully to /data/misc/wifi/sockets/wpa_ctrl_4223-4\x00
08-21 17:00:44.471 14281 14281 D wpa_supplicant: CTRL_IFACE monitor sent successfully to /data/misc/wifi/sockets/wpa_ctrl_1567-5\x00
08-21 17:00:44.471 14281 14281 D wpa_supplicant: scard is not null..
08-21 17:00:44.471 14281 14281 D wpa_supplicant: p2p-wlan0-0: WPA: Association event - clear replay counter
08-21 17:00:44.471 14281 14281 D wpa_supplicant: p2p-wlan0-0: WPA: Clear old PTK
08-21 17:00:44.471 14281 14281 D wpa_supplicant: TDLS: Remove peers on association
08-21 17:00:44.471 14281 14281 D wpa_supplicant: EAPOL: External notification - portEnabled=0
08-21 17:00:44.471 14281 14281 D wpa_supplicant: EAPOL: External notification - portValid=0
08-21 17:00:44.471 14281 14281 D wpa_supplicant: EAPOL: External notification - EAP success=0
08-21 17:00:44.471 14281 14281 D wpa_supplicant: EAPOL: External notification - portEnabled=1
08-21 17:00:44.471 14281 14281 D wpa_supplicant: EAPOL: SUPP_PAE entering state CONNECTING
08-21 17:00:44.471 14281 14281 D wpa_supplicant: EAPOL: SUPP_BE entering state IDLE
08-21 17:00:44.471 14281 14281 D wpa_supplicant: p2p-wlan0-0: Setting authentication timeout: 10 sec 0 usec
08-21 17:00:44.471 14281 14281 D wpa_supplicant: p2p-wlan0-0: Cancelling scan request
08-21 17:00:44.471 14281 14281 D wpa_supplicant: p2p-wlan0-0: Process pending EAPOL frame that was received just before association notification
08-21 17:00:44.471 14281 14281 D wpa_supplicant: p2p-wlan0-0: RX EAPOL from 4e:09:d4:43:8e:ee
08-21 17:00:44.471 14281 14281 D wpa_supplicant: p2p-wlan0-0: Setting authentication timeout: 10 sec 0 usec
08-21 17:00:44.471 14281 14281 D wpa_supplicant: p2p-wlan0-0: IEEE 802.1X RX: version=2 type=3 length=95
08-21 17:00:44.471 14281 14281 D wpa_supplicant: p2p-wlan0-0:   EAPOL-Key type=2
08-21 17:00:44.471 14281 14281 D wpa_supplicant: p2p-wlan0-0:   key_info 0x8a (ver=2 keyidx=0 rsvd=0 Pairwise Ack)
08-21 17:00:44.471 14281 14281 D wpa_supplicant: p2p-wlan0-0:   key_length=16 key_data_length=0
08-21 17:00:44.471 14281 14281 D wpa_supplicant:   replay_counter - hexdump(len=8): 00 00 00 00 00 00 00 00
08-21 17:00:44.471 14281 14281 D wpa_supplicant:   key_nonce - hexdump(len=32): fc 72 90 b8 8e 47 80 13 aa 13 d0 67 09 32 17 fe 81 96 4f 9c 2f 80 cd f1 7d 97 3f de cb 06 34 4c
08-21 17:00:44.471 14281 14281 D wpa_supplicant:   key_iv - hexdump(len=16): 00 00 00 00 00 00 00 00 00 00 00 00 00 00 00 00
08-21 17:00:44.471 14281 14281 D wpa_supplicant:   key_rsc - hexdump(len=8): 00 00 00 00 00 00 00 00
08-21 17:00:44.471 14281 14281 D wpa_supplicant:   key_id (reserved) - hexdump(len=8): 00 00 00 00 00 00 00 00
08-21 17:00:44.471 14281 14281 D wpa_supplicant:   key_mic - hexdump(len=16): 00 00 00 00 00 00 00 00 00 00 00 00 00 00 00 00
08-21 17:00:44.471 14281 14281 D wpa_supplicant: p2p-wlan0-0: State: ASSOCIATED -> 4WAY_HANDSHAKE
08-21 17:00:44.472  4223 14333 D P2pExtMonWorker: Event [CTRL-EVENT-STATE-CHANGE id=0 state=7 BSSID=4e:09:d4:43:8e:ee SSID=DIRECT-AP[TV][LG]32LB580B-SA]
08-21 17:00:44.472 14281 14281 D wpa_supplicant: CTRL_IFACE monitor sent successfully to /data/misc/wifi/sockets/wpa_ctrl_4223-4\x00
08-21 17:00:44.472 14281 14281 D wpa_supplicant: CTRL_IFACE monitor sent successfully to /data/misc/wifi/sockets/wpa_ctrl_1567-5\x00
08-21 17:00:44.472 14281 14281 D wpa_supplicant: p2p-wlan0-0: WPA: RX message 1 of 4-Way Handshake from 4e:09:d4:43:8e:ee (ver=2)
08-21 17:00:44.472 14281 14281 D wpa_supplicant: RSN: msg 1/4 key data - hexdump(len=0):
08-21 17:00:44.473 14281 14281 D wpa_supplicant: WPA: Renewed SNonce - hexdump(len=32): 1f cf 44 28 98 d6 3b 36 89 c9 0c e5 9b b3 69 08 f3 4f c9 56 dd 65 0b b4 82 6e 7e 67 fa 13 c1 93
08-21 17:00:44.473 14281 14281 D wpa_supplicant: WPA: PTK derivation - A1=02:90:4c:d4:82:ca A2=4e:09:d4:43:8e:ee
08-21 17:00:44.474 14281 14281 D wpa_supplicant: WPA: Nonce1 - hexdump(len=32): 1f cf 44 28 98 d6 3b 36 89 c9 0c e5 9b b3 69 08 f3 4f c9 56 dd 65 0b b4 82 6e 7e 67 fa 13 c1 93
08-21 17:00:44.474 14281 14281 D wpa_supplicant: WPA: Nonce2 - hexdump(len=32): fc 72 90 b8 8e 47 80 13 aa 13 d0 67 09 32 17 fe 81 96 4f 9c 2f 80 cd f1 7d 97 3f de cb 06 34 4c
08-21 17:00:44.474 14281 14281 D wpa_supplicant: WPA: PMK - hexdump(len=32): [REMOVED]
08-21 17:00:44.474 14281 14281 D wpa_supplicant: WPA: PTK - hexdump(len=48): [REMOVED]
08-21 17:00:44.474 14281 14281 D wpa_supplicant: WPA: WPA IE for msg 2/4 - hexdump(len=22): 30 14 01 00 00 0f ac 04 01 00 00 0f ac 04 01 00 00 0f ac 02 0c 00
08-21 17:00:44.474 14281 14281 D wpa_supplicant: WPA: Replay Counter - hexdump(len=8): 00 00 00 00 00 00 00 00
08-21 17:00:44.474 14281 14281 D wpa_supplicant: p2p-wlan0-0: WPA: Sending EAPOL-Key 2/4
08-21 17:00:44.474 14281 14281 D wpa_supplicant: WPA: KCK - hexdump(len=16): [REMOVED]
08-21 17:00:44.474 14281 14281 D wpa_supplicant: WPA: Derived Key MIC - hexdump(len=16): 66 6d dc e0 c9 de d3 e0 eb e2 dc 9c 13 79 b1 da
08-21 17:00:44.474 14281 14281 D wpa_supplicant: nl80211: Drv Event 36 (NL80211_CMD_REG_CHANGE) received for p2p-wlan0-0
08-21 17:00:44.475 14281 14281 D wpa_supplicant: nl80211: Regulatory domain change
08-21 17:00:44.475 14281 14281 D wpa_supplicant:  * initiator=3
08-21 17:00:44.475 14281 14281 D wpa_supplicant:  * type=0
08-21 17:00:44.475 14281 14281 D wpa_supplicant:  * alpha2=BR
08-21 17:00:44.475 14281 14281 D wpa_supplicant: p2p-wlan0-0: Event CHANNEL_LIST_CHANGED (30) received
08-21 17:00:44.475 14281 14281 I wpa_supplicant: p2p-wlan0-0: CTRL-EVENT-REGDOM-CHANGE init=USER type=COUNTRY alpha2=BR
08-21 17:00:44.475  4223 14333 D P2pExtMonWorker: Event [CTRL-EVENT-REGDOM-CHANGE init=USER type=COUNTRY alpha2=BR]
08-21 17:00:44.475 14281 14281 D wpa_supplicant: CTRL_IFACE monitor sent successfully to /data/misc/wifi/sockets/wpa_ctrl_4223-4\x00
08-21 17:00:44.476 14281 14281 D wpa_supplicant: CTRL_IFACE monitor sent successfully to /data/misc/wifi/sockets/wpa_ctrl_1567-5\x00
08-21 17:00:44.476 14281 14281 D wpa_supplicant: nl80211: Regulatory information - country=BR
08-21 17:00:44.476 14281 14281 D wpa_supplicant: nl80211: 2402-2482 @ 40 MHz 20 mBm
08-21 17:00:44.476 14281 14281 D wpa_supplicant: nl80211: 5170-5250 @ 80 MHz 24 mBm
08-21 17:00:44.476 14281 14281 D wpa_supplicant: nl80211: 5250-5330 @ 80 MHz 24 mBm (DFS)
08-21 17:00:44.476 14281 14281 D wpa_supplicant: nl80211: 5490-5730 @ 80 MHz 24 mBm (DFS)
08-21 17:00:44.477 14281 14281 D wpa_supplicant: nl80211: 5735-5835 @ 80 MHz 30 mBm
08-21 17:00:44.477 14281 14281 D wpa_supplicant: nl80211: Added 802.11b mode based on 802.11g information
08-21 17:00:44.477 14281 14281 D wpa_supplicant: P2P: Add operating class 81
08-21 17:00:44.477 14281 14281 D wpa_supplicant: P2P: Channels - hexdump(len=13): 01 02 03 04 05 06 07 08 09 0a 0b 0c 0d
08-21 17:00:44.477 14281 14281 D wpa_supplicant: P2P: Add operating class 115
08-21 17:00:44.477 14281 14281 D wpa_supplicant: P2P: Channels - hexdump(len=4): 24 28 2c 30
08-21 17:00:44.477 14281 14281 D wpa_supplicant: P2P: Add operating class 124
08-21 17:00:44.477 14281 14281 D wpa_supplicant: P2P: Channels - hexdump(len=4): 95 99 9d a1
08-21 17:00:44.477 14281 14281 D wpa_supplicant: P2P: Update channel list
08-21 17:00:44.477 14281 14281 D wpa_supplicant: P2P: channels: 81:1,2,3,4,5,6,7,8,9,10,11,12,13 115:36,40,44,48 124:149,153,157,161
08-21 17:00:44.477 14281 14281 D wpa_supplicant: P2P: cli_channels:
08-21 17:00:44.477 14281 14281 D wpa_supplicant: p2p-dev-wlan0: Updating hw mode
08-21 17:00:44.478 14281 14281 D wpa_supplicant: nl80211: Regulatory information - country=BR
08-21 17:00:44.478 14281 14281 D wpa_supplicant: nl80211: 2402-2482 @ 40 MHz 20 mBm
08-21 17:00:44.478 14281 14281 D wpa_supplicant: nl80211: 5170-5250 @ 80 MHz 24 mBm
08-21 17:00:44.478 14281 14281 D wpa_supplicant: nl80211: 5250-5330 @ 80 MHz 24 mBm (DFS)
08-21 17:00:44.479 14281 14281 D wpa_supplicant: nl80211: 5490-5730 @ 80 MHz 24 mBm (DFS)
08-21 17:00:44.479 14281 14281 D wpa_supplicant: nl80211: 5735-5835 @ 80 MHz 30 mBm
08-21 17:00:44.479 14281 14281 D wpa_supplicant: nl80211: Added 802.11b mode based on 802.11g information
08-21 17:00:44.479 14281 14281 D wpa_supplicant: wlan0: Updating hw mode
08-21 17:00:44.479 14281 14281 D wpa_supplicant: nl80211: Regulatory information - country=BR
08-21 17:00:44.479 14281 14281 D wpa_supplicant: nl80211: 2402-2482 @ 40 MHz 20 mBm
08-21 17:00:44.479 14281 14281 D wpa_supplicant: nl80211: 5170-5250 @ 80 MHz 24 mBm
08-21 17:00:44.479 14281 14281 D wpa_supplicant: nl80211: 5250-5330 @ 80 MHz 24 mBm (DFS)
08-21 17:00:44.479 14281 14281 D wpa_supplicant: nl80211: 5490-5730 @ 80 MHz 24 mBm (DFS)
08-21 17:00:44.479 14281 14281 D wpa_supplicant: nl80211: 5735-5835 @ 80 MHz 30 mBm
08-21 17:00:44.479 14281 14281 D wpa_supplicant: nl80211: Added 802.11b mode based on 802.11g information
08-21 17:00:44.480 14281 14281 D wpa_supplicant: p2p-wlan0-0: RX EAPOL from 4e:09:d4:43:8e:ee
08-21 17:00:44.480 14281 14281 D wpa_supplicant: p2p-wlan0-0: IEEE 802.1X RX: version=2 type=3 length=151
08-21 17:00:44.480 14281 14281 D wpa_supplicant: p2p-wlan0-0:   EAPOL-Key type=2
08-21 17:00:44.480 14281 14281 D wpa_supplicant: p2p-wlan0-0:   key_info 0x13ca (ver=2 keyidx=0 rsvd=0 Pairwise Install Ack MIC Secure Encr)
08-21 17:00:44.480 14281 14281 D wpa_supplicant: p2p-wlan0-0:   key_length=16 key_data_length=56
08-21 17:00:44.480 14281 14281 D wpa_supplicant:   replay_counter - hexdump(len=8): 00 00 00 00 00 00 00 01
08-21 17:00:44.480 14281 14281 D wpa_supplicant:   key_nonce - hexdump(len=32): fc 72 90 b8 8e 47 80 13 aa 13 d0 67 09 32 17 fe 81 96 4f 9c 2f 80 cd f1 7d 97 3f de cb 06 34 4c
08-21 17:00:44.480 14281 14281 D wpa_supplicant:   key_iv - hexdump(len=16): 00 00 00 00 00 00 00 00 00 00 00 00 00 00 00 00
08-21 17:00:44.480 14281 14281 D wpa_supplicant:   key_rsc - hexdump(len=8): 00 00 00 00 00 00 00 00
08-21 17:00:44.480 14281 14281 D wpa_supplicant:   key_id (reserved) - hexdump(len=8): 00 00 00 00 00 00 00 00
08-21 17:00:44.480 14281 14281 D wpa_supplicant:   key_mic - hexdump(len=16): 54 5a f3 27 36 7d 9b e1 b0 b7 e1 8d eb 17 30 b0
08-21 17:00:44.480 14281 14281 D wpa_supplicant: RSN: encrypted key data - hexdump(len=56): 71 3d bf 7c b2 d8 b3 1d e5 78 6e a2 0b dc 1d 3f dc aa 43 54 89 b7 96 83 cf 5b a1 2e c3 97 4b 3d ...
08-21 17:00:44.480 14281 14281 D wpa_supplicant: WPA: decrypted EAPOL-Key key data - hexdump(len=48): [REMOVED]
08-21 17:00:44.480 14281 14281 D wpa_supplicant: p2p-wlan0-0: State: 4WAY_HANDSHAKE -> 4WAY_HANDSHAKE
08-21 17:00:44.480 14281 14281 D wpa_supplicant: p2p-wlan0-0: WPA: RX message 3 of 4-Way Handshake from 4e:09:d4:43:8e:ee (ver=2)
08-21 17:00:44.480 14281 14281 D wpa_supplicant: WPA: IE KeyData - hexdump(len=48): 30 14 01 00 00 0f ac 04 01 00 00 0f ac 04 01 00 00 0f ac 02 08 00 dd 16 00 0f ac 01 01 00 27 de ...
08-21 17:00:44.480 14281 14281 D wpa_supplicant: WPA: RSN IE in EAPOL-Key - hexdump(len=22): 30 14 01 00 00 0f ac 04 01 00 00 0f ac 04 01 00 00 0f ac 02 08 00
08-21 17:00:44.480 14281 14281 D wpa_supplicant: WPA: GTK in EAPOL-Key - hexdump(len=24): [REMOVED]
08-21 17:00:44.480 14281 14281 D wpa_supplicant: p2p-wlan0-0: WPA: Sending EAPOL-Key 4/4
08-21 17:00:44.480 14281 14281 D wpa_supplicant: WPA: KCK - hexdump(len=16): [REMOVED]
08-21 17:00:44.480 14281 14281 D wpa_supplicant: WPA: Derived Key MIC - hexdump(len=16): 23 b4 c1 15 e9 45 ab c0 82 96 4c 65 df 66 a5 d1
08-21 17:00:44.481 14281 14281 D wpa_supplicant: p2p-wlan0-0: WPA: Installing PTK to the driver
08-21 17:00:44.481 14281 14281 D wpa_supplicant: wpa_driver_nl80211_set_key: ifindex=31 (p2p-wlan0-0) alg=3 addr=0x7f9566e268 key_idx=0 set_tx=1 seq_len=6 key_len=16
08-21 17:00:44.481 14281 14281 D wpa_supplicant: nl80211: KEY_DATA - hexdump(len=16): [REMOVED]
08-21 17:00:44.481 14281 14281 D wpa_supplicant: nl80211: KEY_SEQ - hexdump(len=6): 00 00 00 00 00 00
08-21 17:00:44.481 14281 14281 D wpa_supplicant:    addr=4e:09:d4:43:8e:ee
08-21 17:00:44.500 14281 14281 D wpa_supplicant: EAPOL: External notification - portValid=1
08-21 17:00:44.500 14281 14281 D wpa_supplicant: p2p-wlan0-0: State: 4WAY_HANDSHAKE -> GROUP_HANDSHAKE
08-21 17:00:44.501  4223 14333 D P2pExtMonWorker: Event [CTRL-EVENT-STATE-CHANGE id=0 state=8 BSSID=4e:09:d4:43:8e:ee SSID=DIRECT-AP[TV][LG]32LB580B-SA]
08-21 17:00:44.501 14281 14281 D wpa_supplicant: CTRL_IFACE monitor sent successfully to /data/misc/wifi/sockets/wpa_ctrl_4223-4\x00
08-21 17:00:44.501 14281 14281 D wpa_supplicant: CTRL_IFACE monitor sent successfully to /data/misc/wifi/sockets/wpa_ctrl_1567-5\x00
08-21 17:00:44.501 14281 14281 D wpa_supplicant: RSN: received GTK in pairwise handshake - hexdump(len=18): [REMOVED]
08-21 17:00:44.501 14281 14281 D wpa_supplicant: WPA: Group Key - hexdump(len=16): [REMOVED]
08-21 17:00:44.501 14281 14281 D wpa_supplicant: p2p-wlan0-0: WPA: Installing GTK to the driver (keyidx=1 tx=0 len=16)
08-21 17:00:44.501 14281 14281 D wpa_supplicant: WPA: RSC - hexdump(len=6): 00 00 00 00 00 00
08-21 17:00:44.502 14281 14281 D wpa_supplicant: wpa_driver_nl80211_set_key: ifindex=31 (p2p-wlan0-0) alg=3 addr=0x558d425650 key_idx=1 set_tx=0 seq_len=6 key_len=16
08-21 17:00:44.502 14281 14281 D wpa_supplicant: nl80211: KEY_DATA - hexdump(len=16): [REMOVED]
08-21 17:00:44.502 14281 14281 D wpa_supplicant: nl80211: KEY_SEQ - hexdump(len=6): 00 00 00 00 00 00
08-21 17:00:44.502 14281 14281 D wpa_supplicant:    broadcast key
08-21 17:00:44.504 14281 14281 I wpa_supplicant: p2p-wlan0-0: WPA: Key negotiation completed with 4e:09:d4:43:8e:ee [PTK=CCMP GTK=CCMP]
08-21 17:00:44.504  4223 14333 D P2pExtMonWorker: Event [WPA: Key negotiation completed with 4e:09:d4:43:8e:ee [PTK=CCMP GTK=CCMP]]
08-21 17:00:44.504 14281 14281 D wpa_supplicant: CTRL_IFACE monitor sent successfully to /data/misc/wifi/sockets/wpa_ctrl_4223-4\x00
08-21 17:00:44.504 14281 14281 D wpa_supplicant: CTRL_IFACE monitor sent successfully to /data/misc/wifi/sockets/wpa_ctrl_1567-5\x00
08-21 17:00:44.504 14281 14281 D wpa_supplicant: p2p-wlan0-0: Cancelling authentication timeout
08-21 17:00:44.504 14281 14281 D wpa_supplicant: p2p-wlan0-0: State: GROUP_HANDSHAKE -> COMPLETED
08-21 17:00:44.504 14281 14281 D wpa_supplicant: p2p-wlan0-0: Radio work 'connect'@0x7f9581c1e0 done in 0.108782 seconds
08-21 17:00:44.504 14281 14281 I wpa_supplicant: p2p-wlan0-0: CTRL-EVENT-CONNECTED - Connection to 4e:09:d4:43:8e:ee completed [id=0 id_str=]
08-21 17:00:44.505  4223 14333 D P2pExtMonWorker: Event [CTRL-EVENT-CONNECTED - Connection to 4e:09:d4:43:8e:ee completed [id=0 id_str=]]
08-21 17:00:44.505 14281 14281 D wpa_supplicant: CTRL_IFACE monitor sent successfully to /data/misc/wifi/sockets/wpa_ctrl_4223-4\x00
08-21 17:00:44.505 14281 14281 D wpa_supplicant: CTRL_IFACE monitor sent successfully to /data/misc/wifi/sockets/wpa_ctrl_1567-5\x00
08-21 17:00:44.505 14281 14281 D wpa_supplicant: nl80211: Set p2p-wlan0-0 operstate 0->1 (UP)
08-21 17:00:44.505 14281 14281 D wpa_supplicant: netlink: Operstate: ifindex=31 linkmode=-1 (no change), operstate=6 (IF_OPER_UP)
08-21 17:00:44.506 14281 14281 D wpa_supplicant: P2P: Parsing P2P IE
08-21 17:00:44.506 14281 14281 D wpa_supplicant: P2P: Attribute 2 length 2
08-21 17:00:44.506 14281 14281 D wpa_supplicant: P2P: * Device Capability 24 Group Capability 01
08-21 17:00:44.506 14281 14281 D wpa_supplicant: P2P: Attribute 8 length 4
08-21 17:00:44.506 14281 14281 D wpa_supplicant: P2P: * Extended Listen Timing (period 50 msec  interval 100 msec)
08-21 17:00:44.506 14281 14281 D wpa_supplicant: P2P: Attribute 13 length 48
08-21 17:00:44.506 14281 14281 D wpa_supplicant: P2P: * Device Info: addr 4e:09:d4:43:0e:ee primary device type 7-0050F204-1 device name '[TV][LG]32LB580B-SA' config methods 0x188
08-21 17:00:44.506 14281 14281 D wpa_supplicant: P2P: Attribute 14 length 0
08-21 17:00:44.506 14281 14281 D wpa_supplicant: P2P: * Group Info
08-21 17:00:44.506 14281 14281 D wpa_supplicant: P2P: Parsing P2P IE
08-21 17:00:44.506 14281 14281 D wpa_supplicant: P2P: Attribute 2 length 2
08-21 17:00:44.506 14281 14281 D wpa_supplicant: P2P: * Device Capability 24 Group Capability 01
08-21 17:00:44.506 14281 14281 D wpa_supplicant: P2P: Attribute 8 length 4
08-21 17:00:44.506 14281 14281 D wpa_supplicant: P2P: * Extended Listen Timing (period 50 msec  interval 100 msec)
08-21 17:00:44.506 14281 14281 D wpa_supplicant: P2P: Attribute 13 length 48
08-21 17:00:44.506 14281 14281 D wpa_supplicant: P2P: * Device Info: addr 4e:09:d4:43:0e:ee primary device type 7-0050F204-1 device name '[TV][LG]32LB580B-SA' config methods 0x188
08-21 17:00:44.506 14281 14281 D wpa_supplicant: P2P: Attribute 14 length 0
08-21 17:00:44.506 14281 14281 D wpa_supplicant: P2P: * Group Info
08-21 17:00:44.506 14281 14281 D wpa_supplicant: P2P: Checking whether group is persistent: group_capab=0x1
08-21 17:00:44.506 14281 14281 D wpa_supplicant: P2P: GO Device Address 4e:09:d4:43:0e:ee
08-21 17:00:44.506 14281 14281 D wpa_supplicant: P2P: BSS 4e:09:d4:43:8e:ee group_capab=0x1 go_dev_addr=4e:09:d4:43:0e:ee
08-21 17:00:44.506 14281 14281 I wpa_supplicant: P2P-GROUP-STARTED p2p-wlan0-0 client ssid="DIRECT-AP[TV][LG]32LB580B-SA" freq=5180 psk=13baa96ef80662a390342c6b97434c445084e4462f0cc1112fea967a34fab178 go_dev_addr=4e:09:d4:43:0e:ee
08-21 17:00:44.506  4223 14333 D P2pExtMonWorker: Event [P2P-GROUP-STARTED p2p-wlan0-0 client ssid="DIRECT-AP[TV][LG]32LB580B-SA" freq=5180 psk=13baa96ef80662a390342c6b97434c445084e4462f0cc1112fea967a34fab178 go_dev_addr=4e:09:d4:43:0e:ee]
08-21 17:00:44.507 14281 14281 D wpa_supplicant: CTRL_IFACE monitor sent successfully to /data/misc/wifi/sockets/wpa_ctrl_4223-4\x00
08-21 17:00:44.508 14281 14281 D wpa_supplicant: CTRL_IFACE monitor sent successfully to /data/misc/wifi/sockets/wpa_ctrl_1567-5\x00
08-21 17:00:44.508 14281 14281 D wpa_supplicant: wpa_supplicant_set_state, isWPS : 0
08-21 17:00:44.508  4223 14333 D P2pExtMonWorker: Event [CTRL-EVENT-STATE-CHANGE id=0 state=9 BSSID=4e:09:d4:43:8e:ee SSID=DIRECT-AP[TV][LG]32LB580B-SA]
08-21 17:00:44.509 14281 14281 D wpa_supplicant: CTRL_IFACE monitor sent successfully to /data/misc/wifi/sockets/wpa_ctrl_4223-4\x00
08-21 17:00:44.509 14281 14281 D wpa_supplicant: CTRL_IFACE monitor sent successfully to /data/misc/wifi/sockets/wpa_ctrl_1567-5\x00
08-21 17:00:44.509 14281 14281 D wpa_supplicant: EAPOL: External notification - portValid=1
08-21 17:00:44.509 14281 14281 D wpa_supplicant: EAPOL: External notification - EAP success=1
08-21 17:00:44.509 14281 14281 D wpa_supplicant: EAPOL: SUPP_PAE entering state AUTHENTICATING
08-21 17:00:44.509 14281 14281 D wpa_supplicant: EAPOL: SUPP_BE entering state SUCCESS
08-21 17:00:44.509 14281 14281 D wpa_supplicant: EAP: EAP entering state DISABLED
08-21 17:00:44.509 14281 14281 D wpa_supplicant: EAPOL: SUPP_PAE entering state AUTHENTICATED
08-21 17:00:44.509 14281 14281 D wpa_supplicant: EAPOL: Supplicant port status: Authorized
08-21 17:00:44.509 14281 14281 D wpa_supplicant: nl80211: Set supplicant port authorized for 4e:09:d4:43:8e:ee
08-21 17:00:44.510 14281 14281 D wpa_supplicant: EAPOL: SUPP_BE entering state IDLE
08-21 17:00:44.510 14281 14281 D wpa_supplicant: EAPOL authentication completed - result=SUCCESS
08-21 17:00:44.511 14281 14281 D wpa_supplicant: p2p-wlan0-0: Control interface command 'SET p2p_group_idle 10'
08-21 17:00:44.511 14281 14281 D wpa_supplicant: CTRL_IFACE SET 'p2p_group_idle'='10'
08-21 17:00:44.511 14281 14281 D wpa_supplicant: p2p_group_idle=10
08-21 17:00:44.512 14281 14281 D wpa_supplicant: RTM_NEWLINK: ifi_index=31 ifname=p2p-wlan0-0 operstate=6 linkmode=1 ifi_flags=0x11043 ([UP][RUNNING][LOWER_UP])
08-21 17:00:44.514  1567  2409 D DhcpStateMachine: StoppedState
08-21 17:00:44.514 14281 14281 D wpa_supplicant: p2p-wlan0-0: Control interface command 'P2P_SET ps 0'
08-21 17:00:44.514 14281 14281 D wpa_supplicant: nl80211: set_p2p_powersave (legacy_ps=0 opp_ps=-1 ctwindow=-1)
08-21 17:00:44.516 14281 14281 D wpa_supplicant: p2p-dev-wlan0: Control interface command 'DRIVER BTCOEXMODE 1'
08-21 17:00:44.516 14281 14281 D wpa_supplicant: Re-routing DRIVER cmd to parent iface
08-21 17:00:44.516 14281 14281 D wpa_supplicant: Re-routing command to iface: wlan0 cmd (BTCOEXMODE 1)
08-21 17:00:44.605 14281 14281 D wpa_supplicant: wpa_driver_nl80211_driver_cmd OK len = 0, 2
08-21 17:00:44.605  1567  2409 D DhcpStateMachine: StoppedState{ when=0 what=196609 target=com.android.internal.util.StateMachine$SmHandler }
08-21 17:00:44.605  1567  2409 D DhcpStateMachine: DHCP Start wake lock is acquired.
08-21 17:00:44.606  1567  3243 D WifiServerServiceExt: setWifiP2pNotificationIcon() set visible
08-21 17:00:44.607  4223  4223 D WfdsService: WIFI_P2P_PEERS_CHANGED_ACTION
08-21 17:00:44.608  1567  2409 D DhcpStateMachine: DHCPV4 request on p2p-wlan0-0
08-21 17:00:44.610  1567  2409 V LgDhcpStateMachineHelper: [bssid] hash key :00:00:00:00:00:00
08-21 17:00:44.610  1567  2409 D LgDhcpStateMachineHelper: dhcp.ap.macaddress = 00:00:00:00:00:00
08-21 17:00:44.614  4634  4634 D Leccp_1.0.23: [P2PScanner] WIFI_P2P_PEERS_CHANGED_ACTION mIsReady: false, WfdState: 3
08-21 17:00:44.617  4064  4064 I WfdStateTracker: handleP2pThisDeviceChanged: 0
08-21 17:00:44.618  4223  4223 D WfdsService: WIFI_P2P_THIS_DEVICE_CHANGED_ATCION
08-21 17:00:44.618  4223  4223 D WfdsService: Update P2p Interface State: 0
08-21 17:00:44.619  1567  1567 D WifiServerServiceExt: P2p time out is 900000.
08-21 17:00:44.619  1567  1567 E WifiServerServiceExt: Start monitoring for p2p off delay
08-21 17:00:44.619  1567  1567 D WifiServerServiceExt: Group Interface = p2p-wlan0-0
08-21 17:00:44.619  1567  1567 D WifiP2pOffDelayIfNotUsed: -----------------------------GetWiFiP2pStats start
08-21 17:00:44.629  4064  4064 I WfdStateTracker: handleP2pPeerChanged: on connecting with connected
08-21 17:00:44.629  4064  4064 D WfdStateTracker: cancelWifiDisplayConnect: 3
08-21 17:00:44.629  4064  4064 D UinputSourceController: Deinit : current mUibcState is INVALID
08-21 17:00:44.629  4064  4064 D WfdStateTracker: Wfd0 State Changed from 3 to 6
08-21 17:00:44.636  6415  6433 D LGCover : SmartCoverUpdateMonitor.java:340 onNotificationPosted(): StatusBarNotification(pkg=android user=UserHandle{-1} id=33687466 tag=null score=0 key=-1|android|33687466|null|1000: Notification(pri=0 contentView=android/0x1090085 vibrate=null sound=null tick defaults=0x0 flags=0x2 color=0x00000000 vis=PRIVATE))
08-21 17:00:44.637  6415  6415 D LGCover : SmartCoverUpdateMonitor.java:346 run(): !qcn.isEnableToShowNotification()
08-21 17:00:44.639  3599  3599 D [SystemUI]NotificationBackground: updateBackground(), 0x0
08-21 17:00:44.641  4558  4558 D DSDPConnection: HDMICable or WFD ConnectedEvent [com.lge.systemservice.core.wfdmanager.WFD_STATE_CHANGED]
08-21 17:00:44.642  4558  4558 D DSDPConnection: [DSDP]StatusReceiver::WFD Connected: false ExternalDevice: 0
08-21 17:00:44.642  4558  4558 W DsdpExternalView: dismissDsdpPopup()
08-21 17:00:44.642  4558  4558 D DsdpStatus: setIsExternalDeviceConnected() connected : false
08-21 17:00:44.642  4634  4634 D Leccp_1.0.23: [MiracastHandler] onReceive WFD_STATE_CHANGED_ACTION WfdStatus: 3 --> 6
08-21 17:00:44.643  2410  2410 I dhcpcd  : version 5.5.6 starting
08-21 17:00:44.643  4634  4732 D Leccp_1.0.23: [MiracastHandler] onUpdatedP2pDevice name: [TV][LG]32LB580B-SA, status: 0
08-21 17:00:44.643  4634  4732 D Leccp_1.0.23: [MiracastHandler] updateDevice deviceName: [TV][LG]32LB580B-SA --> [TV][LG]32LB580B-SA, status: 1 --> 0
08-21 17:00:44.643  4634  4732 D Leccp_1.0.23: [MiracastHandler] checkDeviceState state: AVAILABLE
08-21 17:00:44.651 14281 14281 D wpa_supplicant: p2p-dev-wlan0: Control interface command 'DRIVER BTCOEXMODE 2'
08-21 17:00:44.651 14281 14281 D wpa_supplicant: Re-routing DRIVER cmd to parent iface
08-21 17:00:44.651 14281 14281 D wpa_supplicant: Re-routing command to iface: wlan0 cmd (BTCOEXMODE 2)
08-21 17:00:44.654 14281 14281 D wpa_supplicant: wpa_driver_nl80211_driver_cmd OK len = 0, 2
08-21 17:00:44.654 31963 31963 V WifiScreenEnabler: handleScreenStateChanged: 6 set: true enabled: true
08-21 17:00:44.654 14281 14281 D wpa_supplicant: p2p-wlan0-0: Control interface command 'P2P_GROUP_REMOVE p2p-wlan0-0'
08-21 17:00:44.655 14281 14281 D wpa_supplicant: p2p-wlan0-0: Request to deauthenticate - bssid=4e:09:d4:43:8e:ee pending_bssid=00:00:00:00:00:00 reason=3 state=COMPLETED
08-21 17:00:44.655 14281 14281 D wpa_supplicant: TDLS: Tear down peers
08-21 17:00:44.655 14281 14281 D wpa_supplicant: wpa_driver_nl80211_disconnect(reason_code=3)
08-21 17:00:44.663 31963 31963 D WifiScreenSettings: handleScreenStateChanged == 6
08-21 17:00:44.667 14281 14281 D wpa_supplicant: p2p-wlan0-0: Event DEAUTH (12) received
08-21 17:00:44.667 14281 14281 D wpa_supplicant: p2p-wlan0-0: Deauthentication notification
08-21 17:00:44.667 14281 14281 D wpa_supplicant: p2p-wlan0-0:  * reason 3 (locally generated)
08-21 17:00:44.667 14281 14281 D wpa_supplicant: Deauthentication frame IE(s) - hexdump(len=0): [NULL]
08-21 17:00:44.667 14281 14281 I wpa_supplicant: p2p-wlan0-0: CTRL-EVENT-DISCONNECTED bssid=4e:09:d4:43:8e:ee reason=3 locally_generated=1
08-21 17:00:44.667 14281 14281 D wpa_supplicant: CTRL_IFACE monitor sent successfully to /data/misc/wifi/sockets/wpa_ctrl_4223-4\x00
08-21 17:00:44.667 14281 14281 D wpa_supplicant: CTRL_IFACE monitor sent successfully to /data/misc/wifi/sockets/wpa_ctrl_1567-5\x00
08-21 17:00:44.667 14281 14281 D wpa_supplicant: p2p-wlan0-0: Auto connect disabled: do not try to re-connect
08-21 17:00:44.667  4223 14333 D P2pExtMonWorker: Event [CTRL-EVENT-DISCONNECTED bssid=4e:09:d4:43:8e:ee reason=3 locally_generated=1]
08-21 17:00:44.667 14281 14281 D wpa_supplicant: p2p-wlan0-0: Ignore connection failure indication since interface has been put into disconnected state
08-21 17:00:44.667 14281 14281 D wpa_supplicant: TDLS: Remove peers on disassociation
08-21 17:00:44.667 14281 14281 D wpa_supplicant: p2p-wlan0-0: WPA: Clear old PMK and PTK
08-21 17:00:44.667 14281 14281 D wpa_supplicant: p2p-wlan0-0: Disconnect event - remove keys
08-21 17:00:44.668 14281 14281 D wpa_supplicant: wpa_driver_nl80211_set_key: ifindex=31 (p2p-wlan0-0) alg=0 addr=0x0 key_idx=0 set_tx=0 seq_len=0 key_len=0
08-21 17:00:44.668 14281 14281 D wpa_supplicant: wpa_driver_nl80211_set_key: ifindex=31 (p2p-wlan0-0) alg=0 addr=0x0 key_idx=1 set_tx=0 seq_len=0 key_len=0
08-21 17:00:44.668 14281 14281 D wpa_supplicant: wpa_driver_nl80211_set_key: ifindex=31 (p2p-wlan0-0) alg=0 addr=0x7f9583aef8 key_idx=0 set_tx=0 seq_len=0 key_len=0
08-21 17:00:44.668 14281 14281 D wpa_supplicant:    addr=4e:09:d4:43:8e:ee
08-21 17:00:44.668 14281 14281 D wpa_supplicant: p2p-wlan0-0: State: COMPLETED -> DISCONNECTED
08-21 17:00:44.668 14281 14281 D wpa_supplicant: nl80211: Set p2p-wlan0-0 operstate 1->0 (DORMANT)
08-21 17:00:44.668 14281 14281 D wpa_supplicant: netlink: Operstate: ifindex=31 linkmode=-1 (no change), operstate=5 (IF_OPER_DORMANT)
08-21 17:00:44.669 14281 14281 D wpa_supplicant: P2P: Set P2P group idle timeout to 10 seconds
08-21 17:00:44.669 14281 14281 D wpa_supplicant: CTRL_IFACE monitor sent successfully to /data/misc/wifi/sockets/wpa_ctrl_4223-4\x00
08-21 17:00:44.669 14281 14281 D wpa_supplicant: CTRL_IFACE monitor sent successfully to /data/misc/wifi/sockets/wpa_ctrl_1567-5\x00
08-21 17:00:44.669 14281 14281 D wpa_supplicant: EAPOL: External notification - portEnabled=0
08-21 17:00:44.669 14281 14281 D wpa_supplicant: EAPOL: SUPP_PAE entering state DISCONNECTED
08-21 17:00:44.669 14281 14281 D wpa_supplicant: EAPOL: Supplicant port status: Unauthorized
08-21 17:00:44.669 14281 14281 D wpa_supplicant: nl80211: Skip set_supp_port(unauthorized) while not associated
08-21 17:00:44.669 14281 14281 D wpa_supplicant: EAPOL: SUPP_BE entering state INITIALIZE
08-21 17:00:44.669 14281 14281 D wpa_supplicant: EAPOL: External notification - portValid=0
08-21 17:00:44.669 14281 14281 D wpa_supplicant: EAPOL: External notification - EAP success=0
08-21 17:00:44.669 14281 14281 D wpa_supplicant: p2p-wlan0-0: State: DISCONNECTED -> DISCONNECTED
08-21 17:00:44.669 14281 14281 D wpa_supplicant: nl80211: Set p2p-wlan0-0 operstate 0->0 (DORMANT)
08-21 17:00:44.669 14281 14281 D wpa_supplicant: netlink: Operstate: ifindex=31 linkmode=-1 (no change), operstate=5 (IF_OPER_DORMANT)
08-21 17:00:44.669 14281 14281 D wpa_supplicant: EAPOL: External notification - portEnabled=0
08-21 17:00:44.669 14281 14281 D wpa_supplicant: EAPOL: External notification - portValid=0
08-21 17:00:44.669 14281 14281 I wpa_supplicant: P2P-GROUP-REMOVED p2p-wlan0-0 client reason=REQUESTED
08-21 17:00:44.669 14281 14281 D wpa_supplicant: CTRL_IFACE monitor sent successfully to /data/misc/wifi/sockets/wpa_ctrl_4223-4\x00
08-21 17:00:44.669 14281 14281 D wpa_supplicant: CTRL_IFACE monitor sent successfully to /data/misc/wifi/sockets/wpa_ctrl_1567-5\x00
08-21 17:00:44.669 14281 14281 D wpa_supplicant: P2P: Cancelled P2P group idle timeout
08-21 17:00:44.670 14281 14281 D wpa_supplicant: P2P: Remove group interface p2p-wlan0-0
08-21 17:00:44.670 14281 14281 D wpa_supplicant: p2p-wlan0-0: Removing interface p2p-wlan0-0
08-21 17:00:44.670 14281 14281 D wpa_supplicant: p2p-wlan0-0: Request to deauthenticate - bssid=00:00:00:00:00:00 pending_bssid=00:00:00:00:00:00 reason=3 state=DISCONNECTED
08-21 17:00:44.670 14281 14281 D wpa_supplicant: TDLS: Tear down peers
08-21 17:00:44.670 14281 14281 D wpa_supplicant: p2p-wlan0-0: State: DISCONNECTED -> DISCONNECTED
08-21 17:00:44.670 14281 14281 D wpa_supplicant: nl80211: Set p2p-wlan0-0 operstate 0->0 (DORMANT)
08-21 17:00:44.670 14281 14281 D wpa_supplicant: netlink: Operstate: ifindex=31 linkmode=-1 (no change), operstate=5 (IF_OPER_DORMANT)
08-21 17:00:44.670 14281 14281 D wpa_supplicant: EAPOL: External notification - portEnabled=0
08-21 17:00:44.670 14281 14281 D wpa_supplicant: EAPOL: External notification - portValid=0
08-21 17:00:44.670 14281 14281 W wpa_supplicant: USIM:  scard_deinit function
08-21 17:00:44.670  4223 14333 D P2pExtMonWorker: Event [CTRL-EVENT-STATE-CHANGE id=0 state=0 BSSID=4e:09:d4:43:8e:ee SSID=DIRECT-AP[TV][LG]32LB580B-SA]
08-21 17:00:44.670  4223 14333 D P2pExtMonWorker: Event [P2P-GROUP-REMOVED p2p-wlan0-0 client reason=REQUESTED]
08-21 17:00:44.671  4223  4332 W WfdsService: DefaultState - msg [9445394] is not handled
08-21 17:00:44.692  3599  3599 I [SystemUI]PhoneStatusBar: updateMediaMetaData(false): mMediaMetadata = null
08-21 17:00:44.692  3599  3599 I [SystemUI]QuickSettingsHandler: Got action com.lge.systemservice.core.wfdmanager.WFD_STATE_CHANGED at null
08-21 17:00:44.697  3599  3599 I [SystemUI]MiracastHandler: updateButton(), state = 1
08-21 17:00:44.697  3599  3599 D [SystemUI]QuickSettingsButton: Button = Miracast ==> new status = 1, curStatus = 1
08-21 17:00:44.698  3599  3599 D [SystemUI]QuickSettingsHandler: Miracast :Miracast ligado.
08-21 17:00:44.719 14281 14281 D wpa_supplicant: EAP: deinitialize previously used EAP method (254, WSC) at EAP deinit
08-21 17:00:44.760  2410  2410 I dhcpcd  : p2p-wlan0-0: broadcasting for a lease
08-21 17:00:44.814 14281 14281 D wpa_supplicant: p2p-wlan0-0: WPA: Clear old PMK and PTK
08-21 17:00:44.814 14281 14281 D wpa_supplicant: p2p-wlan0-0: Cancelling delayed sched scan
08-21 17:00:44.814 14281 14281 D wpa_supplicant: p2p-wlan0-0: Cancelling scan request
08-21 17:00:44.814 14281 14281 D wpa_supplicant: p2p-wlan0-0: Cancelling authentication timeout
08-21 17:00:44.814 14281 14281 D wpa_supplicant: Remove interface p2p-wlan0-0 from radio phy0
08-21 17:00:44.869 14281 14281 D wpa_supplicant: nl80211: Remove monitor interface: refcount=0
08-21 17:00:44.869 14281 14281 D wpa_supplicant: netlink: Operstate: ifindex=31 linkmode=0 (kernel-control), operstate=6 (IF_OPER_UP)
08-21 17:00:44.876 14281 14281 D wpa_supplicant: nl80211: Set mode ifindex 31 iftype 2 (STATION)
08-21 17:00:44.876 14281 14281 D wpa_supplicant: nl80211: Unsubscribe mgmt frames handle 0x888888f71d0a9249 (mode change)
08-21 17:00:44.878 14281 14281 D wpa_supplicant: Control interface directory not empty - leaving it behind
08-21 17:00:44.889 14281 14281 D wpa_supplicant: nl80211: wpa_driver_nl80211_if_remove(type=4 ifname=p2p-wlan0-0) ifindex=31 added_if=0
08-21 17:00:44.889 14281 14281 D wpa_supplicant: nl80211: Remove interface ifindex=31
08-21 17:00:44.889 14281 14281 D wpa_supplicant: nl80211: if_indices[16]:
08-21 17:00:44.889 14281 14281 D wpa_supplicant: nl80211: if_indices[16]:
08-21 17:00:45.016 14281 14281 D wpa_supplicant: nl80211: Ignore RTM_NEWLINK event for foreign ifindex 31
08-21 17:00:45.016 14281 14281 D wpa_supplicant: nl80211: Ignore RTM_NEWLINK event for foreign ifindex 31
08-21 17:00:45.016 14281 14281 D wpa_supplicant: nl80211: Ignore RTM_NEWLINK event for foreign ifindex 31
08-21 17:00:45.016 14281 14281 D wpa_supplicant: nl80211: Ignore RTM_DELLINK event for foreign ifindex 31
08-21 17:00:45.017 14281 14281 D wpa_supplicant: nl80211: Drv Event 36 (NL80211_CMD_REG_CHANGE) received for p2p-dev-wlan0
08-21 17:00:45.017 14281 14281 D wpa_supplicant: nl80211: Regulatory domain change
08-21 17:00:45.017 14281 14281 D wpa_supplicant:  * initiator=0
08-21 17:00:45.017 14281 14281 D wpa_supplicant:  * type=1
08-21 17:00:45.017 14281 14281 D wpa_supplicant: p2p-dev-wlan0: Event CHANNEL_LIST_CHANGED (30) received
08-21 17:00:45.017 14281 14281 I wpa_supplicant: p2p-dev-wlan0: CTRL-EVENT-REGDOM-CHANGE init=DRIVER type=WORLD
08-21 17:00:45.017  4223 14333 D P2pExtMonWorker: Event [CTRL-EVENT-REGDOM-CHANGE init=DRIVER type=WORLD]
08-21 17:00:45.017 14281 14281 D wpa_supplicant: CTRL_IFACE monitor sent successfully to /data/misc/wifi/sockets/wpa_ctrl_4223-4\x00
08-21 17:00:45.018 14281 14281 D wpa_supplicant: CTRL_IFACE monitor sent successfully to /data/misc/wifi/sockets/wpa_ctrl_1567-5\x00
08-21 17:00:45.019 14281 14281 D wpa_supplicant: nl80211: Regulatory information - country=00
08-21 17:00:45.019 14281 14281 D wpa_supplicant: nl80211: 2402-2472 @ 40 MHz 20 mBm
08-21 17:00:45.019 14281 14281 D wpa_supplicant: nl80211: 2457-2482 @ 40 MHz 20 mBm (no IR)
08-21 17:00:45.019 14281 14281 D wpa_supplicant: nl80211: 2474-2494 @ 20 MHz 20 mBm (no OFDM) (no IR)
08-21 17:00:45.019 14281 14281 D wpa_supplicant: nl80211: 5170-5250 @ 80 MHz 20 mBm (no IR)
08-21 17:00:45.019 14281 14281 D wpa_supplicant: nl80211: 5250-5330 @ 80 MHz 20 mBm (no IR)
08-21 17:00:45.019 14281 14281 D wpa_supplicant: nl80211: 5490-5710 @ 80 MHz 20 mBm (no IR)
08-21 17:00:45.019 14281 14281 D wpa_supplicant: nl80211: 5735-5835 @ 80 MHz 20 mBm (no IR)
08-21 17:00:45.019 14281 14281 D wpa_supplicant: nl80211: 57240-63720 @ 2160 MHz 0 mBm
08-21 17:00:45.019 14281 14281 D wpa_supplicant: nl80211: Added 802.11b mode based on 802.11g information
08-21 17:00:45.019 14281 14281 D wpa_supplicant: P2P: Add operating class 81
08-21 17:00:45.019 14281 14281 D wpa_supplicant: P2P: Channels - hexdump(len=13): 01 02 03 04 05 06 07 08 09 0a 0b 0c 0d
08-21 17:00:45.019 14281 14281 D wpa_supplicant: P2P: Add operating class 115
08-21 17:00:45.019 14281 14281 D wpa_supplicant: P2P: Channels - hexdump(len=4): 24 28 2c 30
08-21 17:00:45.019 14281 14281 D wpa_supplicant: P2P: Add operating class 124
08-21 17:00:45.019 14281 14281 D wpa_supplicant: P2P: Channels - hexdump(len=4): 95 99 9d a1
08-21 17:00:45.019 14281 14281 D wpa_supplicant: P2P: Update channel list
08-21 17:00:45.019 14281 14281 D wpa_supplicant: P2P: channels: 81:1,2,3,4,5,6,7,8,9,10,11,12,13 115:36,40,44,48 124:149,153,157,161
08-21 17:00:45.019 14281 14281 D wpa_supplicant: P2P: cli_channels:
08-21 17:00:45.019 14281 14281 D wpa_supplicant: wlan0: Updating hw mode
08-21 17:00:45.020 14281 14281 D wpa_supplicant: nl80211: Regulatory information - country=00
08-21 17:00:45.020 14281 14281 D wpa_supplicant: nl80211: 2402-2472 @ 40 MHz 20 mBm
08-21 17:00:45.020 14281 14281 D wpa_supplicant: nl80211: 2457-2482 @ 40 MHz 20 mBm (no IR)
08-21 17:00:45.020 14281 14281 D wpa_supplicant: nl80211: 2474-2494 @ 20 MHz 20 mBm (no OFDM) (no IR)
08-21 17:00:45.020 14281 14281 D wpa_supplicant: nl80211: 5170-5250 @ 80 MHz 20 mBm (no IR)
08-21 17:00:45.020 14281 14281 D wpa_supplicant: nl80211: 5250-5330 @ 80 MHz 20 mBm (no IR)
08-21 17:00:45.020 14281 14281 D wpa_supplicant: nl80211: 5490-5710 @ 80 MHz 20 mBm (no IR)
08-21 17:00:45.020 14281 14281 D wpa_supplicant: nl80211: 5735-5835 @ 80 MHz 20 mBm (no IR)
08-21 17:00:45.020 14281 14281 D wpa_supplicant: nl80211: 57240-63720 @ 2160 MHz 0 mBm
08-21 17:00:45.020 14281 14281 D wpa_supplicant: nl80211: Added 802.11b mode based on 802.11g information
08-21 17:00:45.020 14281 14281 D wpa_supplicant: p2p-dev-wlan0: Control interface command 'P2P_FLUSH'
08-21 17:00:45.020 14281 14281 D wpa_supplicant: P2P: Stopping find
08-21 17:00:45.020 14281 14281 D wpa_supplicant: P2P: Clear timeout (state=IDLE)
08-21 17:00:45.020 14281 14281 D wpa_supplicant: P2P: State IDLE -> IDLE
08-21 17:00:45.020 14281 14281 D wpa_supplicant: P2P: Clear timeout (state=IDLE)
08-21 17:00:45.020 14281 14281 D wpa_supplicant: wpa_driver_set_ap_wps_p2p_ie: Entry
08-21 17:00:45.020 14281 14281 D wpa_supplicant: nl80211: Disable Probe Request reporting nl_preq=0x888888f71d0a9449
08-21 17:00:45.021 14281 14281 I wpa_supplicant: P2P-DEVICE-LOST p2p_dev_addr=4e:09:d4:43:0e:ee
08-21 17:00:45.021 14281 14281 D wpa_supplicant: CTRL_IFACE monitor sent successfully to /data/misc/wifi/sockets/wpa_ctrl_4223-4\x00
08-21 17:00:45.021 14281 14281 D wpa_supplicant: CTRL_IFACE monitor sent successfully to /data/misc/wifi/sockets/wpa_ctrl_1567-5\x00
08-21 17:00:45.021  4223 14333 D P2pExtMonWorker: Event [P2P-DEVICE-LOST p2p_dev_addr=4e:09:d4:43:0e:ee]
08-21 17:00:45.023  4064  4064 D WfdStateTracker: disconnect success
08-21 17:00:45.024  4064  4064 D WfdStateTracker: Wfd0 State Changed from 6 to 2
08-21 17:00:45.024  4064  4064 D UinputSourceController: Deinit : current mUibcState is INVALID
08-21 17:00:45.024  4064  4064 I WfdMonitor: Start WfdMonitor
08-21 17:00:45.025  4064  4064 W WfdSavedPeerManager: deleteFromList: address not found
08-21 17:00:45.025  4064  4064 I WfdStateTracker: 0: -1, 1: -2
08-21 17:00:45.027  1567  3243 D NetUtils: android_net_utils_resetConnections in env=0x7f71457500 clazz=0x7f63bc4c94 iface=p2p-wlan0-0 mask=0x3
08-21 17:00:45.029  4558  4558 D DSDPConnection: HDMICable or WFD ConnectedEvent [com.lge.systemservice.core.wfdmanager.WFD_STATE_CHANGED]
08-21 17:00:45.029  4558  4558 D DSDPConnection: [DSDP]StatusReceiver::WFD Connected: false ExternalDevice: 0
08-21 17:00:45.029  4558  4558 W DsdpExternalView: dismissDsdpPopup()
08-21 17:00:45.029  4558  4558 D DsdpStatus: setIsExternalDeviceConnected() connected : false
08-21 17:00:45.030  4634  4634 D Leccp_1.0.23: [MiracastHandler] onReceive WFD_STATE_CHANGED_ACTION WfdStatus: 6 --> 2
08-21 17:00:45.030  4634  4634 D Leccp_1.0.23: [MiracastHandler] updateDeviceState mac_addr: 4e:09:d4:43:0e:ee, connState: CONNECTING --> AVAILABLE, detailState: UNKNOWN --> UNKNOWN
08-21 17:00:45.030  4634  4634 D Leccp_1.0.23: [MiracastHandler] convertMiracastToLeccpDevice device: [TV][LG]32LB580B-SA
08-21 17:00:45.030  4634  4634 D Leccp_1.0.23: [ModuleListener_MIRA] onUpdatedDeviceState device: 4_4e:09:d4:43:0e:ee
08-21 17:00:45.032  4634  4744 D Leccp_1.0.23: [CardController] onUpdatedDeviceState module: MIRACAST, device: 4_4e:09:d4:43:0e:ee, connectionState: AVAILABLE, detailState: UNKNOWN, networkType: 3
08-21 17:00:45.032  3599  3599 I [SystemUI]QuickSettingsHandler: Got action com.lge.systemservice.core.wfdmanager.WFD_STATE_CHANGED at null
08-21 17:00:45.032  4634  4744 D Leccp_1.0.23: [CardManager] updatedDeviceState module: MIRACAST, leccpDevice: 4_4e:09:d4:43:0e:ee, connectionState: AVAILABLE, detailState: UNKNOWN
08-21 17:00:45.033  4634  4744 D Leccp_1.0.23: [CardManager] checkUpdateCard module: MIRACAST, leccpDevice: 4_4e:09:d4:43:0e:ee
08-21 17:00:45.034  4634  4744 D Leccp_1.0.23: [CardController] onCardUpdated card: 4_4e:09:d4:43:0e:ee, name: [TV][LG]32LB580B-SA
08-21 17:00:45.034  4634  4740 D Leccp_1.0.23: [LeccpService] onCardUpdated card: 4_4e:09:d4:43:0e:ee
08-21 17:00:45.034 31963 31963 V WifiScreenEnabler: handleScreenStateChanged: 2 set: true enabled: true
08-21 17:00:45.046  3599  3599 I [SystemUI]MiracastHandler: updateButton(), state = 1
08-21 17:00:45.047  3599  3599 D [SystemUI]QuickSettingsButton: Button = Miracast ==> new status = 1, curStatus = 1
08-21 17:00:45.047  3599  3599 D [SystemUI]QuickSettingsHandler: Miracast :Miracast ligado.
08-21 17:00:45.048 31963 31963 D WifiScreenSettings: handleScreenStateChanged == 2
08-21 17:00:45.049 14281 14281 D wpa_supplicant: p2p-dev-wlan0: Control interface command 'P2P_FLUSH'
08-21 17:00:45.050 14281 14281 D wpa_supplicant: P2P: Stopping find
08-21 17:00:45.050 14281 14281 D wpa_supplicant: P2P: Clear timeout (state=IDLE)
08-21 17:00:45.050 14281 14281 D wpa_supplicant: P2P: State IDLE -> IDLE
08-21 17:00:45.050 14281 14281 D wpa_supplicant: wpa_driver_set_ap_wps_p2p_ie: Entry
08-21 17:00:45.051  4223  4223 D WfdsService: WIFI_P2P_PEERS_CHANGED_ACTION
08-21 17:00:45.054  1567  3243 D WifiServerServiceExt: setWifiP2pNotificationIcon() set unvisible
08-21 17:00:45.055 14281 14281 D wpa_supplicant: p2p-dev-wlan0: Control interface command 'P2P_FIND 120'
08-21 17:00:45.055 14281 14281 D wpa_supplicant: P2P: Starting find (type=0)
08-21 17:00:45.055 14281 14281 D wpa_supplicant: P2P: Clear timeout (state=IDLE)
08-21 17:00:45.055 14281 14281 D wpa_supplicant: wpa_driver_set_ap_wps_p2p_ie: Entry
08-21 17:00:45.055 14281 14281 D wpa_supplicant: P2P: State IDLE -> SEARCH
08-21 17:00:45.055 14281 14281 D wpa_supplicant: P2P: [LGE_P2P] social_scan_first_num:6
08-21 17:00:45.055 14281 14281 D wpa_supplicant: WPS: Building WPS IE for Probe Request
08-21 17:00:45.056 14281 14281 D wpa_supplicant: WPS:  * Version (hardcoded 0x10)
08-21 17:00:45.056 14281 14281 D wpa_supplicant: WPS:  * Request Type
08-21 17:00:45.056 14281 14281 D wpa_supplicant: WPS:  * Config Methods (5388)
08-21 17:00:45.056 14281 14281 D wpa_supplicant: WPS:  * UUID-E
08-21 17:00:45.056 14281 14281 D wpa_supplicant: WPS:  * Primary Device Type
08-21 17:00:45.056 14281 14281 D wpa_supplicant: WPS:  * RF Bands (3)
08-21 17:00:45.056 14281 14281 D wpa_supplicant: WPS:  * Association State
08-21 17:00:45.056 14281 14281 D wpa_supplicant: WPS:  * Configuration Error (0)
08-21 17:00:45.056 14281 14281 D wpa_supplicant: WPS:  * Device Password ID (0)
08-21 17:00:45.056 14281 14281 D wpa_supplicant: WPS:  * Manufacturer
08-21 17:00:45.056 14281 14281 D wpa_supplicant: WPS:  * Model Name
08-21 17:00:45.056 14281 14281 D wpa_supplicant: WPS:  * Model Number
08-21 17:00:45.056 14281 14281 D wpa_supplicant: WPS:  * Device Name
08-21 17:00:45.056 14281 14281 D wpa_supplicant: WPS:  * Version2 (0x20)
08-21 17:00:45.056 14281 14281 D wpa_supplicant: WPS:  * Request to Enroll (1)
08-21 17:00:45.056 14281 14281 D wpa_supplicant: WFDS: Extra buffer length (0) for Scan Request
08-21 17:00:45.056 14281 14281 D wpa_supplicant: P2P: * P2P IE header
08-21 17:00:45.056 14281 14281 D wpa_supplicant: P2P: * Capability dev=25 group=00
08-21 17:00:45.056 14281 14281 D wpa_supplicant: P2P: * Listen Channel: Regulatory Class 81 Channel 11
08-21 17:00:45.056 14281 14281 D wpa_supplicant: p2p-dev-wlan0: Add radio work 'p2p-scan'@0x7f9581c1e0
08-21 17:00:45.056 14281 14281 D wpa_supplicant: p2p-dev-wlan0: First radio work item in the queue - schedule start immediately
08-21 17:00:45.056 14281 14281 D wpa_supplicant: P2P: Running p2p_scan
08-21 17:00:45.056 14281 14281 D wpa_supplicant: p2p-dev-wlan0: Starting radio work 'p2p-scan'@0x7f9581c1e0 after 0.000198 second wait
08-21 17:00:45.056 14281 14281 D wpa_supplicant: p2p-dev-wlan0: nl80211: scan request
08-21 17:00:45.056 14281 14281 D wpa_supplicant: nl80211: P2P probe - mask SuppRates
08-21 17:00:45.061  4223  4223 D WfdsService: WIFI_P2P_THIS_DEVICE_CHANGED_ATCION
08-21 17:00:45.062  4223  4223 D WfdsService: Update P2p Interface State: 3
08-21 17:00:45.063  4064  4064 I WfdStateTracker: handleP2pThisDeviceChanged: 3
08-21 17:00:45.065  4064  4064 W WfdStateTracker: discoverWfdPeers fail, reason: 0
08-21 17:00:45.066  1567  1567 E WifiServerServiceExt: No p2p device connected
08-21 17:00:45.070  4223  4223 D WfdsService: WIFI_P2P_CONNECTION_CHANGED_ACTION
08-21 17:00:45.071 14281 14281 D wpa_supplicant: Scan requested (ret=0) - scan timeout 30 seconds
08-21 17:00:45.071 14281 14281 D wpa_supplicant: nl80211: Drv Event 33 (NL80211_CMD_TRIGGER_SCAN) received for p2p-dev-wlan0
08-21 17:00:45.071 14281 14281 D wpa_supplicant: p2p-dev-wlan0: nl80211: Scan trigger
08-21 17:00:45.071 14281 14281 D wpa_supplicant: p2p-dev-wlan0: Event SCAN_STARTED (49) received
08-21 17:00:45.071 14281 14281 D wpa_supplicant: p2p-dev-wlan0: Own scan request started a scan in 0.000155 seconds
08-21 17:00:45.071 14281 14281 I wpa_supplicant: p2p-dev-wlan0: CTRL-EVENT-SCAN-STARTED 
08-21 17:00:45.072 14281 14281 D wpa_supplicant: CTRL_IFACE monitor sent successfully to /data/misc/wifi/sockets/wpa_ctrl_4223-4\x00
08-21 17:00:45.072 14281 14281 D wpa_supplicant: CTRL_IFACE monitor sent successfully to /data/misc/wifi/sockets/wpa_ctrl_1567-5\x00
08-21 17:00:45.072  4223 14333 D P2pExtMonWorker: Event [CTRL-EVENT-SCAN-STARTED ]
08-21 17:00:45.073  1567  1567 E WifiServerServiceExt: No p2p device connected
08-21 17:00:45.076 31963  2407 D WifiScreenSettings: discoverWfdPeers failed: 0
08-21 17:00:45.077  1544  1544 V [BNRBootReceiver]: boot receiver action = android.net.wifi.p2p.CONNECTION_STATE_CHANGE
08-21 17:00:45.077  1544  1544 D BNRAndroBeam: [BnR DirectBeam] Android Direct Beam(NFC) Connection changed
08-21 17:00:45.077  1544  1544 V [BNRBootReceiver]: Boot Receiver Return
08-21 17:00:45.080  3599  3599 D [SystemUI]NotificationBackground: updateBackground(), 0x0
08-21 17:00:45.080  6415 27154 D LGCover : SmartCoverUpdateMonitor.java:375 onNotificationRemoved(): StatusBarNotification(pkg=android user=UserHandle{-1} id=33687466 tag=null score=0 key=-1|android|33687466|null|1000: Notification(pri=0 contentView=null vibrate=null sound=null tick defaults=0x0 flags=0x2 color=0x00000000 vis=PRIVATE))
08-21 17:00:45.081  6415  6415 D LGCover : SmartCoverUpdateMonitor.java:381 run(): !qcn.isEnableToShowNotification()
08-21 17:00:45.082  4064  4064 I WfdStateTracker: handleP2pPeerChanged: peer disappeared
08-21 17:00:45.082  4064  4064 V WfdStateTracker: handleDirectStateChangedEvent: 2
08-21 17:00:45.086  4223  4223 D WfdsService: isConnected: false
08-21 17:00:45.088  4634  4634 D Leccp_1.0.23: [P2PScanner] WIFI_P2P_PEERS_CHANGED_ACTION mIsReady: false, WfdState: 2
08-21 17:00:45.091  4223  4223 D WfdsService: GroupInfoAvailable: mGroupInfo is null
08-21 17:00:45.094  4223  4332 W WfdsService: DefaultState - msg [9441285] is not handled
08-21 17:00:45.100  3599  3599 I [SystemUI]PhoneStatusBar: updateMediaMetaData(false): mMediaMetadata = null
08-21 17:00:45.100  4634  4634 D Leccp_1.0.23: [NetworkP2p] onReceive WIFI_P2P_CONNECTION_CHANGED_ACTION isConnected: false
08-21 17:00:45.100  4634  4634 D Leccp_1.0.23: [NetworkP2p] setState currentState: 0 ,state: 0, ipAddress: null
08-21 17:00:45.104  4634  4732 D Leccp_1.0.23: [MiracastHandler] removeDevice deviceName: [TV][LG]32LB580B-SA, deviceAddress: 4e:09:d4:43:0e:ee
08-21 17:00:45.104  4634  4732 D Leccp_1.0.23: [ModuleListener_MIRA] onRemovedDevice device: 4_4e:09:d4:43:0e:ee
08-21 17:00:45.104  4634  4744 D Leccp_1.0.23: [CardController] onRemovedDevice module: MIRACAST, device: 4_4e:09:d4:43:0e:ee
08-21 17:00:45.105  4634  4744 D Leccp_1.0.23: [CardManager] removedDevice module: MIRACAST, leccpDevice: 4_4e:09:d4:43:0e:ee
08-21 17:00:45.105  4634  4744 D Leccp_1.0.23: [CardManager] checkRemoveCard module: MIRACAST, leccpDevice: 4_4e:09:d4:43:0e:ee
08-21 17:00:45.105  4634  4744 D Leccp_1.0.23: [CardController] onCardRemoved cardId: 4_4e:09:d4:43:0e:ee
08-21 17:00:45.105  4634  4740 D Leccp_1.0.23: [LeccpService] onCardRemoved card: 4_4e:09:d4:43:0e:ee
08-21 17:00:45.112  4064  4721 D WfdStateTracker: discoverWfdPeers - success
08-21 17:00:45.116 31963 31980 D WifiScreenSettings: discoverWfdPeers success
08-21 17:00:45.117  6415  6415 D LGCover : LgeQuickCoverNotificationData.java:168 remove(): -1|android|33687466|null|1000
08-21 17:00:45.118  6415  6415 D LGCover : LgeQuickCoverNotificationData.java:171 remove(): fail : -1|android|33687466|null|1000
08-21 17:00:45.223 14281 14281 D wpa_supplicant: nl80211: Drv Event 34 (NL80211_CMD_NEW_SCAN_RESULTS) received for p2p-dev-wlan0
08-21 17:00:45.223 14281 14281 D wpa_supplicant: p2p-dev-wlan0: nl80211: New scan results available
08-21 17:00:45.223 14281 14281 D wpa_supplicant: nl80211: Scan probed for SSID 'DIRECT-'
08-21 17:00:45.223 14281 14281 D wpa_supplicant: nl80211: Scan included frequencies: 2412 2437 2462
08-21 17:00:45.223 14281 14281 D wpa_supplicant: p2p-dev-wlan0: Event SCAN_RESULTS (3) received
08-21 17:00:45.223 14281 14281 D wpa_supplicant: p2p-dev-wlan0: Scan completed in 0.152115 seconds
08-21 17:00:45.224 14281 14281 D wpa_supplicant: nl80211: Received scan results (1 BSSes)
08-21 17:00:45.224 14281 14281 D wpa_supplicant: p2p-dev-wlan0: BSS: Start scan result update 998
08-21 17:00:45.224 14281 14281 D wpa_supplicant: BSS: last_scan_res_used=1/64
08-21 17:00:45.224 14281 14281 D wpa_supplicant: p2p-dev-wlan0: Radio work 'p2p-scan'@0x7f9581c1e0 done in 0.167737 seconds
08-21 17:00:45.224 14281 14281 D wpa_supplicant: P2P: Scan results received (1 BSS)
08-21 17:00:45.224 14281 14281 D wpa_supplicant: P2P: Ignore old scan result for 4e:09:d4:43:8e:ee (rx_time=21052.109353)
08-21 17:00:45.224 14281 14281 D wpa_supplicant: P2P: State SEARCH -> SEARCH
08-21 17:00:45.224 14281 14281 D wpa_supplicant: wpa_driver_set_ap_wps_p2p_ie: Entry
08-21 17:00:45.224 14281 14281 D wpa_supplicant: P2P: Starting search [LGE_P2P] social_scan_first_num:5
08-21 17:00:45.224 14281 14281 D wpa_supplicant: WPS: Building WPS IE for Probe Request
08-21 17:00:45.224 14281 14281 D wpa_supplicant: WPS:  * Version (hardcoded 0x10)
08-21 17:00:45.224 14281 14281 D wpa_supplicant: WPS:  * Request Type
08-21 17:00:45.224 14281 14281 D wpa_supplicant: WPS:  * Config Methods (5388)
08-21 17:00:45.224 14281 14281 D wpa_supplicant: WPS:  * UUID-E
08-21 17:00:45.224 14281 14281 D wpa_supplicant: WPS:  * Primary Device Type
08-21 17:00:45.224 14281 14281 D wpa_supplicant: WPS:  * RF Bands (3)
08-21 17:00:45.224 14281 14281 D wpa_supplicant: WPS:  * Association State
08-21 17:00:45.224 14281 14281 D wpa_supplicant: WPS:  * Configuration Error (0)
08-21 17:00:45.224 14281 14281 D wpa_supplicant: WPS:  * Device Password ID (0)
08-21 17:00:45.224 14281 14281 D wpa_supplicant: WPS:  * Manufacturer
08-21 17:00:45.224 14281 14281 D wpa_supplicant: WPS:  * Model Name
08-21 17:00:45.224 14281 14281 D wpa_supplicant: WPS:  * Model Number
08-21 17:00:45.224 14281 14281 D wpa_supplicant: WPS:  * Device Name
08-21 17:00:45.224 14281 14281 D wpa_supplicant: WPS:  * Version2 (0x20)
08-21 17:00:45.224 14281 14281 D wpa_supplicant: WPS:  * Request to Enroll (1)
08-21 17:00:45.224 14281 14281 D wpa_supplicant: WFDS: Extra buffer length (0) for Scan Request
08-21 17:00:45.224 14281 14281 D wpa_supplicant: P2P: * P2P IE header
08-21 17:00:45.224 14281 14281 D wpa_supplicant: P2P: * Capability dev=25 group=00
08-21 17:00:45.224 14281 14281 D wpa_supplicant: P2P: * Listen Channel: Regulatory Class 81 Channel 11
08-21 17:00:45.224 14281 14281 D wpa_supplicant: p2p-dev-wlan0: Add radio work 'p2p-scan'@0x7f9581c1e0
08-21 17:00:45.224 14281 14281 D wpa_supplicant: p2p-dev-wlan0: First radio work item in the queue - schedule start immediately
08-21 17:00:45.224 14281 14281 D wpa_supplicant: P2P: Running p2p_scan
08-21 17:00:45.225 14281 14281 D wpa_supplicant: p2p-dev-wlan0: Starting radio work 'p2p-scan'@0x7f9581c1e0 after 0.000098 second wait
08-21 17:00:45.225 14281 14281 D wpa_supplicant: p2p-dev-wlan0: nl80211: scan request
08-21 17:00:45.225 14281 14281 D wpa_supplicant: nl80211: P2P probe - mask SuppRates
08-21 17:00:45.227 14281 14281 D wpa_supplicant: Scan requested (ret=0) - scan timeout 30 seconds
08-21 17:00:45.228 14281 14281 D wpa_supplicant: nl80211: Drv Event 33 (NL80211_CMD_TRIGGER_SCAN) received for p2p-dev-wlan0
08-21 17:00:45.228 14281 14281 D wpa_supplicant: p2p-dev-wlan0: nl80211: Scan trigger
08-21 17:00:45.228 14281 14281 D wpa_supplicant: p2p-dev-wlan0: Event SCAN_STARTED (49) received
08-21 17:00:45.228 14281 14281 D wpa_supplicant: p2p-dev-wlan0: Own scan request started a scan in 0.000176 seconds
08-21 17:00:45.228 14281 14281 I wpa_supplicant: p2p-dev-wlan0: CTRL-EVENT-SCAN-STARTED 
08-21 17:00:45.228  4223 14333 D P2pExtMonWorker: Event [CTRL-EVENT-SCAN-STARTED ]
08-21 17:00:45.228 14281 14281 D wpa_supplicant: CTRL_IFACE monitor sent successfully to /data/misc/wifi/sockets/wpa_ctrl_4223-4\x00
08-21 17:00:45.228 14281 14281 D wpa_supplicant: CTRL_IFACE monitor sent successfully to /data/misc/wifi/sockets/wpa_ctrl_1567-5\x00
08-21 17:00:45.386 14281 14281 D wpa_supplicant: nl80211: Drv Event 34 (NL80211_CMD_NEW_SCAN_RESULTS) received for p2p-dev-wlan0
08-21 17:00:45.386 14281 14281 D wpa_supplicant: p2p-dev-wlan0: nl80211: New scan results available
08-21 17:00:45.386 14281 14281 D wpa_supplicant: nl80211: Scan probed for SSID 'DIRECT-'
08-21 17:00:45.386 14281 14281 D wpa_supplicant: nl80211: Scan included frequencies: 2412 2437 2462
08-21 17:00:45.386 14281 14281 D wpa_supplicant: p2p-dev-wlan0: Event SCAN_RESULTS (3) received
08-21 17:00:45.386 14281 14281 D wpa_supplicant: p2p-dev-wlan0: Scan completed in 0.158629 seconds
08-21 17:00:45.387 14281 14281 D wpa_supplicant: nl80211: Received scan results (1 BSSes)
08-21 17:00:45.387 14281 14281 D wpa_supplicant: p2p-dev-wlan0: BSS: Start scan result update 999
08-21 17:00:45.387 14281 14281 D wpa_supplicant: BSS: last_scan_res_used=1/64
08-21 17:00:45.387 14281 14281 D wpa_supplicant: p2p-dev-wlan0: Radio work 'p2p-scan'@0x7f9581c1e0 done in 0.162345 seconds
08-21 17:00:45.387 14281 14281 D wpa_supplicant: P2P: Scan results received (1 BSS)
08-21 17:00:45.387 14281 14281 D wpa_supplicant: P2P: Ignore old scan result for 4e:09:d4:43:8e:ee (rx_time=21052.112342)
08-21 17:00:45.387 14281 14281 D wpa_supplicant: P2P: State SEARCH -> SEARCH
08-21 17:00:45.387 14281 14281 D wpa_supplicant: wpa_driver_set_ap_wps_p2p_ie: Entry
08-21 17:00:45.387 14281 14281 D wpa_supplicant: P2P: Starting search [LGE_P2P] social_scan_first_num:4
08-21 17:00:45.387 14281 14281 D wpa_supplicant: WPS: Building WPS IE for Probe Request
08-21 17:00:45.387 14281 14281 D wpa_supplicant: WPS:  * Version (hardcoded 0x10)
08-21 17:00:45.387 14281 14281 D wpa_supplicant: WPS:  * Request Type
08-21 17:00:45.387 14281 14281 D wpa_supplicant: WPS:  * Config Methods (5388)
08-21 17:00:45.387 14281 14281 D wpa_supplicant: WPS:  * UUID-E
08-21 17:00:45.387 14281 14281 D wpa_supplicant: WPS:  * Primary Device Type
08-21 17:00:45.387 14281 14281 D wpa_supplicant: WPS:  * RF Bands (3)
08-21 17:00:45.387 14281 14281 D wpa_supplicant: WPS:  * Association State
08-21 17:00:45.387 14281 14281 D wpa_supplicant: WPS:  * Configuration Error (0)
08-21 17:00:45.387 14281 14281 D wpa_supplicant: WPS:  * Device Password ID (0)
08-21 17:00:45.388 14281 14281 D wpa_supplicant: WPS:  * Manufacturer
08-21 17:00:45.388 14281 14281 D wpa_supplicant: WPS:  * Model Name
08-21 17:00:45.388 14281 14281 D wpa_supplicant: WPS:  * Model Number
08-21 17:00:45.388 14281 14281 D wpa_supplicant: WPS:  * Device Name
08-21 17:00:45.388 14281 14281 D wpa_supplicant: WPS:  * Version2 (0x20)
08-21 17:00:45.388 14281 14281 D wpa_supplicant: WPS:  * Request to Enroll (1)
08-21 17:00:45.388 14281 14281 D wpa_supplicant: WFDS: Extra buffer length (0) for Scan Request
08-21 17:00:45.388 14281 14281 D wpa_supplicant: P2P: * P2P IE header
08-21 17:00:45.388 14281 14281 D wpa_supplicant: P2P: * Capability dev=25 group=00
08-21 17:00:45.388 14281 14281 D wpa_supplicant: P2P: * Listen Channel: Regulatory Class 81 Channel 11
08-21 17:00:45.388 14281 14281 D wpa_supplicant: p2p-dev-wlan0: Add radio work 'p2p-scan'@0x7f9581c1e0
08-21 17:00:45.388 14281 14281 D wpa_supplicant: p2p-dev-wlan0: First radio work item in the queue - schedule start immediately
08-21 17:00:45.388 14281 14281 D wpa_supplicant: P2P: Running p2p_scan
08-21 17:00:45.388 14281 14281 D wpa_supplicant: p2p-dev-wlan0: Starting radio work 'p2p-scan'@0x7f9581c1e0 after 0.000200 second wait
08-21 17:00:45.388 14281 14281 D wpa_supplicant: p2p-dev-wlan0: nl80211: scan request
08-21 17:00:45.388 14281 14281 D wpa_supplicant: nl80211: P2P probe - mask SuppRates
08-21 17:00:45.392 14281 14281 D wpa_supplicant: Scan requested (ret=0) - scan timeout 30 seconds
08-21 17:00:45.393 14281 14281 D wpa_supplicant: nl80211: Drv Event 33 (NL80211_CMD_TRIGGER_SCAN) received for p2p-dev-wlan0
08-21 17:00:45.393 14281 14281 D wpa_supplicant: p2p-dev-wlan0: nl80211: Scan trigger
08-21 17:00:45.393 14281 14281 D wpa_supplicant: p2p-dev-wlan0: Event SCAN_STARTED (49) received
08-21 17:00:45.393 14281 14281 D wpa_supplicant: p2p-dev-wlan0: Own scan request started a scan in 0.000250 seconds
08-21 17:00:45.393 14281 14281 I wpa_supplicant: p2p-dev-wlan0: CTRL-EVENT-SCAN-STARTED 
08-21 17:00:45.393  4223 14333 D P2pExtMonWorker: Event [CTRL-EVENT-SCAN-STARTED ]
08-21 17:00:45.393 14281 14281 D wpa_supplicant: CTRL_IFACE monitor sent successfully to /data/misc/wifi/sockets/wpa_ctrl_4223-4\x00
08-21 17:00:45.394 14281 14281 D wpa_supplicant: CTRL_IFACE monitor sent successfully to /data/misc/wifi/sockets/wpa_ctrl_1567-5\x00
08-21 17:00:45.554 14281 14281 D wpa_supplicant: nl80211: Drv Event 34 (NL80211_CMD_NEW_SCAN_RESULTS) received for p2p-dev-wlan0
08-21 17:00:45.554 14281 14281 D wpa_supplicant: p2p-dev-wlan0: nl80211: New scan results available
08-21 17:00:45.554 14281 14281 D wpa_supplicant: nl80211: Scan probed for SSID 'DIRECT-'
08-21 17:00:45.554 14281 14281 D wpa_supplicant: nl80211: Scan included frequencies: 2412 2437 2462
08-21 17:00:45.554 14281 14281 D wpa_supplicant: p2p-dev-wlan0: Event SCAN_RESULTS (3) received
08-21 17:00:45.554 14281 14281 D wpa_supplicant: p2p-dev-wlan0: Scan completed in 0.161174 seconds
08-21 17:00:45.554 14281 14281 D wpa_supplicant: nl80211: Received scan results (0 BSSes)
08-21 17:00:45.554 14281 14281 D wpa_supplicant: p2p-dev-wlan0: BSS: Start scan result update 1000
08-21 17:00:45.554 14281 14281 D wpa_supplicant: BSS: last_scan_res_used=0/64
08-21 17:00:45.554 14281 14281 D wpa_supplicant: p2p-dev-wlan0: Radio work 'p2p-scan'@0x7f9581c1e0 done in 0.166268 seconds
08-21 17:00:45.555 14281 14281 D wpa_supplicant: P2P: Scan results received (0 BSS)
08-21 17:00:45.555 14281 14281 D wpa_supplicant: P2P: State SEARCH -> SEARCH
08-21 17:00:45.555 14281 14281 D wpa_supplicant: wpa_driver_set_ap_wps_p2p_ie: Entry
08-21 17:00:45.555 14281 14281 D wpa_supplicant: P2P: Starting search [LGE_P2P] social_scan_first_num:3
08-21 17:00:45.555 14281 14281 D wpa_supplicant: WPS: Building WPS IE for Probe Request
08-21 17:00:45.555 14281 14281 D wpa_supplicant: WPS:  * Version (hardcoded 0x10)
08-21 17:00:45.555 14281 14281 D wpa_supplicant: WPS:  * Request Type
08-21 17:00:45.555 14281 14281 D wpa_supplicant: WPS:  * Config Methods (5388)
08-21 17:00:45.555 14281 14281 D wpa_supplicant: WPS:  * UUID-E
08-21 17:00:45.555 14281 14281 D wpa_supplicant: WPS:  * Primary Device Type
08-21 17:00:45.555 14281 14281 D wpa_supplicant: WPS:  * RF Bands (3)
08-21 17:00:45.555 14281 14281 D wpa_supplicant: WPS:  * Association State
08-21 17:00:45.555 14281 14281 D wpa_supplicant: WPS:  * Configuration Error (0)
08-21 17:00:45.555 14281 14281 D wpa_supplicant: WPS:  * Device Password ID (0)
08-21 17:00:45.555 14281 14281 D wpa_supplicant: WPS:  * Manufacturer
08-21 17:00:45.555 14281 14281 D wpa_supplicant: WPS:  * Model Name
08-21 17:00:45.555 14281 14281 D wpa_supplicant: WPS:  * Model Number
08-21 17:00:45.555 14281 14281 D wpa_supplicant: WPS:  * Device Name
08-21 17:00:45.555 14281 14281 D wpa_supplicant: WPS:  * Version2 (0x20)
08-21 17:00:45.555 14281 14281 D wpa_supplicant: WPS:  * Request to Enroll (1)
08-21 17:00:45.555 14281 14281 D wpa_supplicant: WFDS: Extra buffer length (0) for Scan Request
08-21 17:00:45.555 14281 14281 D wpa_supplicant: P2P: * P2P IE header
08-21 17:00:45.555 14281 14281 D wpa_supplicant: P2P: * Capability dev=25 group=00
08-21 17:00:45.555 14281 14281 D wpa_supplicant: P2P: * Listen Channel: Regulatory Class 81 Channel 11
08-21 17:00:45.555 14281 14281 D wpa_supplicant: p2p-dev-wlan0: Add radio work 'p2p-scan'@0x7f9581c1e0
08-21 17:00:45.555 14281 14281 D wpa_supplicant: p2p-dev-wlan0: First radio work item in the queue - schedule start immediately
08-21 17:00:45.555 14281 14281 D wpa_supplicant: P2P: Running p2p_scan
08-21 17:00:45.556 14281 14281 D wpa_supplicant: p2p-dev-wlan0: Starting radio work 'p2p-scan'@0x7f9581c1e0 after 0.000158 second wait
08-21 17:00:45.556 14281 14281 D wpa_supplicant: p2p-dev-wlan0: nl80211: scan request
08-21 17:00:45.556 14281 14281 D wpa_supplicant: nl80211: P2P probe - mask SuppRates
08-21 17:00:45.560 14281 14281 D wpa_supplicant: Scan requested (ret=0) - scan timeout 30 seconds
08-21 17:00:45.560 14281 14281 D wpa_supplicant: nl80211: Drv Event 33 (NL80211_CMD_TRIGGER_SCAN) received for p2p-dev-wlan0
08-21 17:00:45.560 14281 14281 D wpa_supplicant: p2p-dev-wlan0: nl80211: Scan trigger
08-21 17:00:45.560 14281 14281 D wpa_supplicant: p2p-dev-wlan0: Event SCAN_STARTED (49) received
08-21 17:00:45.560 14281 14281 D wpa_supplicant: p2p-dev-wlan0: Own scan request started a scan in 0.000221 seconds
08-21 17:00:45.560 14281 14281 I wpa_supplicant: p2p-dev-wlan0: CTRL-EVENT-SCAN-STARTED 
08-21 17:00:45.560 14281 14281 D wpa_supplicant: CTRL_IFACE monitor sent successfully to /data/misc/wifi/sockets/wpa_ctrl_4223-4\x00
08-21 17:00:45.561 14281 14281 D wpa_supplicant: CTRL_IFACE monitor sent successfully to /data/misc/wifi/sockets/wpa_ctrl_1567-5\x00
08-21 17:00:45.561  4223 14333 D P2pExtMonWorker: Event [CTRL-EVENT-SCAN-STARTED ]
08-21 17:00:45.717 14281 14281 D wpa_supplicant: nl80211: Drv Event 34 (NL80211_CMD_NEW_SCAN_RESULTS) received for p2p-dev-wlan0
08-21 17:00:45.717 14281 14281 D wpa_supplicant: p2p-dev-wlan0: nl80211: New scan results available
08-21 17:00:45.717 14281 14281 D wpa_supplicant: nl80211: Scan probed for SSID 'DIRECT-'
08-21 17:00:45.717 14281 14281 D wpa_supplicant: nl80211: Scan included frequencies: 2412 2437 2462
08-21 17:00:45.717 14281 14281 D wpa_supplicant: p2p-dev-wlan0: Event SCAN_RESULTS (3) received
08-21 17:00:45.717 14281 14281 D wpa_supplicant: p2p-dev-wlan0: Scan completed in 0.157036 seconds
08-21 17:00:45.718 14281 14281 D wpa_supplicant: nl80211: Received scan results (0 BSSes)
08-21 17:00:45.718 14281 14281 D wpa_supplicant: p2p-dev-wlan0: BSS: Start scan result update 1001
08-21 17:00:45.718 14281 14281 D wpa_supplicant: BSS: last_scan_res_used=0/64
08-21 17:00:45.718 14281 14281 D wpa_supplicant: p2p-dev-wlan0: Radio work 'p2p-scan'@0x7f9581c1e0 done in 0.162603 seconds
08-21 17:00:45.718 14281 14281 D wpa_supplicant: P2P: Scan results received (0 BSS)
08-21 17:00:45.718 14281 14281 D wpa_supplicant: P2P: State SEARCH -> SEARCH
08-21 17:00:45.718 14281 14281 D wpa_supplicant: wpa_driver_set_ap_wps_p2p_ie: Entry
08-21 17:00:45.718 14281 14281 D wpa_supplicant: P2P: Starting search [LGE_P2P] social_scan_first_num:2
08-21 17:00:45.719 14281 14281 D wpa_supplicant: WPS: Building WPS IE for Probe Request
08-21 17:00:45.719 14281 14281 D wpa_supplicant: WPS:  * Version (hardcoded 0x10)
08-21 17:00:45.719 14281 14281 D wpa_supplicant: WPS:  * Request Type
08-21 17:00:45.719 14281 14281 D wpa_supplicant: WPS:  * Config Methods (5388)
08-21 17:00:45.719 14281 14281 D wpa_supplicant: WPS:  * UUID-E
08-21 17:00:45.719 14281 14281 D wpa_supplicant: WPS:  * Primary Device Type
08-21 17:00:45.719 14281 14281 D wpa_supplicant: WPS:  * RF Bands (3)
08-21 17:00:45.719 14281 14281 D wpa_supplicant: WPS:  * Association State
08-21 17:00:45.719 14281 14281 D wpa_supplicant: WPS:  * Configuration Error (0)
08-21 17:00:45.719 14281 14281 D wpa_supplicant: WPS:  * Device Password ID (0)
08-21 17:00:45.719 14281 14281 D wpa_supplicant: WPS:  * Manufacturer
08-21 17:00:45.719 14281 14281 D wpa_supplicant: WPS:  * Model Name
08-21 17:00:45.719 14281 14281 D wpa_supplicant: WPS:  * Model Number
08-21 17:00:45.719 14281 14281 D wpa_supplicant: WPS:  * Device Name
08-21 17:00:45.719 14281 14281 D wpa_supplicant: WPS:  * Version2 (0x20)
08-21 17:00:45.719 14281 14281 D wpa_supplicant: WPS:  * Request to Enroll (1)
08-21 17:00:45.719 14281 14281 D wpa_supplicant: WFDS: Extra buffer length (0) for Scan Request
08-21 17:00:45.719 14281 14281 D wpa_supplicant: P2P: * P2P IE header
08-21 17:00:45.719 14281 14281 D wpa_supplicant: P2P: * Capability dev=25 group=00
08-21 17:00:45.719 14281 14281 D wpa_supplicant: P2P: * Listen Channel: Regulatory Class 81 Channel 11
08-21 17:00:45.719 14281 14281 D wpa_supplicant: p2p-dev-wlan0: Add radio work 'p2p-scan'@0x7f9581c1e0
08-21 17:00:45.719 14281 14281 D wpa_supplicant: p2p-dev-wlan0: First radio work item in the queue - schedule start immediately
08-21 17:00:45.719 14281 14281 D wpa_supplicant: P2P: Running p2p_scan
08-21 17:00:45.719 14281 14281 D wpa_supplicant: p2p-dev-wlan0: Starting radio work 'p2p-scan'@0x7f9581c1e0 after 0.000122 second wait
08-21 17:00:45.719 14281 14281 D wpa_supplicant: p2p-dev-wlan0: nl80211: scan request
08-21 17:00:45.719 14281 14281 D wpa_supplicant: nl80211: P2P probe - mask SuppRates
08-21 17:00:45.726 14281 14281 D wpa_supplicant: Scan requested (ret=0) - scan timeout 30 seconds
08-21 17:00:45.726 14281 14281 D wpa_supplicant: nl80211: Drv Event 33 (NL80211_CMD_TRIGGER_SCAN) received for p2p-dev-wlan0
08-21 17:00:45.726 14281 14281 D wpa_supplicant: p2p-dev-wlan0: nl80211: Scan trigger
08-21 17:00:45.726 14281 14281 D wpa_supplicant: p2p-dev-wlan0: Event SCAN_STARTED (49) received
08-21 17:00:45.726 14281 14281 D wpa_supplicant: p2p-dev-wlan0: Own scan request started a scan in 0.000190 seconds
08-21 17:00:45.726 14281 14281 I wpa_supplicant: p2p-dev-wlan0: CTRL-EVENT-SCAN-STARTED 
08-21 17:00:45.726 14281 14281 D wpa_supplicant: CTRL_IFACE monitor sent successfully to /data/misc/wifi/sockets/wpa_ctrl_4223-4\x00
08-21 17:00:45.726 14281 14281 D wpa_supplicant: CTRL_IFACE monitor sent successfully to /data/misc/wifi/sockets/wpa_ctrl_1567-5\x00
08-21 17:00:45.727  4223 14333 D P2pExtMonWorker: Event [CTRL-EVENT-SCAN-STARTED ]
08-21 17:00:45.884 14281 14281 D wpa_supplicant: nl80211: Drv Event 34 (NL80211_CMD_NEW_SCAN_RESULTS) received for p2p-dev-wlan0
08-21 17:00:45.884 14281 14281 D wpa_supplicant: p2p-dev-wlan0: nl80211: New scan results available
08-21 17:00:45.884 14281 14281 D wpa_supplicant: nl80211: Scan probed for SSID 'DIRECT-'
08-21 17:00:45.884 14281 14281 D wpa_supplicant: nl80211: Scan included frequencies: 2412 2437 2462
08-21 17:00:45.884 14281 14281 D wpa_supplicant: p2p-dev-wlan0: Event SCAN_RESULTS (3) received
08-21 17:00:45.884 14281 14281 D wpa_supplicant: p2p-dev-wlan0: Scan completed in 0.158159 seconds
08-21 17:00:45.886 14281 14281 D wpa_supplicant: nl80211: Received scan results (0 BSSes)
08-21 17:00:45.886 14281 14281 D wpa_supplicant: p2p-dev-wlan0: BSS: Start scan result update 1002
08-21 17:00:45.886 14281 14281 D wpa_supplicant: BSS: last_scan_res_used=0/64
08-21 17:00:45.886 14281 14281 D wpa_supplicant: p2p-dev-wlan0: Radio work 'p2p-scan'@0x7f9581c1e0 done in 0.166671 seconds
08-21 17:00:45.886 14281 14281 D wpa_supplicant: P2P: Scan results received (0 BSS)
08-21 17:00:45.886 14281 14281 D wpa_supplicant: P2P: State SEARCH -> SEARCH
08-21 17:00:45.886 14281 14281 D wpa_supplicant: wpa_driver_set_ap_wps_p2p_ie: Entry
08-21 17:00:45.886 14281 14281 D wpa_supplicant: P2P: Starting search [LGE_P2P] social_scan_first_num:1
08-21 17:00:45.886 14281 14281 D wpa_supplicant: WPS: Building WPS IE for Probe Request
08-21 17:00:45.886 14281 14281 D wpa_supplicant: WPS:  * Version (hardcoded 0x10)
08-21 17:00:45.886 14281 14281 D wpa_supplicant: WPS:  * Request Type
08-21 17:00:45.886 14281 14281 D wpa_supplicant: WPS:  * Config Methods (5388)
08-21 17:00:45.886 14281 14281 D wpa_supplicant: WPS:  * UUID-E
08-21 17:00:45.886 14281 14281 D wpa_supplicant: WPS:  * Primary Device Type
08-21 17:00:45.886 14281 14281 D wpa_supplicant: WPS:  * RF Bands (3)
08-21 17:00:45.886 14281 14281 D wpa_supplicant: WPS:  * Association State
08-21 17:00:45.886 14281 14281 D wpa_supplicant: WPS:  * Configuration Error (0)
08-21 17:00:45.886 14281 14281 D wpa_supplicant: WPS:  * Device Password ID (0)
08-21 17:00:45.887 14281 14281 D wpa_supplicant: WPS:  * Manufacturer
08-21 17:00:45.887 14281 14281 D wpa_supplicant: WPS:  * Model Name
08-21 17:00:45.887 14281 14281 D wpa_supplicant: WPS:  * Model Number
08-21 17:00:45.887 14281 14281 D wpa_supplicant: WPS:  * Device Name
08-21 17:00:45.887 14281 14281 D wpa_supplicant: WPS:  * Version2 (0x20)
08-21 17:00:45.887 14281 14281 D wpa_supplicant: WPS:  * Request to Enroll (1)
08-21 17:00:45.887 14281 14281 D wpa_supplicant: WFDS: Extra buffer length (0) for Scan Request
08-21 17:00:45.887 14281 14281 D wpa_supplicant: P2P: * P2P IE header
08-21 17:00:45.887 14281 14281 D wpa_supplicant: P2P: * Capability dev=25 group=00
08-21 17:00:45.887 14281 14281 D wpa_supplicant: P2P: * Listen Channel: Regulatory Class 81 Channel 11
08-21 17:00:45.887 14281 14281 D wpa_supplicant: p2p-dev-wlan0: Add radio work 'p2p-scan'@0x7f9581c1e0
08-21 17:00:45.887 14281 14281 D wpa_supplicant: p2p-dev-wlan0: First radio work item in the queue - schedule start immediately
08-21 17:00:45.887 14281 14281 D wpa_supplicant: P2P: Running p2p_scan
08-21 17:00:45.887 14281 14281 D wpa_supplicant: p2p-dev-wlan0: Starting radio work 'p2p-scan'@0x7f9581c1e0 after 0.000183 second wait
08-21 17:00:45.887 14281 14281 D wpa_supplicant: p2p-dev-wlan0: nl80211: scan request
08-21 17:00:45.887 14281 14281 D wpa_supplicant: nl80211: P2P probe - mask SuppRates
08-21 17:00:45.893 14281 14281 D wpa_supplicant: Scan requested (ret=0) - scan timeout 30 seconds
08-21 17:00:45.893 14281 14281 D wpa_supplicant: nl80211: Drv Event 33 (NL80211_CMD_TRIGGER_SCAN) received for p2p-dev-wlan0
08-21 17:00:45.893 14281 14281 D wpa_supplicant: p2p-dev-wlan0: nl80211: Scan trigger
08-21 17:00:45.893 14281 14281 D wpa_supplicant: p2p-dev-wlan0: Event SCAN_STARTED (49) received
08-21 17:00:45.893 14281 14281 D wpa_supplicant: p2p-dev-wlan0: Own scan request started a scan in 0.000248 seconds
08-21 17:00:45.893 14281 14281 I wpa_supplicant: p2p-dev-wlan0: CTRL-EVENT-SCAN-STARTED 
08-21 17:00:45.893 14281 14281 D wpa_supplicant: CTRL_IFACE monitor sent successfully to /data/misc/wifi/sockets/wpa_ctrl_4223-4\x00
08-21 17:00:45.894 14281 14281 D wpa_supplicant: CTRL_IFACE monitor sent successfully to /data/misc/wifi/sockets/wpa_ctrl_1567-5\x00
08-21 17:00:45.894  4223 14333 D P2pExtMonWorker: Event [CTRL-EVENT-SCAN-STARTED ]
08-21 17:00:46.049 14281 14281 D wpa_supplicant: nl80211: Drv Event 34 (NL80211_CMD_NEW_SCAN_RESULTS) received for p2p-dev-wlan0
08-21 17:00:46.049 14281 14281 D wpa_supplicant: p2p-dev-wlan0: nl80211: New scan results available
08-21 17:00:46.049 14281 14281 D wpa_supplicant: nl80211: Scan probed for SSID 'DIRECT-'
08-21 17:00:46.049 14281 14281 D wpa_supplicant: nl80211: Scan included frequencies: 2412 2437 2462
08-21 17:00:46.049 14281 14281 D wpa_supplicant: p2p-dev-wlan0: Event SCAN_RESULTS (3) received
08-21 17:00:46.049 14281 14281 D wpa_supplicant: p2p-dev-wlan0: Scan completed in 0.155712 seconds
08-21 17:00:46.049 14281 14281 D wpa_supplicant: nl80211: Received scan results (0 BSSes)
08-21 17:00:46.049 14281 14281 D wpa_supplicant: p2p-dev-wlan0: BSS: Start scan result update 1003
08-21 17:00:46.049 14281 14281 D wpa_supplicant: BSS: last_scan_res_used=0/64
08-21 17:00:46.049 14281 14281 D wpa_supplicant: p2p-dev-wlan0: Radio work 'p2p-scan'@0x7f9581c1e0 done in 0.162178 seconds
08-21 17:00:46.049 14281 14281 D wpa_supplicant: P2P: Scan results received (0 BSS)
08-21 17:00:46.049 14281 14281 D wpa_supplicant: P2P: State SEARCH -> SEARCH
08-21 17:00:46.049 14281 14281 D wpa_supplicant: wpa_driver_set_ap_wps_p2p_ie: Entry
08-21 17:00:46.049 14281 14281 D wpa_supplicant: P2P: Starting search [LGE_P2P] P2P_SCAN_FULL
08-21 17:00:46.049 14281 14281 D wpa_supplicant: WPS: Building WPS IE for Probe Request
08-21 17:00:46.049 14281 14281 D wpa_supplicant: WPS:  * Version (hardcoded 0x10)
08-21 17:00:46.049 14281 14281 D wpa_supplicant: WPS:  * Request Type
08-21 17:00:46.050 14281 14281 D wpa_supplicant: WPS:  * Config Methods (5388)
08-21 17:00:46.050 14281 14281 D wpa_supplicant: WPS:  * UUID-E
08-21 17:00:46.050 14281 14281 D wpa_supplicant: WPS:  * Primary Device Type
08-21 17:00:46.050 14281 14281 D wpa_supplicant: WPS:  * RF Bands (3)
08-21 17:00:46.050 14281 14281 D wpa_supplicant: WPS:  * Association State
08-21 17:00:46.050 14281 14281 D wpa_supplicant: WPS:  * Configuration Error (0)
08-21 17:00:46.050 14281 14281 D wpa_supplicant: WPS:  * Device Password ID (0)
08-21 17:00:46.050 14281 14281 D wpa_supplicant: WPS:  * Manufacturer
08-21 17:00:46.050 14281 14281 D wpa_supplicant: WPS:  * Model Name
08-21 17:00:46.050 14281 14281 D wpa_supplicant: WPS:  * Model Number
08-21 17:00:46.050 14281 14281 D wpa_supplicant: WPS:  * Device Name
08-21 17:00:46.050 14281 14281 D wpa_supplicant: WPS:  * Version2 (0x20)
08-21 17:00:46.050 14281 14281 D wpa_supplicant: WPS:  * Request to Enroll (1)
08-21 17:00:46.050 14281 14281 D wpa_supplicant: WFDS: Extra buffer length (0) for Scan Request
08-21 17:00:46.050 14281 14281 D wpa_supplicant: P2P: * P2P IE header
08-21 17:00:46.050 14281 14281 D wpa_supplicant: P2P: * Capability dev=25 group=00
08-21 17:00:46.050 14281 14281 D wpa_supplicant: P2P: * Listen Channel: Regulatory Class 81 Channel 11
08-21 17:00:46.050 14281 14281 D wpa_supplicant: p2p-dev-wlan0: Add radio work 'p2p-scan'@0x7f9581c1e0
08-21 17:00:46.050 14281 14281 D wpa_supplicant: p2p-dev-wlan0: First radio work item in the queue - schedule start immediately
08-21 17:00:46.050 14281 14281 D wpa_supplicant: P2P: Running p2p_scan
08-21 17:00:46.051 14281 14281 D wpa_supplicant: p2p-dev-wlan0: Starting radio work 'p2p-scan'@0x7f9581c1e0 after 0.000992 second wait
08-21 17:00:46.051 14281 14281 D wpa_supplicant: p2p-dev-wlan0: nl80211: scan request
08-21 17:00:46.051 14281 14281 D wpa_supplicant: nl80211: P2P probe - mask SuppRates
08-21 17:00:46.054 14281 14281 D wpa_supplicant: Scan requested (ret=0) - scan timeout 30 seconds
08-21 17:00:46.054 14281 14281 D wpa_supplicant: nl80211: Drv Event 33 (NL80211_CMD_TRIGGER_SCAN) received for p2p-dev-wlan0
08-21 17:00:46.055 14281 14281 D wpa_supplicant: p2p-dev-wlan0: nl80211: Scan trigger
08-21 17:00:46.055 14281 14281 D wpa_supplicant: p2p-dev-wlan0: Event SCAN_STARTED (49) received
08-21 17:00:46.055 14281 14281 D wpa_supplicant: p2p-dev-wlan0: Own scan request started a scan in 0.000150 seconds
08-21 17:00:46.055 14281 14281 I wpa_supplicant: p2p-dev-wlan0: CTRL-EVENT-SCAN-STARTED 
08-21 17:00:46.055 14281 14281 D wpa_supplicant: CTRL_IFACE monitor sent successfully to /data/misc/wifi/sockets/wpa_ctrl_4223-4\x00
08-21 17:00:46.055 14281 14281 D wpa_supplicant: CTRL_IFACE monitor sent successfully to /data/misc/wifi/sockets/wpa_ctrl_1567-5\x00
08-21 17:00:46.055  4223 14333 D P2pExtMonWorker: Event [CTRL-EVENT-SCAN-STARTED ]
08-21 17:00:46.266 14281 14281 D wpa_supplicant: OTA_TEST prop_ota_enable: 0
08-21 17:00:46.266 14281 14281 I wpa_supplicant: [LGE_P2P] is_hs20_enable() skip!! hs20 while in p2p_in_progress
08-21 17:00:46.266 14281 14281 D wpa_supplicant: wlan0: Delay station mode scan while P2P operation is in progress
08-21 17:00:46.266 14281 14281 D wpa_supplicant: wlan0: Setting scan request: 5.000000 sec
08-21 17:00:46.896  2410  2410 E dhcpcd  : p2p-wlan0-0: send_raw_packet: No such file or directory
08-21 17:00:47.217  1567  2409 D NetUtils: dhcp_get_results failed : p2p-wlan0-0 (DHCP result was failed)
08-21 17:00:47.218  1567  2409 E DhcpStateMachine: DHCP failed on p2p-wlan0-0: DHCP result was failed
08-21 17:00:47.420  1567  2409 D DhcpStateMachine: DHCP Start/Renew wake lock is released.
08-21 17:00:47.421  1567  2409 D DhcpStateMachine: StoppedState{ when=-2s398ms what=196610 target=com.android.internal.util.StateMachine$SmHandler }
08-21 17:00:48.106 14281 14281 D wpa_supplicant: nl80211: Drv Event 34 (NL80211_CMD_NEW_SCAN_RESULTS) received for p2p-dev-wlan0
08-21 17:00:48.106 14281 14281 D wpa_supplicant: p2p-dev-wlan0: nl80211: New scan results available
08-21 17:00:48.106 14281 14281 D wpa_supplicant: nl80211: Scan probed for SSID 'DIRECT-'
08-21 17:00:48.106 14281 14281 D wpa_supplicant: nl80211: Scan included frequencies: 2412 2417 2422 2427 2432 2437 2442 2447 2452 2457 2462 2467 2472 5180 5200 5220 5240 5260 5280 5300 5320 5500 5520 5540 5560 5580 5600 5620 5640 5660 5680 5700 5720 5745 5765 5785 5805 5825
08-21 17:00:48.106 14281 14281 D wpa_supplicant: p2p-dev-wlan0: Event SCAN_RESULTS (3) received
08-21 17:00:48.106 14281 14281 D wpa_supplicant: p2p-dev-wlan0: Scan completed in 2.051355 seconds
08-21 17:00:48.106 14281 14281 D wpa_supplicant: nl80211: Received scan results (0 BSSes)
08-21 17:00:48.106 14281 14281 D wpa_supplicant: p2p-dev-wlan0: BSS: Start scan result update 1004
08-21 17:00:48.106 14281 14281 D wpa_supplicant: BSS: last_scan_res_used=0/64
08-21 17:00:48.106 14281 14281 D wpa_supplicant: p2p-dev-wlan0: Radio work 'p2p-scan'@0x7f9581c1e0 done in 2.055152 seconds
08-21 17:00:48.106 14281 14281 D wpa_supplicant: P2P: Scan results received (0 BSS)
08-21 17:00:48.106 14281 14281 D wpa_supplicant: P2P: State SEARCH -> SEARCH
08-21 17:00:48.107 14281 14281 D wpa_supplicant: P2P: Starting short listen state (state=SEARCH)
08-21 17:00:48.109 14281 14281 D wpa_supplicant: WFDS: Extra buffer length (0) for Scan Response
08-21 17:00:48.109 14281 14281 D wpa_supplicant: WPS:  * Version (hardcoded 0x10)
08-21 17:00:48.109 14281 14281 D wpa_supplicant: WPS:  * UUID-E
08-21 17:00:48.109 14281 14281 D wpa_supplicant: WPS:  * Version2 (0x20)
08-21 17:00:48.109 14281 14281 D wpa_supplicant: P2P: * P2P IE header
08-21 17:00:48.109 14281 14281 D wpa_supplicant: P2P: * Capability dev=25 group=00
08-21 17:00:48.109 14281 14281 D wpa_supplicant: P2P: * Device Info
08-21 17:00:48.109 14281 14281 D wpa_supplicant: p2p-dev-wlan0: Add radio work 'p2p-listen'@0x7f9581c1e0
08-21 17:00:48.109 14281 14281 D wpa_supplicant: p2p-dev-wlan0: First radio work item in the queue - schedule start immediately
08-21 17:00:48.110 14281 14281 D wpa_supplicant: p2p-dev-wlan0: Starting radio work 'p2p-listen'@0x7f9581c1e0 after 0.000122 second wait
08-21 17:00:48.110 14281 14281 D wpa_supplicant: wpa_driver_set_ap_wps_p2p_ie: Entry
08-21 17:00:48.110 14281 14281 D wpa_supplicant: nl80211: Enable Probe Request reporting nl_preq=0x7f95821a00
08-21 17:00:48.110 14281 14281 D wpa_supplicant: nl80211: Register frame type=0x40 (WLAN_FC_STYPE_PROBE_REQ) nl_handle=0x7f95821a00 match=
08-21 17:00:48.119 14281 14281 D wpa_supplicant: nl80211: Remain-on-channel cookie 0x356 for freq=2462 MHz duration=307
08-21 17:00:48.120 14281 14281 D wpa_supplicant: nl80211: Drv Event 55 (NL80211_CMD_REMAIN_ON_CHANNEL) received for p2p-dev-wlan0
08-21 17:00:48.120 14281 14281 D wpa_supplicant: nl80211: Remain-on-channel event (cancel=0 freq=2462 channel_type=0 duration=307 cookie=0x356 (match))
08-21 17:00:48.120 14281 14281 D wpa_supplicant: p2p-dev-wlan0: Event REMAIN_ON_CHANNEL (21) received
08-21 17:00:48.120 14281 14281 D wpa_supplicant: Off-channel: Send Action callback (without_roc=0 pending_action_tx=0x0 pending_action_tx_done=1)
08-21 17:00:48.120 14281 14281 D wpa_supplicant: P2P: Starting Listen timeout(0,307200) on freq=2462 based on callback
08-21 17:00:48.120 14281 14281 D wpa_supplicant: P2P: Set timeout (state=SEARCH): 0.327200 sec
08-21 17:00:48.415  3599  4063 D [SystemUI]1: onDataActivity: direction=3
08-21 17:00:48.415  3599  4063 D 1       : Change in state from: connected=true,enabled=true,level=2,inetCondition=1,iconGroup=IconGroup(Default),activityIn=false,activityOut=false,rssi=0,lastModified=08-21 04:58:46,dataSim=true,networkName=Claro BR,networkNameData=Claro BR,dataConnected=true,isDefault=true,isEmergency=false,airplaneMode=false,carrierNetworkChangeMode=false,activity=0,isSimIcon=false,networkIcon=LTE,selectedSim=false,twoStage=false,voiceRatType=0,dataRatType=0,voiceLevel=0,dataLevel=0,hasVoiceService=false,hasDataService=false,mCBInfo=null,isDataEnabled=false
08-21 17:00:48.415  3599  4063 D 1       : 	to: connected=true,enabled=true,level=2,inetCondition=1,iconGroup=IconGroup(Default),activityIn=true,activityOut=true,rssi=0,lastModified=08-21 04:58:46,dataSim=true,networkName=Claro BR,networkNameData=Claro BR,dataConnected=true,isDefault=true,isEmergency=false,airplaneMode=false,carrierNetworkChangeMode=false,activity=3,isSimIcon=false,networkIcon=LTE,selectedSim=false,twoStage=false,voiceRatType=0,dataRatType=0,voiceLevel=0,dataLevel=0,hasVoiceService=false,hasDataService=false,mCBInfo=null,isDataEnabled=false
08-21 17:00:48.429  4251  5574 D PhoneInterfaceManager: [PhoneIntfMgr] getDataEnabled: subId=1 phoneId=0
08-21 17:00:48.431  4251  5574 D PhoneInterfaceManager: [PhoneIntfMgr] getDataEnabled: subId=1 retVal=true
08-21 17:00:48.433  3599  4063 D TelephonyManager: getDataEnabled: retVal=true
08-21 17:00:48.435  3599  4063 D [SystemUI]MobileSignalController: updateTelephonySignalStrength: hasService=true ss=SignalStrength: 99 0 -120 -160 -120 -1 -1 20 -105 -11 22 2147483647 2147483647 gsm|lte 0 0 2147483647 2147483647
08-21 17:00:48.442 14281 14281 D wpa_supplicant: nl80211: Drv Event 56 (NL80211_CMD_CANCEL_REMAIN_ON_CHANNEL) received for p2p-dev-wlan0
08-21 17:00:48.443 14281 14281 D wpa_supplicant: nl80211: Remain-on-channel event (cancel=1 freq=2462 channel_type=0 duration=0 cookie=0x356 (match))
08-21 17:00:48.443 14281 14281 D wpa_supplicant: p2p-dev-wlan0: Event CANCEL_REMAIN_ON_CHANNEL (22) received
08-21 17:00:48.443 14281 14281 D wpa_supplicant: P2P: Cancel remain-on-channel callback (p2p_long_listen=0 ms pending_action_tx=0x0)
08-21 17:00:48.443 14281 14281 D wpa_supplicant: p2p-dev-wlan0: Radio work 'p2p-listen'@0x7f9581c1e0 done in 0.333245 seconds
08-21 17:00:48.443 14281 14281 D wpa_supplicant: P2P: Driver ended Listen state (freq=2462)
08-21 17:00:48.443 14281 14281 D wpa_supplicant: P2P: Skip stop_listen since not in listen_only state.
08-21 17:00:48.447 14281 14281 D wpa_supplicant: P2P: Timeout (state=SEARCH)
08-21 17:00:48.448 14281 14281 D wpa_supplicant: wpa_driver_set_ap_wps_p2p_ie: Entry
08-21 17:00:48.448 14281 14281 D wpa_supplicant: nl80211: Disable Probe Request reporting nl_preq=0x888888f71d0a9289
08-21 17:00:48.448 14281 14281 D wpa_supplicant: P2P: Starting search
08-21 17:00:48.448 14281 14281 D wpa_supplicant: WPS: Building WPS IE for Probe Request
08-21 17:00:48.448 14281 14281 D wpa_supplicant: WPS:  * Version (hardcoded 0x10)
08-21 17:00:48.448 14281 14281 D wpa_supplicant: WPS:  * Request Type
08-21 17:00:48.448 14281 14281 D wpa_supplicant: WPS:  * Config Methods (5388)
08-21 17:00:48.448 14281 14281 D wpa_supplicant: WPS:  * UUID-E
08-21 17:00:48.448 14281 14281 D wpa_supplicant: WPS:  * Primary Device Type
08-21 17:00:48.448 14281 14281 D wpa_supplicant: WPS:  * RF Bands (3)
08-21 17:00:48.448 14281 14281 D wpa_supplicant: WPS:  * Association State
08-21 17:00:48.448 14281 14281 D wpa_supplicant: WPS:  * Configuration Error (0)
08-21 17:00:48.448 14281 14281 D wpa_supplicant: WPS:  * Device Password ID (0)
08-21 17:00:48.448 14281 14281 D wpa_supplicant: WPS:  * Manufacturer
08-21 17:00:48.448 14281 14281 D wpa_supplicant: WPS:  * Model Name
08-21 17:00:48.448 14281 14281 D wpa_supplicant: WPS:  * Model Number
08-21 17:00:48.448 14281 14281 D wpa_supplicant: WPS:  * Device Name
08-21 17:00:48.448 14281 14281 D wpa_supplicant: WPS:  * Version2 (0x20)
08-21 17:00:48.448 14281 14281 D wpa_supplicant: WPS:  * Request to Enroll (1)
08-21 17:00:48.448 14281 14281 D wpa_supplicant: WFDS: Extra buffer length (0) for Scan Request
08-21 17:00:48.448 14281 14281 D wpa_supplicant: P2P: * P2P IE header
08-21 17:00:48.448 14281 14281 D wpa_supplicant: P2P: * Capability dev=25 group=00
08-21 17:00:48.448 14281 14281 D wpa_supplicant: P2P: * Listen Channel: Regulatory Class 81 Channel 11
08-21 17:00:48.448 14281 14281 D wpa_supplicant: p2p-dev-wlan0: Add radio work 'p2p-scan'@0x7f9581c2d0
08-21 17:00:48.448 14281 14281 D wpa_supplicant: p2p-dev-wlan0: First radio work item in the queue - schedule start immediately
08-21 17:00:48.448 14281 14281 D wpa_supplicant: P2P: Running p2p_scan
08-21 17:00:48.449 14281 14281 D wpa_supplicant: p2p-dev-wlan0: Starting radio work 'p2p-scan'@0x7f9581c2d0 after 0.000112 second wait
08-21 17:00:48.449 14281 14281 D wpa_supplicant: p2p-dev-wlan0: nl80211: scan request
08-21 17:00:48.449 14281 14281 D wpa_supplicant: nl80211: P2P probe - mask SuppRates
08-21 17:00:48.453 14281 14281 D wpa_supplicant: Scan requested (ret=0) - scan timeout 30 seconds
08-21 17:00:48.454 14281 14281 D wpa_supplicant: nl80211: Drv Event 33 (NL80211_CMD_TRIGGER_SCAN) received for p2p-dev-wlan0
08-21 17:00:48.454 14281 14281 D wpa_supplicant: p2p-dev-wlan0: nl80211: Scan trigger
08-21 17:00:48.454 14281 14281 D wpa_supplicant: p2p-dev-wlan0: Event SCAN_STARTED (49) received
08-21 17:00:48.454 14281 14281 D wpa_supplicant: p2p-dev-wlan0: Own scan request started a scan in 0.000295 seconds
08-21 17:00:48.454 14281 14281 I wpa_supplicant: p2p-dev-wlan0: CTRL-EVENT-SCAN-STARTED 
08-21 17:00:48.455 14281 14281 D wpa_supplicant: CTRL_IFACE monitor sent successfully to /data/misc/wifi/sockets/wpa_ctrl_4223-4\x00
08-21 17:00:48.455  4223 14333 D P2pExtMonWorker: Event [CTRL-EVENT-SCAN-STARTED ]
08-21 17:00:48.455 14281 14281 D wpa_supplicant: CTRL_IFACE monitor sent successfully to /data/misc/wifi/sockets/wpa_ctrl_1567-5\x00
08-21 17:00:48.611 14281 14281 D wpa_supplicant: nl80211: Drv Event 34 (NL80211_CMD_NEW_SCAN_RESULTS) received for p2p-dev-wlan0
08-21 17:00:48.611 14281 14281 D wpa_supplicant: p2p-dev-wlan0: nl80211: New scan results available
08-21 17:00:48.611 14281 14281 D wpa_supplicant: nl80211: Scan probed for SSID 'DIRECT-'
08-21 17:00:48.611 14281 14281 D wpa_supplicant: nl80211: Scan included frequencies: 2412 2437 2462
08-21 17:00:48.611 14281 14281 D wpa_supplicant: p2p-dev-wlan0: Event SCAN_RESULTS (3) received
08-21 17:00:48.612 14281 14281 D wpa_supplicant: p2p-dev-wlan0: Scan completed in 0.157778 seconds
08-21 17:00:48.612 14281 14281 D wpa_supplicant: nl80211: Received scan results (0 BSSes)
08-21 17:00:48.612 14281 14281 D wpa_supplicant: p2p-dev-wlan0: BSS: Start scan result update 1005
08-21 17:00:48.612 14281 14281 D wpa_supplicant: BSS: last_scan_res_used=0/64
08-21 17:00:48.612 14281 14281 D wpa_supplicant: p2p-dev-wlan0: Radio work 'p2p-scan'@0x7f9581c2d0 done in 0.163522 seconds
08-21 17:00:48.612 14281 14281 D wpa_supplicant: P2P: Scan results received (0 BSS)
08-21 17:00:48.612 14281 14281 D wpa_supplicant: P2P: State SEARCH -> SEARCH
08-21 17:00:48.612 14281 14281 D wpa_supplicant: P2P: Starting short listen state (state=SEARCH)
08-21 17:00:48.615 14281 14281 D wpa_supplicant: WFDS: Extra buffer length (0) for Scan Response
08-21 17:00:48.615 14281 14281 D wpa_supplicant: WPS:  * Version (hardcoded 0x10)
08-21 17:00:48.615 14281 14281 D wpa_supplicant: WPS:  * UUID-E
08-21 17:00:48.615 14281 14281 D wpa_supplicant: WPS:  * Version2 (0x20)
08-21 17:00:48.615 14281 14281 D wpa_supplicant: P2P: * P2P IE header
08-21 17:00:48.615 14281 14281 D wpa_supplicant: P2P: * Capability dev=25 group=00
08-21 17:00:48.615 14281 14281 D wpa_supplicant: P2P: * Device Info
08-21 17:00:48.616 14281 14281 D wpa_supplicant: p2p-dev-wlan0: Add radio work 'p2p-listen'@0x7f9581c2d0
08-21 17:00:48.616 14281 14281 D wpa_supplicant: p2p-dev-wlan0: First radio work item in the queue - schedule start immediately
08-21 17:00:48.616 14281 14281 D wpa_supplicant: p2p-dev-wlan0: Starting radio work 'p2p-listen'@0x7f9581c2d0 after 0.000156 second wait
08-21 17:00:48.616 14281 14281 D wpa_supplicant: wpa_driver_set_ap_wps_p2p_ie: Entry
08-21 17:00:48.616 14281 14281 D wpa_supplicant: nl80211: Enable Probe Request reporting nl_preq=0x7f95821cc0
08-21 17:00:48.616 14281 14281 D wpa_supplicant: nl80211: Register frame type=0x40 (WLAN_FC_STYPE_PROBE_REQ) nl_handle=0x7f95821cc0 match=
08-21 17:00:48.626 14281 14281 D wpa_supplicant: nl80211: Remain-on-channel cookie 0x357 for freq=2462 MHz duration=307
08-21 17:00:48.626 14281 14281 D wpa_supplicant: nl80211: Drv Event 55 (NL80211_CMD_REMAIN_ON_CHANNEL) received for p2p-dev-wlan0
08-21 17:00:48.626 14281 14281 D wpa_supplicant: nl80211: Remain-on-channel event (cancel=0 freq=2462 channel_type=0 duration=307 cookie=0x357 (match))
08-21 17:00:48.626 14281 14281 D wpa_supplicant: p2p-dev-wlan0: Event REMAIN_ON_CHANNEL (21) received
08-21 17:00:48.627 14281 14281 D wpa_supplicant: Off-channel: Send Action callback (without_roc=0 pending_action_tx=0x0 pending_action_tx_done=1)
08-21 17:00:48.627 14281 14281 D wpa_supplicant: P2P: Starting Listen timeout(0,307200) on freq=2462 based on callback
08-21 17:00:48.627 14281 14281 D wpa_supplicant: P2P: Set timeout (state=SEARCH): 0.327200 sec
08-21 17:00:48.953 14281 14281 D wpa_supplicant: nl80211: Drv Event 56 (NL80211_CMD_CANCEL_REMAIN_ON_CHANNEL) received for p2p-dev-wlan0
08-21 17:00:48.953 14281 14281 D wpa_supplicant: nl80211: Remain-on-channel event (cancel=1 freq=2462 channel_type=0 duration=0 cookie=0x357 (match))
08-21 17:00:48.953 14281 14281 D wpa_supplicant: p2p-dev-wlan0: Event CANCEL_REMAIN_ON_CHANNEL (22) received
08-21 17:00:48.953 14281 14281 D wpa_supplicant: P2P: Cancel remain-on-channel callback (p2p_long_listen=0 ms pending_action_tx=0x0)
08-21 17:00:48.953 14281 14281 D wpa_supplicant: p2p-dev-wlan0: Radio work 'p2p-listen'@0x7f9581c2d0 done in 0.337709 seconds
08-21 17:00:48.953 14281 14281 D wpa_supplicant: P2P: Driver ended Listen state (freq=2462)
08-21 17:00:48.954 14281 14281 D wpa_supplicant: P2P: Skip stop_listen since not in listen_only state.
08-21 17:00:48.955 14281 14281 D wpa_supplicant: P2P: Timeout (state=SEARCH)
08-21 17:00:48.955 14281 14281 D wpa_supplicant: wpa_driver_set_ap_wps_p2p_ie: Entry
08-21 17:00:48.955 14281 14281 D wpa_supplicant: nl80211: Disable Probe Request reporting nl_preq=0x888888f71d0a9449
08-21 17:00:48.955 14281 14281 D wpa_supplicant: P2P: Starting search
08-21 17:00:48.955 14281 14281 D wpa_supplicant: WPS: Building WPS IE for Probe Request
08-21 17:00:48.955 14281 14281 D wpa_supplicant: WPS:  * Version (hardcoded 0x10)
08-21 17:00:48.955 14281 14281 D wpa_supplicant: WPS:  * Request Type
08-21 17:00:48.955 14281 14281 D wpa_supplicant: WPS:  * Config Methods (5388)
08-21 17:00:48.955 14281 14281 D wpa_supplicant: WPS:  * UUID-E
08-21 17:00:48.955 14281 14281 D wpa_supplicant: WPS:  * Primary Device Type
08-21 17:00:48.955 14281 14281 D wpa_supplicant: WPS:  * RF Bands (3)
08-21 17:00:48.955 14281 14281 D wpa_supplicant: WPS:  * Association State
08-21 17:00:48.955 14281 14281 D wpa_supplicant: WPS:  * Configuration Error (0)
08-21 17:00:48.955 14281 14281 D wpa_supplicant: WPS:  * Device Password ID (0)
08-21 17:00:48.955 14281 14281 D wpa_supplicant: WPS:  * Manufacturer
08-21 17:00:48.955 14281 14281 D wpa_supplicant: WPS:  * Model Name
08-21 17:00:48.955 14281 14281 D wpa_supplicant: WPS:  * Model Number
08-21 17:00:48.955 14281 14281 D wpa_supplicant: WPS:  * Device Name
08-21 17:00:48.955 14281 14281 D wpa_supplicant: WPS:  * Version2 (0x20)
08-21 17:00:48.955 14281 14281 D wpa_supplicant: WPS:  * Request to Enroll (1)
08-21 17:00:48.955 14281 14281 D wpa_supplicant: WFDS: Extra buffer length (0) for Scan Request
08-21 17:00:48.955 14281 14281 D wpa_supplicant: P2P: * P2P IE header
08-21 17:00:48.955 14281 14281 D wpa_supplicant: P2P: * Capability dev=25 group=00
08-21 17:00:48.955 14281 14281 D wpa_supplicant: P2P: * Listen Channel: Regulatory Class 81 Channel 11
08-21 17:00:48.956 14281 14281 D wpa_supplicant: p2p-dev-wlan0: Add radio work 'p2p-scan'@0x7f9581c280
08-21 17:00:48.956 14281 14281 D wpa_supplicant: p2p-dev-wlan0: First radio work item in the queue - schedule start immediately
08-21 17:00:48.956 14281 14281 D wpa_supplicant: P2P: Running p2p_scan
08-21 17:00:48.956 14281 14281 D wpa_supplicant: p2p-dev-wlan0: Starting radio work 'p2p-scan'@0x7f9581c280 after 0.000132 second wait
08-21 17:00:48.956 14281 14281 D wpa_supplicant: p2p-dev-wlan0: nl80211: scan request
08-21 17:00:48.956 14281 14281 D wpa_supplicant: nl80211: P2P probe - mask SuppRates
08-21 17:00:48.961 14281 14281 D wpa_supplicant: Scan requested (ret=0) - scan timeout 30 seconds
08-21 17:00:48.962 14281 14281 D wpa_supplicant: nl80211: Drv Event 33 (NL80211_CMD_TRIGGER_SCAN) received for p2p-dev-wlan0
08-21 17:00:48.962 14281 14281 D wpa_supplicant: p2p-dev-wlan0: nl80211: Scan trigger
08-21 17:00:48.962 14281 14281 D wpa_supplicant: p2p-dev-wlan0: Event SCAN_STARTED (49) received
08-21 17:00:48.962 14281 14281 D wpa_supplicant: p2p-dev-wlan0: Own scan request started a scan in 0.000204 seconds
08-21 17:00:48.962 14281 14281 I wpa_supplicant: p2p-dev-wlan0: CTRL-EVENT-SCAN-STARTED 
08-21 17:00:48.962 14281 14281 D wpa_supplicant: CTRL_IFACE monitor sent successfully to /data/misc/wifi/sockets/wpa_ctrl_4223-4\x00
08-21 17:00:48.962 14281 14281 D wpa_supplicant: CTRL_IFACE monitor sent successfully to /data/misc/wifi/sockets/wpa_ctrl_1567-5\x00
08-21 17:00:48.962  4223 14333 D P2pExtMonWorker: Event [CTRL-EVENT-SCAN-STARTED ]
08-21 17:00:49.131 14281 14281 D wpa_supplicant: nl80211: Drv Event 34 (NL80211_CMD_NEW_SCAN_RESULTS) received for p2p-dev-wlan0
08-21 17:00:49.131 14281 14281 D wpa_supplicant: p2p-dev-wlan0: nl80211: New scan results available
08-21 17:00:49.131 14281 14281 D wpa_supplicant: nl80211: Scan probed for SSID 'DIRECT-'
08-21 17:00:49.131 14281 14281 D wpa_supplicant: nl80211: Scan included frequencies: 2412 2437 2462
08-21 17:00:49.131 14281 14281 D wpa_supplicant: p2p-dev-wlan0: Event SCAN_RESULTS (3) received
08-21 17:00:49.131 14281 14281 D wpa_supplicant: p2p-dev-wlan0: Scan completed in 0.169485 seconds
08-21 17:00:49.131 14281 14281 D wpa_supplicant: nl80211: Received scan results (0 BSSes)
08-21 17:00:49.131 14281 14281 D wpa_supplicant: p2p-dev-wlan0: BSS: Start scan result update 1006
08-21 17:00:49.131 14281 14281 D wpa_supplicant: BSS: last_scan_res_used=0/64
08-21 17:00:49.132 14281 14281 D wpa_supplicant: p2p-dev-wlan0: Radio work 'p2p-scan'@0x7f9581c280 done in 0.175816 seconds
08-21 17:00:49.132 14281 14281 D wpa_supplicant: P2P: Scan results received (0 BSS)
08-21 17:00:49.132 14281 14281 D wpa_supplicant: P2P: State SEARCH -> SEARCH
08-21 17:00:49.132 14281 14281 D wpa_supplicant: P2P: Starting short listen state (state=SEARCH)
08-21 17:00:49.133 14281 14281 D wpa_supplicant: WFDS: Extra buffer length (0) for Scan Response
08-21 17:00:49.133 14281 14281 D wpa_supplicant: WPS:  * Version (hardcoded 0x10)
08-21 17:00:49.134 14281 14281 D wpa_supplicant: WPS:  * UUID-E
08-21 17:00:49.134 14281 14281 D wpa_supplicant: WPS:  * Version2 (0x20)
08-21 17:00:49.134 14281 14281 D wpa_supplicant: P2P: * P2P IE header
08-21 17:00:49.134 14281 14281 D wpa_supplicant: P2P: * Capability dev=25 group=00
08-21 17:00:49.134 14281 14281 D wpa_supplicant: P2P: * Device Info
08-21 17:00:49.134 14281 14281 D wpa_supplicant: p2p-dev-wlan0: Add radio work 'p2p-listen'@0x7f9581c280
08-21 17:00:49.134 14281 14281 D wpa_supplicant: p2p-dev-wlan0: First radio work item in the queue - schedule start immediately
08-21 17:00:49.134 14281 14281 D wpa_supplicant: p2p-dev-wlan0: Starting radio work 'p2p-listen'@0x7f9581c280 after 0.000099 second wait
08-21 17:00:49.134 14281 14281 D wpa_supplicant: wpa_driver_set_ap_wps_p2p_ie: Entry
08-21 17:00:49.134 14281 14281 D wpa_supplicant: nl80211: Enable Probe Request reporting nl_preq=0x7f95821a00
08-21 17:00:49.134 14281 14281 D wpa_supplicant: nl80211: Register frame type=0x40 (WLAN_FC_STYPE_PROBE_REQ) nl_handle=0x7f95821a00 match=
08-21 17:00:49.138 14281 14281 D wpa_supplicant: nl80211: Remain-on-channel cookie 0x358 for freq=2462 MHz duration=102
08-21 17:00:49.138 14281 14281 D wpa_supplicant: nl80211: Drv Event 55 (NL80211_CMD_REMAIN_ON_CHANNEL) received for p2p-dev-wlan0
08-21 17:00:49.138 14281 14281 D wpa_supplicant: nl80211: Remain-on-channel event (cancel=0 freq=2462 channel_type=0 duration=102 cookie=0x358 (match))
08-21 17:00:49.138 14281 14281 D wpa_supplicant: p2p-dev-wlan0: Event REMAIN_ON_CHANNEL (21) received
08-21 17:00:49.138 14281 14281 D wpa_supplicant: Off-channel: Send Action callback (without_roc=0 pending_action_tx=0x0 pending_action_tx_done=1)
08-21 17:00:49.138 14281 14281 D wpa_supplicant: P2P: Starting Listen timeout(0,102400) on freq=2462 based on callback
08-21 17:00:49.138 14281 14281 D wpa_supplicant: P2P: Set timeout (state=SEARCH): 0.122400 sec
08-21 17:00:49.249 14281 14281 D wpa_supplicant: nl80211: Drv Event 56 (NL80211_CMD_CANCEL_REMAIN_ON_CHANNEL) received for p2p-dev-wlan0
08-21 17:00:49.249 14281 14281 D wpa_supplicant: nl80211: Remain-on-channel event (cancel=1 freq=2462 channel_type=0 duration=0 cookie=0x358 (match))
08-21 17:00:49.249 14281 14281 D wpa_supplicant: p2p-dev-wlan0: Event CANCEL_REMAIN_ON_CHANNEL (22) received
08-21 17:00:49.249 14281 14281 D wpa_supplicant: P2P: Cancel remain-on-channel callback (p2p_long_listen=0 ms pending_action_tx=0x0)
08-21 17:00:49.249 14281 14281 D wpa_supplicant: p2p-dev-wlan0: Radio work 'p2p-listen'@0x7f9581c280 done in 0.115605 seconds
08-21 17:00:49.249 14281 14281 D wpa_supplicant: P2P: Driver ended Listen state (freq=2462)
08-21 17:00:49.249 14281 14281 D wpa_supplicant: P2P: Skip stop_listen since not in listen_only state.
08-21 17:00:49.261 14281 14281 D wpa_supplicant: P2P: Timeout (state=SEARCH)
08-21 17:00:49.261 14281 14281 D wpa_supplicant: wpa_driver_set_ap_wps_p2p_ie: Entry
08-21 17:00:49.261 14281 14281 D wpa_supplicant: nl80211: Disable Probe Request reporting nl_preq=0x888888f71d0a9289
08-21 17:00:49.261 14281 14281 D wpa_supplicant: P2P: Starting search
08-21 17:00:49.261 14281 14281 D wpa_supplicant: WPS: Building WPS IE for Probe Request
08-21 17:00:49.261 14281 14281 D wpa_supplicant: WPS:  * Version (hardcoded 0x10)
08-21 17:00:49.261 14281 14281 D wpa_supplicant: WPS:  * Request Type
08-21 17:00:49.261 14281 14281 D wpa_supplicant: WPS:  * Config Methods (5388)
08-21 17:00:49.261 14281 14281 D wpa_supplicant: WPS:  * UUID-E
08-21 17:00:49.261 14281 14281 D wpa_supplicant: WPS:  * Primary Device Type
08-21 17:00:49.261 14281 14281 D wpa_supplicant: WPS:  * RF Bands (3)
08-21 17:00:49.261 14281 14281 D wpa_supplicant: WPS:  * Association State
08-21 17:00:49.262 14281 14281 D wpa_supplicant: WPS:  * Configuration Error (0)
08-21 17:00:49.262 14281 14281 D wpa_supplicant: WPS:  * Device Password ID (0)
08-21 17:00:49.262 14281 14281 D wpa_supplicant: WPS:  * Manufacturer
08-21 17:00:49.262 14281 14281 D wpa_supplicant: WPS:  * Model Name
08-21 17:00:49.262 14281 14281 D wpa_supplicant: WPS:  * Model Number
08-21 17:00:49.262 14281 14281 D wpa_supplicant: WPS:  * Device Name
08-21 17:00:49.262 14281 14281 D wpa_supplicant: WPS:  * Version2 (0x20)
08-21 17:00:49.262 14281 14281 D wpa_supplicant: WPS:  * Request to Enroll (1)
08-21 17:00:49.262 14281 14281 D wpa_supplicant: WFDS: Extra buffer length (0) for Scan Request
08-21 17:00:49.262 14281 14281 D wpa_supplicant: P2P: * P2P IE header
08-21 17:00:49.262 14281 14281 D wpa_supplicant: P2P: * Capability dev=25 group=00
08-21 17:00:49.262 14281 14281 D wpa_supplicant: P2P: * Listen Channel: Regulatory Class 81 Channel 11
08-21 17:00:49.262 14281 14281 D wpa_supplicant: p2p-dev-wlan0: Add radio work 'p2p-scan'@0x7f9581c1e0
08-21 17:00:49.262 14281 14281 D wpa_supplicant: p2p-dev-wlan0: First radio work item in the queue - schedule start immediately
08-21 17:00:49.262 14281 14281 D wpa_supplicant: P2P: Running p2p_scan
08-21 17:00:49.262 14281 14281 D wpa_supplicant: p2p-dev-wlan0: Starting radio work 'p2p-scan'@0x7f9581c1e0 after 0.000132 second wait
08-21 17:00:49.262 14281 14281 D wpa_supplicant: p2p-dev-wlan0: nl80211: scan request
08-21 17:00:49.262 14281 14281 D wpa_supplicant: nl80211: P2P probe - mask SuppRates
08-21 17:00:49.268 14281 14281 D wpa_supplicant: Scan requested (ret=0) - scan timeout 30 seconds
08-21 17:00:49.268 14281 14281 D wpa_supplicant: nl80211: Drv Event 33 (NL80211_CMD_TRIGGER_SCAN) received for p2p-dev-wlan0
08-21 17:00:49.268 14281 14281 D wpa_supplicant: p2p-dev-wlan0: nl80211: Scan trigger
08-21 17:00:49.268 14281 14281 D wpa_supplicant: p2p-dev-wlan0: Event SCAN_STARTED (49) received
08-21 17:00:49.268 14281 14281 D wpa_supplicant: p2p-dev-wlan0: Own scan request started a scan in 0.000511 seconds
08-21 17:00:49.268 14281 14281 I wpa_supplicant: p2p-dev-wlan0: CTRL-EVENT-SCAN-STARTED 
08-21 17:00:49.270  4223 14333 D P2pExtMonWorker: Event [CTRL-EVENT-SCAN-STARTED ]
08-21 17:00:49.270 14281 14281 D wpa_supplicant: CTRL_IFACE monitor sent successfully to /data/misc/wifi/sockets/wpa_ctrl_4223-4\x00
08-21 17:00:49.271 14281 14281 D wpa_supplicant: CTRL_IFACE monitor sent successfully to /data/misc/wifi/sockets/wpa_ctrl_1567-5\x00
08-21 17:00:49.429 14281 14281 D wpa_supplicant: nl80211: Drv Event 34 (NL80211_CMD_NEW_SCAN_RESULTS) received for p2p-dev-wlan0
08-21 17:00:49.429 14281 14281 D wpa_supplicant: p2p-dev-wlan0: nl80211: New scan results available
08-21 17:00:49.429 14281 14281 D wpa_supplicant: nl80211: Scan probed for SSID 'DIRECT-'
08-21 17:00:49.429 14281 14281 D wpa_supplicant: nl80211: Scan included frequencies: 2412 2437 2462
08-21 17:00:49.429  3599  4063 D [SystemUI]1: onDataActivity: direction=0
08-21 17:00:49.430 14281 14281 D wpa_supplicant: p2p-dev-wlan0: Event SCAN_RESULTS (3) received
08-21 17:00:49.430 14281 14281 D wpa_supplicant: p2p-dev-wlan0: Scan completed in 0.161266 seconds
08-21 17:00:49.430 14281 14281 D wpa_supplicant: nl80211: Received scan results (0 BSSes)
08-21 17:00:49.430 14281 14281 D wpa_supplicant: p2p-dev-wlan0: BSS: Start scan result update 1007
08-21 17:00:49.430 14281 14281 D wpa_supplicant: BSS: last_scan_res_used=0/64
08-21 17:00:49.430 14281 14281 D wpa_supplicant: p2p-dev-wlan0: Radio work 'p2p-scan'@0x7f9581c1e0 done in 0.168096 seconds
08-21 17:00:49.430 14281 14281 D wpa_supplicant: P2P: Scan results received (0 BSS)
08-21 17:00:49.430 14281 14281 D wpa_supplicant: P2P: State SEARCH -> SEARCH
08-21 17:00:49.430 14281 14281 D wpa_supplicant: P2P: Starting short listen state (state=SEARCH)
08-21 17:00:49.431  3599  4063 D 1       : Change in state from: connected=true,enabled=true,level=2,inetCondition=1,iconGroup=IconGroup(Default),activityIn=true,activityOut=true,rssi=0,lastModified=08-21 05:00:48,dataSim=true,networkName=Claro BR,networkNameData=Claro BR,dataConnected=true,isDefault=true,isEmergency=false,airplaneMode=false,carrierNetworkChangeMode=false,activity=3,isSimIcon=false,networkIcon=LTE,selectedSim=false,twoStage=false,voiceRatType=0,dataRatType=0,voiceLevel=0,dataLevel=0,hasVoiceService=false,hasDataService=false,mCBInfo=null,isDataEnabled=false
08-21 17:00:49.431  3599  4063 D 1       : 	to: connected=true,enabled=true,level=2,inetCondition=1,iconGroup=IconGroup(Default),activityIn=false,activityOut=false,rssi=0,lastModified=08-21 05:00:48,dataSim=true,networkName=Claro BR,networkNameData=Claro BR,dataConnected=true,isDefault=true,isEmergency=false,airplaneMode=false,carrierNetworkChangeMode=false,activity=0,isSimIcon=false,networkIcon=LTE,selectedSim=false,twoStage=false,voiceRatType=0,dataRatType=0,voiceLevel=0,dataLevel=0,hasVoiceService=false,hasDataService=false,mCBInfo=null,isDataEnabled=false
08-21 17:00:49.433 14281 14281 D wpa_supplicant: WFDS: Extra buffer length (0) for Scan Response
08-21 17:00:49.433 14281 14281 D wpa_supplicant: WPS:  * Version (hardcoded 0x10)
08-21 17:00:49.433 14281 14281 D wpa_supplicant: WPS:  * UUID-E
08-21 17:00:49.433 14281 14281 D wpa_supplicant: WPS:  * Version2 (0x20)
08-21 17:00:49.433 14281 14281 D wpa_supplicant: P2P: * P2P IE header
08-21 17:00:49.433 14281 14281 D wpa_supplicant: P2P: * Capability dev=25 group=00
08-21 17:00:49.434 14281 14281 D wpa_supplicant: P2P: * Device Info
08-21 17:00:49.434 14281 14281 D wpa_supplicant: p2p-dev-wlan0: Add radio work 'p2p-listen'@0x7f9581c1e0
08-21 17:00:49.434 14281 14281 D wpa_supplicant: p2p-dev-wlan0: First radio work item in the queue - schedule start immediately
08-21 17:00:49.434 14281 14281 D wpa_supplicant: p2p-dev-wlan0: Starting radio work 'p2p-listen'@0x7f9581c1e0 after 0.000152 second wait
08-21 17:00:49.434 14281 14281 D wpa_supplicant: wpa_driver_set_ap_wps_p2p_ie: Entry
08-21 17:00:49.434 14281 14281 D wpa_supplicant: nl80211: Enable Probe Request reporting nl_preq=0x7f95821cc0
08-21 17:00:49.434 14281 14281 D wpa_supplicant: nl80211: Register frame type=0x40 (WLAN_FC_STYPE_PROBE_REQ) nl_handle=0x7f95821cc0 match=
08-21 17:00:49.441 14281 14281 D wpa_supplicant: nl80211: Remain-on-channel cookie 0x359 for freq=2462 MHz duration=102
08-21 17:00:49.442 14281 14281 D wpa_supplicant: nl80211: Drv Event 55 (NL80211_CMD_REMAIN_ON_CHANNEL) received for p2p-dev-wlan0
08-21 17:00:49.442 14281 14281 D wpa_supplicant: nl80211: Remain-on-channel event (cancel=0 freq=2462 channel_type=0 duration=102 cookie=0x359 (match))
08-21 17:00:49.442 14281 14281 D wpa_supplicant: p2p-dev-wlan0: Event REMAIN_ON_CHANNEL (21) received
08-21 17:00:49.442 14281 14281 D wpa_supplicant: Off-channel: Send Action callback (without_roc=0 pending_action_tx=0x0 pending_action_tx_done=1)
08-21 17:00:49.442 14281 14281 D wpa_supplicant: P2P: Starting Listen timeout(0,102400) on freq=2462 based on callback
08-21 17:00:49.442 14281 14281 D wpa_supplicant: P2P: Set timeout (state=SEARCH): 0.122400 sec
08-21 17:00:49.449  4251  4268 D PhoneInterfaceManager: [PhoneIntfMgr] getDataEnabled: subId=1 phoneId=0
08-21 17:00:49.449  4251  4268 D PhoneInterfaceManager: [PhoneIntfMgr] getDataEnabled: subId=1 retVal=true
08-21 17:00:49.450  3599  4063 D TelephonyManager: getDataEnabled: retVal=true
08-21 17:00:49.451  3599  4063 D [SystemUI]MobileSignalController: updateTelephonySignalStrength: hasService=true ss=SignalStrength: 99 0 -120 -160 -120 -1 -1 20 -105 -11 22 2147483647 2147483647 gsm|lte 0 0 2147483647 2147483647
08-21 17:00:49.553 14281 14281 D wpa_supplicant: nl80211: Drv Event 56 (NL80211_CMD_CANCEL_REMAIN_ON_CHANNEL) received for p2p-dev-wlan0
08-21 17:00:49.554 14281 14281 D wpa_supplicant: nl80211: Remain-on-channel event (cancel=1 freq=2462 channel_type=0 duration=0 cookie=0x359 (match))
08-21 17:00:49.554 14281 14281 D wpa_supplicant: p2p-dev-wlan0: Event CANCEL_REMAIN_ON_CHANNEL (22) received
08-21 17:00:49.554 14281 14281 D wpa_supplicant: P2P: Cancel remain-on-channel callback (p2p_long_listen=0 ms pending_action_tx=0x0)
08-21 17:00:49.554 14281 14281 D wpa_supplicant: p2p-dev-wlan0: Radio work 'p2p-listen'@0x7f9581c1e0 done in 0.119993 seconds
08-21 17:00:49.554 14281 14281 D wpa_supplicant: P2P: Driver ended Listen state (freq=2462)
08-21 17:00:49.554 14281 14281 D wpa_supplicant: P2P: Skip stop_listen since not in listen_only state.
08-21 17:00:49.565 14281 14281 D wpa_supplicant: P2P: Timeout (state=SEARCH)
08-21 17:00:49.565 14281 14281 D wpa_supplicant: wpa_driver_set_ap_wps_p2p_ie: Entry
08-21 17:00:49.565 14281 14281 D wpa_supplicant: nl80211: Disable Probe Request reporting nl_preq=0x888888f71d0a9449
08-21 17:00:49.565 14281 14281 D wpa_supplicant: P2P: Starting search
08-21 17:00:49.565 14281 14281 D wpa_supplicant: WPS: Building WPS IE for Probe Request
08-21 17:00:49.565 14281 14281 D wpa_supplicant: WPS:  * Version (hardcoded 0x10)
08-21 17:00:49.565 14281 14281 D wpa_supplicant: WPS:  * Request Type
08-21 17:00:49.565 14281 14281 D wpa_supplicant: WPS:  * Config Methods (5388)
08-21 17:00:49.566 14281 14281 D wpa_supplicant: WPS:  * UUID-E
08-21 17:00:49.566 14281 14281 D wpa_supplicant: WPS:  * Primary Device Type
08-21 17:00:49.566 14281 14281 D wpa_supplicant: WPS:  * RF Bands (3)
08-21 17:00:49.566 14281 14281 D wpa_supplicant: WPS:  * Association State
08-21 17:00:49.566 14281 14281 D wpa_supplicant: WPS:  * Configuration Error (0)
08-21 17:00:49.566 14281 14281 D wpa_supplicant: WPS:  * Device Password ID (0)
08-21 17:00:49.566 14281 14281 D wpa_supplicant: WPS:  * Manufacturer
08-21 17:00:49.566 14281 14281 D wpa_supplicant: WPS:  * Model Name
08-21 17:00:49.566 14281 14281 D wpa_supplicant: WPS:  * Model Number
08-21 17:00:49.566 14281 14281 D wpa_supplicant: WPS:  * Device Name
08-21 17:00:49.566 14281 14281 D wpa_supplicant: WPS:  * Version2 (0x20)
08-21 17:00:49.566 14281 14281 D wpa_supplicant: WPS:  * Request to Enroll (1)
08-21 17:00:49.566 14281 14281 D wpa_supplicant: WFDS: Extra buffer length (0) for Scan Request
08-21 17:00:49.566 14281 14281 D wpa_supplicant: P2P: * P2P IE header
08-21 17:00:49.566 14281 14281 D wpa_supplicant: P2P: * Capability dev=25 group=00
08-21 17:00:49.566 14281 14281 D wpa_supplicant: P2P: * Listen Channel: Regulatory Class 81 Channel 11
08-21 17:00:49.566 14281 14281 D wpa_supplicant: p2p-dev-wlan0: Add radio work 'p2p-scan'@0x7f9581c2d0
08-21 17:00:49.566 14281 14281 D wpa_supplicant: p2p-dev-wlan0: First radio work item in the queue - schedule start immediately
08-21 17:00:49.566 14281 14281 D wpa_supplicant: P2P: Running p2p_scan
08-21 17:00:49.566 14281 14281 D wpa_supplicant: p2p-dev-wlan0: Starting radio work 'p2p-scan'@0x7f9581c2d0 after 0.000096 second wait
08-21 17:00:49.566 14281 14281 D wpa_supplicant: p2p-dev-wlan0: nl80211: scan request
08-21 17:00:49.566 14281 14281 D wpa_supplicant: nl80211: P2P probe - mask SuppRates
08-21 17:00:49.570 14281 14281 D wpa_supplicant: Scan requested (ret=0) - scan timeout 30 seconds
08-21 17:00:49.570 14281 14281 D wpa_supplicant: nl80211: Drv Event 33 (NL80211_CMD_TRIGGER_SCAN) received for p2p-dev-wlan0
08-21 17:00:49.570 14281 14281 D wpa_supplicant: p2p-dev-wlan0: nl80211: Scan trigger
08-21 17:00:49.570 14281 14281 D wpa_supplicant: p2p-dev-wlan0: Event SCAN_STARTED (49) received
08-21 17:00:49.570 14281 14281 D wpa_supplicant: p2p-dev-wlan0: Own scan request started a scan in 0.000168 seconds
08-21 17:00:49.570 14281 14281 I wpa_supplicant: p2p-dev-wlan0: CTRL-EVENT-SCAN-STARTED 
08-21 17:00:49.571 14281 14281 D wpa_supplicant: CTRL_IFACE monitor sent successfully to /data/misc/wifi/sockets/wpa_ctrl_4223-4\x00
08-21 17:00:49.571 14281 14281 D wpa_supplicant: CTRL_IFACE monitor sent successfully to /data/misc/wifi/sockets/wpa_ctrl_1567-5\x00
08-21 17:00:49.571  4223 14333 D P2pExtMonWorker: Event [CTRL-EVENT-SCAN-STARTED ]
08-21 17:00:49.732 14281 14281 D wpa_supplicant: nl80211: Drv Event 34 (NL80211_CMD_NEW_SCAN_RESULTS) received for p2p-dev-wlan0
08-21 17:00:49.732 14281 14281 D wpa_supplicant: p2p-dev-wlan0: nl80211: New scan results available
08-21 17:00:49.732 14281 14281 D wpa_supplicant: nl80211: Scan probed for SSID 'DIRECT-'
08-21 17:00:49.732 14281 14281 D wpa_supplicant: nl80211: Scan included frequencies: 2412 2437 2462
08-21 17:00:49.732 14281 14281 D wpa_supplicant: p2p-dev-wlan0: Event SCAN_RESULTS (3) received
08-21 17:00:49.732 14281 14281 D wpa_supplicant: p2p-dev-wlan0: Scan completed in 0.161762 seconds
08-21 17:00:49.733 14281 14281 D wpa_supplicant: nl80211: Received scan results (0 BSSes)
08-21 17:00:49.733 14281 14281 D wpa_supplicant: p2p-dev-wlan0: BSS: Start scan result update 1008
08-21 17:00:49.733 14281 14281 D wpa_supplicant: BSS: last_scan_res_used=0/64
08-21 17:00:49.733 14281 14281 D wpa_supplicant: p2p-dev-wlan0: Radio work 'p2p-scan'@0x7f9581c2d0 done in 0.167020 seconds
08-21 17:00:49.733 14281 14281 D wpa_supplicant: P2P: Scan results received (0 BSS)
08-21 17:00:49.733 14281 14281 D wpa_supplicant: P2P: State SEARCH -> SEARCH
08-21 17:00:49.733 14281 14281 D wpa_supplicant: P2P: Starting short listen state (state=SEARCH)
08-21 17:00:49.738 14281 14281 D wpa_supplicant: WFDS: Extra buffer length (0) for Scan Response
08-21 17:00:49.738 14281 14281 D wpa_supplicant: WPS:  * Version (hardcoded 0x10)
08-21 17:00:49.740 14281 14281 D wpa_supplicant: WPS:  * UUID-E
08-21 17:00:49.740 14281 14281 D wpa_supplicant: WPS:  * Version2 (0x20)
08-21 17:00:49.740 14281 14281 D wpa_supplicant: P2P: * P2P IE header
08-21 17:00:49.740 14281 14281 D wpa_supplicant: P2P: * Capability dev=25 group=00
08-21 17:00:49.740 14281 14281 D wpa_supplicant: P2P: * Device Info
08-21 17:00:49.740 14281 14281 D wpa_supplicant: p2p-dev-wlan0: Add radio work 'p2p-listen'@0x7f9581c2d0
08-21 17:00:49.740 14281 14281 D wpa_supplicant: p2p-dev-wlan0: First radio work item in the queue - schedule start immediately
08-21 17:00:49.740 14281 14281 D wpa_supplicant: p2p-dev-wlan0: Starting radio work 'p2p-listen'@0x7f9581c2d0 after 0.000128 second wait
08-21 17:00:49.740 14281 14281 D wpa_supplicant: wpa_driver_set_ap_wps_p2p_ie: Entry
08-21 17:00:49.741 14281 14281 D wpa_supplicant: nl80211: Enable Probe Request reporting nl_preq=0x7f95821a00
08-21 17:00:49.741 14281 14281 D wpa_supplicant: nl80211: Register frame type=0x40 (WLAN_FC_STYPE_PROBE_REQ) nl_handle=0x7f95821a00 match=
08-21 17:00:49.746 14281 14281 D wpa_supplicant: nl80211: Remain-on-channel cookie 0x35a for freq=2462 MHz duration=102
08-21 17:00:49.746 14281 14281 D wpa_supplicant: nl80211: Drv Event 55 (NL80211_CMD_REMAIN_ON_CHANNEL) received for p2p-dev-wlan0
08-21 17:00:49.746 14281 14281 D wpa_supplicant: nl80211: Remain-on-channel event (cancel=0 freq=2462 channel_type=0 duration=102 cookie=0x35a (match))
08-21 17:00:49.746 14281 14281 D wpa_supplicant: p2p-dev-wlan0: Event REMAIN_ON_CHANNEL (21) received
08-21 17:00:49.746 14281 14281 D wpa_supplicant: Off-channel: Send Action callback (without_roc=0 pending_action_tx=0x0 pending_action_tx_done=1)
08-21 17:00:49.746 14281 14281 D wpa_supplicant: P2P: Starting Listen timeout(0,102400) on freq=2462 based on callback
08-21 17:00:49.747 14281 14281 D wpa_supplicant: P2P: Set timeout (state=SEARCH): 0.122400 sec
08-21 17:00:49.862 14281 14281 D wpa_supplicant: nl80211: Drv Event 56 (NL80211_CMD_CANCEL_REMAIN_ON_CHANNEL) received for p2p-dev-wlan0
08-21 17:00:49.862 14281 14281 D wpa_supplicant: nl80211: Remain-on-channel event (cancel=1 freq=2462 channel_type=0 duration=0 cookie=0x35a (match))
08-21 17:00:49.862 14281 14281 D wpa_supplicant: p2p-dev-wlan0: Event CANCEL_REMAIN_ON_CHANNEL (22) received
08-21 17:00:49.862 14281 14281 D wpa_supplicant: P2P: Cancel remain-on-channel callback (p2p_long_listen=0 ms pending_action_tx=0x0)
08-21 17:00:49.862 14281 14281 D wpa_supplicant: p2p-dev-wlan0: Radio work 'p2p-listen'@0x7f9581c2d0 done in 0.121678 seconds
08-21 17:00:49.862 14281 14281 D wpa_supplicant: P2P: Driver ended Listen state (freq=2462)
08-21 17:00:49.862 14281 14281 D wpa_supplicant: P2P: Skip stop_listen since not in listen_only state.
08-21 17:00:49.869 14281 14281 D wpa_supplicant: P2P: Timeout (state=SEARCH)
08-21 17:00:49.870 14281 14281 D wpa_supplicant: wpa_driver_set_ap_wps_p2p_ie: Entry
08-21 17:00:49.870 14281 14281 D wpa_supplicant: nl80211: Disable Probe Request reporting nl_preq=0x888888f71d0a9289
08-21 17:00:49.870 14281 14281 D wpa_supplicant: P2P: Starting search
08-21 17:00:49.870 14281 14281 D wpa_supplicant: WPS: Building WPS IE for Probe Request
08-21 17:00:49.870 14281 14281 D wpa_supplicant: WPS:  * Version (hardcoded 0x10)
08-21 17:00:49.870 14281 14281 D wpa_supplicant: WPS:  * Request Type
08-21 17:00:49.870 14281 14281 D wpa_supplicant: WPS:  * Config Methods (5388)
08-21 17:00:49.870 14281 14281 D wpa_supplicant: WPS:  * UUID-E
08-21 17:00:49.870 14281 14281 D wpa_supplicant: WPS:  * Primary Device Type
08-21 17:00:49.870 14281 14281 D wpa_supplicant: WPS:  * RF Bands (3)
08-21 17:00:49.870 14281 14281 D wpa_supplicant: WPS:  * Association State
08-21 17:00:49.870 14281 14281 D wpa_supplicant: WPS:  * Configuration Error (0)
08-21 17:00:49.870 14281 14281 D wpa_supplicant: WPS:  * Device Password ID (0)
08-21 17:00:49.870 14281 14281 D wpa_supplicant: WPS:  * Manufacturer
08-21 17:00:49.871 14281 14281 D wpa_supplicant: WPS:  * Model Name
08-21 17:00:49.871 14281 14281 D wpa_supplicant: WPS:  * Model Number
08-21 17:00:49.871 14281 14281 D wpa_supplicant: WPS:  * Device Name
08-21 17:00:49.871 14281 14281 D wpa_supplicant: WPS:  * Version2 (0x20)
08-21 17:00:49.871 14281 14281 D wpa_supplicant: WPS:  * Request to Enroll (1)
08-21 17:00:49.871 14281 14281 D wpa_supplicant: WFDS: Extra buffer length (0) for Scan Request
08-21 17:00:49.871 14281 14281 D wpa_supplicant: P2P: * P2P IE header
08-21 17:00:49.871 14281 14281 D wpa_supplicant: P2P: * Capability dev=25 group=00
08-21 17:00:49.871 14281 14281 D wpa_supplicant: P2P: * Listen Channel: Regulatory Class 81 Channel 11
08-21 17:00:49.871 14281 14281 D wpa_supplicant: p2p-dev-wlan0: Add radio work 'p2p-scan'@0x7f9581c280
08-21 17:00:49.871 14281 14281 D wpa_supplicant: p2p-dev-wlan0: First radio work item in the queue - schedule start immediately
08-21 17:00:49.871 14281 14281 D wpa_supplicant: P2P: Running p2p_scan
08-21 17:00:49.871 14281 14281 D wpa_supplicant: p2p-dev-wlan0: Starting radio work 'p2p-scan'@0x7f9581c280 after 0.000260 second wait
08-21 17:00:49.871 14281 14281 D wpa_supplicant: p2p-dev-wlan0: nl80211: scan request
08-21 17:00:49.872 14281 14281 D wpa_supplicant: nl80211: P2P probe - mask SuppRates
08-21 17:00:49.878 14281 14281 D wpa_supplicant: Scan requested (ret=0) - scan timeout 30 seconds
08-21 17:00:49.878 14281 14281 D wpa_supplicant: nl80211: Drv Event 33 (NL80211_CMD_TRIGGER_SCAN) received for p2p-dev-wlan0
08-21 17:00:49.878 14281 14281 D wpa_supplicant: p2p-dev-wlan0: nl80211: Scan trigger
08-21 17:00:49.878 14281 14281 D wpa_supplicant: p2p-dev-wlan0: Event SCAN_STARTED (49) received
08-21 17:00:49.878 14281 14281 D wpa_supplicant: p2p-dev-wlan0: Own scan request started a scan in 0.000640 seconds
08-21 17:00:49.878 14281 14281 I wpa_supplicant: p2p-dev-wlan0: CTRL-EVENT-SCAN-STARTED 
08-21 17:00:49.879 14281 14281 D wpa_supplicant: CTRL_IFACE monitor sent successfully to /data/misc/wifi/sockets/wpa_ctrl_4223-4\x00
08-21 17:00:49.879 14281 14281 D wpa_supplicant: CTRL_IFACE monitor sent successfully to /data/misc/wifi/sockets/wpa_ctrl_1567-5\x00
08-21 17:00:49.879  4223 14333 D P2pExtMonWorker: Event [CTRL-EVENT-SCAN-STARTED ]
08-21 17:00:49.997  1567  3161 D sensors_hal_Time: time_service_sensor1_cb: msg_type 2
08-21 17:00:49.997  1567  3161 D sensors_hal_Time: time_service_sensor1_cb: Sn 24, msg Id 3, txn Id 0
08-21 17:00:49.998  1567  3161 D sensors_hal_Time: tsOffsetIs: Apps: 21059561036637; DSPS: 690293285; Offset : -6518187512 (diff 61563 @0)
08-21 17:00:50.074 14281 14281 D wpa_supplicant: nl80211: Drv Event 34 (NL80211_CMD_NEW_SCAN_RESULTS) received for p2p-dev-wlan0
08-21 17:00:50.074 14281 14281 D wpa_supplicant: p2p-dev-wlan0: nl80211: New scan results available
08-21 17:00:50.074 14281 14281 D wpa_supplicant: nl80211: Scan probed for SSID 'DIRECT-'
08-21 17:00:50.074 14281 14281 D wpa_supplicant: nl80211: Scan included frequencies: 2412 2437 2462
08-21 17:00:50.074 14281 14281 D wpa_supplicant: p2p-dev-wlan0: Event SCAN_RESULTS (3) received
08-21 17:00:50.074 14281 14281 D wpa_supplicant: p2p-dev-wlan0: Scan completed in 0.196086 seconds
08-21 17:00:50.075 14281 14281 D wpa_supplicant: nl80211: Received scan results (0 BSSes)
08-21 17:00:50.075 14281 14281 D wpa_supplicant: p2p-dev-wlan0: BSS: Start scan result update 1009
08-21 17:00:50.075 14281 14281 D wpa_supplicant: BSS: last_scan_res_used=0/64
08-21 17:00:50.075 14281 14281 D wpa_supplicant: p2p-dev-wlan0: Radio work 'p2p-scan'@0x7f9581c280 done in 0.203657 seconds
08-21 17:00:50.075 14281 14281 D wpa_supplicant: P2P: Scan results received (0 BSS)
08-21 17:00:50.075 14281 14281 D wpa_supplicant: P2P: State SEARCH -> SEARCH
08-21 17:00:50.075 14281 14281 D wpa_supplicant: P2P: Starting short listen state (state=SEARCH)
08-21 17:00:50.080 14281 14281 D wpa_supplicant: WFDS: Extra buffer length (0) for Scan Response
08-21 17:00:50.080 14281 14281 D wpa_supplicant: WPS:  * Version (hardcoded 0x10)
08-21 17:00:50.081 14281 14281 D wpa_supplicant: WPS:  * UUID-E
08-21 17:00:50.081 14281 14281 D wpa_supplicant: WPS:  * Version2 (0x20)
08-21 17:00:50.081 14281 14281 D wpa_supplicant: P2P: * P2P IE header
08-21 17:00:50.081 14281 14281 D wpa_supplicant: P2P: * Capability dev=25 group=00
08-21 17:00:50.081 14281 14281 D wpa_supplicant: P2P: * Device Info
08-21 17:00:50.082 14281 14281 D wpa_supplicant: p2p-dev-wlan0: Add radio work 'p2p-listen'@0x7f9581c280
08-21 17:00:50.082 14281 14281 D wpa_supplicant: p2p-dev-wlan0: First radio work item in the queue - schedule start immediately
08-21 17:00:50.082 14281 14281 D wpa_supplicant: p2p-dev-wlan0: Starting radio work 'p2p-listen'@0x7f9581c280 after 0.000168 second wait
08-21 17:00:50.082 14281 14281 D wpa_supplicant: wpa_driver_set_ap_wps_p2p_ie: Entry
08-21 17:00:50.083 14281 14281 D wpa_supplicant: nl80211: Enable Probe Request reporting nl_preq=0x7f95821cc0
08-21 17:00:50.083 14281 14281 D wpa_supplicant: nl80211: Register frame type=0x40 (WLAN_FC_STYPE_PROBE_REQ) nl_handle=0x7f95821cc0 match=
08-21 17:00:50.086 14281 14281 D wpa_supplicant: nl80211: Remain-on-channel cookie 0x35b for freq=2462 MHz duration=102
08-21 17:00:50.086 14281 14281 D wpa_supplicant: nl80211: Drv Event 55 (NL80211_CMD_REMAIN_ON_CHANNEL) received for p2p-dev-wlan0
08-21 17:00:50.086 14281 14281 D wpa_supplicant: nl80211: Remain-on-channel event (cancel=0 freq=2462 channel_type=0 duration=102 cookie=0x35b (match))
08-21 17:00:50.087 14281 14281 D wpa_supplicant: p2p-dev-wlan0: Event REMAIN_ON_CHANNEL (21) received
08-21 17:00:50.087 14281 14281 D wpa_supplicant: Off-channel: Send Action callback (without_roc=0 pending_action_tx=0x0 pending_action_tx_done=1)
08-21 17:00:50.087 14281 14281 D wpa_supplicant: P2P: Starting Listen timeout(0,102400) on freq=2462 based on callback
08-21 17:00:50.087 14281 14281 D wpa_supplicant: P2P: Set timeout (state=SEARCH): 0.122400 sec
08-21 17:00:50.200 14281 14281 D wpa_supplicant: nl80211: Drv Event 56 (NL80211_CMD_CANCEL_REMAIN_ON_CHANNEL) received for p2p-dev-wlan0
08-21 17:00:50.200 14281 14281 D wpa_supplicant: nl80211: Remain-on-channel event (cancel=1 freq=2462 channel_type=0 duration=0 cookie=0x35b (match))
08-21 17:00:50.200 14281 14281 D wpa_supplicant: p2p-dev-wlan0: Event CANCEL_REMAIN_ON_CHANNEL (22) received
08-21 17:00:50.200 14281 14281 D wpa_supplicant: P2P: Cancel remain-on-channel callback (p2p_long_listen=0 ms pending_action_tx=0x0)
08-21 17:00:50.200 14281 14281 D wpa_supplicant: p2p-dev-wlan0: Radio work 'p2p-listen'@0x7f9581c280 done in 0.118225 seconds
08-21 17:00:50.201 14281 14281 D wpa_supplicant: P2P: Driver ended Listen state (freq=2462)
08-21 17:00:50.201 14281 14281 D wpa_supplicant: P2P: Skip stop_listen since not in listen_only state.
08-21 17:00:50.209 14281 14281 D wpa_supplicant: P2P: Timeout (state=SEARCH)
08-21 17:00:50.211 14281 14281 D wpa_supplicant: wpa_driver_set_ap_wps_p2p_ie: Entry
08-21 17:00:50.211 14281 14281 D wpa_supplicant: nl80211: Disable Probe Request reporting nl_preq=0x888888f71d0a9449
08-21 17:00:50.211 14281 14281 D wpa_supplicant: P2P: Starting search
08-21 17:00:50.211 14281 14281 D wpa_supplicant: WPS: Building WPS IE for Probe Request
08-21 17:00:50.211 14281 14281 D wpa_supplicant: WPS:  * Version (hardcoded 0x10)
08-21 17:00:50.211 14281 14281 D wpa_supplicant: WPS:  * Request Type
08-21 17:00:50.211 14281 14281 D wpa_supplicant: WPS:  * Config Methods (5388)
08-21 17:00:50.211 14281 14281 D wpa_supplicant: WPS:  * UUID-E
08-21 17:00:50.211 14281 14281 D wpa_supplicant: WPS:  * Primary Device Type
08-21 17:00:50.211 14281 14281 D wpa_supplicant: WPS:  * RF Bands (3)
08-21 17:00:50.211 14281 14281 D wpa_supplicant: WPS:  * Association State
08-21 17:00:50.211 14281 14281 D wpa_supplicant: WPS:  * Configuration Error (0)
08-21 17:00:50.211 14281 14281 D wpa_supplicant: WPS:  * Device Password ID (0)
08-21 17:00:50.211 14281 14281 D wpa_supplicant: WPS:  * Manufacturer
08-21 17:00:50.211 14281 14281 D wpa_supplicant: WPS:  * Model Name
08-21 17:00:50.211 14281 14281 D wpa_supplicant: WPS:  * Model Number
08-21 17:00:50.211 14281 14281 D wpa_supplicant: WPS:  * Device Name
08-21 17:00:50.211 14281 14281 D wpa_supplicant: WPS:  * Version2 (0x20)
08-21 17:00:50.211 14281 14281 D wpa_supplicant: WPS:  * Request to Enroll (1)
08-21 17:00:50.212 14281 14281 D wpa_supplicant: WFDS: Extra buffer length (0) for Scan Request
08-21 17:00:50.212 14281 14281 D wpa_supplicant: P2P: * P2P IE header
08-21 17:00:50.212 14281 14281 D wpa_supplicant: P2P: * Capability dev=25 group=00
08-21 17:00:50.212 14281 14281 D wpa_supplicant: P2P: * Listen Channel: Regulatory Class 81 Channel 11
08-21 17:00:50.212 14281 14281 D wpa_supplicant: p2p-dev-wlan0: Add radio work 'p2p-scan'@0x7f9581c1e0
08-21 17:00:50.212 14281 14281 D wpa_supplicant: p2p-dev-wlan0: First radio work item in the queue - schedule start immediately
08-21 17:00:50.212 14281 14281 D wpa_supplicant: P2P: Running p2p_scan
08-21 17:00:50.212 14281 14281 D wpa_supplicant: p2p-dev-wlan0: Starting radio work 'p2p-scan'@0x7f9581c1e0 after 0.000125 second wait
08-21 17:00:50.212 14281 14281 D wpa_supplicant: p2p-dev-wlan0: nl80211: scan request
08-21 17:00:50.212 14281 14281 D wpa_supplicant: nl80211: P2P probe - mask SuppRates
08-21 17:00:50.218 14281 14281 D wpa_supplicant: Scan requested (ret=0) - scan timeout 30 seconds
08-21 17:00:50.218 14281 14281 D wpa_supplicant: nl80211: Drv Event 33 (NL80211_CMD_TRIGGER_SCAN) received for p2p-dev-wlan0
08-21 17:00:50.218 14281 14281 D wpa_supplicant: p2p-dev-wlan0: nl80211: Scan trigger
08-21 17:00:50.218 14281 14281 D wpa_supplicant: p2p-dev-wlan0: Event SCAN_STARTED (49) received
08-21 17:00:50.218 14281 14281 D wpa_supplicant: p2p-dev-wlan0: Own scan request started a scan in 0.000327 seconds
08-21 17:00:50.218 14281 14281 I wpa_supplicant: p2p-dev-wlan0: CTRL-EVENT-SCAN-STARTED 
08-21 17:00:50.218 14281 14281 D wpa_supplicant: CTRL_IFACE monitor sent successfully to /data/misc/wifi/sockets/wpa_ctrl_4223-4\x00
08-21 17:00:50.218 14281 14281 D wpa_supplicant: CTRL_IFACE monitor sent successfully to /data/misc/wifi/sockets/wpa_ctrl_1567-5\x00
08-21 17:00:50.218  4223 14333 D P2pExtMonWorker: Event [CTRL-EVENT-SCAN-STARTED ]
08-21 17:00:50.375 14281 14281 D wpa_supplicant: nl80211: Drv Event 34 (NL80211_CMD_NEW_SCAN_RESULTS) received for p2p-dev-wlan0
08-21 17:00:50.376 14281 14281 D wpa_supplicant: p2p-dev-wlan0: nl80211: New scan results available
08-21 17:00:50.376 14281 14281 D wpa_supplicant: nl80211: Scan probed for SSID 'DIRECT-'
08-21 17:00:50.376 14281 14281 D wpa_supplicant: nl80211: Scan included frequencies: 2412 2437 2462
08-21 17:00:50.376 14281 14281 D wpa_supplicant: p2p-dev-wlan0: Event SCAN_RESULTS (3) received
08-21 17:00:50.376 14281 14281 D wpa_supplicant: p2p-dev-wlan0: Scan completed in 0.157810 seconds
08-21 17:00:50.376 14281 14281 D wpa_supplicant: nl80211: Received scan results (0 BSSes)
08-21 17:00:50.376 14281 14281 D wpa_supplicant: p2p-dev-wlan0: BSS: Start scan result update 1010
08-21 17:00:50.377 14281 14281 D wpa_supplicant: BSS: last_scan_res_used=0/64
08-21 17:00:50.377 14281 14281 D wpa_supplicant: p2p-dev-wlan0: Radio work 'p2p-scan'@0x7f9581c1e0 done in 0.164765 seconds
08-21 17:00:50.377 14281 14281 D wpa_supplicant: P2P: Scan results received (0 BSS)
08-21 17:00:50.377 14281 14281 D wpa_supplicant: P2P: State SEARCH -> SEARCH
08-21 17:00:50.377 14281 14281 D wpa_supplicant: P2P: Starting short listen state (state=SEARCH)
08-21 17:00:50.381 14281 14281 D wpa_supplicant: WFDS: Extra buffer length (0) for Scan Response
08-21 17:00:50.381 14281 14281 D wpa_supplicant: WPS:  * Version (hardcoded 0x10)
08-21 17:00:50.381 14281 14281 D wpa_supplicant: WPS:  * UUID-E
08-21 17:00:50.381 14281 14281 D wpa_supplicant: WPS:  * Version2 (0x20)
08-21 17:00:50.381 14281 14281 D wpa_supplicant: P2P: * P2P IE header
08-21 17:00:50.381 14281 14281 D wpa_supplicant: P2P: * Capability dev=25 group=00
08-21 17:00:50.381 14281 14281 D wpa_supplicant: P2P: * Device Info
08-21 17:00:50.381 14281 14281 D wpa_supplicant: p2p-dev-wlan0: Add radio work 'p2p-listen'@0x7f9581c1e0
08-21 17:00:50.381 14281 14281 D wpa_supplicant: p2p-dev-wlan0: First radio work item in the queue - schedule start immediately
08-21 17:00:50.382 14281 14281 D wpa_supplicant: p2p-dev-wlan0: Starting radio work 'p2p-listen'@0x7f9581c1e0 after 0.000187 second wait
08-21 17:00:50.382 14281 14281 D wpa_supplicant: wpa_driver_set_ap_wps_p2p_ie: Entry
08-21 17:00:50.382 14281 14281 D wpa_supplicant: nl80211: Enable Probe Request reporting nl_preq=0x7f95821a00
08-21 17:00:50.382 14281 14281 D wpa_supplicant: nl80211: Register frame type=0x40 (WLAN_FC_STYPE_PROBE_REQ) nl_handle=0x7f95821a00 match=
08-21 17:00:50.387 14281 14281 D wpa_supplicant: nl80211: Remain-on-channel cookie 0x35c for freq=2462 MHz duration=102
08-21 17:00:50.387 14281 14281 D wpa_supplicant: nl80211: Drv Event 55 (NL80211_CMD_REMAIN_ON_CHANNEL) received for p2p-dev-wlan0
08-21 17:00:50.387 14281 14281 D wpa_supplicant: nl80211: Remain-on-channel event (cancel=0 freq=2462 channel_type=0 duration=102 cookie=0x35c (match))
08-21 17:00:50.387 14281 14281 D wpa_supplicant: p2p-dev-wlan0: Event REMAIN_ON_CHANNEL (21) received
08-21 17:00:50.387 14281 14281 D wpa_supplicant: Off-channel: Send Action callback (without_roc=0 pending_action_tx=0x0 pending_action_tx_done=1)
08-21 17:00:50.387 14281 14281 D wpa_supplicant: P2P: Starting Listen timeout(0,102400) on freq=2462 based on callback
08-21 17:00:50.387 14281 14281 D wpa_supplicant: P2P: Set timeout (state=SEARCH): 0.122400 sec
08-21 17:00:50.498 14281 14281 D wpa_supplicant: nl80211: Drv Event 56 (NL80211_CMD_CANCEL_REMAIN_ON_CHANNEL) received for p2p-dev-wlan0
08-21 17:00:50.499 14281 14281 D wpa_supplicant: nl80211: Remain-on-channel event (cancel=1 freq=2462 channel_type=0 duration=0 cookie=0x35c (match))
08-21 17:00:50.499 14281 14281 D wpa_supplicant: p2p-dev-wlan0: Event CANCEL_REMAIN_ON_CHANNEL (22) received
08-21 17:00:50.499 14281 14281 D wpa_supplicant: P2P: Cancel remain-on-channel callback (p2p_long_listen=0 ms pending_action_tx=0x0)
08-21 17:00:50.499 14281 14281 D wpa_supplicant: p2p-dev-wlan0: Radio work 'p2p-listen'@0x7f9581c1e0 done in 0.117237 seconds
08-21 17:00:50.499 14281 14281 D wpa_supplicant: P2P: Driver ended Listen state (freq=2462)
08-21 17:00:50.499 14281 14281 D wpa_supplicant: P2P: Skip stop_listen since not in listen_only state.
08-21 17:00:50.510 14281 14281 D wpa_supplicant: P2P: Timeout (state=SEARCH)
08-21 17:00:50.510 14281 14281 D wpa_supplicant: wpa_driver_set_ap_wps_p2p_ie: Entry
08-21 17:00:50.510 14281 14281 D wpa_supplicant: nl80211: Disable Probe Request reporting nl_preq=0x888888f71d0a9289
08-21 17:00:50.512 14281 14281 D wpa_supplicant: P2P: Starting search
08-21 17:00:50.513 14281 14281 D wpa_supplicant: WPS: Building WPS IE for Probe Request
08-21 17:00:50.513 14281 14281 D wpa_supplicant: WPS:  * Version (hardcoded 0x10)
08-21 17:00:50.513 14281 14281 D wpa_supplicant: WPS:  * Request Type
08-21 17:00:50.513 14281 14281 D wpa_supplicant: WPS:  * Config Methods (5388)
08-21 17:00:50.513 14281 14281 D wpa_supplicant: WPS:  * UUID-E
08-21 17:00:50.513 14281 14281 D wpa_supplicant: WPS:  * Primary Device Type
08-21 17:00:50.513 14281 14281 D wpa_supplicant: WPS:  * RF Bands (3)
08-21 17:00:50.513 14281 14281 D wpa_supplicant: WPS:  * Association State
08-21 17:00:50.513 14281 14281 D wpa_supplicant: WPS:  * Configuration Error (0)
08-21 17:00:50.513 14281 14281 D wpa_supplicant: WPS:  * Device Password ID (0)
08-21 17:00:50.513 14281 14281 D wpa_supplicant: WPS:  * Manufacturer
08-21 17:00:50.513 14281 14281 D wpa_supplicant: WPS:  * Model Name
08-21 17:00:50.513 14281 14281 D wpa_supplicant: WPS:  * Model Number
08-21 17:00:50.513 14281 14281 D wpa_supplicant: WPS:  * Device Name
08-21 17:00:50.513 14281 14281 D wpa_supplicant: WPS:  * Version2 (0x20)
08-21 17:00:50.513 14281 14281 D wpa_supplicant: WPS:  * Request to Enroll (1)
08-21 17:00:50.513 14281 14281 D wpa_supplicant: WFDS: Extra buffer length (0) for Scan Request
08-21 17:00:50.513 14281 14281 D wpa_supplicant: P2P: * P2P IE header
08-21 17:00:50.513 14281 14281 D wpa_supplicant: P2P: * Capability dev=25 group=00
08-21 17:00:50.513 14281 14281 D wpa_supplicant: P2P: * Listen Channel: Regulatory Class 81 Channel 11
08-21 17:00:50.513 14281 14281 D wpa_supplicant: p2p-dev-wlan0: Add radio work 'p2p-scan'@0x7f9581c2d0
08-21 17:00:50.513 14281 14281 D wpa_supplicant: p2p-dev-wlan0: First radio work item in the queue - schedule start immediately
08-21 17:00:50.513 14281 14281 D wpa_supplicant: P2P: Running p2p_scan
08-21 17:00:50.514 14281 14281 D wpa_supplicant: p2p-dev-wlan0: Starting radio work 'p2p-scan'@0x7f9581c2d0 after 0.000201 second wait
08-21 17:00:50.514 14281 14281 D wpa_supplicant: p2p-dev-wlan0: nl80211: scan request
08-21 17:00:50.514 14281 14281 D wpa_supplicant: nl80211: P2P probe - mask SuppRates
08-21 17:00:50.524 14281 14281 D wpa_supplicant: Scan requested (ret=0) - scan timeout 30 seconds
08-21 17:00:50.524 14281 14281 D wpa_supplicant: nl80211: Drv Event 33 (NL80211_CMD_TRIGGER_SCAN) received for p2p-dev-wlan0
08-21 17:00:50.524 14281 14281 D wpa_supplicant: p2p-dev-wlan0: nl80211: Scan trigger
08-21 17:00:50.524 14281 14281 D wpa_supplicant: p2p-dev-wlan0: Event SCAN_STARTED (49) received
08-21 17:00:50.525 14281 14281 D wpa_supplicant: p2p-dev-wlan0: Own scan request started a scan in 0.000261 seconds
08-21 17:00:50.525 14281 14281 I wpa_supplicant: p2p-dev-wlan0: CTRL-EVENT-SCAN-STARTED 
08-21 17:00:50.525 14281 14281 D wpa_supplicant: CTRL_IFACE monitor sent successfully to /data/misc/wifi/sockets/wpa_ctrl_4223-4\x00
08-21 17:00:50.525 14281 14281 D wpa_supplicant: CTRL_IFACE monitor sent successfully to /data/misc/wifi/sockets/wpa_ctrl_1567-5\x00
08-21 17:00:50.525  4223 14333 D P2pExtMonWorker: Event [CTRL-EVENT-SCAN-STARTED ]
08-21 17:00:50.684 14281 14281 D wpa_supplicant: nl80211: Drv Event 34 (NL80211_CMD_NEW_SCAN_RESULTS) received for p2p-dev-wlan0
08-21 17:00:50.684 14281 14281 D wpa_supplicant: p2p-dev-wlan0: nl80211: New scan results available
08-21 17:00:50.684 14281 14281 D wpa_supplicant: nl80211: Scan probed for SSID 'DIRECT-'
08-21 17:00:50.685 14281 14281 D wpa_supplicant: nl80211: Scan included frequencies: 2412 2437 2462
08-21 17:00:50.685 14281 14281 D wpa_supplicant: p2p-dev-wlan0: Event SCAN_RESULTS (3) received
08-21 17:00:50.685 14281 14281 D wpa_supplicant: p2p-dev-wlan0: Scan completed in 0.160130 seconds
08-21 17:00:50.685 14281 14281 D wpa_supplicant: nl80211: Received scan results (0 BSSes)
08-21 17:00:50.685 14281 14281 D wpa_supplicant: p2p-dev-wlan0: BSS: Start scan result update 1011
08-21 17:00:50.685 14281 14281 D wpa_supplicant: BSS: last_scan_res_used=0/64
08-21 17:00:50.686 14281 14281 D wpa_supplicant: p2p-dev-wlan0: Radio work 'p2p-scan'@0x7f9581c2d0 done in 0.171927 seconds
08-21 17:00:50.686 14281 14281 D wpa_supplicant: P2P: Scan results received (0 BSS)
08-21 17:00:50.686 14281 14281 D wpa_supplicant: P2P: State SEARCH -> SEARCH
08-21 17:00:50.686 14281 14281 D wpa_supplicant: P2P: Starting short listen state (state=SEARCH)
08-21 17:00:50.692 14281 14281 D wpa_supplicant: WFDS: Extra buffer length (0) for Scan Response
08-21 17:00:50.692 14281 14281 D wpa_supplicant: WPS:  * Version (hardcoded 0x10)
08-21 17:00:50.692 14281 14281 D wpa_supplicant: WPS:  * UUID-E
08-21 17:00:50.692 14281 14281 D wpa_supplicant: WPS:  * Version2 (0x20)
08-21 17:00:50.692 14281 14281 D wpa_supplicant: P2P: * P2P IE header
08-21 17:00:50.692 14281 14281 D wpa_supplicant: P2P: * Capability dev=25 group=00
08-21 17:00:50.692 14281 14281 D wpa_supplicant: P2P: * Device Info
08-21 17:00:50.692 14281 14281 D wpa_supplicant: p2p-dev-wlan0: Add radio work 'p2p-listen'@0x7f9581c2d0
08-21 17:00:50.692 14281 14281 D wpa_supplicant: p2p-dev-wlan0: First radio work item in the queue - schedule start immediately
08-21 17:00:50.692 14281 14281 D wpa_supplicant: p2p-dev-wlan0: Starting radio work 'p2p-listen'@0x7f9581c2d0 after 0.000180 second wait
08-21 17:00:50.692 14281 14281 D wpa_supplicant: wpa_driver_set_ap_wps_p2p_ie: Entry
08-21 17:00:50.693 14281 14281 D wpa_supplicant: nl80211: Enable Probe Request reporting nl_preq=0x7f95821cc0
08-21 17:00:50.693 14281 14281 D wpa_supplicant: nl80211: Register frame type=0x40 (WLAN_FC_STYPE_PROBE_REQ) nl_handle=0x7f95821cc0 match=
08-21 17:00:50.700 14281 14281 D wpa_supplicant: nl80211: Remain-on-channel cookie 0x35d for freq=2462 MHz duration=204
08-21 17:00:50.700 14281 14281 D wpa_supplicant: nl80211: Drv Event 55 (NL80211_CMD_REMAIN_ON_CHANNEL) received for p2p-dev-wlan0
08-21 17:00:50.700 14281 14281 D wpa_supplicant: nl80211: Remain-on-channel event (cancel=0 freq=2462 channel_type=0 duration=204 cookie=0x35d (match))
08-21 17:00:50.700 14281 14281 D wpa_supplicant: p2p-dev-wlan0: Event REMAIN_ON_CHANNEL (21) received
08-21 17:00:50.700 14281 14281 D wpa_supplicant: Off-channel: Send Action callback (without_roc=0 pending_action_tx=0x0 pending_action_tx_done=1)
08-21 17:00:50.700 14281 14281 D wpa_supplicant: P2P: Starting Listen timeout(0,204800) on freq=2462 based on callback
08-21 17:00:50.700 14281 14281 D wpa_supplicant: P2P: Set timeout (state=SEARCH): 0.224800 sec
08-21 17:00:50.914 14281 14281 D wpa_supplicant: nl80211: Drv Event 56 (NL80211_CMD_CANCEL_REMAIN_ON_CHANNEL) received for p2p-dev-wlan0
08-21 17:00:50.914 14281 14281 D wpa_supplicant: nl80211: Remain-on-channel event (cancel=1 freq=2462 channel_type=0 duration=0 cookie=0x35d (match))
08-21 17:00:50.914 14281 14281 D wpa_supplicant: p2p-dev-wlan0: Event CANCEL_REMAIN_ON_CHANNEL (22) received
08-21 17:00:50.914 14281 14281 D wpa_supplicant: P2P: Cancel remain-on-channel callback (p2p_long_listen=0 ms pending_action_tx=0x0)
08-21 17:00:50.914 14281 14281 D wpa_supplicant: p2p-dev-wlan0: Radio work 'p2p-listen'@0x7f9581c2d0 done in 0.221882 seconds
08-21 17:00:50.914 14281 14281 D wpa_supplicant: P2P: Driver ended Listen state (freq=2462)
08-21 17:00:50.914 14281 14281 D wpa_supplicant: P2P: Skip stop_listen since not in listen_only state.
08-21 17:00:50.925 14281 14281 D wpa_supplicant: P2P: Timeout (state=SEARCH)
08-21 17:00:50.925 14281 14281 D wpa_supplicant: wpa_driver_set_ap_wps_p2p_ie: Entry
08-21 17:00:50.925 14281 14281 D wpa_supplicant: nl80211: Disable Probe Request reporting nl_preq=0x888888f71d0a9449
08-21 17:00:50.926 14281 14281 D wpa_supplicant: P2P: Starting search
08-21 17:00:50.926 14281 14281 D wpa_supplicant: WPS: Building WPS IE for Probe Request
08-21 17:00:50.926 14281 14281 D wpa_supplicant: WPS:  * Version (hardcoded 0x10)
08-21 17:00:50.926 14281 14281 D wpa_supplicant: WPS:  * Request Type
08-21 17:00:50.926 14281 14281 D wpa_supplicant: WPS:  * Config Methods (5388)
08-21 17:00:50.926 14281 14281 D wpa_supplicant: WPS:  * UUID-E
08-21 17:00:50.926 14281 14281 D wpa_supplicant: WPS:  * Primary Device Type
08-21 17:00:50.926 14281 14281 D wpa_supplicant: WPS:  * RF Bands (3)
08-21 17:00:50.926 14281 14281 D wpa_supplicant: WPS:  * Association State
08-21 17:00:50.926 14281 14281 D wpa_supplicant: WPS:  * Configuration Error (0)
08-21 17:00:50.926 14281 14281 D wpa_supplicant: WPS:  * Device Password ID (0)
08-21 17:00:50.926 14281 14281 D wpa_supplicant: WPS:  * Manufacturer
08-21 17:00:50.926 14281 14281 D wpa_supplicant: WPS:  * Model Name
08-21 17:00:50.926 14281 14281 D wpa_supplicant: WPS:  * Model Number
08-21 17:00:50.926 14281 14281 D wpa_supplicant: WPS:  * Device Name
08-21 17:00:50.926 14281 14281 D wpa_supplicant: WPS:  * Version2 (0x20)
08-21 17:00:50.926 14281 14281 D wpa_supplicant: WPS:  * Request to Enroll (1)
08-21 17:00:50.926 14281 14281 D wpa_supplicant: WFDS: Extra buffer length (0) for Scan Request
08-21 17:00:50.926 14281 14281 D wpa_supplicant: P2P: * P2P IE header
08-21 17:00:50.926 14281 14281 D wpa_supplicant: P2P: * Capability dev=25 group=00
08-21 17:00:50.926 14281 14281 D wpa_supplicant: P2P: * Listen Channel: Regulatory Class 81 Channel 11
08-21 17:00:50.926 14281 14281 D wpa_supplicant: p2p-dev-wlan0: Add radio work 'p2p-scan'@0x7f9581c280
08-21 17:00:50.926 14281 14281 D wpa_supplicant: p2p-dev-wlan0: First radio work item in the queue - schedule start immediately
08-21 17:00:50.926 14281 14281 D wpa_supplicant: P2P: Running p2p_scan
08-21 17:00:50.926 14281 14281 D wpa_supplicant: p2p-dev-wlan0: Starting radio work 'p2p-scan'@0x7f9581c280 after 0.000129 second wait
08-21 17:00:50.926 14281 14281 D wpa_supplicant: p2p-dev-wlan0: nl80211: scan request
08-21 17:00:50.926 14281 14281 D wpa_supplicant: nl80211: P2P probe - mask SuppRates
08-21 17:00:50.935 14281 14281 D wpa_supplicant: Scan requested (ret=0) - scan timeout 30 seconds
08-21 17:00:50.935 14281 14281 D wpa_supplicant: nl80211: Drv Event 33 (NL80211_CMD_TRIGGER_SCAN) received for p2p-dev-wlan0
08-21 17:00:50.935 14281 14281 D wpa_supplicant: p2p-dev-wlan0: nl80211: Scan trigger
08-21 17:00:50.935 14281 14281 D wpa_supplicant: p2p-dev-wlan0: Event SCAN_STARTED (49) received
08-21 17:00:50.935 14281 14281 D wpa_supplicant: p2p-dev-wlan0: Own scan request started a scan in 0.000203 seconds
08-21 17:00:50.935 14281 14281 I wpa_supplicant: p2p-dev-wlan0: CTRL-EVENT-SCAN-STARTED 
08-21 17:00:50.935 14281 14281 D wpa_supplicant: CTRL_IFACE monitor sent successfully to /data/misc/wifi/sockets/wpa_ctrl_4223-4\x00
08-21 17:00:50.935 14281 14281 D wpa_supplicant: CTRL_IFACE monitor sent successfully to /data/misc/wifi/sockets/wpa_ctrl_1567-5\x00
08-21 17:00:50.935  4223 14333 D P2pExtMonWorker: Event [CTRL-EVENT-SCAN-STARTED ]
08-21 17:00:50.994 14281 14281 D wpa_supplicant: wlan0: Control interface command 'SET pno 0'
08-21 17:00:50.994 14281 14281 D wpa_supplicant: CTRL_IFACE SET 'pno'='0'
08-21 17:00:50.995 14281 14281 D wpa_supplicant: wlan0: Control interface command 'SCAN TYPE=ONLY'
08-21 17:00:50.995 14281 14281 D wpa_supplicant: wlan0: Rescheduling scan request: 0.000000 sec
08-21 17:00:50.995 14281 14281 D wpa_supplicant: OTA_TEST prop_ota_enable: 0
08-21 17:00:50.995 14281 14281 I wpa_supplicant: [LGE_P2P] is_hs20_enable() skip!! hs20 while in p2p_in_progress
08-21 17:00:50.995 14281 14281 D wpa_supplicant: wlan0: Delay station mode scan while P2P operation is in progress
08-21 17:00:50.995 14281 14281 D wpa_supplicant: wlan0: Setting scan request: 5.000000 sec
08-21 17:00:51.083  3599  3599 D KeyguardUpdateMonitor: Intent.ACTION_BATTERYEX_CHANGED EXTRA_CHARGING_CURRENT : 0 / EXTRA_HVDCP_TYPE : false
08-21 17:00:51.083  3599  3599 I [SystemUI]LGPowerUI: onReceive = com.lge.android.intent.action.BATTERYEX
08-21 17:00:51.083  3599  3599 I [SystemUI]LGPowerUI: levelEx = 97, plugTypeEx = 0, WirelessAlignment = 0, chargingCurrent = 0, orientation = PORTRAIT
08-21 17:00:51.083  3599  3599 I [SystemUI]LGPowerUI: On Skip Timer : true
08-21 17:00:51.085 14281 14281 D wpa_supplicant: nl80211: Drv Event 34 (NL80211_CMD_NEW_SCAN_RESULTS) received for p2p-dev-wlan0
08-21 17:00:51.085 14281 14281 D wpa_supplicant: p2p-dev-wlan0: nl80211: New scan results available
08-21 17:00:51.085 14281 14281 D wpa_supplicant: nl80211: Scan probed for SSID 'DIRECT-'
08-21 17:00:51.085 14281 14281 D wpa_supplicant: nl80211: Scan included frequencies: 2412 2437 2462
08-21 17:00:51.085 14281 14281 D wpa_supplicant: p2p-dev-wlan0: Event SCAN_RESULTS (3) received
08-21 17:00:51.085 14281 14281 D wpa_supplicant: p2p-dev-wlan0: Scan completed in 0.150521 seconds
08-21 17:00:51.086 14281 14281 D wpa_supplicant: nl80211: Received scan results (1 BSSes)
08-21 17:00:51.086 14281 14281 D wpa_supplicant: p2p-dev-wlan0: BSS: Start scan result update 1012
08-21 17:00:51.086 14281 14281 D wpa_supplicant: BSS: last_scan_res_used=0/64
08-21 17:00:51.086 14281 14281 D wpa_supplicant: p2p-dev-wlan0: Radio work 'p2p-scan'@0x7f9581c280 done in 0.159454 seconds
08-21 17:00:51.086 14281 14281 D wpa_supplicant: P2P: Scan results received (1 BSS)
08-21 17:00:51.086 14281 14281 D wpa_supplicant: P2P: Parsing WPS IE
08-21 17:00:51.086 14281 14281 D wpa_supplicant: P2P: Config Methods (WPS): 0x108
08-21 17:00:51.086 14281 14281 D wpa_supplicant: P2P: Device Password ID: 0
08-21 17:00:51.086 14281 14281 D wpa_supplicant: P2P: Primary Device Type (WPS): 7-0050F204-1
08-21 17:00:51.086 14281 14281 D wpa_supplicant: P2P: Parsing P2P IE
08-21 17:00:51.086 14281 14281 D wpa_supplicant: P2P: Attribute 2 length 2
08-21 17:00:51.086 14281 14281 D wpa_supplicant: P2P: * Device Capability 24 Group Capability 00
08-21 17:00:51.086 14281 14281 D wpa_supplicant: P2P: Attribute 8 length 4
08-21 17:00:51.086 14281 14281 D wpa_supplicant: P2P: * Extended Listen Timing (period 50 msec  interval 100 msec)
08-21 17:00:51.086 14281 14281 D wpa_supplicant: P2P: Attribute 13 length 48
08-21 17:00:51.086 14281 14281 D wpa_supplicant: P2P: * Device Info: addr 4e:09:d4:43:0e:ee primary device type 7-0050F204-1 device name '[TV][LG]32LB580B-SA' config methods 0x188
08-21 17:00:51.086 14281 14281 D wpa_supplicant: P2P: Update peer 4e:09:d4:43:0e:ee config_methods 0x0 -> 0x188
08-21 17:00:51.086 14281 14281 D wpa_supplicant: P2P: Peer found with Listen frequency 2462 MHz (rx_time=21060.651311)
08-21 17:00:51.086 14281 14281 I wpa_supplicant: P2P-DEVICE-FOUND 4e:09:d4:43:0e:ee p2p_dev_addr=4e:09:d4:43:0e:ee pri_dev_type=7-0050F204-1 name='[TV][LG]32LB580B-SA' config_methods=0x188 dev_capab=0x24 group_capab=0x0 wfd_dev_info=0x01111c440000
08-21 17:00:51.087 14281 14281 D wpa_supplicant: CTRL_IFACE monitor sent successfully to /data/misc/wifi/sockets/wpa_ctrl_4223-4\x00
08-21 17:00:51.087 14281 14281 D wpa_supplicant: CTRL_IFACE monitor sent successfully to /data/misc/wifi/sockets/wpa_ctrl_1567-5\x00
08-21 17:00:51.087 14281 14281 D wpa_supplicant: P2P: State SEARCH -> SEARCH
08-21 17:00:51.087 14281 14281 D wpa_supplicant: P2P: Starting short listen state (state=SEARCH)
08-21 17:00:51.087  4223 14333 D P2pExtMonWorker: Event [P2P-DEVICE-FOUND 4e:09:d4:43:0e:ee p2p_dev_addr=4e:09:d4:43:0e:ee pri_dev_type=7-0050F204-1 name='[TV][LG]32LB580B-SA' config_methods=0x188 dev_capab=0x24 group_capab=0x0 wfd_dev_info=0x01111c440000]
08-21 17:00:51.089 14281 14281 D wpa_supplicant: WFDS: Extra buffer length (0) for Scan Response
08-21 17:00:51.089 14281 14281 D wpa_supplicant: WPS:  * Version (hardcoded 0x10)
08-21 17:00:51.089 14281 14281 D wpa_supplicant: WPS:  * UUID-E
08-21 17:00:51.089 14281 14281 D wpa_supplicant: WPS:  * Version2 (0x20)
08-21 17:00:51.089 14281 14281 D wpa_supplicant: P2P: * P2P IE header
08-21 17:00:51.089 14281 14281 D wpa_supplicant: P2P: * Capability dev=25 group=00
08-21 17:00:51.089 14281 14281 D wpa_supplicant: P2P: * Device Info
08-21 17:00:51.089 14281 14281 D wpa_supplicant: p2p-dev-wlan0: Add radio work 'p2p-listen'@0x7f9581c280
08-21 17:00:51.089 14281 14281 D wpa_supplicant: p2p-dev-wlan0: First radio work item in the queue - schedule start immediately
08-21 17:00:51.089 14281 14281 D wpa_supplicant: p2p-dev-wlan0: Starting radio work 'p2p-listen'@0x7f9581c280 after 0.000118 second wait
08-21 17:00:51.089 14281 14281 D wpa_supplicant: wpa_driver_set_ap_wps_p2p_ie: Entry
08-21 17:00:51.090 14281 14281 D wpa_supplicant: nl80211: Enable Probe Request reporting nl_preq=0x7f95821a00
08-21 17:00:51.090 14281 14281 D wpa_supplicant: nl80211: Register frame type=0x40 (WLAN_FC_STYPE_PROBE_REQ) nl_handle=0x7f95821a00 match=
08-21 17:00:51.091  1567  1567 E WifiServerServiceExt: No p2p device connected
08-21 17:00:51.092  4223  4223 D WfdsService: WIFI_P2P_PEERS_CHANGED_ACTION
08-21 17:00:51.101 14281 14281 D wpa_supplicant: nl80211: Remain-on-channel cookie 0x35e for freq=2462 MHz duration=307
08-21 17:00:51.101 14281 14281 D wpa_supplicant: nl80211: Drv Event 55 (NL80211_CMD_REMAIN_ON_CHANNEL) received for p2p-dev-wlan0
08-21 17:00:51.101 14281 14281 D wpa_supplicant: nl80211: Remain-on-channel event (cancel=0 freq=2462 channel_type=0 duration=307 cookie=0x35e (match))
08-21 17:00:51.101 14281 14281 D wpa_supplicant: p2p-dev-wlan0: Event REMAIN_ON_CHANNEL (21) received
08-21 17:00:51.101 14281 14281 D wpa_supplicant: Off-channel: Send Action callback (without_roc=0 pending_action_tx=0x0 pending_action_tx_done=1)
08-21 17:00:51.101 14281 14281 D wpa_supplicant: P2P: Starting Listen timeout(0,307200) on freq=2462 based on callback
08-21 17:00:51.102 14281 14281 D wpa_supplicant: P2P: Set timeout (state=SEARCH): 0.327200 sec
08-21 17:00:51.104  4634  4634 D Leccp_1.0.23: [P2PScanner] WIFI_P2P_PEERS_CHANGED_ACTION mIsReady: false, WfdState: 2
08-21 17:00:51.122  3599  3599 D KeyguardUpdateMonitor: Intent.ACTION_BATTERY_CHANGED status : 3 ,plugged : 0 ,level : 97 ,temperature : 272
08-21 17:00:51.125  4558  4558 D InCallUIReceiver: onReceive: Intent { act=android.intent.action.BATTERY_CHANGED flg=0x60000010 (has extras) }
08-21 17:00:51.125  4558  4558 D InCallUIReceiver: [batteryChangedReceivedIntentHandling] level : 97
08-21 17:00:51.130 14281 14281 D wpa_supplicant: p2p-dev-wlan0: Control interface command 'P2P_FIND 120'
08-21 17:00:51.130 14281 14281 D wpa_supplicant: P2P: Starting find (type=0)
08-21 17:00:51.130 14281 14281 D wpa_supplicant: P2P: Clear timeout (state=SEARCH)
08-21 17:00:51.130 14281 14281 D wpa_supplicant: nl80211: Cancel remain-on-channel with cookie 0x35e
08-21 17:00:51.131  3599  3599 I [SystemUI]LGPowerUI: onReceive = android.intent.action.BATTERY_CHANGED
08-21 17:00:51.131  3599  3599 I [SystemUI]LGPowerUI: level = 97, plugType = 0, plugged = false, mCharging = false, temperature = 272
08-21 17:00:51.132  4251  4251 D PhoneApp: onReceive: android.intent.action.BATTERY_CHANGED
08-21 17:00:51.133 14281 14281 D wpa_supplicant: wpa_driver_set_ap_wps_p2p_ie: Entry
08-21 17:00:51.133 14281 14281 D wpa_supplicant: nl80211: Disable Probe Request reporting nl_preq=0x888888f71d0a9289
08-21 17:00:51.133 14281 14281 D wpa_supplicant: p2p-dev-wlan0: Radio work 'p2p-listen'@0x7f9581c280 done in 0.043663 seconds
08-21 17:00:51.133 14281 14281 D wpa_supplicant: P2P: State SEARCH -> SEARCH
08-21 17:00:51.133 14281 14281 D wpa_supplicant: P2P: [LGE_P2P] social_scan_first_num:6
08-21 17:00:51.133 14281 14281 D wpa_supplicant: WPS: Building WPS IE for Probe Request
08-21 17:00:51.133 14281 14281 D wpa_supplicant: WPS:  * Version (hardcoded 0x10)
08-21 17:00:51.133 14281 14281 D wpa_supplicant: WPS:  * Request Type
08-21 17:00:51.133 14281 14281 D wpa_supplicant: WPS:  * Config Methods (5388)
08-21 17:00:51.133 14281 14281 D wpa_supplicant: WPS:  * UUID-E
08-21 17:00:51.133 14281 14281 D wpa_supplicant: WPS:  * Primary Device Type
08-21 17:00:51.133 14281 14281 D wpa_supplicant: WPS:  * RF Bands (3)
08-21 17:00:51.133 14281 14281 D wpa_supplicant: WPS:  * Association State
08-21 17:00:51.133 14281 14281 D wpa_supplicant: WPS:  * Configuration Error (0)
08-21 17:00:51.133 14281 14281 D wpa_supplicant: WPS:  * Device Password ID (0)
08-21 17:00:51.133 14281 14281 D wpa_supplicant: WPS:  * Manufacturer
08-21 17:00:51.133 14281 14281 D wpa_supplicant: WPS:  * Model Name
08-21 17:00:51.133 14281 14281 D wpa_supplicant: WPS:  * Model Number
08-21 17:00:51.133 14281 14281 D wpa_supplicant: WPS:  * Device Name
08-21 17:00:51.133 14281 14281 D wpa_supplicant: WPS:  * Version2 (0x20)
08-21 17:00:51.133 14281 14281 D wpa_supplicant: WPS:  * Request to Enroll (1)
08-21 17:00:51.133 14281 14281 D wpa_supplicant: WFDS: Extra buffer length (0) for Scan Request
08-21 17:00:51.133 14281 14281 D wpa_supplicant: P2P: * P2P IE header
08-21 17:00:51.133 14281 14281 D wpa_supplicant: P2P: * Capability dev=25 group=00
08-21 17:00:51.133 14281 14281 D wpa_supplicant: P2P: * Listen Channel: Regulatory Class 81 Channel 11
08-21 17:00:51.133 14281 14281 D wpa_supplicant: p2p-dev-wlan0: Add radio work 'p2p-scan'@0x7f9581c280
08-21 17:00:51.133 14281 14281 D wpa_supplicant: p2p-dev-wlan0: First radio work item in the queue - schedule start immediately
08-21 17:00:51.133 14281 14281 D wpa_supplicant: P2P: Running p2p_scan
08-21 17:00:51.134 14281 14281 D wpa_supplicant: p2p-dev-wlan0: Starting radio work 'p2p-scan'@0x7f9581c280 after 0.000172 second wait
08-21 17:00:51.134 14281 14281 D wpa_supplicant: p2p-dev-wlan0: nl80211: scan request
08-21 17:00:51.134 14281 14281 D wpa_supplicant: nl80211: P2P probe - mask SuppRates
08-21 17:00:51.139 14281 14281 D wpa_supplicant: Scan requested (ret=0) - scan timeout 30 seconds
08-21 17:00:51.139 14281 14281 D wpa_supplicant: nl80211: Drv Event 56 (NL80211_CMD_CANCEL_REMAIN_ON_CHANNEL) received for p2p-dev-wlan0
08-21 17:00:51.139 14281 14281 D wpa_supplicant: nl80211: Remain-on-channel event (cancel=1 freq=2462 channel_type=0 duration=0 cookie=0x35e (match))
08-21 17:00:51.139 14281 14281 D wpa_supplicant: p2p-dev-wlan0: Event CANCEL_REMAIN_ON_CHANNEL (22) received
08-21 17:00:51.139 14281 14281 D wpa_supplicant: P2P: Cancel remain-on-channel callback (p2p_long_listen=0 ms pending_action_tx=0x0)
08-21 17:00:51.139 14281 14281 D wpa_supplicant: P2P: Driver ended Listen state (freq=2462)
08-21 17:00:51.139 14281 14281 D wpa_supplicant: P2P: Skip stop_listen since not in listen_only state.
08-21 17:00:51.139 14281 14281 D wpa_supplicant: nl80211: Drv Event 33 (NL80211_CMD_TRIGGER_SCAN) received for p2p-dev-wlan0
08-21 17:00:51.139 14281 14281 D wpa_supplicant: p2p-dev-wlan0: nl80211: Scan trigger
08-21 17:00:51.139 14281 14281 D wpa_supplicant: p2p-dev-wlan0: Event SCAN_STARTED (49) received
08-21 17:00:51.139 14281 14281 D wpa_supplicant: p2p-dev-wlan0: Own scan request started a scan in 0.000337 seconds
08-21 17:00:51.139 14281 14281 I wpa_supplicant: p2p-dev-wlan0: CTRL-EVENT-SCAN-STARTED 
08-21 17:00:51.140 14281 14281 D wpa_supplicant: CTRL_IFACE monitor sent successfully to /data/misc/wifi/sockets/wpa_ctrl_4223-4\x00
08-21 17:00:51.140 14281 14281 D wpa_supplicant: CTRL_IFACE monitor sent successfully to /data/misc/wifi/sockets/wpa_ctrl_1567-5\x00
08-21 17:00:51.140  4223 14333 D P2pExtMonWorker: Event [CTRL-EVENT-SCAN-STARTED ]
08-21 17:00:51.140  3599  3599 D [SystemUI]LGBatteryMeterView: updateBatteryIcon: typeChanged=false, type=NORMAL, level=97
08-21 17:00:51.140  3599  3599 D [SystemUI]LGBatteryMeterView: updateBatteryIcon: typeChanged=false, type=NORMAL, level=97
08-21 17:00:51.141  3599  3599 D [SystemUI]LGBatteryMeterView: updateBatteryIcon: typeChanged=false, type=NORMAL, level=97
08-21 17:00:51.142  4634  4732 D Leccp_1.0.23: [MiracastHandler] onAddedP2pDevice device: [TV][LG]32LB580B-SA
08-21 17:00:51.142  4634  4732 D Leccp_1.0.23: [LeccpUtil] getDeviceType : TV
08-21 17:00:51.142  4634  4732 D Leccp_1.0.23: [MiracastHandler] checkDeviceState state: AVAILABLE
08-21 17:00:51.142  4634  4732 D Leccp_1.0.23: [MiracastHandler] addDevice deviceName: [TV][LG]32LB580B-SA, deviceAddress: 4e:09:d4:43:0e:ee, primaryDeviceType: 7-0050F204-1, connState: AVAILABLE
08-21 17:00:51.142  4634  4732 D Leccp_1.0.23: [MiracastHandler] convertMiracastToLeccpDevice device: [TV][LG]32LB580B-SA
08-21 17:00:51.142  4634  4732 D Leccp_1.0.23: [ModuleListener_MIRA] onAddedDevice device: 4_4e:09:d4:43:0e:ee
08-21 17:00:51.142  4634  4744 D Leccp_1.0.23: [CardController] onAddedDevice module: MIRACAST, device: 4_4e:09:d4:43:0e:ee
08-21 17:00:51.142  4634  4744 D Leccp_1.0.23: [CardManager] addedDevice module: MIRACAST, leccpDevice: 4_4e:09:d4:43:0e:ee
08-21 17:00:51.143  4634  4744 D Leccp_1.0.23: [CardManager] checkAddCard module: MIRACAST, leccpDevice: 4_4e:09:d4:43:0e:ee
08-21 17:00:51.143  4634  4744 D Leccp_1.0.23: [CardController] onCardAdded card: 4_4e:09:d4:43:0e:ee, name: [TV][LG]32LB580B-SA
08-21 17:00:51.143  4634  4740 D Leccp_1.0.23: [LeccpService] onCardAdded card: 4_4e:09:d4:43:0e:ee
08-21 17:00:51.295 14281 14281 D wpa_supplicant: nl80211: Drv Event 34 (NL80211_CMD_NEW_SCAN_RESULTS) received for p2p-dev-wlan0
08-21 17:00:51.295 14281 14281 D wpa_supplicant: p2p-dev-wlan0: nl80211: New scan results available
08-21 17:00:51.295 14281 14281 D wpa_supplicant: nl80211: Scan probed for SSID 'DIRECT-'
08-21 17:00:51.295 14281 14281 D wpa_supplicant: nl80211: Scan included frequencies: 2412 2437 2462
08-21 17:00:51.295 14281 14281 D wpa_supplicant: p2p-dev-wlan0: Event SCAN_RESULTS (3) received
08-21 17:00:51.296 14281 14281 D wpa_supplicant: p2p-dev-wlan0: Scan completed in 0.156119 seconds
08-21 17:00:51.296 14281 14281 D wpa_supplicant: nl80211: Received scan results (1 BSSes)
08-21 17:00:51.296 14281 14281 D wpa_supplicant: p2p-dev-wlan0: BSS: Start scan result update 1013
08-21 17:00:51.296 14281 14281 D wpa_supplicant: BSS: last_scan_res_used=0/64
08-21 17:00:51.296 14281 14281 D wpa_supplicant: p2p-dev-wlan0: Radio work 'p2p-scan'@0x7f9581c280 done in 0.162263 seconds
08-21 17:00:51.296 14281 14281 D wpa_supplicant: P2P: Scan results received (1 BSS)
08-21 17:00:51.296 14281 14281 D wpa_supplicant: P2P: Ignore old scan result for 4e:09:d4:43:0e:ee (rx_time=21060.651415)
08-21 17:00:51.296 14281 14281 D wpa_supplicant: P2P: State SEARCH -> SEARCH
08-21 17:00:51.296 14281 14281 D wpa_supplicant: wpa_driver_set_ap_wps_p2p_ie: Entry
08-21 17:00:51.296 14281 14281 D wpa_supplicant: P2P: Starting search [LGE_P2P] social_scan_first_num:5
08-21 17:00:51.296 14281 14281 D wpa_supplicant: WPS: Building WPS IE for Probe Request
08-21 17:00:51.296 14281 14281 D wpa_supplicant: WPS:  * Version (hardcoded 0x10)
08-21 17:00:51.296 14281 14281 D wpa_supplicant: WPS:  * Request Type
08-21 17:00:51.296 14281 14281 D wpa_supplicant: WPS:  * Config Methods (5388)
08-21 17:00:51.296 14281 14281 D wpa_supplicant: WPS:  * UUID-E
08-21 17:00:51.296 14281 14281 D wpa_supplicant: WPS:  * Primary Device Type
08-21 17:00:51.296 14281 14281 D wpa_supplicant: WPS:  * RF Bands (3)
08-21 17:00:51.296 14281 14281 D wpa_supplicant: WPS:  * Association State
08-21 17:00:51.296 14281 14281 D wpa_supplicant: WPS:  * Configuration Error (0)
08-21 17:00:51.296 14281 14281 D wpa_supplicant: WPS:  * Device Password ID (0)
08-21 17:00:51.296 14281 14281 D wpa_supplicant: WPS:  * Manufacturer
08-21 17:00:51.296 14281 14281 D wpa_supplicant: WPS:  * Model Name
08-21 17:00:51.296 14281 14281 D wpa_supplicant: WPS:  * Model Number
08-21 17:00:51.296 14281 14281 D wpa_supplicant: WPS:  * Device Name
08-21 17:00:51.296 14281 14281 D wpa_supplicant: WPS:  * Version2 (0x20)
08-21 17:00:51.296 14281 14281 D wpa_supplicant: WPS:  * Request to Enroll (1)
08-21 17:00:51.296 14281 14281 D wpa_supplicant: WFDS: Extra buffer length (0) for Scan Request
08-21 17:00:51.296 14281 14281 D wpa_supplicant: P2P: * P2P IE header
08-21 17:00:51.296 14281 14281 D wpa_supplicant: P2P: * Capability dev=25 group=00
08-21 17:00:51.296 14281 14281 D wpa_supplicant: P2P: * Listen Channel: Regulatory Class 81 Channel 11
08-21 17:00:51.296 14281 14281 D wpa_supplicant: p2p-dev-wlan0: Add radio work 'p2p-scan'@0x7f9581c280
08-21 17:00:51.296 14281 14281 D wpa_supplicant: p2p-dev-wlan0: First radio work item in the queue - schedule start immediately
08-21 17:00:51.297 14281 14281 D wpa_supplicant: P2P: Running p2p_scan
08-21 17:00:51.297 14281 14281 D wpa_supplicant: p2p-dev-wlan0: Starting radio work 'p2p-scan'@0x7f9581c280 after 0.000118 second wait
08-21 17:00:51.297 14281 14281 D wpa_supplicant: p2p-dev-wlan0: nl80211: scan request
08-21 17:00:51.297 14281 14281 D wpa_supplicant: nl80211: P2P probe - mask SuppRates
08-21 17:00:51.300 14281 14281 D wpa_supplicant: Scan requested (ret=0) - scan timeout 30 seconds
08-21 17:00:51.300 14281 14281 D wpa_supplicant: nl80211: Drv Event 33 (NL80211_CMD_TRIGGER_SCAN) received for p2p-dev-wlan0
08-21 17:00:51.300 14281 14281 D wpa_supplicant: p2p-dev-wlan0: nl80211: Scan trigger
08-21 17:00:51.300 14281 14281 D wpa_supplicant: p2p-dev-wlan0: Event SCAN_STARTED (49) received
08-21 17:00:51.300 14281 14281 D wpa_supplicant: p2p-dev-wlan0: Own scan request started a scan in 0.000198 seconds
08-21 17:00:51.300 14281 14281 I wpa_supplicant: p2p-dev-wlan0: CTRL-EVENT-SCAN-STARTED 
08-21 17:00:51.300 14281 14281 D wpa_supplicant: CTRL_IFACE monitor sent successfully to /data/misc/wifi/sockets/wpa_ctrl_4223-4\x00
08-21 17:00:51.300 14281 14281 D wpa_supplicant: CTRL_IFACE monitor sent successfully to /data/misc/wifi/sockets/wpa_ctrl_1567-5\x00
08-21 17:00:51.300  4223 14333 D P2pExtMonWorker: Event [CTRL-EVENT-SCAN-STARTED ]
08-21 17:00:51.462 14281 14281 D wpa_supplicant: nl80211: Drv Event 34 (NL80211_CMD_NEW_SCAN_RESULTS) received for p2p-dev-wlan0
08-21 17:00:51.462 14281 14281 D wpa_supplicant: p2p-dev-wlan0: nl80211: New scan results available
08-21 17:00:51.462 14281 14281 D wpa_supplicant: nl80211: Scan probed for SSID 'DIRECT-'
08-21 17:00:51.462 14281 14281 D wpa_supplicant: nl80211: Scan included frequencies: 2412 2437 2462
08-21 17:00:51.462 14281 14281 D wpa_supplicant: p2p-dev-wlan0: Event SCAN_RESULTS (3) received
08-21 17:00:51.462 14281 14281 D wpa_supplicant: p2p-dev-wlan0: Scan completed in 0.162182 seconds
08-21 17:00:51.463 14281 14281 D wpa_supplicant: nl80211: Received scan results (1 BSSes)
08-21 17:00:51.463 14281 14281 D wpa_supplicant: p2p-dev-wlan0: BSS: Start scan result update 1014
08-21 17:00:51.463 14281 14281 D wpa_supplicant: BSS: last_scan_res_used=0/64
08-21 17:00:51.463 14281 14281 D wpa_supplicant: p2p-dev-wlan0: Radio work 'p2p-scan'@0x7f9581c280 done in 0.166134 seconds
08-21 17:00:51.463 14281 14281 D wpa_supplicant: P2P: Scan results received (1 BSS)
08-21 17:00:51.463 14281 14281 D wpa_supplicant: P2P: Ignore old scan result for 4e:09:d4:43:0e:ee (rx_time=21060.648223)
08-21 17:00:51.463 14281 14281 D wpa_supplicant: P2P: State SEARCH -> SEARCH
08-21 17:00:51.463 14281 14281 D wpa_supplicant: wpa_driver_set_ap_wps_p2p_ie: Entry
08-21 17:00:51.463 14281 14281 D wpa_supplicant: P2P: Starting search [LGE_P2P] social_scan_first_num:4
08-21 17:00:51.463 14281 14281 D wpa_supplicant: WPS: Building WPS IE for Probe Request
08-21 17:00:51.463 14281 14281 D wpa_supplicant: WPS:  * Version (hardcoded 0x10)
08-21 17:00:51.463 14281 14281 D wpa_supplicant: WPS:  * Request Type
08-21 17:00:51.463 14281 14281 D wpa_supplicant: WPS:  * Config Methods (5388)
08-21 17:00:51.463 14281 14281 D wpa_supplicant: WPS:  * UUID-E
08-21 17:00:51.463 14281 14281 D wpa_supplicant: WPS:  * Primary Device Type
08-21 17:00:51.463 14281 14281 D wpa_supplicant: WPS:  * RF Bands (3)
08-21 17:00:51.463 14281 14281 D wpa_supplicant: WPS:  * Association State
08-21 17:00:51.463 14281 14281 D wpa_supplicant: WPS:  * Configuration Error (0)
08-21 17:00:51.463 14281 14281 D wpa_supplicant: WPS:  * Device Password ID (0)
08-21 17:00:51.463 14281 14281 D wpa_supplicant: WPS:  * Manufacturer
08-21 17:00:51.463 14281 14281 D wpa_supplicant: WPS:  * Model Name
08-21 17:00:51.463 14281 14281 D wpa_supplicant: WPS:  * Model Number
08-21 17:00:51.463 14281 14281 D wpa_supplicant: WPS:  * Device Name
08-21 17:00:51.463 14281 14281 D wpa_supplicant: WPS:  * Version2 (0x20)
08-21 17:00:51.463 14281 14281 D wpa_supplicant: WPS:  * Request to Enroll (1)
08-21 17:00:51.463 14281 14281 D wpa_supplicant: WFDS: Extra buffer length (0) for Scan Request
08-21 17:00:51.463 14281 14281 D wpa_supplicant: P2P: * P2P IE header
08-21 17:00:51.463 14281 14281 D wpa_supplicant: P2P: * Capability dev=25 group=00
08-21 17:00:51.463 14281 14281 D wpa_supplicant: P2P: * Listen Channel: Regulatory Class 81 Channel 11
08-21 17:00:51.463 14281 14281 D wpa_supplicant: p2p-dev-wlan0: Add radio work 'p2p-scan'@0x7f9581c280
08-21 17:00:51.463 14281 14281 D wpa_supplicant: p2p-dev-wlan0: First radio work item in the queue - schedule start immediately
08-21 17:00:51.463 14281 14281 D wpa_supplicant: P2P: Running p2p_scan
08-21 17:00:51.463 14281 14281 D wpa_supplicant: p2p-dev-wlan0: Starting radio work 'p2p-scan'@0x7f9581c280 after 0.000112 second wait
08-21 17:00:51.463 14281 14281 D wpa_supplicant: p2p-dev-wlan0: nl80211: scan request
08-21 17:00:51.463 14281 14281 D wpa_supplicant: nl80211: P2P probe - mask SuppRates
08-21 17:00:51.467 14281 14281 D wpa_supplicant: Scan requested (ret=0) - scan timeout 30 seconds
08-21 17:00:51.467 14281 14281 D wpa_supplicant: nl80211: Drv Event 33 (NL80211_CMD_TRIGGER_SCAN) received for p2p-dev-wlan0
08-21 17:00:51.467 14281 14281 D wpa_supplicant: p2p-dev-wlan0: nl80211: Scan trigger
08-21 17:00:51.467 14281 14281 D wpa_supplicant: p2p-dev-wlan0: Event SCAN_STARTED (49) received
08-21 17:00:51.467 14281 14281 D wpa_supplicant: p2p-dev-wlan0: Own scan request started a scan in 0.000183 seconds
08-21 17:00:51.467 14281 14281 I wpa_supplicant: p2p-dev-wlan0: CTRL-EVENT-SCAN-STARTED 
08-21 17:00:51.467 14281 14281 D wpa_supplicant: CTRL_IFACE monitor sent successfully to /data/misc/wifi/sockets/wpa_ctrl_4223-4\x00
08-21 17:00:51.467 14281 14281 D wpa_supplicant: CTRL_IFACE monitor sent successfully to /data/misc/wifi/sockets/wpa_ctrl_1567-5\x00
08-21 17:00:51.467  4223 14333 D P2pExtMonWorker: Event [CTRL-EVENT-SCAN-STARTED ]
08-21 17:00:51.629 14281 14281 D wpa_supplicant: nl80211: Drv Event 34 (NL80211_CMD_NEW_SCAN_RESULTS) received for p2p-dev-wlan0
08-21 17:00:51.629 14281 14281 D wpa_supplicant: p2p-dev-wlan0: nl80211: New scan results available
08-21 17:00:51.629 14281 14281 D wpa_supplicant: nl80211: Scan probed for SSID 'DIRECT-'
08-21 17:00:51.629 14281 14281 D wpa_supplicant: nl80211: Scan included frequencies: 2412 2437 2462
08-21 17:00:51.629 14281 14281 D wpa_supplicant: p2p-dev-wlan0: Event SCAN_RESULTS (3) received
08-21 17:00:51.629 14281 14281 D wpa_supplicant: p2p-dev-wlan0: Scan completed in 0.162150 seconds
08-21 17:00:51.629 14281 14281 D wpa_supplicant: nl80211: Received scan results (1 BSSes)
08-21 17:00:51.630 14281 14281 D wpa_supplicant: p2p-dev-wlan0: BSS: Start scan result update 1015
08-21 17:00:51.630 14281 14281 D wpa_supplicant: BSS: last_scan_res_used=0/64
08-21 17:00:51.630 14281 14281 D wpa_supplicant: p2p-dev-wlan0: Radio work 'p2p-scan'@0x7f9581c280 done in 0.166290 seconds
08-21 17:00:51.630 14281 14281 D wpa_supplicant: P2P: Scan results received (1 BSS)
08-21 17:00:51.630 14281 14281 D wpa_supplicant: P2P: Ignore old scan result for 4e:09:d4:43:0e:ee (rx_time=21060.645162)
08-21 17:00:51.630 14281 14281 D wpa_supplicant: P2P: State SEARCH -> SEARCH
08-21 17:00:51.630 14281 14281 D wpa_supplicant: wpa_driver_set_ap_wps_p2p_ie: Entry
08-21 17:00:51.630 14281 14281 D wpa_supplicant: P2P: Starting search [LGE_P2P] social_scan_first_num:3
08-21 17:00:51.630 14281 14281 D wpa_supplicant: WPS: Building WPS IE for Probe Request
08-21 17:00:51.630 14281 14281 D wpa_supplicant: WPS:  * Version (hardcoded 0x10)
08-21 17:00:51.630 14281 14281 D wpa_supplicant: WPS:  * Request Type
08-21 17:00:51.630 14281 14281 D wpa_supplicant: WPS:  * Config Methods (5388)
08-21 17:00:51.630 14281 14281 D wpa_supplicant: WPS:  * UUID-E
08-21 17:00:51.630 14281 14281 D wpa_supplicant: WPS:  * Primary Device Type
08-21 17:00:51.630 14281 14281 D wpa_supplicant: WPS:  * RF Bands (3)
08-21 17:00:51.630 14281 14281 D wpa_supplicant: WPS:  * Association State
08-21 17:00:51.630 14281 14281 D wpa_supplicant: WPS:  * Configuration Error (0)
08-21 17:00:51.630 14281 14281 D wpa_supplicant: WPS:  * Device Password ID (0)
08-21 17:00:51.630 14281 14281 D wpa_supplicant: WPS:  * Manufacturer
08-21 17:00:51.630 14281 14281 D wpa_supplicant: WPS:  * Model Name
08-21 17:00:51.630 14281 14281 D wpa_supplicant: WPS:  * Model Number
08-21 17:00:51.630 14281 14281 D wpa_supplicant: WPS:  * Device Name
08-21 17:00:51.631 14281 14281 D wpa_supplicant: WPS:  * Version2 (0x20)
08-21 17:00:51.631 14281 14281 D wpa_supplicant: WPS:  * Request to Enroll (1)
08-21 17:00:51.631 14281 14281 D wpa_supplicant: WFDS: Extra buffer length (0) for Scan Request
08-21 17:00:51.631 14281 14281 D wpa_supplicant: P2P: * P2P IE header
08-21 17:00:51.631 14281 14281 D wpa_supplicant: P2P: * Capability dev=25 group=00
08-21 17:00:51.631 14281 14281 D wpa_supplicant: P2P: * Listen Channel: Regulatory Class 81 Channel 11
08-21 17:00:51.631 14281 14281 D wpa_supplicant: p2p-dev-wlan0: Add radio work 'p2p-scan'@0x7f9581c280
08-21 17:00:51.631 14281 14281 D wpa_supplicant: p2p-dev-wlan0: First radio work item in the queue - schedule start immediately
08-21 17:00:51.631 14281 14281 D wpa_supplicant: P2P: Running p2p_scan
08-21 17:00:51.631 14281 14281 D wpa_supplicant: p2p-dev-wlan0: Starting radio work 'p2p-scan'@0x7f9581c280 after 0.000195 second wait
08-21 17:00:51.631 14281 14281 D wpa_supplicant: p2p-dev-wlan0: nl80211: scan request
08-21 17:00:51.631 14281 14281 D wpa_supplicant: nl80211: P2P probe - mask SuppRates
08-21 17:00:51.639 14281 14281 D wpa_supplicant: Scan requested (ret=0) - scan timeout 30 seconds
08-21 17:00:51.640 14281 14281 D wpa_supplicant: nl80211: Drv Event 33 (NL80211_CMD_TRIGGER_SCAN) received for p2p-dev-wlan0
08-21 17:00:51.641 14281 14281 D wpa_supplicant: p2p-dev-wlan0: nl80211: Scan trigger
08-21 17:00:51.641 14281 14281 D wpa_supplicant: p2p-dev-wlan0: Event SCAN_STARTED (49) received
08-21 17:00:51.641 14281 14281 D wpa_supplicant: p2p-dev-wlan0: Own scan request started a scan in 0.001134 seconds
08-21 17:00:51.641 14281 14281 I wpa_supplicant: p2p-dev-wlan0: CTRL-EVENT-SCAN-STARTED 
08-21 17:00:51.641 14281 14281 D wpa_supplicant: CTRL_IFACE monitor sent successfully to /data/misc/wifi/sockets/wpa_ctrl_4223-4\x00
08-21 17:00:51.641 14281 14281 D wpa_supplicant: CTRL_IFACE monitor sent successfully to /data/misc/wifi/sockets/wpa_ctrl_1567-5\x00
08-21 17:00:51.641  4223 14333 D P2pExtMonWorker: Event [CTRL-EVENT-SCAN-STARTED ]
08-21 17:00:51.801 14281 14281 D wpa_supplicant: nl80211: Drv Event 34 (NL80211_CMD_NEW_SCAN_RESULTS) received for p2p-dev-wlan0
08-21 17:00:51.802 14281 14281 D wpa_supplicant: p2p-dev-wlan0: nl80211: New scan results available
08-21 17:00:51.802 14281 14281 D wpa_supplicant: nl80211: Scan probed for SSID 'DIRECT-'
08-21 17:00:51.802 14281 14281 D wpa_supplicant: nl80211: Scan included frequencies: 2412 2437 2462
08-21 17:00:51.802 14281 14281 D wpa_supplicant: p2p-dev-wlan0: Event SCAN_RESULTS (3) received
08-21 17:00:51.802 14281 14281 D wpa_supplicant: p2p-dev-wlan0: Scan completed in 0.161072 seconds
08-21 17:00:51.802 14281 14281 D wpa_supplicant: nl80211: Received scan results (1 BSSes)
08-21 17:00:51.802 14281 14281 D wpa_supplicant: p2p-dev-wlan0: BSS: Start scan result update 1016
08-21 17:00:51.802 14281 14281 D wpa_supplicant: BSS: last_scan_res_used=0/64
08-21 17:00:51.802 14281 14281 D wpa_supplicant: p2p-dev-wlan0: Radio work 'p2p-scan'@0x7f9581c280 done in 0.171395 seconds
08-21 17:00:51.802 14281 14281 D wpa_supplicant: P2P: Scan results received (1 BSS)
08-21 17:00:51.803 14281 14281 D wpa_supplicant: P2P: Ignore old scan result for 4e:09:d4:43:0e:ee (rx_time=21060.647854)
08-21 17:00:51.803 14281 14281 D wpa_supplicant: P2P: State SEARCH -> SEARCH
08-21 17:00:51.803 14281 14281 D wpa_supplicant: wpa_driver_set_ap_wps_p2p_ie: Entry
08-21 17:00:51.803 14281 14281 D wpa_supplicant: P2P: Starting search [LGE_P2P] social_scan_first_num:2
08-21 17:00:51.803 14281 14281 D wpa_supplicant: WPS: Building WPS IE for Probe Request
08-21 17:00:51.803 14281 14281 D wpa_supplicant: WPS:  * Version (hardcoded 0x10)
08-21 17:00:51.803 14281 14281 D wpa_supplicant: WPS:  * Request Type
08-21 17:00:51.803 14281 14281 D wpa_supplicant: WPS:  * Config Methods (5388)
08-21 17:00:51.803 14281 14281 D wpa_supplicant: WPS:  * UUID-E
08-21 17:00:51.803 14281 14281 D wpa_supplicant: WPS:  * Primary Device Type
08-21 17:00:51.803 14281 14281 D wpa_supplicant: WPS:  * RF Bands (3)
08-21 17:00:51.803 14281 14281 D wpa_supplicant: WPS:  * Association State
08-21 17:00:51.803 14281 14281 D wpa_supplicant: WPS:  * Configuration Error (0)
08-21 17:00:51.803 14281 14281 D wpa_supplicant: WPS:  * Device Password ID (0)
08-21 17:00:51.803 14281 14281 D wpa_supplicant: WPS:  * Manufacturer
08-21 17:00:51.803 14281 14281 D wpa_supplicant: WPS:  * Model Name
08-21 17:00:51.803 14281 14281 D wpa_supplicant: WPS:  * Model Number
08-21 17:00:51.803 14281 14281 D wpa_supplicant: WPS:  * Device Name
08-21 17:00:51.803 14281 14281 D wpa_supplicant: WPS:  * Version2 (0x20)
08-21 17:00:51.803 14281 14281 D wpa_supplicant: WPS:  * Request to Enroll (1)
08-21 17:00:51.803 14281 14281 D wpa_supplicant: WFDS: Extra buffer length (0) for Scan Request
08-21 17:00:51.803 14281 14281 D wpa_supplicant: P2P: * P2P IE header
08-21 17:00:51.803 14281 14281 D wpa_supplicant: P2P: * Capability dev=25 group=00
08-21 17:00:51.803 14281 14281 D wpa_supplicant: P2P: * Listen Channel: Regulatory Class 81 Channel 11
08-21 17:00:51.803 14281 14281 D wpa_supplicant: p2p-dev-wlan0: Add radio work 'p2p-scan'@0x7f9581c280
08-21 17:00:51.804 14281 14281 D wpa_supplicant: p2p-dev-wlan0: First radio work item in the queue - schedule start immediately
08-21 17:00:51.804 14281 14281 D wpa_supplicant: P2P: Running p2p_scan
08-21 17:00:51.804 14281 14281 D wpa_supplicant: p2p-dev-wlan0: Starting radio work 'p2p-scan'@0x7f9581c280 after 0.000194 second wait
08-21 17:00:51.804 14281 14281 D wpa_supplicant: p2p-dev-wlan0: nl80211: scan request
08-21 17:00:51.804 14281 14281 D wpa_supplicant: nl80211: P2P probe - mask SuppRates
08-21 17:00:51.810 14281 14281 D wpa_supplicant: Scan requested (ret=0) - scan timeout 30 seconds
08-21 17:00:51.810 14281 14281 D wpa_supplicant: nl80211: Drv Event 33 (NL80211_CMD_TRIGGER_SCAN) received for p2p-dev-wlan0
08-21 17:00:51.810 14281 14281 D wpa_supplicant: p2p-dev-wlan0: nl80211: Scan trigger
08-21 17:00:51.811 14281 14281 D wpa_supplicant: p2p-dev-wlan0: Event SCAN_STARTED (49) received
08-21 17:00:51.811 14281 14281 D wpa_supplicant: p2p-dev-wlan0: Own scan request started a scan in 0.000268 seconds
08-21 17:00:51.811 14281 14281 I wpa_supplicant: p2p-dev-wlan0: CTRL-EVENT-SCAN-STARTED 
08-21 17:00:51.811 14281 14281 D wpa_supplicant: CTRL_IFACE monitor sent successfully to /data/misc/wifi/sockets/wpa_ctrl_4223-4\x00
08-21 17:00:51.811 14281 14281 D wpa_supplicant: CTRL_IFACE monitor sent successfully to /data/misc/wifi/sockets/wpa_ctrl_1567-5\x00
08-21 17:00:51.814  4223 14333 D P2pExtMonWorker: Event [CTRL-EVENT-SCAN-STARTED ]
08-21 17:00:51.966 14281 14281 D wpa_supplicant: nl80211: Drv Event 34 (NL80211_CMD_NEW_SCAN_RESULTS) received for p2p-dev-wlan0
08-21 17:00:51.966 14281 14281 D wpa_supplicant: p2p-dev-wlan0: nl80211: New scan results available
08-21 17:00:51.966 14281 14281 D wpa_supplicant: nl80211: Scan probed for SSID 'DIRECT-'
08-21 17:00:51.966 14281 14281 D wpa_supplicant: nl80211: Scan included frequencies: 2412 2437 2462
08-21 17:00:51.966 14281 14281 D wpa_supplicant: p2p-dev-wlan0: Event SCAN_RESULTS (3) received
08-21 17:00:51.966 14281 14281 D wpa_supplicant: p2p-dev-wlan0: Scan completed in 0.155757 seconds
08-21 17:00:51.967 14281 14281 D wpa_supplicant: nl80211: Received scan results (1 BSSes)
08-21 17:00:51.967 14281 14281 D wpa_supplicant: p2p-dev-wlan0: BSS: Start scan result update 1017
08-21 17:00:51.967 14281 14281 D wpa_supplicant: BSS: last_scan_res_used=0/64
08-21 17:00:51.967 14281 14281 D wpa_supplicant: p2p-dev-wlan0: Radio work 'p2p-scan'@0x7f9581c280 done in 0.163083 seconds
08-21 17:00:51.967 14281 14281 D wpa_supplicant: P2P: Scan results received (1 BSS)
08-21 17:00:51.967 14281 14281 D wpa_supplicant: P2P: Ignore old scan result for 4e:09:d4:43:0e:ee (rx_time=21060.652302)
08-21 17:00:51.967 14281 14281 D wpa_supplicant: P2P: State SEARCH -> SEARCH
08-21 17:00:51.967 14281 14281 D wpa_supplicant: wpa_driver_set_ap_wps_p2p_ie: Entry
08-21 17:00:51.967 14281 14281 D wpa_supplicant: P2P: Starting search [LGE_P2P] social_scan_first_num:1
08-21 17:00:51.967 14281 14281 D wpa_supplicant: WPS: Building WPS IE for Probe Request
08-21 17:00:51.967 14281 14281 D wpa_supplicant: WPS:  * Version (hardcoded 0x10)
08-21 17:00:51.967 14281 14281 D wpa_supplicant: WPS:  * Request Type
08-21 17:00:51.967 14281 14281 D wpa_supplicant: WPS:  * Config Methods (5388)
08-21 17:00:51.967 14281 14281 D wpa_supplicant: WPS:  * UUID-E
08-21 17:00:51.967 14281 14281 D wpa_supplicant: WPS:  * Primary Device Type
08-21 17:00:51.967 14281 14281 D wpa_supplicant: WPS:  * RF Bands (3)
08-21 17:00:51.967 14281 14281 D wpa_supplicant: WPS:  * Association State
08-21 17:00:51.967 14281 14281 D wpa_supplicant: WPS:  * Configuration Error (0)
08-21 17:00:51.967 14281 14281 D wpa_supplicant: WPS:  * Device Password ID (0)
08-21 17:00:51.967 14281 14281 D wpa_supplicant: WPS:  * Manufacturer
08-21 17:00:51.967 14281 14281 D wpa_supplicant: WPS:  * Model Name
08-21 17:00:51.967 14281 14281 D wpa_supplicant: WPS:  * Model Number
08-21 17:00:51.967 14281 14281 D wpa_supplicant: WPS:  * Device Name
08-21 17:00:51.967 14281 14281 D wpa_supplicant: WPS:  * Version2 (0x20)
08-21 17:00:51.967 14281 14281 D wpa_supplicant: WPS:  * Request to Enroll (1)
08-21 17:00:51.967 14281 14281 D wpa_supplicant: WFDS: Extra buffer length (0) for Scan Request
08-21 17:00:51.968 14281 14281 D wpa_supplicant: P2P: * P2P IE header
08-21 17:00:51.968 14281 14281 D wpa_supplicant: P2P: * Capability dev=25 group=00
08-21 17:00:51.968 14281 14281 D wpa_supplicant: P2P: * Listen Channel: Regulatory Class 81 Channel 11
08-21 17:00:51.968 14281 14281 D wpa_supplicant: p2p-dev-wlan0: Add radio work 'p2p-scan'@0x7f9581c280
08-21 17:00:51.968 14281 14281 D wpa_supplicant: p2p-dev-wlan0: First radio work item in the queue - schedule start immediately
08-21 17:00:51.968 14281 14281 D wpa_supplicant: P2P: Running p2p_scan
08-21 17:00:51.968 14281 14281 D wpa_supplicant: p2p-dev-wlan0: Starting radio work 'p2p-scan'@0x7f9581c280 after 0.000162 second wait
08-21 17:00:51.968 14281 14281 D wpa_supplicant: p2p-dev-wlan0: nl80211: scan request
08-21 17:00:51.968 14281 14281 D wpa_supplicant: nl80211: P2P probe - mask SuppRates
08-21 17:00:51.972 14281 14281 D wpa_supplicant: Scan requested (ret=0) - scan timeout 30 seconds
08-21 17:00:51.973 14281 14281 D wpa_supplicant: nl80211: Drv Event 33 (NL80211_CMD_TRIGGER_SCAN) received for p2p-dev-wlan0
08-21 17:00:51.973 14281 14281 D wpa_supplicant: p2p-dev-wlan0: nl80211: Scan trigger
08-21 17:00:51.973 14281 14281 D wpa_supplicant: p2p-dev-wlan0: Event SCAN_STARTED (49) received
08-21 17:00:51.973 14281 14281 D wpa_supplicant: p2p-dev-wlan0: Own scan request started a scan in 0.000219 seconds
08-21 17:00:51.973 14281 14281 I wpa_supplicant: p2p-dev-wlan0: CTRL-EVENT-SCAN-STARTED 
08-21 17:00:51.973 14281 14281 D wpa_supplicant: CTRL_IFACE monitor sent successfully to /data/misc/wifi/sockets/wpa_ctrl_4223-4\x00
08-21 17:00:51.973 14281 14281 D wpa_supplicant: CTRL_IFACE monitor sent successfully to /data/misc/wifi/sockets/wpa_ctrl_1567-5\x00
08-21 17:00:51.973  4223 14333 D P2pExtMonWorker: Event [CTRL-EVENT-SCAN-STARTED ]
08-21 17:00:52.129 14281 14281 D wpa_supplicant: nl80211: Drv Event 34 (NL80211_CMD_NEW_SCAN_RESULTS) received for p2p-dev-wlan0
08-21 17:00:52.129 14281 14281 D wpa_supplicant: p2p-dev-wlan0: nl80211: New scan results available
08-21 17:00:52.129 14281 14281 D wpa_supplicant: nl80211: Scan probed for SSID 'DIRECT-'
08-21 17:00:52.129 14281 14281 D wpa_supplicant: nl80211: Scan included frequencies: 2412 2437 2462
08-21 17:00:52.129 14281 14281 D wpa_supplicant: p2p-dev-wlan0: Event SCAN_RESULTS (3) received
08-21 17:00:52.129 14281 14281 D wpa_supplicant: p2p-dev-wlan0: Scan completed in 0.156374 seconds
08-21 17:00:52.129 14281 14281 D wpa_supplicant: nl80211: Received scan results (1 BSSes)
08-21 17:00:52.130 14281 14281 D wpa_supplicant: p2p-dev-wlan0: BSS: Start scan result update 1018
08-21 17:00:52.130 14281 14281 D wpa_supplicant: BSS: last_scan_res_used=0/64
08-21 17:00:52.130 14281 14281 D wpa_supplicant: p2p-dev-wlan0: Radio work 'p2p-scan'@0x7f9581c280 done in 0.161761 seconds
08-21 17:00:52.130 14281 14281 D wpa_supplicant: P2P: Scan results received (1 BSS)
08-21 17:00:52.130 14281 14281 D wpa_supplicant: P2P: Ignore old scan result for 4e:09:d4:43:0e:ee (rx_time=21060.645094)
08-21 17:00:52.130 14281 14281 D wpa_supplicant: P2P: State SEARCH -> SEARCH
08-21 17:00:52.130 14281 14281 D wpa_supplicant: wpa_driver_set_ap_wps_p2p_ie: Entry
08-21 17:00:52.130 14281 14281 D wpa_supplicant: P2P: Starting search [LGE_P2P] P2P_SCAN_FULL
08-21 17:00:52.130 14281 14281 D wpa_supplicant: WPS: Building WPS IE for Probe Request
08-21 17:00:52.130 14281 14281 D wpa_supplicant: WPS:  * Version (hardcoded 0x10)
08-21 17:00:52.130 14281 14281 D wpa_supplicant: WPS:  * Request Type
08-21 17:00:52.130 14281 14281 D wpa_supplicant: WPS:  * Config Methods (5388)
08-21 17:00:52.130 14281 14281 D wpa_supplicant: WPS:  * UUID-E
08-21 17:00:52.130 14281 14281 D wpa_supplicant: WPS:  * Primary Device Type
08-21 17:00:52.130 14281 14281 D wpa_supplicant: WPS:  * RF Bands (3)
08-21 17:00:52.130 14281 14281 D wpa_supplicant: WPS:  * Association State
08-21 17:00:52.130 14281 14281 D wpa_supplicant: WPS:  * Configuration Error (0)
08-21 17:00:52.130 14281 14281 D wpa_supplicant: WPS:  * Device Password ID (0)
08-21 17:00:52.130 14281 14281 D wpa_supplicant: WPS:  * Manufacturer
08-21 17:00:52.130 14281 14281 D wpa_supplicant: WPS:  * Model Name
08-21 17:00:52.130 14281 14281 D wpa_supplicant: WPS:  * Model Number
08-21 17:00:52.130 14281 14281 D wpa_supplicant: WPS:  * Device Name
08-21 17:00:52.130 14281 14281 D wpa_supplicant: WPS:  * Version2 (0x20)
08-21 17:00:52.130 14281 14281 D wpa_supplicant: WPS:  * Request to Enroll (1)
08-21 17:00:52.130 14281 14281 D wpa_supplicant: WFDS: Extra buffer length (0) for Scan Request
08-21 17:00:52.130 14281 14281 D wpa_supplicant: P2P: * P2P IE header
08-21 17:00:52.130 14281 14281 D wpa_supplicant: P2P: * Capability dev=25 group=00
08-21 17:00:52.130 14281 14281 D wpa_supplicant: P2P: * Listen Channel: Regulatory Class 81 Channel 11
08-21 17:00:52.130 14281 14281 D wpa_supplicant: p2p-dev-wlan0: Add radio work 'p2p-scan'@0x7f9581c280
08-21 17:00:52.130 14281 14281 D wpa_supplicant: p2p-dev-wlan0: First radio work item in the queue - schedule start immediately
08-21 17:00:52.130 14281 14281 D wpa_supplicant: P2P: Running p2p_scan
08-21 17:00:52.130 14281 14281 D wpa_supplicant: p2p-dev-wlan0: Starting radio work 'p2p-scan'@0x7f9581c280 after 0.000118 second wait
08-21 17:00:52.130 14281 14281 D wpa_supplicant: p2p-dev-wlan0: nl80211: scan request
08-21 17:00:52.130 14281 14281 D wpa_supplicant: nl80211: P2P probe - mask SuppRates
08-21 17:00:52.134 14281 14281 D wpa_supplicant: Scan requested (ret=0) - scan timeout 30 seconds
08-21 17:00:52.135 14281 14281 D wpa_supplicant: nl80211: Drv Event 33 (NL80211_CMD_TRIGGER_SCAN) received for p2p-dev-wlan0
08-21 17:00:52.135 14281 14281 D wpa_supplicant: p2p-dev-wlan0: nl80211: Scan trigger
08-21 17:00:52.135 14281 14281 D wpa_supplicant: p2p-dev-wlan0: Event SCAN_STARTED (49) received
08-21 17:00:52.135 14281 14281 D wpa_supplicant: p2p-dev-wlan0: Own scan request started a scan in 0.000164 seconds
08-21 17:00:52.135 14281 14281 I wpa_supplicant: p2p-dev-wlan0: CTRL-EVENT-SCAN-STARTED 
08-21 17:00:52.135 14281 14281 D wpa_supplicant: CTRL_IFACE monitor sent successfully to /data/misc/wifi/sockets/wpa_ctrl_4223-4\x00
08-21 17:00:52.135 14281 14281 D wpa_supplicant: CTRL_IFACE monitor sent successfully to /data/misc/wifi/sockets/wpa_ctrl_1567-5\x00
08-21 17:00:52.135  4223 14333 D P2pExtMonWorker: Event [CTRL-EVENT-SCAN-STARTED ]
08-21 17:00:52.812  1567  3233 D InputDispatcher: notifyMotion - action=ACTION_DOWN(0), id=0, x=1273.000, y=152.000, tooltype=1, deviceId=4, source=0x1002, policyFlags=0x0, flags=0x0, metaState=0x0, buttonState=0x0, edgeFlags=0x0, eventTime=14404923749000, downTime=14404923749000, 
08-21 17:00:52.812  1567  3232 D InputTransport: channel '53234fc com.lge.wifisettings/com.lge.wifisettings.activity.WifiScreenSettingsActivity (server)' : action=ACTION_DOWN(0), id=0, x=1273.000, y=152.000, [tooltype=1, deviceId=4, source=0x1002, flags=0x0, edgeFlags=0x0, metaState=0x0, buttonState=0x0, downTime=14404923749000, eventTime=14404923749000, pointerCount=1
08-21 17:00:52.871  1567  3233 D InputDispatcher: notifyMotion - action=ACTION_UP(0), id=0, x=1268.000, y=154.000, tooltype=1, deviceId=4, source=0x1002, policyFlags=0x0, flags=0x0, metaState=0x0, buttonState=0x0, edgeFlags=0x0, eventTime=14404982038000, downTime=14404923749000, 
08-21 17:00:52.871  1567  3232 D InputTransport: channel '53234fc com.lge.wifisettings/com.lge.wifisettings.activity.WifiScreenSettingsActivity (server)' : action=ACTION_UP(0), id=0, x=1268.000, y=154.000, [tooltype=1, deviceId=4, source=0x1002, flags=0x0, edgeFlags=0x0, metaState=0x0, buttonState=0x0, downTime=14404923749000, eventTime=14404982038000, pointerCount=1
08-21 17:00:52.886  4064  4081 D WfdStateTracker: setWifiDisplayEnabled (2) false with 0
08-21 17:00:52.886  4064  4081 D UinputSourceController: Deinit : current mUibcState is INVALID
08-21 17:00:52.886  4064  4081 D WfdStateTracker: Wfd0 State Changed from 2 to 7
08-21 17:00:52.891  4558  4558 D DSDPConnection: HDMICable or WFD ConnectedEvent [com.lge.systemservice.core.wfdmanager.WFD_STATE_CHANGED]
08-21 17:00:52.891  4558  4558 D DSDPConnection: [DSDP]StatusReceiver::WFD Connected: false ExternalDevice: 0
08-21 17:00:52.891  4558  4558 W DsdpExternalView: dismissDsdpPopup()
08-21 17:00:52.891  4558  4558 D DsdpStatus: setIsExternalDeviceConnected() connected : false
08-21 17:00:52.891  4064  4081 I WfdStateTracker: Turn off Wi-Fi to return to previous state
08-21 17:00:52.891  4634  4634 D Leccp_1.0.23: [MiracastHandler] onReceive WFD_STATE_CHANGED_ACTION WfdStatus: 2 --> 7
08-21 17:00:52.892  3599  3599 I [SystemUI]QuickSettingsHandler: Got action com.lge.systemservice.core.wfdmanager.WFD_STATE_CHANGED at null
08-21 17:00:52.897 14281 14281 D wpa_supplicant: wlan0: Control interface command 'DISCONNECT'
08-21 17:00:52.897 14281 14281 D wpa_supplicant: wlan0: Cancelling scan request
08-21 17:00:52.897 14281 14281 D wpa_supplicant: wlan0: Request to deauthenticate - bssid=00:00:00:00:00:00 pending_bssid=00:00:00:00:00:00 reason=3 state=DISCONNECTED
08-21 17:00:52.897 14281 14281 D wpa_supplicant: TDLS: Tear down peers
08-21 17:00:52.897 14281 14281 D wpa_supplicant: wlan0: State: DISCONNECTED -> DISCONNECTED
08-21 17:00:52.897 14281 14281 D wpa_supplicant: nl80211: Set wlan0 operstate 0->0 (DORMANT)
08-21 17:00:52.897 14281 14281 D wpa_supplicant: netlink: Operstate: ifindex=5 linkmode=-1 (no change), operstate=5 (IF_OPER_DORMANT)
08-21 17:00:52.897 14281 14281 D wpa_supplicant: EAPOL: External notification - portEnabled=0
08-21 17:00:52.897 14281 14281 D wpa_supplicant: EAPOL: External notification - portValid=0
08-21 17:00:52.901  1567  4376 E OsAgent :  Wifi Scan Always Available: 1
08-21 17:00:52.901  1567  4376 E Subscription_jni: V/Entering void bool_dataitem_update(JNIEnv*, jobject, jintArray, jbooleanArray) line 166 
08-21 17:00:52.901  1567  4376 E IzatSvc_OSObserver: V/Entering virtual void izat_manager::OSObserver::notify(const std::__1::list<izat_manager::IDataItem*>&) line 523 
08-21 17:00:52.901  1567  4376 E IzatSvc_OSObserver: I/LocTech-Label :: OSOBSERVER :: Data Items In
08-21 17:00:52.901  1567  4376 E         : V/Entering virtual void izat_manager::WifiHardwareStateDataItemStringifier::stringify(std::__1::string&) line 138 
08-21 17:00:52.901  1567  4376 E         : V/Exiting virtual void izat_manager::WifiHardwareStateDataItemStringifier::stringify(std::__1::string&) line 146 "0"
08-21 17:00:52.901  1567  4376 E IzatSvc_OSObserver: I/LocTech-Value :: Data Item Value: IS_WIFI_HARDWARE_ON: true
08-21 17:00:52.901  1567  4376 E         : V/Entering virtual int32 izat_manager::WifiHardwareStateDataItemCopier::copy(izat_manager::IDataItem*, bool*) line 139 
08-21 17:00:52.901  1567  4376 E         : V/Exiting virtual int32 izat_manager::WifiHardwareStateDataItemCopier::copy(izat_manager::IDataItem*, bool*) line 147 "0"
08-21 17:00:52.902  1567  4376 E LocSvc_utils_q: D/msg_q_snd: Sending message with handle = 0x70D94B00
08-21 17:00:52.902  1567  4376 E LocSvc_utils_ll: D/linked_list_add: Adding to list data_obj = 0x70D94B00
08-21 17:00:52.902  1567  4376 E LocSvc_utils_q: D/msg_q_snd: Finished Sending message with handle = 0x70D94B00
08-21 17:00:52.902  1567  4376 E IzatSvc_OSObserver: V/Exiting virtual void izat_manager::OSObserver::notify(const std::__1::list<izat_manager::IDataItem*>&) line 544 "0"
08-21 17:00:52.902  1567  4376 E Subscription_jni: V/Exiting void bool_dataitem_update(JNIEnv*, jobject, jintArray, jbooleanArray) line 221 "0"
08-21 17:00:52.902  1567  4376 E OsAgent :  Wifi Scan Always Available: 1
08-21 17:00:52.902  1567  4376 E Subscription_jni: V/Entering void bool_dataitem_update(JNIEnv*, jobject, jintArray, jbooleanArray) line 166 
08-21 17:00:52.902  1567  4376 E IzatSvc_OSObserver: V/Entering virtual void izat_manager::OSObserver::notify(const std::__1::list<izat_manager::IDataItem*>&) line 523 
08-21 17:00:52.902  1567  4376 E IzatSvc_OSObserver: I/LocTech-Label :: OSOBSERVER :: Data Items In
08-21 17:00:52.902  1567  4376 E         : V/Entering virtual void izat_manager::WifiHardwareStateDataItemStringifier::stringify(std::__1::string&) line 138 
08-21 17:00:52.902  1567  4376 E         : V/Exiting virtual void izat_manager::WifiHardwareStateDataItemStringifier::stringify(std::__1::string&) line 146 "0"
08-21 17:00:52.902  1567  4376 E IzatSvc_OSObserver: I/LocTech-Value :: Data Item Value: IS_WIFI_HARDWARE_ON: true
08-21 17:00:52.902  1567  4376 E         : V/Entering virtual int32 izat_manager::WifiHardwareStateDataItemCopier::copy(izat_manager::IDataItem*, bool*) line 139 
08-21 17:00:52.902  1567  4376 E         : V/Exiting virtual int32 izat_manager::WifiHardwareStateDataItemCopier::copy(izat_manager::IDataItem*, bool*) line 147 "0"
08-21 17:00:52.902  1567  4379 E LocSvc_utils_ll: D/linked_list_remove: Removing from list
08-21 17:00:52.902  1567  4379 E LocSvc_utils_q: D/msg_q_rcv: Received message 0x70D94B00 rv = 0
08-21 17:00:52.902  1567  4379 E IzatSvc_OSObserver: V/Entering virtual void izat_manager::OSObserver::HandleNotify::proc() const line 420 
08-21 17:00:52.902  1567  4379 E IzatSvc_OSObserver: V/Entering int izat_manager::OSObserver::updateCache(izat_manager::IDataItem*, bool&) line 629 
08-21 17:00:52.902  1567  4379 E         : V/Entering virtual int32 izat_manager::WifiHardwareStateDataItemCopier::copy(izat_manager::IDataItem*, bool*) line 139 
08-21 17:00:52.902  1567  4379 E         : V/Exiting virtual int32 izat_manager::WifiHardwareStateDataItemCopier::copy(izat_manager::IDataItem*, bool*) line 147 "0"
08-21 17:00:52.902  1567  4379 E IzatSvc_OSObserver: V/Exiting int izat_manager::OSObserver::updateCache(izat_manager::IDataItem*, bool&) line 654 "0"
08-21 17:00:52.902  1567  3244 D WifiOffDelayIfNotUsed: stopMonitoring
08-21 17:00:52.902  1567  4379 E IzatSvc_OSObserver: D/LocTech-Label :: OSOBSERVER :: Data Items Out
08-21 17:00:52.902  1567  4376 E LocSvc_utils_q: D/msg_q_snd: Sending message with handle = 0x70C12790
08-21 17:00:52.902  1567  4379 E IzatSvc_OSObserver: V/Exiting virtual void izat_manager::OSObserver::HandleNotify::proc() const line 458 "0"
08-21 17:00:52.902  1567  4376 E LocSvc_utils_ll: D/linked_list_add: Adding to list data_obj = 0x70C12790
08-21 17:00:52.902  1567  4376 E LocSvc_utils_q: D/msg_q_snd: Finished Sending message with handle = 0x70C12790
08-21 17:00:52.902  1567  4379 E LocSvc_MsgTask: D/MsgTask::loop() listening ...
08-21 17:00:52.903  1567  4379 E LocSvc_utils_q: D/msg_q_rcv: Waiting on message
08-21 17:00:52.903  1567  4376 E IzatSvc_OSObserver: V/Exiting virtual void izat_manager::OSObserver::notify(const std::__1::list<izat_manager::IDataItem*>&) line 544 "0"
08-21 17:00:52.903  1567  4379 E LocSvc_utils_ll: D/linked_list_remove: Removing from list
08-21 17:00:52.903  1567  4376 E Subscription_jni: V/Exiting void bool_dataitem_update(JNIEnv*, jobject, jintArray, jbooleanArray) line 221 "0"
08-21 17:00:52.903  1567  4379 E LocSvc_utils_q: D/msg_q_rcv: Received message 0x70C12790 rv = 0
08-21 17:00:52.903  1567  4379 E IzatSvc_OSObserver: V/Entering virtual void izat_manager::OSObserver::HandleNotify::proc() const line 420 
08-21 17:00:52.903  1567  4379 E IzatSvc_OSObserver: V/Entering int izat_manager::OSObserver::updateCache(izat_manager::IDataItem*, bool&) line 629 
08-21 17:00:52.903  1567  4379 E         : V/Entering virtual int32 izat_manager::WifiHardwareStateDataItemCopier::copy(izat_manager::IDataItem*, bool*) line 139 
08-21 17:00:52.903  1567  4379 E         : V/Exiting virtual int32 izat_manager::WifiHardwareStateDataItemCopier::copy(izat_manager::IDataItem*, bool*) line 147 "0"
08-21 17:00:52.903  1567  4379 E IzatSvc_OSObserver: V/Exiting int izat_manager::OSObserver::updateCache(izat_manager::IDataItem*, bool&) line 654 "0"
08-21 17:00:52.903  1567  4379 E IzatSvc_OSObserver: D/LocTech-Label :: OSOBSERVER :: Data Items Out
08-21 17:00:52.903  1567  4379 E IzatSvc_OSObserver: V/Exiting virtual void izat_manager::OSObserver::HandleNotify::proc() const line 458 "0"
08-21 17:00:52.903  1567  4379 E LocSvc_MsgTask: D/MsgTask::loop() listening ...
08-21 17:00:52.903  1567  4379 E LocSvc_utils_q: D/msg_q_rcv: Waiting on message
08-21 17:00:52.903  4064  4081 I WfdMonitor: Stop WfdMonitor
08-21 17:00:52.903  4064  4081 D WfdStateTracker: Wfd0 State Changed from 7 to 0
08-21 17:00:52.903  3599  3599 I [SystemUI]MiracastHandler: updateButton(), state = 2
08-21 17:00:52.909  4064  4064 V WfdStateTracker: handleDirectStateChangedEvent: 0
08-21 17:00:52.909  4064  4064 I WfdMonitor: Stop WfdMonitor
08-21 17:00:52.909  4223  4223 D WfdsService: WIFI_P2P_PEERS_CHANGED_ACTION
08-21 17:00:52.910 21264 21264 I PeopleActivity: MobileDataSetting Changed
08-21 17:00:52.910 21264 21264 I Dialer.DialpadFragment: fragment. refreshUI
08-21 17:00:52.910  4223  4223 D WfdsService: WifiP2pState is changed : false
08-21 17:00:52.910 21264 21264 E Dialer-DialerCmdBtnManager: getCarrier() : Fail GLOBAL is not a constant in com.android.contacts.dialpad.DialerCmdBtnManager$CarrierConfig$Carrier
08-21 17:00:52.910 14281 14281 D wpa_supplicant: wlan0: Control interface command 'DISCONNECT'
08-21 17:00:52.910 14281 14281 D wpa_supplicant: wlan0: Cancelling scan request
08-21 17:00:52.910 14281 14281 D wpa_supplicant: wlan0: Request to deauthenticate - bssid=00:00:00:00:00:00 pending_bssid=00:00:00:00:00:00 reason=3 state=DISCONNECTED
08-21 17:00:52.910 14281 14281 D wpa_supplicant: TDLS: Tear down peers
08-21 17:00:52.910 14281 14281 D wpa_supplicant: wlan0: State: DISCONNECTED -> DISCONNECTED
08-21 17:00:52.910 14281 14281 D wpa_supplicant: nl80211: Set wlan0 operstate 0->0 (DORMANT)
08-21 17:00:52.910 14281 14281 D wpa_supplicant: netlink: Operstate: ifindex=5 linkmode=-1 (no change), operstate=5 (IF_OPER_DORMANT)
08-21 17:00:52.910 14281 14281 D wpa_supplicant: EAPOL: External notification - portEnabled=0
08-21 17:00:52.910 14281 14281 D wpa_supplicant: EAPOL: External notification - portValid=0
08-21 17:00:52.911  4223  4332 D WfdsService: WfdsEnabledState: Receive the WFDS_DISABLE message
08-21 17:00:52.911 14281 14281 D wpa_supplicant: wlan0: Control interface command 'SET pno 0'
08-21 17:00:52.911 14281 14281 D wpa_supplicant: CTRL_IFACE SET 'pno'='0'
08-21 17:00:52.928  1567  1567 I WifiServerServiceExt: WIFI_STATE_CHANGED_ACTION [1]
08-21 17:00:52.929  1567  3248 I WifiServerServiceExt: batteryPsActivateMsgHandler : state:0 event:1
08-21 17:00:52.929  1567  3248 I WifiServerServiceExt: batteryPsActivateMsgHandler : this is not treated
08-21 17:00:52.931  3599  3599 D [SystemUI]QuickSettingsButton: Set image resource for Miracast button. status = 2, clickable = false
08-21 17:00:52.931  3599  3599 D [SystemUI]QuickSettingsHandler: Miracast :Miracast.
08-21 17:00:52.934  3599  3599 I [SystemUI]QuickSettingsHandler: Got action android.net.wifi.p2p.STATE_CHANGED at null
08-21 17:00:52.936  1567  1567 E WifiServerServiceExt: No p2p device connected
08-21 17:00:52.942 21264 21264 E Dialer-DialerCmdBtnManager: getCarrier() : Fail GLOBAL is not a constant in com.android.contacts.dialpad.DialerCmdBtnManager$CarrierConfig$Carrier
08-21 17:00:52.943 21264 21264 D Dialer-DialerCmdBtnManager: Current conditions : OPEN, 
08-21 17:00:52.943 21264 21264 I Dialer-DialerCmdBtnManager: cond :OPEN, 
08-21 17:00:52.943 21264 21264 W SystemConfig: isQSlideSupported :true
08-21 17:00:52.943  3599  4063 I [SystemUI]NetworkController: onReceive: intent=Intent { act=android.net.wifi.WIFI_STATE_CHANGED flg=0x4000010 (has extras) }
08-21 17:00:52.944  3599  4063 D NetworkController.WifiSignalController: Change in state from: connected=false,enabled=true,level=0,inetCondition=0,iconGroup=IconGroup(Default Wi-Fi Icons),activityIn=true,activityOut=true,rssi=-52,lastModified=08-21 05:00:30,ssid=null
08-21 17:00:52.944  3599  4063 D NetworkController.WifiSignalController: 	to: connected=false,enabled=false,level=0,inetCondition=0,iconGroup=IconGroup(Default Wi-Fi Icons),activityIn=true,activityOut=true,rssi=-52,lastModified=08-21 05:00:30,ssid=null
08-21 17:00:52.945  4223  4332 D p2pext_jni: doCommand: P2P_STOP_FIND
08-21 17:00:52.946 14281 14281 D wpa_supplicant: p2p-dev-wlan0: Control interface command 'P2P_STOP_FIND'
08-21 17:00:52.946 14281 14281 D wpa_supplicant: P2P: Stopping find
08-21 17:00:52.946 14281 14281 D wpa_supplicant: P2P: Clear timeout (state=SEARCH)
08-21 17:00:52.946 14281 14281 I wpa_supplicant: P2P-FIND-STOPPED 
08-21 17:00:52.946 14281 14281 D wpa_supplicant: CTRL_IFACE monitor sent successfully to /data/misc/wifi/sockets/wpa_ctrl_4223-4\x00
08-21 17:00:52.946 14281 14281 D wpa_supplicant: CTRL_IFACE monitor sent successfully to /data/misc/wifi/sockets/wpa_ctrl_1567-5\x00
08-21 17:00:52.946 14281 14281 D wpa_supplicant: P2P: State SEARCH -> IDLE
08-21 17:00:52.946 14281 14281 D wpa_supplicant: P2P: Clear timeout (state=IDLE)
08-21 17:00:52.946 14281 14281 D wpa_supplicant: wpa_driver_set_ap_wps_p2p_ie: Entry
08-21 17:00:52.947  4223 14333 D P2pExtMonWorker: Event [P2P-FIND-STOPPED ]
08-21 17:00:52.947  4223  4332 D WfdsService: Set the WFDS Monitor: false
08-21 17:00:52.947  4223  4332 D WfdsService: Do not stopped the monitor because of ScanAlwaysAvailable mode
08-21 17:00:52.947  4223  4332 D WfdsService: STATE : WfdsDisabledState - enter
08-21 17:00:52.947  4223  4332 D WfdsService: WFDS: Scanner is paused
08-21 17:00:52.947  4223  4332 D WfdsDiscoveryStore: Clear Discovery Method Map: ScanAlwaysMode true
08-21 17:00:52.948  4223  4319 W WfdsSession:Controller: DefaultState - msg [9441355] is not handled
08-21 17:00:52.957 21264 21264 I PeopleActivity: MobileDataSetting Changed
08-21 17:00:52.957  4634  4634 D Leccp_1.0.23: [P2PScanner] WIFI_P2P_PEERS_CHANGED_ACTION mIsReady: false, WfdState: 7
08-21 17:00:52.957 21264 21264 I Dialer.DialpadFragment: fragment. refreshUI
08-21 17:00:52.958 21264 21264 E Dialer-DialerCmdBtnManager: getCarrier() : Fail GLOBAL is not a constant in com.android.contacts.dialpad.DialerCmdBtnManager$CarrierConfig$Carrier
08-21 17:00:52.964  3599  3599 I [SystemUI]QuickSettingsHandler: Got action android.net.wifi.WIFI_STATE_CHANGED at null
08-21 17:00:52.966 21264 21264 E Dialer-DialerCmdBtnManager: getCarrier() : Fail GLOBAL is not a constant in com.android.contacts.dialpad.DialerCmdBtnManager$CarrierConfig$Carrier
08-21 17:00:52.966 21264 21264 D Dialer-DialerCmdBtnManager: Current conditions : OPEN, 
08-21 17:00:52.966 21264 21264 I Dialer-DialerCmdBtnManager: cond :OPEN, 
08-21 17:00:52.966 21264 21264 W SystemConfig: isQSlideSupported :true
08-21 17:00:52.971  4064  4081 D WfdStateTracker: wfd mode set to -1
08-21 17:00:52.976  4634  4634 D Leccp_1.0.23: [NetworkP2p] onReceive WIFI_P2P_STATE_CHANGED_ACTION state: 1
08-21 17:00:52.976  4634  4634 D Leccp_1.0.23: [NetworkP2p] setState currentState: 0 ,state: 0, ipAddress: null
08-21 17:00:52.976  4634  4634 D Leccp_1.0.23: [ConnectionManager] onListenerMessage P2P ON_DISABLED
08-21 17:00:52.976  4634  4634 D Leccp_1.0.23: [NetworkWifi] onReceive WIFI_STATE_CHANGED_ACTION state: 1
08-21 17:00:52.976  4634  4634 D Leccp_1.0.23: [ConnectionManager] onListenerMessage WIFI ON_DISABLED
08-21 17:00:52.976  4634  4711 D Leccp_1.0.23: [DlnaHandler] clearDevices
08-21 17:00:52.976  4634  4711 D Leccp_1.0.23: [DlnaHandler] setRemoveDevices
08-21 17:00:52.976  4634  4711 D Leccp_1.0.23: [DlnaHandler] doRemoveDevices size: 0
08-21 17:00:52.976  4634  4732 D Leccp_1.0.23: [MiracastHandler] removeDevice deviceName: [TV][LG]32LB580B-SA, deviceAddress: 4e:09:d4:43:0e:ee
08-21 17:00:52.976  4634  4732 D Leccp_1.0.23: [ModuleListener_MIRA] onRemovedDevice device: 4_4e:09:d4:43:0e:ee
08-21 17:00:52.977  4634  4744 D Leccp_1.0.23: [CardController] onRemovedDevice module: MIRACAST, device: 4_4e:09:d4:43:0e:ee
08-21 17:00:52.977  4634  4744 D Leccp_1.0.23: [CardManager] removedDevice module: MIRACAST, leccpDevice: 4_4e:09:d4:43:0e:ee
08-21 17:00:52.977  4634  4744 D Leccp_1.0.23: [CardManager] checkRemoveCard module: MIRACAST, leccpDevice: 4_4e:09:d4:43:0e:ee
08-21 17:00:52.977  4634  4744 D Leccp_1.0.23: [CardController] onCardRemoved cardId: 4_4e:09:d4:43:0e:ee
08-21 17:00:52.977  4634  4740 D Leccp_1.0.23: [LeccpService] onCardRemoved card: 4_4e:09:d4:43:0e:ee
08-21 17:00:52.978  3599  3599 D [SystemUI]QuickSettingsButton: Set image resource for Wi-Fi button. status = 3, clickable = true
08-21 17:00:52.979  3599  3599 D [SystemUI]QuickSettingsHandler: Wi-Fi :Wi-Fi Desligado.
08-21 17:00:52.983  4558  4558 D DSDPConnection: HDMICable or WFD ConnectedEvent [com.lge.systemservice.core.wfdmanager.WFD_STATE_CHANGED]
08-21 17:00:52.983  4558  4558 D DSDPConnection: [DSDP]StatusReceiver::WFD Connected: false ExternalDevice: 0
08-21 17:00:52.983  4558  4558 W DsdpExternalView: dismissDsdpPopup()
08-21 17:00:52.983  4558  4558 D DsdpStatus: setIsExternalDeviceConnected() connected : false
08-21 17:00:52.984  4634  4634 D Leccp_1.0.23: [MiracastHandler] onReceive WFD_STATE_CHANGED_ACTION WfdStatus: 7 --> 0
08-21 17:00:52.985  3599  3599 I [SystemUI]QuickSettingsHandler: Got action com.lge.systemservice.core.wfdmanager.WFD_STATE_CHANGED at null
08-21 17:00:52.997  4064  4064 D WfdStateTracker: Wfd-1 State Changed from 0 to 0
08-21 17:00:53.003  1567  3268 V SoundPool: play sampleID=1, leftVolume=1.000000, rightVolume=1.000000, priority=0, loop=0, rate=1.000000
08-21 17:00:53.003  1567  3268 V SoundPool: mState = 4 mChannelID=515, mNumChannels=2, mPos = 0, mPriority=0, mLoop=0
08-21 17:00:53.003  1567  3268 V SoundPool: mState = 0 mChannelID=516, mNumChannels=2, mPos = 0, mPriority=-1, mLoop=0
08-21 17:00:53.003  1567  3268 V SoundPool: mState = 4 mChannelID=524, mNumChannels=2, mPos = 0, mPriority=0, mLoop=0
08-21 17:00:53.003  1567  3268 V SoundPool: mState = 0 mChannelID=535, mNumChannels=2, mPos = 0, mPriority=-1, mLoop=0
08-21 17:00:53.003  1567  3268 V SoundPool: Allocated recycled channel for same sampleID
08-21 17:00:53.003  1567  3268 V SoundPool: play channel 0x7f674e34d0 state = 0
08-21 17:00:53.003  1567  3268 V SoundPool: SoundChannel::play 0x7f674e34d0: sampleID=1, channelID=536, leftVolume=1.000000, rightVolume=1.000000, priority=0, loop=0, rate=1.000000
08-21 17:00:53.005  4064  4064 W WfdStateTracker: setWfdMode: no need to change
08-21 17:00:53.008  3386 22564 V APM::AudioPolicyManager: getOutput() device 2, stream 1, samplingRate 0, format 0, channelMask 3, flags 0
08-21 17:00:53.009  3386 22564 V APM::AudioPolicyManager:   getOutputForDevice() returns output 2
08-21 17:00:53.012  3599  3599 I [SystemUI]MiracastHandler: updateButton(), state = 3
08-21 17:00:53.012  3599  3599 D [SystemUI]QuickSettingsButton: Set image resource for Miracast button. status = 3, clickable = true
08-21 17:00:53.012  3599  3599 D [SystemUI]QuickSettingsHandler: Miracast :Miracast Desligado.
08-21 17:00:53.017 31963 31963 V WifiScreenEnabler: handleScreenStateChanged: 7 set: false enabled: false
08-21 17:00:53.018  1567  3268 V AudioSystem: getFrameCount() output 2, frameCount 960
08-21 17:00:53.020  4558  4558 D DSDPConnection: HDMICable or WFD ConnectedEvent [com.lge.systemservice.core.wfdmanager.WFD_STATE_CHANGED]
08-21 17:00:53.020  4558  4558 D DSDPConnection: [DSDP]StatusReceiver::WFD Connected: false ExternalDevice: 0
08-21 17:00:53.020  4558  4558 W DsdpExternalView: dismissDsdpPopup()
08-21 17:00:53.020  4558  4558 D DsdpStatus: setIsExternalDeviceConnected() connected : false
08-21 17:00:53.021  4634  4634 D Leccp_1.0.23: [MiracastHandler] onReceive WFD_STATE_CHANGED_ACTION WfdStatus: 0 --> 0
08-21 17:00:53.022  3599  3599 I [SystemUI]QuickSettingsHandler: Got action com.lge.systemservice.core.wfdmanager.WFD_STATE_CHANGED at null
08-21 17:00:53.032  3386  3386 V APM::AudioPolicyManager: getOutput() device 2, stream 1, samplingRate 0, format 0, channelMask 3, flags 0
08-21 17:00:53.032  3386  3386 V APM::AudioPolicyManager:   getOutputForDevice() returns output 2
08-21 17:00:53.039  1567  3268 V AudioSystem: getOutputSamplingRate() reading from output desc
08-21 17:00:53.039  1567  3268 V AudioSystem: getSamplingRate() output 2, sampling rate 48000
08-21 17:00:53.039  1567  3268 V SoundPool: reusing track 0x7f70e1d700 for sample 1
08-21 17:00:53.044  3386 20520 V APM::AudioPolicyManager: startOutput() output 2, stream 1, session 945
08-21 17:00:53.044  3386 20520 V APM::AudioPolicyManager: setBeaconMute(1) mBeaconMuteRefCount=1 mBeaconPlayingRefCount=0
08-21 17:00:53.044  3386 20520 V APM::AudioPolicyManager: getNewOutputDevice() selected device 2
08-21 17:00:53.044  3386 20520 V APM::AudioPolicyManager: setOutputDevice() device 0002 delayMs 0
08-21 17:00:53.044  3386 20520 V APM::AudioPolicyManager: setOutputDevice() prevDevice 0x0002
08-21 17:00:53.044  3386 20520 V APM::AudioPolicyManager: AudioPolicyManagerEx::getRingerMode() mRingerMode 2
08-21 17:00:53.044  3386 20520 V APM::AudioPolicyManager: AudioPolicyManagerEx::getRingerMode() mRingerMode 2
08-21 17:00:53.045  3386 20520 V APM::AudioPolicyManager: AudioPolicyManagerEx::getRingerMode() mRingerMode 2
08-21 17:00:53.045  3386 20520 V APM::AudioPolicyManager: AudioPolicyManagerEx::getRingerMode() mRingerMode 2
08-21 17:00:53.045  3386 20520 V APM::AudioPolicyManager: AudioPolicyManagerEx::getRingerMode() mRingerMode 2
08-21 17:00:53.045  3386 20520 V APM::AudioPolicyManager: setOutputDevice() changing device
08-21 17:00:53.045  3386 20520 V AudioPolicyService: AudioCommandThread() adding create patch delay 0
08-21 17:00:53.045  3386 20520 V AudioPolicyService: inserting command: 7 at index 0, num commands 0
08-21 17:00:53.045  3386  3520 V AudioPolicyService: AudioCommandThread() waking up
08-21 17:00:53.045  3386  3520 V AudioPolicyService: AudioCommandThread() processing create audio patch
08-21 17:00:53.045  3386  3520 V AudioFlinger: sendConfigEvent_l() num events 1 event 3
08-21 17:00:53.045  3386  3533 V AudioFlinger: thread 0xf1040000 type 0 TID 3533 waking up
08-21 17:00:53.046  3386  3533 V AudioFlinger: acquireWakeLock_l() AudioOut_2 status 0
08-21 17:00:53.046  3386  3533 V AudioFlinger: processConfigEvents_l() remaining events 1
08-21 17:00:53.046  3386  3533 D audio_hw_primary: out_set_parameters: enter: usecase(1: low-latency-playback) kvpairs: routing=2
08-21 17:00:53.046  3386  3533 V audio_hw_primary: out_set_parameters: exit: code(0)
08-21 17:00:53.046  3386  3533 V AudioFlinger: processConfigEvents_l() DONE thread 0xf1040000
08-21 17:00:53.046  3386  3533 V AudioFlinger: acquireWakeLock_l() AudioOut_2 status 0
08-21 17:00:53.046  3386  3520 V AudioPolicyService: AudioCommandThread() going to sleep
08-21 17:00:53.046  3386 20520 V APM::AudioPolicyManager: setOutputDevice() createAudioPatch returned 0 patchHandle 974num_sources 1 num_sinks 1
08-21 17:00:53.046  3386 20520 V AudioPolicyService: AudioCommandThread() adding update audio patch list
08-21 17:00:53.046  3386 20520 V AudioPolicyService: inserting command: 10 at index 0, num commands 0
08-21 17:00:53.046  3386 20520 V APM::AudioPolicyManager: checkAndSetVolume setParameters volume, volume=:0.180406 delay=:0
08-21 17:00:53.046  3386  3521 V AudioPolicyService: AudioCommandThread() waking up
08-21 17:00:53.046  3386 20520 V AudioPolicyService: AudioCommandThread() adding set parameter string fm_volume=0.1804062873, io 2 ,delay 0
08-21 17:00:53.046  3386  3521 V AudioPolicyService: AudioCommandThread() processing update audio patch list
08-21 17:00:53.046  3386 20520 V AudioPolicyService: inserting command: 3 at index 0, num commands 0
08-21 17:00:53.046  3386  3521 V AudioPolicyService: AudioCommandThread() going to sleep
08-21 17:00:53.047  3386  3520 V AudioPolicyService: AudioCommandThread() waking up
08-21 17:00:53.047  3386  3520 V AudioPolicyService: AudioCommandThread() processing set parameters string fm_volume=0.1804062873, io 2
08-21 17:00:53.047  3386  3520 V AudioFlinger: setParameters(): io 2, keyvalue fm_volume=0.1804062873, calling pid 3386
08-21 17:00:53.047  3386  3520 V AudioFlinger: ThreadBase::setParameters() fm_volume=0.1804062873
08-21 17:00:53.047  3386  3520 V AudioFlinger: sendConfigEvent_l() num events 1 event 2
08-21 17:00:53.054  4064  4064 V WfdStateTracker: handleDirectStateChangedEvent: 0
08-21 17:00:53.056  3599  3599 I [SystemUI]MiracastHandler: updateButton(), state = 3
08-21 17:00:53.056  3599  3599 D [SystemUI]QuickSettingsButton: Button = Miracast ==> new status = 3, curStatus = 3
08-21 17:00:53.056  3386  3533 V AudioFlinger: processConfigEvents_l() remaining events 1
08-21 17:00:53.056  3599  3599 D [SystemUI]QuickSettingsHandler: Miracast :Miracast Desligado.
08-21 17:00:53.056  3386  3533 D audio_hw_primary: out_set_parameters: enter: usecase(1: low-latency-playback) kvpairs: fm_volume=0.1804062873
08-21 17:00:53.056  3386  3533 D audio_hw_fm: audio_extn_fm_set_parameters: set_fm_volume usecase
08-21 17:00:53.057  3386  3533 D audio_hw_fm: fm_set_volume: device=2 (0.180406)
08-21 17:00:53.057  3386  3533 V audio_hw_primary: out_set_parameters: exit: code(0)
08-21 17:00:53.057  3386  3533 V AudioFlinger: processConfigEvents_l() DONE thread 0xf1040000
08-21 17:00:53.057  3386  3520 V AudioPolicyService: AudioCommandThread() going to sleep
08-21 17:00:53.057  3386 20520 V APM::AudioPolicyManager: checkAndSetVolume() cannot set stream 6 volume with force use = 0 for comm
08-21 17:00:53.057  3386 20520 V AudioFlinger: signal playback thread
08-21 17:00:53.063 31963 31963 D WifiScreenSettings: handleScreenStateChanged == 7
08-21 17:00:53.064  1567  3268 V SoundPool: delete oldTrack 0x0
08-21 17:00:53.067  3386  3533 V AudioFlinger: acquireWakeLock_l() AudioOut_2 status 0
08-21 17:00:53.068  3386  3532 D audio_hw_primary: start_output_stream: enter: stream(0xf1b28080)usecase(1: low-latency-playback) devices(0x2)
08-21 17:00:53.069  3386  3532 E audio_hw_primary: select_devices: enter and usecase(1)
08-21 17:00:53.069  3386  3532 D msm8974_platform_lge: LGE_platform_get_output_snd_device: enter(0:2)
08-21 17:00:53.069  3386  3532 V msm8974_platform: platform_get_output_snd_device: enter: output devices(0x2)
08-21 17:00:53.069  3386  3532 V msm8974_platform: platform_get_output_snd_device: exit: snd_device(speaker)
08-21 17:00:53.069  3386  3532 V platform_apt: lge_get_output_in_mandatory_depth: enter and devices(2)
08-21 17:00:53.069  3386  3532 D msm8974_platform_lge: LGE_platform_get_output_snd_device: exit: out_snd_device(speaker)
08-21 17:00:53.069  3386  3532 D audio_hw_primary: select_devices: out_snd_device(2: speaker) in_snd_device(0: )
08-21 17:00:53.069  3386  3532 V msm8974_platform: platform_check_and_set_codec_backend_cfg usecase = 1
08-21 17:00:53.069  3386  3532 W msm8974_platform: Codec backend bitwidth 16, samplerate 48000
08-21 17:00:53.069  3386  3532 V msm8974_platform: Offload playback running bw 16 sr 48000
08-21 17:00:53.069  3386  3532 E audio_hw_primary: enable_snd_device: enter  2
08-21 17:00:53.069  3386  3532 D hardware_info: hw_info_append_hw_type : device_name = speaker
08-21 17:00:53.069  3386  3532 V audio_hw_3rdP_spkr_prot: lge_audio_3rdP_spk_prot_enable: Entry
08-21 17:00:53.096  3386  3532 V audio_hw_3rdP_spkr_prot: lge_audio_3rdP_spk_prot_enable: Exit
08-21 17:00:53.096  3386  3532 V audio_hw_primary: enable_snd_device: snd_device(2: speaker)
08-21 17:00:53.096  3386  3532 I audio_hw_primary: select_devices Selected apptype: 69937
08-21 17:00:53.096  3386  3532 V audio_hw_primary: enable_audio_route: enter: usecase(1)
08-21 17:00:53.096  3386  3532 D audio_hw_utils: audio_extn_utils_send_audio_calibration: audio_extn_utils_send_audio_calibration(0)
08-21 17:00:53.096  3386  3532 V msm8974_platform: platform_send_audio_calibration: sending audio calibration for snd_device(2) acdb_id(14)
08-21 17:00:53.096  3386  3532 D ACDB-LOADER: ACDB -> send_audio_cal, acdb_id = 14, path =  0
08-21 17:00:53.096  3386  3532 D ACDB-LOADER: ACDB -> send_asm_topology
08-21 17:00:53.096  3386  3532 D ACDB-LOADER: ACDB -> ACDB_CMD_GET_AUDPROC_STREAM_TOPOLOGY_ID
08-21 17:00:53.096  3386  3532 D ACDB-LOADER: ACDB -> send_adm_topology
08-21 17:00:53.096  3386  3532 D ACDB-LOADER: ACDB -> ACDB_CMD_GET_AUDPROC_COMMON_TOPOLOGY_ID
08-21 17:00:53.096  3386  3532 D ACDB-LOADER: ACDB -> send_audtable
08-21 17:00:53.096  3386  3532 D ACDB-LOADER: ACDB -> ACDB_CMD_GET_AUDPROC_COMMON_TABLE
08-21 17:00:53.096  3386  3532 D ACDB-LOADER: ACDB -> AUDIO_SET_AUDPROC_CAL
08-21 17:00:53.096  3386  3532 D ACDB-LOADER: ACDB -> send_audvoltable
08-21 17:00:53.096  3386  3532 D ACDB-LOADER: ACDB -> ACDB_CMD_GET_AUDPROC_GAIN_DEP_STEP_TABLE
08-21 17:00:53.096  3386  3532 D ACDB-LOADER: ACDB -> AUDIO_SET_AUDPROC_VOL_CAL
08-21 17:00:53.096  3386  3532 D ACDB-LOADER: ACDB -> send_afe_cal
08-21 17:00:53.096  3386  3532 D ACDB-LOADER: ACDB -> ACDB_CMD_GET_AFE_COMMON_TABLE
08-21 17:00:53.096  3386  3532 D ACDB-LOADER: ACDB -> AUDIO_SET_AFE_CAL
08-21 17:00:53.096  3386  3532 D ACDB-LOADER: ACDB -> send_hw_delay : acdb_id = 14 path = 0
08-21 17:00:53.096  3386  3532 D ACDB-LOADER: ACDB -> ACDB_AVSYNC_INFO: ACDB_CMD_GET_DEVICE_PROPERTY
08-21 17:00:53.097  3386  3532 I audio_hw_utils: audio_extn_utils_send_app_type_cfg app_type 69937, acdb_dev_id 14, sample_rate 48000
08-21 17:00:53.097 31963 31963 V WiFiOffLoadBroadcast: WiFiOffLoadBroadcast: android.net.wifi.WIFI_STATE_CHANGED
08-21 17:00:53.097  3386  3532 V msm8974_platform_lge: LGE_platform_add_backend_name: enter: 2
08-21 17:00:53.097  3386  3532 V audio_hw_primary: enable_audio_route: apply mixer and update path: low-latency-playback quat-mi2s-speaker
08-21 17:00:53.099  3386  3532 V audio_hw_primary: enable_audio_route: exit
08-21 17:00:53.099  3386  3532 D audio_hw_primary: select_devices: done
08-21 17:00:53.099  3386  3532 V audio_hw_primary: start_output_stream: Opening PCM device card_id(0) device_id(15) format(0)
08-21 17:00:53.102  3386  3532 V msm8974_platform: platform_set_channel_map channel_count:2
08-21 17:00:53.102  3386  3532 D msm8974_platform: platform_set_channel_map mixer_ctl_name:Playback Channel Map15
08-21 17:00:53.102  3386  3532 D msm8974_platform: platform_set_channel_map: set mapping(1 2 0 0 0 0 0 0) for channel:2
08-21 17:00:53.103  3386  3532 V audio_hw_primary: start_output_stream: exit
08-21 17:00:53.125 31963 31963 D WiFiOffLoadBroadcast: MCCMNC not supported: 72405
08-21 17:00:53.126 31963 31963 V WifiScreenEnabler: handleScreenStateChanged: 0 set: false enabled: false
08-21 17:00:53.134 31963 31963 D WifiScreenSettings: handleScreenStateChanged == 0
08-21 17:00:53.134  4907  5235 W Settings: Setting airplane_mode_on has moved from android.provider.Settings.System to android.provider.Settings.Global, returning read-only value.
08-21 17:00:53.160 31963 31963 V WifiScreenEnabler: handleScreenStateChanged: 0 set: false enabled: true
08-21 17:00:53.163 31963 31963 D WifiScreenSettings: handleScreenStateChanged == 0
08-21 17:00:53.167 31963 31963 D Search  : Broadcast action : android.net.wifi.WIFI_STATE_CHANGED
08-21 17:00:53.202  1529  1529 I LIA_SmartSetting(4.70.1.2)_LogCore: LIA Log setTagPrefix - prefix : LIA_SmartSetting(4.70.1.2)_
08-21 17:00:53.202  1529  1529 V LIA_SmartSetting(4.70.1.2)_ContextDetector: onReceive action android.net.wifi.WIFI_STATE_CHANGED
08-21 17:00:53.203  1529  1529 D LIA_SmartSetting(4.70.1.2)_WifiContextDetector: onReceive state= 1
08-21 17:00:53.203  1529  1529 D LIA_SmartSetting(4.70.1.2)_LGIFTTT: recipeSlug= arrive_home_wifi
08-21 17:00:53.203  1529  1529 D LIA_SmartSetting(4.70.1.2)_LGIFTTT: RECIPE_URI= content://com.lge.iftttmanager.provider/recipe
08-21 17:00:53.203  1529  1529 D LIA_SmartSetting(4.70.1.2)_LGIFTTT: selection= recipe_slug = "arrive_home_wifi"
08-21 17:00:53.205  1567   913 V SoundPool: process 0x7f674e34d0 channel 536 event BUFFER_END
08-21 17:00:53.205  1567  3920 V SoundPool: awake
08-21 17:00:53.205  1567  3920 V SoundPool: Getting channel from stop list
08-21 17:00:53.205  1567  3920 V SoundPool: stop
08-21 17:00:53.206  1567  3920 V SoundPool: done_l(536)
08-21 17:00:53.206  1567  3920 V SoundPool: move to front
08-21 17:00:53.207  1529  1529 D LIA_SmartSetting(4.70.1.2)_LGIFTTT: status= 0
08-21 17:00:53.207  1529  1529 D LIA_SmartSetting(4.70.1.2)_ContextDetector: onUpdate Wi-Fi off
08-21 17:00:53.209  1529  1529 I CAPP_DB_LOG: opened database address/path : 0xf518c980, /data/user/0/com.lge.ia.task.smartsetting/databases/smartsetting.db
08-21 17:00:53.211  1529  1529 I CAPP_DB_LOG:   database address : 0xf518c980, pragma journal_mode = PERSIST
08-21 17:00:53.212  1529  1529 I CAPP_DB_LOG:   database address : 0xf518c980, pragma journal_size_limit = 524288
08-21 17:00:53.212  1529  1529 I CAPP_DB_LOG:   database address : 0xf518c980, pragma wal_autocheckpoint = 100
08-21 17:00:53.214  1529  1529 D LIA_SmartSetting(4.70.1.2)_Recommender: onStatusChanged value= Wi-Fi off
08-21 17:00:53.217  1529  1529 V LIA_SmartSetting(4.70.1.2)_SenseLocation: getCurrentPlaceId 
08-21 17:00:53.217  1529  1529 D LIA_SmartSetting(4.70.1.2)_Recommender: not entered home
08-21 17:00:53.217  1529  1529 V LIA_SmartSetting(4.70.1.2)_DeviceLogger: DeviceLogger.log: DeviceSettingProfile [profileId=-1, timestamp=1440187253217, , settingStatus=Wi-Fi off, deviceTypeOrdinal=0]
08-21 17:00:53.218  1529  1529 I CAPP_DB_LOG: opened database address/path : 0xf518cc00, /data/user/0/com.lge.ia.task.smartsetting/databases/smartsetting.db
08-21 17:00:53.220  1529  1529 I CAPP_DB_LOG:   database address : 0xf518cc00, pragma journal_mode = PERSIST
08-21 17:00:53.221  1529  1529 I CAPP_DB_LOG:   database address : 0xf518cc00, pragma journal_size_limit = 524288
08-21 17:00:53.221  1529  1529 I CAPP_DB_LOG:   database address : 0xf518cc00, pragma wal_autocheckpoint = 100
08-21 17:00:53.224  1529  1529 D LIA_SmartSetting(4.70.1.2)_LocationDBManagerDBAdapter: insert start
08-21 17:00:53.239  1529  1529 D LIA_SmartSetting(4.70.1.2)_LocationDBManager: insertSettingInfo ID = 30
08-21 17:00:53.240  1529  1529 I CAPP_DB_LOG: closed database address/path : 0xf518cc00, /data/user/0/com.lge.ia.task.smartsetting/databases/smartsetting.db
08-21 17:00:53.242  3386  3533 V audio_hw_primary: out_get_latency: Latency 10
08-21 17:00:53.265  3386  3533 V audio_hw_primary: out_get_latency: Latency 10
08-21 17:00:53.269  3386  3533 V AudioFlinger: removeTracks_l removing track on session 945
08-21 17:00:53.269  3386  3533 V AudioFlinger: acquireWakeLock_l() AudioOut_2 status 0
08-21 17:00:53.279  3386  3533 V AudioPolicyService: AudioCommandThread() adding stop output 2
08-21 17:00:53.279  3386  3533 V AudioPolicyService: inserting command: 5 at index 0, num commands 0
08-21 17:00:53.279  3386  3521 V AudioPolicyService: AudioCommandThread() waking up
08-21 17:00:53.280  3386  3521 V AudioPolicyService: AudioCommandThread() processing stop output 2
08-21 17:00:53.280  3386  3521 V APM::AudioPolicyManager: stopOutput() output 2, stream 1, session 945
08-21 17:00:53.280  3386  3521 V APM::AudioPolicyManager: setBeaconMute(1) mBeaconMuteRefCount=0 mBeaconPlayingRefCount=0
08-21 17:00:53.280  3386  3521 V APM::AudioPolicyManager: getNewOutputDevice() selected device 0
08-21 17:00:53.280  3386  3521 V APM::AudioPolicyManager: setOutputDevice() device 0000 delayMs 100
08-21 17:00:53.280  3386  3521 V APM::AudioPolicyManager: setOutputDevice() prevDevice 0x0002
08-21 17:00:53.280  3386  3521 V APM::AudioPolicyManager: AudioPolicyManagerEx::getRingerMode() mRingerMode 2
08-21 17:00:53.280  3386  3521 V APM::AudioPolicyManager: AudioPolicyManagerEx::getRingerMode() mRingerMode 2
08-21 17:00:53.280  3386  3521 V APM::AudioPolicyManager: AudioPolicyManagerEx::getRingerMode() mRingerMode 2
08-21 17:00:53.280  3386  3521 V APM::AudioPolicyManager: AudioPolicyManagerEx::getRingerMode() mRingerMode 2
08-21 17:00:53.280  3386  3521 V APM::AudioPolicyManager: AudioPolicyManagerEx::getRingerMode() mRingerMode 2
08-21 17:00:53.280  3386  3521 V APM::AudioPolicyManager: setOutputDevice() setting same device 0x0000 or null device
08-21 17:00:53.280  3386  3521 V AudioPolicyService: AudioCommandThread() going to sleep
08-21 17:00:54.190 14281 14281 D wpa_supplicant: nl80211: Drv Event 34 (NL80211_CMD_NEW_SCAN_RESULTS) received for p2p-dev-wlan0
08-21 17:00:54.190 14281 14281 D wpa_supplicant: p2p-dev-wlan0: nl80211: New scan results available
08-21 17:00:54.190 14281 14281 D wpa_supplicant: nl80211: Scan probed for SSID 'DIRECT-'
08-21 17:00:54.190 14281 14281 D wpa_supplicant: nl80211: Scan included frequencies: 2412 2417 2422 2427 2432 2437 2442 2447 2452 2457 2462 2467 2472 5180 5200 5220 5240 5260 5280 5300 5320 5500 5520 5540 5560 5580 5600 5620 5640 5660 5680 5700 5720 5745 5765 5785 5805 5825
08-21 17:00:54.190 14281 14281 D wpa_supplicant: p2p-dev-wlan0: Event SCAN_RESULTS (3) received
08-21 17:00:54.190 14281 14281 D wpa_supplicant: p2p-dev-wlan0: Scan completed in 2.055650 seconds
08-21 17:00:54.191 14281 14281 D wpa_supplicant: nl80211: Received scan results (1 BSSes)
08-21 17:00:54.191 14281 14281 D wpa_supplicant: p2p-dev-wlan0: BSS: Start scan result update 1019
08-21 17:00:54.191 14281 14281 D wpa_supplicant: BSS: last_scan_res_used=0/64
08-21 17:00:54.191 14281 14281 D wpa_supplicant: p2p-dev-wlan0: Radio work 'p2p-scan'@0x7f9581c280 done in 2.060993 seconds
08-21 17:00:54.191 14281 14281 D wpa_supplicant: P2P: Scan results received (1 BSS)
08-21 17:00:54.192 14281 14281 D wpa_supplicant: P2P: Parsing WPS IE
08-21 17:00:54.192 14281 14281 D wpa_supplicant: P2P: Config Methods (WPS): 0x108
08-21 17:00:54.192 14281 14281 D wpa_supplicant: P2P: Device Password ID: 0
08-21 17:00:54.192 14281 14281 D wpa_supplicant: P2P: Primary Device Type (WPS): 7-0050F204-1
08-21 17:00:54.192 14281 14281 D wpa_supplicant: P2P: Parsing P2P IE
08-21 17:00:54.192 14281 14281 D wpa_supplicant: P2P: Attribute 2 length 2
08-21 17:00:54.193 14281 14281 D wpa_supplicant: P2P: * Device Capability 24 Group Capability 00
08-21 17:00:54.193 14281 14281 D wpa_supplicant: P2P: Attribute 8 length 4
08-21 17:00:54.193 14281 14281 D wpa_supplicant: P2P: * Extended Listen Timing (period 50 msec  interval 100 msec)
08-21 17:00:54.193 14281 14281 D wpa_supplicant: P2P: Attribute 13 length 48
08-21 17:00:54.193 14281 14281 D wpa_supplicant: P2P: * Device Info: addr 4e:09:d4:43:0e:ee primary device type 7-0050F204-1 device name '[TV][LG]32LB580B-SA' config methods 0x188
08-21 17:00:54.193 14281 14281 D wpa_supplicant: P2P: Peer found with Listen frequency 2462 MHz (rx_time=21063.756634)
08-21 17:00:54.193 14281 14281 I wpa_supplicant: P2P-DEVICE-FOUND 4e:09:d4:43:0e:ee p2p_dev_addr=4e:09:d4:43:0e:ee pri_dev_type=7-0050F204-1 name='[TV][LG]32LB580B-SA' config_methods=0x188 dev_capab=0x24 group_capab=0x0 wfd_dev_info=0x01111c440000
08-21 17:00:54.196  4223 14333 D P2pExtMonWorker: Event [P2P-DEVICE-FOUND 4e:09:d4:43:0e:ee p2p_dev_addr=4e:09:d4:43:0e:ee pri_dev_type=7-0050F204-1 name='[TV][LG]32LB580B-SA' config_methods=0x188 dev_capab=0x24 group_capab=0x0 wfd_dev_info=0x01111c440000]
08-21 17:00:54.196 14281 14281 D wpa_supplicant: CTRL_IFACE monitor sent successfully to /data/misc/wifi/sockets/wpa_ctrl_4223-4\x00
08-21 17:00:54.197 14281 14281 D wpa_supplicant: CTRL_IFACE monitor sent successfully to /data/misc/wifi/sockets/wpa_ctrl_1567-5\x00
08-21 17:00:54.241  1567  3233 D InputDispatcher: notifyMotion - action=ACTION_DOWN(0), id=0, x=244.000, y=2481.000, tooltype=1, deviceId=4, source=0x1002, policyFlags=0x0, flags=0x0, metaState=0x0, buttonState=0x0, edgeFlags=0x0, eventTime=14406351837000, downTime=14406351837000, 
08-21 17:00:54.242  1567  3232 D InputTransport: channel 'ec526fd NavigationBar (server)' : action=ACTION_DOWN(0), id=0, x=244.000, y=2481.000, [tooltype=1, deviceId=4, source=0x1002, flags=0x0, edgeFlags=0x0, metaState=0x0, buttonState=0x0, downTime=14406351837000, eventTime=14406351837000, pointerCount=1
08-21 17:00:54.262  3599  3599 I [SystemUI]LGKeyButtonView: Navigation Key(4) sendEvent, action : 0, flags : 0, when : 14406363
08-21 17:00:54.264  1567  3233 D InputDispatcher: notifyMotion - action=ACTION_UP(0), id=0, x=245.000, y=2481.000, tooltype=1, deviceId=4, source=0x1002, policyFlags=0x0, flags=0x0, metaState=0x0, buttonState=0x0, edgeFlags=0x0, eventTime=14406375535000, downTime=14406351837000, 
08-21 17:00:54.264  1567  3232 D InputTransport: channel 'ec526fd NavigationBar (server)' : action=ACTION_UP(0), id=0, x=245.000, y=2481.000, [tooltype=1, deviceId=4, source=0x1002, flags=0x0, edgeFlags=0x0, metaState=0x0, buttonState=0x0, downTime=14406351837000, eventTime=14406375535000, pointerCount=1
08-21 17:00:54.274  3599  3599 I [SystemUI]LGKeyButtonView: Navigation Key(4) sendEvent, action : 1, flags : 0, when : 14406385
08-21 17:00:54.278  1567  3232 D InputDispatcher: Waiting for application to become ready for input: AppWindowToken{354c7a3 token=Token{6bc1522 ActivityRecord{da432ed u0 com.lge.wifisettings/.activity.WifiScreenSettingsActivity t76}}} - Window{53234fc u0 com.lge.wifisettings/com.lge.wifisettings.activity.WifiScreenSettingsActivity}.  Reason: Waiting to send key event because the focused window has not finished processing all of the input events that were previously delivered to it.  Outbound queue length: 0.  Wait queue length: 1.
08-21 17:00:54.281  1567  3268 V SoundPool: play sampleID=1, leftVolume=1.000000, rightVolume=1.000000, priority=0, loop=0, rate=1.000000
08-21 17:00:54.282  1567  3268 V SoundPool: mState = 4 mChannelID=515, mNumChannels=2, mPos = 0, mPriority=0, mLoop=0
08-21 17:00:54.282  1567  3268 V SoundPool: mState = 0 mChannelID=516, mNumChannels=2, mPos = 0, mPriority=-1, mLoop=0
08-21 17:00:54.282  1567  3268 V SoundPool: mState = 4 mChannelID=524, mNumChannels=2, mPos = 0, mPriority=0, mLoop=0
08-21 17:00:54.282  1567  3268 V SoundPool: mState = 0 mChannelID=536, mNumChannels=2, mPos = 0, mPriority=-1, mLoop=0
08-21 17:00:54.282  1567  3268 V SoundPool: Allocated recycled channel for same sampleID
08-21 17:00:54.282  1567  3268 V SoundPool: play channel 0x7f674e34d0 state = 0
08-21 17:00:54.282  1567  3268 V SoundPool: SoundChannel::play 0x7f674e34d0: sampleID=1, channelID=537, leftVolume=1.000000, rightVolume=1.000000, priority=0, loop=0, rate=1.000000
08-21 17:00:54.284  1567  4108 I PhoneWindowManagerEx: [PWM] sIsDimming=false, isDimChanging = false
08-21 17:00:54.284  1567  4108 I PhoneWindowManagerEx: [PWM][updateSystemUiVisibilityLw] tmpColorNavigationBar=0xff000000
08-21 17:00:54.284  1567  4108 I PhoneWindowManagerEx: [PWM][updateSystemUiVisibilityLw] mLastColorNavigationBar=0xff000000
08-21 17:00:54.284  1567  4108 D kyu     : WindowState::getSystemUiVisibilityLG = 0
08-21 17:00:54.284  1567  4108 I WindowManager: [PWM][updateSystemUiVisibilityLw] diffLG=0
08-21 17:00:54.284  1567  4108 I WindowManager: [PWM][updateSystemUiVisibilityLw] visibilityLG=0x0
08-21 17:00:54.284  1567  4108 I WindowManager: [PWM][updateSystemUiVisibilityLw] mLastSystemUiFlagsLG=0x0
08-21 17:00:54.286  3386  4208 V APM::AudioPolicyManager: getOutput() device 2, stream 1, samplingRate 0, format 0, channelMask 3, flags 0
08-21 17:00:54.286  3386  4208 V APM::AudioPolicyManager:   getOutputForDevice() returns output 2
08-21 17:00:54.286  4064 26445 I QcomPmext: Boosted by ID : 15
08-21 17:00:54.289  1567  3268 V AudioSystem: getFrameCount() output 2, frameCount 960
08-21 17:00:54.292  3386  3958 V APM::AudioPolicyManager: getOutput() device 2, stream 1, samplingRate 0, format 0, channelMask 3, flags 0
08-21 17:00:54.292  3386  3958 V APM::AudioPolicyManager:   getOutputForDevice() returns output 2
08-21 17:00:54.293  1567  3268 V AudioSystem: getOutputSamplingRate() reading from output desc
08-21 17:00:54.293  1567  3268 V AudioSystem: getSamplingRate() output 2, sampling rate 48000
08-21 17:00:54.293  1567  3268 V SoundPool: reusing track 0x7f70e1d700 for sample 1
08-21 17:00:54.294  3386  3541 V APM::AudioPolicyManager: startOutput() output 2, stream 1, session 945
08-21 17:00:54.294  3386  3541 V APM::AudioPolicyManager: setBeaconMute(1) mBeaconMuteRefCount=1 mBeaconPlayingRefCount=0
08-21 17:00:54.294  3386  3541 V APM::AudioPolicyManager: getNewOutputDevice() selected device 2
08-21 17:00:54.294  3386  3541 V APM::AudioPolicyManager: setOutputDevice() device 0002 delayMs 0
08-21 17:00:54.294  3386  3541 V APM::AudioPolicyManager: setOutputDevice() prevDevice 0x0002
08-21 17:00:54.294  3386  3541 V APM::AudioPolicyManager: AudioPolicyManagerEx::getRingerMode() mRingerMode 2
08-21 17:00:54.294  3386  3541 V APM::AudioPolicyManager: AudioPolicyManagerEx::getRingerMode() mRingerMode 2
08-21 17:00:54.294  3386  3541 V APM::AudioPolicyManager: AudioPolicyManagerEx::getRingerMode() mRingerMode 2
08-21 17:00:54.294  3386  3541 V APM::AudioPolicyManager: AudioPolicyManagerEx::getRingerMode() mRingerMode 2
08-21 17:00:54.294  3386  3541 V APM::AudioPolicyManager: AudioPolicyManagerEx::getRingerMode() mRingerMode 2
08-21 17:00:54.294  3386  3541 V APM::AudioPolicyManager: setOutputDevice() changing device
08-21 17:00:54.294  3386  3541 V AudioPolicyService: AudioCommandThread() adding create patch delay 0
08-21 17:00:54.294  3386  3541 V AudioPolicyService: inserting command: 7 at index 0, num commands 0
08-21 17:00:54.294  3386  3520 V AudioPolicyService: AudioCommandThread() waking up
08-21 17:00:54.294  3386  3520 V AudioPolicyService: AudioCommandThread() processing create audio patch
08-21 17:00:54.294  3386  3520 V AudioFlinger: sendConfigEvent_l() num events 1 event 3
08-21 17:00:54.295  3386  3533 V AudioFlinger: processConfigEvents_l() remaining events 1
08-21 17:00:54.298  3386  3533 D audio_hw_primary: out_set_parameters: enter: usecase(1: low-latency-playback) kvpairs: routing=2
08-21 17:00:54.298  3386  3533 E audio_hw_primary: select_devices: enter and usecase(1)
08-21 17:00:54.298  3386  3533 D msm8974_platform_lge: LGE_platform_get_output_snd_device: enter(0:2)
08-21 17:00:54.298  3386  3533 V msm8974_platform: platform_get_output_snd_device: enter: output devices(0x2)
08-21 17:00:54.299  3386  3533 V msm8974_platform: platform_get_output_snd_device: exit: snd_device(speaker)
08-21 17:00:54.299  3386  3533 V platform_apt: lge_get_output_in_mandatory_depth: enter and devices(2)
08-21 17:00:54.299  3386  3533 D msm8974_platform_lge: LGE_platform_get_output_snd_device: exit: out_snd_device(speaker)
08-21 17:00:54.299  3386  3533 V audio_hw_primary: out_set_parameters: exit: code(0)
08-21 17:00:54.299  3386  3533 V AudioFlinger: processConfigEvents_l() DONE thread 0xf1040000
08-21 17:00:54.299  3386  3520 V AudioPolicyService: AudioCommandThread() going to sleep
08-21 17:00:54.299  3386  3541 V APM::AudioPolicyManager: setOutputDevice() createAudioPatch returned 0 patchHandle 975num_sources 1 num_sinks 1
08-21 17:00:54.299  3386  3541 V AudioPolicyService: AudioCommandThread() adding update audio patch list
08-21 17:00:54.299  3386  3541 V AudioPolicyService: inserting command: 10 at index 0, num commands 0
08-21 17:00:54.299  3386  3541 V APM::AudioPolicyManager: checkAndSetVolume setParameters volume, volume=:0.180406 delay=:0
08-21 17:00:54.299  3386  3521 V AudioPolicyService: AudioCommandThread() waking up
08-21 17:00:54.299  3386  3521 V AudioPolicyService: AudioCommandThread() processing update audio patch list
08-21 17:00:54.299  3386  3541 V AudioPolicyService: AudioCommandThread() adding set parameter string fm_volume=0.1804062873, io 2 ,delay 0
08-21 17:00:54.299  3386  3521 V AudioPolicyService: AudioCommandThread() going to sleep
08-21 17:00:54.299  3386  3541 V AudioPolicyService: inserting command: 3 at index 0, num commands 0
08-21 17:00:54.299  3386  3520 V AudioPolicyService: AudioCommandThread() waking up
08-21 17:00:54.300  3386  3520 V AudioPolicyService: AudioCommandThread() processing set parameters string fm_volume=0.1804062873, io 2
08-21 17:00:54.300  3386  3520 V AudioFlinger: setParameters(): io 2, keyvalue fm_volume=0.1804062873, calling pid 3386
08-21 17:00:54.300  3386  3520 V AudioFlinger: ThreadBase::setParameters() fm_volume=0.1804062873
08-21 17:00:54.300  3386  3520 V AudioFlinger: sendConfigEvent_l() num events 1 event 2
08-21 17:00:54.305  3386  3533 V AudioFlinger: processConfigEvents_l() remaining events 1
08-21 17:00:54.308  3386  3533 D audio_hw_primary: out_set_parameters: enter: usecase(1: low-latency-playback) kvpairs: fm_volume=0.1804062873
08-21 17:00:54.308  3386  3533 D audio_hw_fm: audio_extn_fm_set_parameters: set_fm_volume usecase
08-21 17:00:54.308  3386  3533 D audio_hw_fm: fm_set_volume: device=2 (0.180406)
08-21 17:00:54.308  3386  3533 V audio_hw_primary: out_set_parameters: exit: code(0)
08-21 17:00:54.308  3386  3533 V AudioFlinger: processConfigEvents_l() DONE thread 0xf1040000
08-21 17:00:54.309  3386  3520 V AudioPolicyService: AudioCommandThread() going to sleep
08-21 17:00:54.309  3386  3541 V APM::AudioPolicyManager: checkAndSetVolume() cannot set stream 6 volume with force use = 0 for comm
08-21 17:00:54.309  3386  3541 V AudioFlinger: signal playback thread
08-21 17:00:54.310  1567  3268 V SoundPool: delete oldTrack 0x0
08-21 17:00:54.319  3386  3533 V AudioFlinger: acquireWakeLock_l() AudioOut_2 status 0
08-21 17:00:54.326  1567  4108 I SplitWindowManager: updateActivityState: ActivityRecord{da432ed u0 com.lge.wifisettings/.activity.WifiScreenSettingsActivity t76 f}/ resumed=false
08-21 17:00:54.326  1567  1955 D SplitWindowManager: SplitWindowManagerHandler:handleMessage: 501
08-21 17:00:54.327  4064  4081 D SplitWindowPolicy: updateActivityStateChanged: resumed=false, screenId=2, isScreenFull=true
08-21 17:00:54.327  4064  4081 D SplitWindowPolicy: topRunningActivity=ActivityInfo{6d98dc6 com.lge.wifisettings.activity.WifiScreenSettingsActivity}, taskId=76, activityType=0, bIsSplit=false
08-21 17:00:54.327  1567  4108 V SplitWindowManager: SplitWindowManager dumpstate.(_mState : NORMAL)
08-21 17:00:54.327  1567  4108 V SplitWindowManager: _mSplitActivityList(1)_______
08-21 17:00:54.327  1567  4108 V SplitWindowManager:  * SplitActivity{afedaa0 com.lge.wifisettings/.activity.WifiScreenSettingsActivity t76 s2 PAUSING ActivitySplitInfo [screenZone=0/ flag=0x0/ state=NATIVE/ forceFullScreen=false]
08-21 17:00:54.327  1567  4108 V SplitWindowManager: _mPreparedActivity : 
08-21 17:00:54.329  3386  3533 V AudioFlinger: mixer(0xf1040000) throttle begin: ret(7680) deltaMs(6) requires sleep 4 ms
08-21 17:00:54.334  1567  4172 D FingerprintProtector: This is not product version.
08-21 17:00:54.339  1567  4172 D SplitWindowManager: updateStackInfo as SplitActivity{dbd14ad com.lge.hiddenmenu/.SVC.log_service.MainActivity t54 s2 RESUMED ActivitySplitInfo [screenZone=0/ flag=0x0/ state=NATIVE/ forceFullScreen=false]
08-21 17:00:54.339  1567  4172 I SplitWindowManager: new SplitActivity created. 230495405: ActivityRecord{47d8006 u0 com.lge.hiddenmenu/.SVC.log_service.MainActivity t54}
08-21 17:00:54.339  1567  4172 V SplitWindowManager:   check task = TaskRecord{11606da #54 A=com.lge.hiddenmenu U=0 sz=3}
08-21 17:00:54.339  1567  4172 V SplitWindowManager:   check stack = ActivityStack{a0ad853 stackId=2, 12 tasks}
08-21 17:00:54.339  1567  4172 V SplitWindowManager:  has blank for debug on ensureActivitiesVisibleLocked
08-21 17:00:54.340  1567  4172 I SplitWindowManager: updateActivityState: ActivityRecord{47d8006 u0 com.lge.hiddenmenu/.SVC.log_service.MainActivity t54}/ resumed=true
08-21 17:00:54.340  1567  4172 V SplitWindowManager: remove from list : SplitActivity{afedaa0 com.lge.wifisettings/.activity.WifiScreenSettingsActivity t76 s2 STOPPING ActivitySplitInfo [screenZone=0/ flag=0x0/ state=NATIVE/ forceFullScreen=false]
08-21 17:00:54.340  1567  4172 V SplitWindowManager: add to list : SplitActivity{dbd14ad com.lge.hiddenmenu/.SVC.log_service.MainActivity t54 s2 RESUMED ActivitySplitInfo [screenZone=0/ flag=0x0/ state=NATIVE/ forceFullScreen=false]
08-21 17:00:54.340  1567  4172 V SplitWindowManager: SplitWindowManager dumpstate.(_mState : NORMAL)
08-21 17:00:54.340  1567  4172 V SplitWindowManager: _mSplitActivityList(1)_______
08-21 17:00:54.340  1567  4172 V SplitWindowManager:  * SplitActivity{dbd14ad com.lge.hiddenmenu/.SVC.log_service.MainActivity t54 s2 RESUMED ActivitySplitInfo [screenZone=0/ flag=0x0/ state=NATIVE/ forceFullScreen=false]
08-21 17:00:54.340  1567  4172 V SplitWindowManager: _mPreparedActivity : 
08-21 17:00:54.340  1567  4172 V SplitWindowManager: ensureActivitiesVisibleLocked has blank for debug 
08-21 17:00:54.340  1567  1955 D SplitWindowManager: SplitWindowManagerHandler:handleMessage: 501
08-21 17:00:54.340  1567  4172 I PhoneWindowManagerEx: [PWM] sIsDimming=false, isDimChanging = false
08-21 17:00:54.340  1567  4172 I PhoneWindowManagerEx: [PWM][updateSystemUiVisibilityLw] tmpColorNavigationBar=0xff000000
08-21 17:00:54.340  1567  4172 I PhoneWindowManagerEx: [PWM][updateSystemUiVisibilityLw] mLastColorNavigationBar=0xff000000
08-21 17:00:54.340  1567  4172 D kyu     : WindowState::getSystemUiVisibilityLG = 0
08-21 17:00:54.340  1567  4172 I WindowManager: [PWM][updateSystemUiVisibilityLw] diffLG=0
08-21 17:00:54.341  1567  4172 I WindowManager: [PWM][updateSystemUiVisibilityLw] visibilityLG=0x0
08-21 17:00:54.341  1567  4172 I WindowManager: [PWM][updateSystemUiVisibilityLw] mLastSystemUiFlagsLG=0x0
08-21 17:00:54.341  4064  4722 D SplitWindowPolicy: updateActivityStateChanged: resumed=true, screenId=2, isScreenFull=true
08-21 17:00:54.341  4064  4722 D SplitWindowPolicy: topRunningActivity=ActivityInfo{f7e187 com.lge.hiddenmenu.SVC.log_service.MainActivity}, taskId=54, activityType=0, bIsSplit=false
08-21 17:00:54.345  3386  3533 D AudioFlinger: mixer(0xf1040000) throttle end: throttle time(4)
08-21 17:00:54.351  4064  4582 D QcomPmext: activity start: com.lge.hiddenmenu/com.lge.hiddenmenu.SVC.log_service.MainActivity
08-21 17:00:54.354  4148  5144 D ForegroundUtils: Foreground changed, PID: 26637 UID: 1000 foreground: true
08-21 17:00:54.354  4148  5144 D ForegroundUtils: Foreground UID/PID combinations:
08-21 17:00:54.354  4148  5144 D ForegroundUtils: UID: 1000 PID: 26637
08-21 17:00:54.354  4148  5144 D ForegroundUtils: UID: 1000 PID: 31963
08-21 17:00:54.357  1567  1683 D InputDispatcher: Focus left window: Window{53234fc u0 com.lge.wifisettings/com.lge.wifisettings.activity.WifiScreenSettingsActivity}
08-21 17:00:54.358  8709  8723 I CAPP_DB_LOG: opened database address/path : 0x7f8c156780, /data/user/0/com.lge.lpd/databases/LPD_DB.db
08-21 17:00:54.358 31963 31963 W SplitWindow: update focus... 
08-21 17:00:54.361  8709  8723 I CAPP_DB_LOG:   database address : 0x7f8c156780, pragma journal_mode = PERSIST
08-21 17:00:54.361  8709  8723 I CAPP_DB_LOG:   database address : 0x7f8c156780, pragma journal_size_limit = 524288
08-21 17:00:54.361  8709  8723 I CAPP_DB_LOG:   database address : 0x7f8c156780, pragma wal_autocheckpoint = 100
08-21 17:00:54.364  8709  8723 D AppInfoDao: topacitivyt exist app = android.uid.system:1000
08-21 17:00:54.368  1567  4197 D SplitFlag: relayout.. reset flags.. flags = 1810100, sysflags = 0 of win Window{159c863 u0 com.lge.hiddenmenu/com.lge.hiddenmenu.SVC.log_service.MainActivity}
08-21 17:00:54.372  8709  8723 D AppInfoDao: topacitivyt update app = android.uid.system:1000 time = 2015-08-21 17:00 date = 20150821
08-21 17:00:54.372  8709  8723 I CAPP_DB_LOG: closed database address/path : 0x7f8c156780, /data/user/0/com.lge.lpd/databases/LPD_DB.db
08-21 17:00:54.373  8709  8723 I CAPP_DB_LOG: opened database address/path : 0x7f8c156780, /data/user/0/com.lge.lpd/databases/LPD_DB.db
08-21 17:00:54.375  1567  4197 I PhoneWindowManagerEx: [PWM] sIsDimming=false, isDimChanging = false
08-21 17:00:54.375  1567  4197 I PhoneWindowManagerEx: [PWM][updateSystemUiVisibilityLw] tmpColorNavigationBar=0x1
08-21 17:00:54.375  1567  4197 I PhoneWindowManagerEx: [PWM][updateSystemUiVisibilityLw] mLastColorNavigationBar=0xff000000
08-21 17:00:54.375  1567  4197 D kyu     : WindowState::getSystemUiVisibilityLG = 0
08-21 17:00:54.375  1567  4197 I WindowManager: [PWM][updateSystemUiVisibilityLw] diffLG=0
08-21 17:00:54.375  1567  4197 I WindowManager: [PWM][updateSystemUiVisibilityLw] visibilityLG=0x0
08-21 17:00:54.375  1567  4197 I WindowManager: [PWM][updateSystemUiVisibilityLw] mLastSystemUiFlagsLG=0x0
08-21 17:00:54.375  1567  4197 D WindowManager: [PWM][updateSystemUiVisibilityLw] mLastSystemUiFlagsLG=0x0
08-21 17:00:54.375  1567  1963 I SystemUI[Framework]: PhoneWindowManager.updateSystemUiVisibilityLw() :visibility=0x8000, pkg=com.lge.hiddenmenu
08-21 17:00:54.375  1567  4197 I PhoneWindowManagerEx: [PWM] sIsDimming=false, isDimChanging = false
08-21 17:00:54.375  1567  4197 I PhoneWindowManagerEx: [PWM][updateSystemUiVisibilityLw] tmpColorNavigationBar=0x1
08-21 17:00:54.375  1567  4197 I PhoneWindowManagerEx: [PWM][updateSystemUiVisibilityLw] mLastColorNavigationBar=0xff000000
08-21 17:00:54.375  1567  4197 D kyu     : WindowState::getSystemUiVisibilityLG = 0
08-21 17:00:54.375  1567  4197 I WindowManager: [PWM][updateSystemUiVisibilityLw] diffLG=0
08-21 17:00:54.375  1567  4197 I WindowManager: [PWM][updateSystemUiVisibilityLw] visibilityLG=0x0
08-21 17:00:54.375  1567  4197 I WindowManager: [PWM][updateSystemUiVisibilityLw] mLastSystemUiFlagsLG=0x0
08-21 17:00:54.376  3599  3599 D PhoneStatusBar: setSystemUiVisibility vis=8000 mask=ffffffff oldVal=8600 newVal=8000 diff=600
08-21 17:00:54.376  1567  1963 I SystemUI[Framework]: ==>disabledNaviBtn() what=0x0, token=android.os.Binder@e09e6ff,  pkg=Window{159c863 u0 com.lge.hiddenmenu/com.lge.hiddenmenu.SVC.log_service.MainActivity}
08-21 17:00:54.376  1567  1963 I SystemUI[Framework]: disableNaviBtn: mDisabledNaviBtn=0x0,  mDisableRecords.size=0
08-21 17:00:54.376  8709  8723 I CAPP_DB_LOG:   database address : 0x7f8c156780, pragma journal_mode = PERSIST
08-21 17:00:54.377  8709  8723 I CAPP_DB_LOG:   database address : 0x7f8c156780, pragma journal_size_limit = 524288
08-21 17:00:54.377  1567  4197 D InputDispatcher: Focus entered window: Window{159c863 u0 com.lge.hiddenmenu/com.lge.hiddenmenu.SVC.log_service.MainActivity}
08-21 17:00:54.377  8709  8723 I CAPP_DB_LOG:   database address : 0x7f8c156780, pragma wal_autocheckpoint = 100
08-21 17:00:54.380  8709  8723 I CAPP_DB_LOG: closed database address/path : 0x7f8c156780, /data/user/0/com.lge.lpd/databases/LPD_DB.db
08-21 17:00:54.385  1567   913 V SoundPool: process 0x7f674e34d0 channel 537 event BUFFER_END
08-21 17:00:54.385  1567  3920 V SoundPool: awake
08-21 17:00:54.385  1567  3920 V SoundPool: Getting channel from stop list
08-21 17:00:54.385  1567  3920 V SoundPool: stop
08-21 17:00:54.386  1567  3920 V SoundPool: done_l(537)
08-21 17:00:54.386  1567  3920 V SoundPool: move to front
08-21 17:00:54.408  3386  3533 V audio_hw_primary: out_get_latency: Latency 10
08-21 17:00:54.423  1567  1578 I art     : Background partial concurrent mark sweep GC freed 76763(4MB) AllocSpace objects, 25(824KB) LOS objects, 25% free, 46MB/62MB, paused 1.121ms total 107.539ms
08-21 17:00:54.425 26637 26637 W SplitWindow: update focus... 
08-21 17:00:54.428  3386  3533 V audio_hw_primary: out_get_latency: Latency 10
08-21 17:00:54.434  3386  3533 V AudioFlinger: removeTracks_l removing track on session 945
08-21 17:00:54.434  3386  3533 V AudioFlinger: acquireWakeLock_l() AudioOut_2 status 0
08-21 17:00:54.445  3386  3533 V AudioPolicyService: AudioCommandThread() adding stop output 2
08-21 17:00:54.445  3386  3533 V AudioPolicyService: inserting command: 5 at index 0, num commands 0
08-21 17:00:54.445  3386  3521 V AudioPolicyService: AudioCommandThread() waking up
08-21 17:00:54.445  3386  3521 V AudioPolicyService: AudioCommandThread() processing stop output 2
08-21 17:00:54.445  3386  3521 V APM::AudioPolicyManager: stopOutput() output 2, stream 1, session 945
08-21 17:00:54.445  3386  3521 V APM::AudioPolicyManager: setBeaconMute(1) mBeaconMuteRefCount=0 mBeaconPlayingRefCount=0
08-21 17:00:54.445  3386  3521 V APM::AudioPolicyManager: getNewOutputDevice() selected device 0
08-21 17:00:54.445  3386  3521 V APM::AudioPolicyManager: setOutputDevice() device 0000 delayMs 100
08-21 17:00:54.445  3386  3521 V APM::AudioPolicyManager: setOutputDevice() prevDevice 0x0002
08-21 17:00:54.445  3386  3521 V APM::AudioPolicyManager: AudioPolicyManagerEx::getRingerMode() mRingerMode 2
08-21 17:00:54.445  3386  3521 V APM::AudioPolicyManager: AudioPolicyManagerEx::getRingerMode() mRingerMode 2
08-21 17:00:54.445  3386  3521 V APM::AudioPolicyManager: AudioPolicyManagerEx::getRingerMode() mRingerMode 2
08-21 17:00:54.445  3386  3521 V APM::AudioPolicyManager: AudioPolicyManagerEx::getRingerMode() mRingerMode 2
08-21 17:00:54.445  3386  3521 V APM::AudioPolicyManager: AudioPolicyManagerEx::getRingerMode() mRingerMode 2
08-21 17:00:54.445  3386  3521 V APM::AudioPolicyManager: setOutputDevice() setting same device 0x0000 or null device
08-21 17:00:54.445  3386  3521 V AudioPolicyService: AudioCommandThread() going to sleep
08-21 17:00:54.448  1567  2117 I PhoneWindowManagerEx: [PWM] sIsDimming=false, isDimChanging = false
08-21 17:00:54.448  1567  2117 I PhoneWindowManagerEx: [PWM][updateSystemUiVisibilityLw] tmpColorNavigationBar=0x1
08-21 17:00:54.448  1567  2117 I PhoneWindowManagerEx: [PWM][updateSystemUiVisibilityLw] mLastColorNavigationBar=0xff000000
08-21 17:00:54.448  1567  2117 D kyu     : WindowState::getSystemUiVisibilityLG = 0
08-21 17:00:54.448  1567  2117 I WindowManager: [PWM][updateSystemUiVisibilityLw] diffLG=0
08-21 17:00:54.448  1567  2117 I WindowManager: [PWM][updateSystemUiVisibilityLw] visibilityLG=0x0
08-21 17:00:54.448  1567  2117 I WindowManager: [PWM][updateSystemUiVisibilityLw] mLastSystemUiFlagsLG=0x0
08-21 17:00:54.457  1567  2117 I PhoneWindowManagerEx: [PWM] sIsDimming=false, isDimChanging = false
08-21 17:00:54.457  1567  2117 I PhoneWindowManagerEx: [PWM][updateSystemUiVisibilityLw] tmpColorNavigationBar=0x1
08-21 17:00:54.457  1567  2117 I PhoneWindowManagerEx: [PWM][updateSystemUiVisibilityLw] mLastColorNavigationBar=0xff000000
08-21 17:00:54.457  1567  2117 D kyu     : WindowState::getSystemUiVisibilityLG = 0
08-21 17:00:54.457  1567  2117 I WindowManager: [PWM][updateSystemUiVisibilityLw] diffLG=0
08-21 17:00:54.457  1567  2117 I WindowManager: [PWM][updateSystemUiVisibilityLw] visibilityLG=0x0
08-21 17:00:54.457  1567  2117 I WindowManager: [PWM][updateSystemUiVisibilityLw] mLastSystemUiFlagsLG=0x0
08-21 17:00:54.457  1567  2117 D WindowManager: [PWM][updateSystemUiVisibilityLw] mLastSystemUiFlagsLG=0x0
08-21 17:00:54.457  1567  1963 I SystemUI[Framework]: PhoneWindowManager.updateSystemUiVisibilityLw() :visibility=0x0, pkg=com.lge.hiddenmenu
08-21 17:00:54.459  1567  1963 I SystemUI[Framework]: ==>disabledNaviBtn() what=0x0, token=android.os.Binder@e09e6ff,  pkg=Window{159c863 u0 com.lge.hiddenmenu/com.lge.hiddenmenu.SVC.log_service.MainActivity}
08-21 17:00:54.459  1567  1963 I SystemUI[Framework]: disableNaviBtn: mDisabledNaviBtn=0x0,  mDisableRecords.size=0
08-21 17:00:54.460  1567  2117 I PhoneWindowManagerEx: [PWM] sIsDimming=false, isDimChanging = false
08-21 17:00:54.460  1567  2117 I PhoneWindowManagerEx: [PWM][updateSystemUiVisibilityLw] tmpColorNavigationBar=0x1
08-21 17:00:54.460  1567  2117 I PhoneWindowManagerEx: [PWM][updateSystemUiVisibilityLw] mLastColorNavigationBar=0xff000000
08-21 17:00:54.460  1567  2117 D kyu     : WindowState::getSystemUiVisibilityLG = 0
08-21 17:00:54.460  3599  3599 D PhoneStatusBar: setSystemUiVisibility vis=0 mask=ffffffff oldVal=8000 newVal=0 diff=8000
08-21 17:00:54.460  3599  3599 D [SystemUI]PhoneStatusBar: StatusBarMode is changed (MODE_TRANSPARENT -> MODE_OPAQUE)
08-21 17:00:54.460  3599  3599 D [SystemUI]PhoneStatusBar: NavigationBarMode is changed (MODE_TRANSPARENT -> MODE_OPAQUE)
08-21 17:00:54.460  1567  2117 I WindowManager: [PWM][updateSystemUiVisibilityLw] diffLG=0
08-21 17:00:54.461  1567  2117 I WindowManager: [PWM][updateSystemUiVisibilityLw] visibilityLG=0x0
08-21 17:00:54.461  1567  2117 I WindowManager: [PWM][updateSystemUiVisibilityLw] mLastSystemUiFlagsLG=0x0
08-21 17:00:54.461  3599  3599 D [SystemUI]NavigationThemeResource: Bar mode is changed (4 -> 0)
08-21 17:00:54.474  1567  2117 I ActivityManager: Displayed com.lge.hiddenmenu/.SVC.log_service.MainActivity: +135ms
08-21 17:00:54.474  1567  2117 I PhoneWindowManagerEx: [PWM] sIsDimming=false, isDimChanging = false
08-21 17:00:54.474  1567  2117 I PhoneWindowManagerEx: [PWM][updateSystemUiVisibilityLw] tmpColorNavigationBar=0x1
08-21 17:00:54.474  1567  2117 I PhoneWindowManagerEx: [PWM][updateSystemUiVisibilityLw] mLastColorNavigationBar=0xff000000
08-21 17:00:54.474  1567  2117 D kyu     : WindowState::getSystemUiVisibilityLG = 0
08-21 17:00:54.474  1567  2117 I WindowManager: [PWM][updateSystemUiVisibilityLw] diffLG=0
08-21 17:00:54.474  1567  2117 I WindowManager: [PWM][updateSystemUiVisibilityLw] visibilityLG=0x0
08-21 17:00:54.474  1567  2117 I WindowManager: [PWM][updateSystemUiVisibilityLw] mLastSystemUiFlagsLG=0x0
08-21 17:00:54.476  3599  3599 D BarTransitions: draw background and invalidate : color = 13000000
08-21 17:00:54.481  1567  4114 I PhoneWindowManagerEx: [PWM] sIsDimming=false, isDimChanging = false
08-21 17:00:54.481  1567  4114 I PhoneWindowManagerEx: [PWM][updateSystemUiVisibilityLw] tmpColorNavigationBar=0x1
08-21 17:00:54.481  1567  4114 I PhoneWindowManagerEx: [PWM][updateSystemUiVisibilityLw] mLastColorNavigationBar=0xff000000
08-21 17:00:54.481  1567  4114 D kyu     : WindowState::getSystemUiVisibilityLG = 0
08-21 17:00:54.481  1567  4114 I WindowManager: [PWM][updateSystemUiVisibilityLw] diffLG=0
08-21 17:00:54.481  1567  4114 I WindowManager: [PWM][updateSystemUiVisibilityLw] visibilityLG=0x0
08-21 17:00:54.481  1567  4114 I WindowManager: [PWM][updateSystemUiVisibilityLw] mLastSystemUiFlagsLG=0x0
08-21 17:00:54.484  3599  3599 D BarTransitions: draw background and invalidate : color = 1d000000
08-21 17:00:54.500  1567  3641 V SplitWindowManager: ensureActivitiesVisibleLocked has blank for debug 
08-21 17:00:54.503  3956  3956 D LgeImeImpl: [LgeImeImpl.java:4330:LgeImeImpl.onFinishInput()] [IN]onFinishInput
08-21 17:00:54.504  3956  3956 D LgeImeImpl: [LgeImeImpl.java:4359:LgeImeImpl.onFinishInput()] [OUT]onFinishInput
08-21 17:00:54.504  3956  3956 D LgeImeImpl: [LgeImeImpl.java:1515:LgeImeImpl.onStartInput()] [IN] onStartInput[false]
08-21 17:00:54.504  3956  3956 D LgeImeImpl: [LgeImeImpl.java:1532:LgeImeImpl.onStartInput()] [OUT] onStartInput
08-21 17:00:55.168  1567  2117 I PhoneWindowManagerEx: [PWM] sIsDimming=false, isDimChanging = false
08-21 17:00:55.168  1567  2117 I PhoneWindowManagerEx: [PWM][updateSystemUiVisibilityLw] tmpColorNavigationBar=0x1
08-21 17:00:55.168  1567  2117 I PhoneWindowManagerEx: [PWM][updateSystemUiVisibilityLw] mLastColorNavigationBar=0xff000000
08-21 17:00:55.168  1567  2117 D kyu     : WindowState::getSystemUiVisibilityLG = 0
08-21 17:00:55.168  1567  2117 I WindowManager: [PWM][updateSystemUiVisibilityLw] diffLG=0
08-21 17:00:55.168  1567  2117 I WindowManager: [PWM][updateSystemUiVisibilityLw] visibilityLG=0x0
08-21 17:00:55.168  1567  2117 I WindowManager: [PWM][updateSystemUiVisibilityLw] mLastSystemUiFlagsLG=0x0
08-21 17:00:55.202  1567  2117 I PhoneWindowManagerEx: [PWM] sIsDimming=false, isDimChanging = false
08-21 17:00:55.202  1567  1955 V SplitWindowManager: ensureActivitiesVisibleLocked has blank for debug 
08-21 17:00:55.205  1567  2117 I PhoneWindowManagerEx: [PWM][updateSystemUiVisibilityLw] tmpColorNavigationBar=0x1
08-21 17:00:55.205  1567  2117 I PhoneWindowManagerEx: [PWM][updateSystemUiVisibilityLw] mLastColorNavigationBar=0xff000000
08-21 17:00:55.205  1567  2117 D kyu     : WindowState::getSystemUiVisibilityLG = 0
08-21 17:00:55.205  1567  2117 I WindowManager: [PWM][updateSystemUiVisibilityLw] diffLG=0
08-21 17:00:55.205  1567  2117 I WindowManager: [PWM][updateSystemUiVisibilityLw] visibilityLG=0x0
08-21 17:00:55.205  1567  2117 I WindowManager: [PWM][updateSystemUiVisibilityLw] mLastSystemUiFlagsLG=0x0
08-21 17:00:55.209  1567  2117 I PhoneWindowManagerEx: [PWM] sIsDimming=false, isDimChanging = false
08-21 17:00:55.209  1567  2117 I PhoneWindowManagerEx: [PWM][updateSystemUiVisibilityLw] tmpColorNavigationBar=0x1
08-21 17:00:55.209  1567  2117 I PhoneWindowManagerEx: [PWM][updateSystemUiVisibilityLw] mLastColorNavigationBar=0xff000000
08-21 17:00:55.209  1567  2117 D kyu     : WindowState::getSystemUiVisibilityLG = 0
08-21 17:00:55.209  1567  2117 I WindowManager: [PWM][updateSystemUiVisibilityLw] diffLG=0
08-21 17:00:55.209  1567  2117 I WindowManager: [PWM][updateSystemUiVisibilityLw] visibilityLG=0x0
08-21 17:00:55.209  1567  2117 I WindowManager: [PWM][updateSystemUiVisibilityLw] mLastSystemUiFlagsLG=0x0
08-21 17:00:55.211 31963 31963 I WfdManager: setUiStateOff
08-21 17:00:55.212  4064  4082 D WfdStateTracker: setUiStateOff: 8
08-21 17:00:55.214  4148  4161 D ForegroundUtils: Foreground changed, PID: 31963 UID: 1000 foreground: false
08-21 17:00:55.214  4148  4161 D ForegroundUtils: Foreground UID/PID combinations:
08-21 17:00:55.214  4148  4161 D ForegroundUtils: UID: 1000 PID: 26637
08-21 17:00:55.219  7247  7247 W CastMediaRouteProvider: Invalid control category: android.media.intent.category.LIVE_AUDIO
08-21 17:00:55.219  1567  2117 I PhoneWindowManagerEx: [PWM] sIsDimming=false, isDimChanging = false
08-21 17:00:55.219  1567  2117 I PhoneWindowManagerEx: [PWM][updateSystemUiVisibilityLw] tmpColorNavigationBar=0x1
08-21 17:00:55.219  1567  2117 I PhoneWindowManagerEx: [PWM][updateSystemUiVisibilityLw] mLastColorNavigationBar=0xff000000
08-21 17:00:55.219  1567  2117 D kyu     : WindowState::getSystemUiVisibilityLG = 0
08-21 17:00:55.219  1567  2117 I WindowManager: [PWM][updateSystemUiVisibilityLw] diffLG=0
08-21 17:00:55.219  1567  2117 I WindowManager: [PWM][updateSystemUiVisibilityLw] visibilityLG=0x0
08-21 17:00:55.219  1567  2117 I WindowManager: [PWM][updateSystemUiVisibilityLw] mLastSystemUiFlagsLG=0x0
08-21 17:00:55.224 31963 31963 D WifiScreenSettings: - unscheduleRouteInfoUpdate: false
08-21 17:00:55.231  1567  3641 I PhoneWindowManagerEx: [PWM] sIsDimming=false, isDimChanging = false
08-21 17:00:55.231  1567  3641 I PhoneWindowManagerEx: [PWM][updateSystemUiVisibilityLw] tmpColorNavigationBar=0x1
08-21 17:00:55.231  1567  3641 I PhoneWindowManagerEx: [PWM][updateSystemUiVisibilityLw] mLastColorNavigationBar=0xff000000
08-21 17:00:55.231  1567  3641 D kyu     : WindowState::getSystemUiVisibilityLG = 0
08-21 17:00:55.231  1567  3641 I WindowManager: [PWM][updateSystemUiVisibilityLw] diffLG=0
08-21 17:00:55.231  1567  3641 I WindowManager: [PWM][updateSystemUiVisibilityLw] visibilityLG=0x0
08-21 17:00:55.231  1567  3641 I WindowManager: [PWM][updateSystemUiVisibilityLw] mLastSystemUiFlagsLG=0x0
08-21 17:00:55.232  1567  3641 D InputDispatcher: Window went away: Window{53234fc u0 com.lge.wifisettings/com.lge.wifisettings.activity.WifiScreenSettingsActivity}
08-21 17:00:55.236  1567  4172 D FingerprintProtector: This is not product version.
08-21 17:00:55.360  3599  3599 D [SystemUI]SystemServicesProxy: RecentApps has 25 item(s).
08-21 17:00:55.499  3599  4063 D [SystemUI]1: onDataActivity: direction=2
08-21 17:00:55.501  3599  4063 D 1       : Change in state from: connected=true,enabled=true,level=2,inetCondition=1,iconGroup=IconGroup(Default),activityIn=false,activityOut=false,rssi=0,lastModified=08-21 05:00:49,dataSim=true,networkName=Claro BR,networkNameData=Claro BR,dataConnected=true,isDefault=true,isEmergency=false,airplaneMode=false,carrierNetworkChangeMode=false,activity=0,isSimIcon=false,networkIcon=LTE,selectedSim=false,twoStage=false,voiceRatType=0,dataRatType=0,voiceLevel=0,dataLevel=0,hasVoiceService=false,hasDataService=false,mCBInfo=null,isDataEnabled=false
08-21 17:00:55.501  3599  4063 D 1       : 	to: connected=true,enabled=true,level=2,inetCondition=1,iconGroup=IconGroup(Default),activityIn=false,activityOut=true,rssi=0,lastModified=08-21 05:00:49,dataSim=true,networkName=Claro BR,networkNameData=Claro BR,dataConnected=true,isDefault=true,isEmergency=false,airplaneMode=false,carrierNetworkChangeMode=false,activity=2,isSimIcon=false,networkIcon=LTE,selectedSim=false,twoStage=false,voiceRatType=0,dataRatType=0,voiceLevel=0,dataLevel=0,hasVoiceService=false,hasDataService=false,mCBInfo=null,isDataEnabled=false
08-21 17:00:55.505  4251  5581 D PhoneInterfaceManager: [PhoneIntfMgr] getDataEnabled: subId=1 phoneId=0
08-21 17:00:55.506  4251  5581 D PhoneInterfaceManager: [PhoneIntfMgr] getDataEnabled: subId=1 retVal=true
08-21 17:00:55.506  3599  4063 D TelephonyManager: getDataEnabled: retVal=true
08-21 17:00:55.508  3599  4063 D [SystemUI]MobileSignalController: updateTelephonySignalStrength: hasService=true ss=SignalStrength: 99 0 -120 -160 -120 -1 -1 20 -105 -11 22 2147483647 2147483647 gsm|lte 0 0 2147483647 2147483647
08-21 17:00:55.673  1567  3233 D InputDispatcher: notifyMotion - action=ACTION_DOWN(0), id=0, x=255.000, y=603.000, tooltype=1, deviceId=4, source=0x1002, policyFlags=0x0, flags=0x0, metaState=0x0, buttonState=0x0, edgeFlags=0x0, eventTime=14407785447000, downTime=14407785447000, 
08-21 17:00:55.674  1567  3232 D InputTransport: channel '159c863 com.lge.hiddenmenu/com.lge.hiddenmenu.SVC.log_service.MainActivity (server)' : action=ACTION_DOWN(0), id=0, x=255.000, y=603.000, [tooltype=1, deviceId=4, source=0x1002, flags=0x0, edgeFlags=0x0, metaState=0x0, buttonState=0x0, downTime=14407785447000, eventTime=14407785447000, pointerCount=1
08-21 17:00:55.723  1567  3233 D InputDispatcher: notifyMotion - action=ACTION_UP(0), id=0, x=252.000, y=603.000, tooltype=1, deviceId=4, source=0x1002, policyFlags=0x0, flags=0x0, metaState=0x0, buttonState=0x0, edgeFlags=0x0, eventTime=14407834987000, downTime=14407785447000, 
08-21 17:00:55.723  1567  3232 D InputTransport: channel '159c863 com.lge.hiddenmenu/com.lge.hiddenmenu.SVC.log_service.MainActivity (server)' : action=ACTION_UP(0), id=0, x=252.000, y=603.000, [tooltype=1, deviceId=4, source=0x1002, flags=0x0, edgeFlags=0x0, metaState=0x0, buttonState=0x0, downTime=14407785447000, eventTime=14407834987000, pointerCount=1
08-21 17:00:55.750   707   707 I MSM-irqbalance: Decided to move IRQ332 from CPU1 to CPU3
08-21 17:00:55.804  1567  3268 V SoundPool: play sampleID=1, leftVolume=1.000000, rightVolume=1.000000, priority=0, loop=0, rate=1.000000
08-21 17:00:55.804  1567  3268 V SoundPool: mState = 4 mChannelID=515, mNumChannels=2, mPos = 0, mPriority=0, mLoop=0
08-21 17:00:55.804  1567  3268 V SoundPool: mState = 0 mChannelID=516, mNumChannels=2, mPos = 0, mPriority=-1, mLoop=0
08-21 17:00:55.804  1567  3268 V SoundPool: mState = 4 mChannelID=524, mNumChannels=2, mPos = 0, mPriority=0, mLoop=0
08-21 17:00:55.804  1567  3268 V SoundPool: mState = 0 mChannelID=537, mNumChannels=2, mPos = 0, mPriority=-1, mLoop=0
08-21 17:00:55.804  1567  3268 V SoundPool: Allocated recycled channel for same sampleID
08-21 17:00:55.804  1567  3268 V SoundPool: play channel 0x7f674e34d0 state = 0
08-21 17:00:55.804  1567  3268 V SoundPool: SoundChannel::play 0x7f674e34d0: sampleID=1, channelID=538, leftVolume=1.000000, rightVolume=1.000000, priority=0, loop=0, rate=1.000000
08-21 17:00:55.804  3386 24047 V APM::AudioPolicyManager: getOutput() device 2, stream 1, samplingRate 0, format 0, channelMask 3, flags 0
08-21 17:00:55.804  3386 24047 V APM::AudioPolicyManager:   getOutputForDevice() returns output 2
08-21 17:00:55.805  1567  3268 V AudioSystem: getFrameCount() output 2, frameCount 960
08-21 17:00:55.805  3386 22705 V APM::AudioPolicyManager: getOutput() device 2, stream 1, samplingRate 0, format 0, channelMask 3, flags 0
08-21 17:00:55.805  3386 22705 V APM::AudioPolicyManager:   getOutputForDevice() returns output 2
08-21 17:00:55.805  1567  3268 V AudioSystem: getOutputSamplingRate() reading from output desc
08-21 17:00:55.805  1567  3268 V AudioSystem: getSamplingRate() output 2, sampling rate 48000
08-21 17:00:55.805  1567  3268 V SoundPool: reusing track 0x7f70e1d700 for sample 1
08-21 17:00:55.805 26637 26637 D PhoneWindowEx: Ex2. SystemProperties.get result >> #ff000000
08-21 17:00:55.805  3386 22564 V APM::AudioPolicyManager: startOutput() output 2, stream 1, session 945
08-21 17:00:55.805  3386 22564 V APM::AudioPolicyManager: setBeaconMute(1) mBeaconMuteRefCount=1 mBeaconPlayingRefCount=0
08-21 17:00:55.805  3386 22564 V APM::AudioPolicyManager: getNewOutputDevice() selected device 2
08-21 17:00:55.805  3386 22564 V APM::AudioPolicyManager: setOutputDevice() device 0002 delayMs 0
08-21 17:00:55.805  3386 22564 V APM::AudioPolicyManager: setOutputDevice() prevDevice 0x0002
08-21 17:00:55.805  3386 22564 V APM::AudioPolicyManager: AudioPolicyManagerEx::getRingerMode() mRingerMode 2
08-21 17:00:55.805  3386 22564 V APM::AudioPolicyManager: AudioPolicyManagerEx::getRingerMode() mRingerMode 2
08-21 17:00:55.805  3386 22564 V APM::AudioPolicyManager: AudioPolicyManagerEx::getRingerMode() mRingerMode 2
08-21 17:00:55.805  3386 22564 V APM::AudioPolicyManager: AudioPolicyManagerEx::getRingerMode() mRingerMode 2
08-21 17:00:55.805  3386 22564 V APM::AudioPolicyManager: AudioPolicyManagerEx::getRingerMode() mRingerMode 2
08-21 17:00:55.805  3386 22564 V APM::AudioPolicyManager: setOutputDevice() changing device
08-21 17:00:55.805  3386 22564 V AudioPolicyService: AudioCommandThread() adding create patch delay 0
08-21 17:00:55.805  3386 22564 V AudioPolicyService: inserting command: 7 at index 0, num commands 0
08-21 17:00:55.806  3386  3520 V AudioPolicyService: AudioCommandThread() waking up
08-21 17:00:55.806  3386  3520 V AudioPolicyService: AudioCommandThread() processing create audio patch
08-21 17:00:55.806  3386  3520 V AudioFlinger: sendConfigEvent_l() num events 1 event 3
08-21 17:00:55.808  3386  3533 V AudioFlinger: processConfigEvents_l() remaining events 1
08-21 17:00:55.814  3386  3533 D audio_hw_primary: out_set_parameters: enter: usecase(1: low-latency-playback) kvpairs: routing=2
08-21 17:00:55.814  3386  3533 E audio_hw_primary: select_devices: enter and usecase(1)
08-21 17:00:55.814  3386  3533 D msm8974_platform_lge: LGE_platform_get_output_snd_device: enter(0:2)
08-21 17:00:55.814  3386  3533 V msm8974_platform: platform_get_output_snd_device: enter: output devices(0x2)
08-21 17:00:55.814  3386  3533 V msm8974_platform: platform_get_output_snd_device: exit: snd_device(speaker)
08-21 17:00:55.814  3386  3533 V platform_apt: lge_get_output_in_mandatory_depth: enter and devices(2)
08-21 17:00:55.814  3386  3533 D msm8974_platform_lge: LGE_platform_get_output_snd_device: exit: out_snd_device(speaker)
08-21 17:00:55.814  3386  3533 V audio_hw_primary: out_set_parameters: exit: code(0)
08-21 17:00:55.814  3386  3533 V AudioFlinger: processConfigEvents_l() DONE thread 0xf1040000
08-21 17:00:55.814  3386  3520 V AudioPolicyService: AudioCommandThread() going to sleep
08-21 17:00:55.815  3386 22564 V APM::AudioPolicyManager: setOutputDevice() createAudioPatch returned 0 patchHandle 976num_sources 1 num_sinks 1
08-21 17:00:55.815  3386 22564 V AudioPolicyService: AudioCommandThread() adding update audio patch list
08-21 17:00:55.815  3386 22564 V AudioPolicyService: inserting command: 10 at index 0, num commands 0
08-21 17:00:55.815  3386 22564 V APM::AudioPolicyManager: checkAndSetVolume setParameters volume, volume=:0.180406 delay=:0
08-21 17:00:55.815  3386  3521 V AudioPolicyService: AudioCommandThread() waking up
08-21 17:00:55.815  3386 22564 V AudioPolicyService: AudioCommandThread() adding set parameter string fm_volume=0.1804062873, io 2 ,delay 0
08-21 17:00:55.815  3386 22564 V AudioPolicyService: inserting command: 3 at index 0, num commands 0
08-21 17:00:55.815  3386  3521 V AudioPolicyService: AudioCommandThread() processing update audio patch list
08-21 17:00:55.815  3386  3520 V AudioPolicyService: AudioCommandThread() waking up
08-21 17:00:55.815  3386  3521 V AudioPolicyService: AudioCommandThread() going to sleep
08-21 17:00:55.815  3386  3520 V AudioPolicyService: AudioCommandThread() processing set parameters string fm_volume=0.1804062873, io 2
08-21 17:00:55.815  3386  3520 V AudioFlinger: setParameters(): io 2, keyvalue fm_volume=0.1804062873, calling pid 3386
08-21 17:00:55.815  3386  3520 V AudioFlinger: ThreadBase::setParameters() fm_volume=0.1804062873
08-21 17:00:55.815  3386  3520 V AudioFlinger: sendConfigEvent_l() num events 1 event 2
08-21 17:00:55.825  3386  3533 V AudioFlinger: processConfigEvents_l() remaining events 1
08-21 17:00:55.828  3386  3533 D audio_hw_primary: out_set_parameters: enter: usecase(1: low-latency-playback) kvpairs: fm_volume=0.1804062873
08-21 17:00:55.828  3386  3533 D audio_hw_fm: audio_extn_fm_set_parameters: set_fm_volume usecase
08-21 17:00:55.828  3386  3533 D audio_hw_fm: fm_set_volume: device=2 (0.180406)
08-21 17:00:55.828  3386  3533 V audio_hw_primary: out_set_parameters: exit: code(0)
08-21 17:00:55.828  3386  3533 V AudioFlinger: processConfigEvents_l() DONE thread 0xf1040000
08-21 17:00:55.828  3386  3520 V AudioPolicyService: AudioCommandThread() going to sleep
08-21 17:00:55.828  3386 22564 V APM::AudioPolicyManager: checkAndSetVolume() cannot set stream 6 volume with force use = 0 for comm
08-21 17:00:55.828  3386 22564 V AudioFlinger: signal playback thread
08-21 17:00:55.828  1567  3268 V SoundPool: delete oldTrack 0x0
08-21 17:00:55.829  1567  4114 I PhoneWindowManagerEx: [PWM] sIsDimming=true, isDimChanging = true
08-21 17:00:55.829  1567  4114 I PhoneWindowManagerEx: [PWM][updateSystemUiVisibilityLw] tmpColorNavigationBar=0x1
08-21 17:00:55.829  1567  4114 I PhoneWindowManagerEx: [PWM][updateSystemUiVisibilityLw] mLastColorNavigationBar=0xff000000
08-21 17:00:55.829  1567  4114 D PhoneWindowManagerEx: [PWM][updateSystemUiVisibilityLw] sIsDimming=true, changed to => mLastColorNavigationBar=0xff000000
08-21 17:00:55.829  1567  4114 D kyu     : WindowState::getSystemUiVisibilityLG = 0
08-21 17:00:55.829  1567  1963 D PhoneWindowManagerEx: [PWM]2.notifyNavigationBarColor => Color.TRANSPARENT 
08-21 17:00:55.829  1567  4114 I WindowManager: [PWM][updateSystemUiVisibilityLw] diffLG=0
08-21 17:00:55.829  1567  4114 I WindowManager: [PWM][updateSystemUiVisibilityLw] visibilityLG=0x0
08-21 17:00:55.829  1567  4114 I WindowManager: [PWM][updateSystemUiVisibilityLw] mLastSystemUiFlagsLG=0x0
08-21 17:00:55.830  3599  3599 I [SystemUI]NavigationThemeResource: notify navigation bar color(0x0)
08-21 17:00:55.830  3599  3599 D [SystemUI]NavigationThemeResource: onThemeChanged, mIsLightBackground : false
08-21 17:00:55.830  1567  4114 D InputDispatcher: Focus left window: Window{159c863 u0 com.lge.hiddenmenu/com.lge.hiddenmenu.SVC.log_service.MainActivity}
08-21 17:00:55.830  1567  4114 D InputDispatcher: Focus entered window: Window{a1cdd3a u0 com.lge.hiddenmenu/com.lge.hiddenmenu.SVC.log_service.MainActivity}
08-21 17:00:55.835  1567  3955 D SplitFlag: relayout.. reset flags.. flags = 1820002, sysflags = 0 of win Window{a1cdd3a u0 com.lge.hiddenmenu/com.lge.hiddenmenu.SVC.log_service.MainActivity}
08-21 17:00:55.836  1567  3955 I PhoneWindowManagerEx: [PWM] sIsDimming=true, isDimChanging = false
08-21 17:00:55.836  1567  3955 I PhoneWindowManagerEx: [PWM][updateSystemUiVisibilityLw] tmpColorNavigationBar=0x1
08-21 17:00:55.836  1567  3955 I PhoneWindowManagerEx: [PWM][updateSystemUiVisibilityLw] mLastColorNavigationBar=0xff000000
08-21 17:00:55.836  1567  3955 D kyu     : WindowState::getSystemUiVisibilityLG = 0
08-21 17:00:55.836  1567  3955 I WindowManager: [PWM][updateSystemUiVisibilityLw] diffLG=0
08-21 17:00:55.836  1567  3955 I WindowManager: [PWM][updateSystemUiVisibilityLw] visibilityLG=0x0
08-21 17:00:55.836  1567  3955 I WindowManager: [PWM][updateSystemUiVisibilityLw] mLastSystemUiFlagsLG=0x0
08-21 17:00:55.838  3386  3533 V AudioFlinger: acquireWakeLock_l() AudioOut_2 status 0
08-21 17:00:55.849  3386  3533 V AudioFlinger: mixer(0xf1040000) throttle begin: ret(7680) deltaMs(9) requires sleep 1 ms
08-21 17:00:55.853  1567  3955 I PhoneWindowManagerEx: [PWM] sIsDimming=true, isDimChanging = false
08-21 17:00:55.853  1567  3955 I PhoneWindowManagerEx: [PWM][updateSystemUiVisibilityLw] tmpColorNavigationBar=0x1
08-21 17:00:55.853  1567  3955 I PhoneWindowManagerEx: [PWM][updateSystemUiVisibilityLw] mLastColorNavigationBar=0xff000000
08-21 17:00:55.853  1567  3955 D kyu     : WindowState::getSystemUiVisibilityLG = 0
08-21 17:00:55.853  1567  3955 I WindowManager: [PWM][updateSystemUiVisibilityLw] diffLG=0
08-21 17:00:55.853  1567  3955 I WindowManager: [PWM][updateSystemUiVisibilityLw] visibilityLG=0x0
08-21 17:00:55.853  1567  3955 I WindowManager: [PWM][updateSystemUiVisibilityLw] mLastSystemUiFlagsLG=0x0
08-21 17:00:55.868  3386  3533 D AudioFlinger: mixer(0xf1040000) throttle end: throttle time(1)
08-21 17:00:55.869 26637 26637 W SplitWindow: update focus... 
08-21 17:00:55.888  1567  2117 I PhoneWindowManagerEx: [PWM] sIsDimming=true, isDimChanging = false
08-21 17:00:55.888  1567  2117 I PhoneWindowManagerEx: [PWM][updateSystemUiVisibilityLw] tmpColorNavigationBar=0x1
08-21 17:00:55.888  1567  2117 I PhoneWindowManagerEx: [PWM][updateSystemUiVisibilityLw] mLastColorNavigationBar=0xff000000
08-21 17:00:55.889  1567  2117 D kyu     : WindowState::getSystemUiVisibilityLG = 0
08-21 17:00:55.889  1567  2117 I WindowManager: [PWM][updateSystemUiVisibilityLw] diffLG=0
08-21 17:00:55.889  1567  2117 I WindowManager: [PWM][updateSystemUiVisibilityLw] visibilityLG=0x0
08-21 17:00:55.889  1567  2117 I WindowManager: [PWM][updateSystemUiVisibilityLw] mLastSystemUiFlagsLG=0x0
08-21 17:00:55.891  1567  2117 I PhoneWindowManagerEx: [PWM] sIsDimming=true, isDimChanging = false
08-21 17:00:55.891  1567  2117 I PhoneWindowManagerEx: [PWM][updateSystemUiVisibilityLw] tmpColorNavigationBar=0x1
08-21 17:00:55.891  1567  2117 I PhoneWindowManagerEx: [PWM][updateSystemUiVisibilityLw] mLastColorNavigationBar=0xff000000
08-21 17:00:55.891  1567  2117 D kyu     : WindowState::getSystemUiVisibilityLG = 0
08-21 17:00:55.891  1567  2117 I WindowManager: [PWM][updateSystemUiVisibilityLw] diffLG=0
08-21 17:00:55.891  1567  2117 I WindowManager: [PWM][updateSystemUiVisibilityLw] visibilityLG=0x0
08-21 17:00:55.891  1567  2117 I WindowManager: [PWM][updateSystemUiVisibilityLw] mLastSystemUiFlagsLG=0x0
08-21 17:00:55.903 26637 26637 W SplitWindow: update focus... 
08-21 17:00:55.904  1567   913 V SoundPool: process 0x7f674e34d0 channel 538 event BUFFER_END
08-21 17:00:55.904  1567  3920 V SoundPool: awake
08-21 17:00:55.904  1567  3920 V SoundPool: Getting channel from stop list
08-21 17:00:55.904  1567  3920 V SoundPool: stop
08-21 17:00:55.905  1567  2117 I PhoneWindowManagerEx: [PWM] sIsDimming=true, isDimChanging = false
08-21 17:00:55.905  1567  2117 I PhoneWindowManagerEx: [PWM][updateSystemUiVisibilityLw] tmpColorNavigationBar=0x1
08-21 17:00:55.905  1567  2117 I PhoneWindowManagerEx: [PWM][updateSystemUiVisibilityLw] mLastColorNavigationBar=0xff000000
08-21 17:00:55.905  1567  2117 D kyu     : WindowState::getSystemUiVisibilityLG = 0
08-21 17:00:55.905  1567  3920 V SoundPool: done_l(538)
08-21 17:00:55.905  1567  3920 V SoundPool: move to front
08-21 17:00:55.905  1567  2117 I WindowManager: [PWM][updateSystemUiVisibilityLw] diffLG=0
08-21 17:00:55.905  1567  2117 I WindowManager: [PWM][updateSystemUiVisibilityLw] visibilityLG=0x0
08-21 17:00:55.905  1567  2117 I WindowManager: [PWM][updateSystemUiVisibilityLw] mLastSystemUiFlagsLG=0x0
08-21 17:00:55.928  3386  3533 V audio_hw_primary: out_get_latency: Latency 10
08-21 17:00:55.948  3386  3533 V audio_hw_primary: out_get_latency: Latency 10
08-21 17:00:55.955  3386  3533 V AudioFlinger: removeTracks_l removing track on session 945
08-21 17:00:55.955  3386  3533 V AudioFlinger: acquireWakeLock_l() AudioOut_2 status 0
08-21 17:00:55.965  3386  3533 V AudioPolicyService: AudioCommandThread() adding stop output 2
08-21 17:00:55.965  3386  3533 V AudioPolicyService: inserting command: 5 at index 0, num commands 0
08-21 17:00:55.965  3386  3521 V AudioPolicyService: AudioCommandThread() waking up
08-21 17:00:55.965  3386  3521 V AudioPolicyService: AudioCommandThread() processing stop output 2
08-21 17:00:55.965  3386  3521 V APM::AudioPolicyManager: stopOutput() output 2, stream 1, session 945
08-21 17:00:55.965  3386  3521 V APM::AudioPolicyManager: setBeaconMute(1) mBeaconMuteRefCount=0 mBeaconPlayingRefCount=0
08-21 17:00:55.965  3386  3521 V APM::AudioPolicyManager: getNewOutputDevice() selected device 0
08-21 17:00:55.965  3386  3521 V APM::AudioPolicyManager: setOutputDevice() device 0000 delayMs 100
08-21 17:00:55.965  3386  3521 V APM::AudioPolicyManager: setOutputDevice() prevDevice 0x0002
08-21 17:00:55.965  3386  3521 V APM::AudioPolicyManager: AudioPolicyManagerEx::getRingerMode() mRingerMode 2
08-21 17:00:55.965  3386  3521 V APM::AudioPolicyManager: AudioPolicyManagerEx::getRingerMode() mRingerMode 2
08-21 17:00:55.965  3386  3521 V APM::AudioPolicyManager: AudioPolicyManagerEx::getRingerMode() mRingerMode 2
08-21 17:00:55.965  3386  3521 V APM::AudioPolicyManager: AudioPolicyManagerEx::getRingerMode() mRingerMode 2
08-21 17:00:55.965  3386  3521 V APM::AudioPolicyManager: AudioPolicyManagerEx::getRingerMode() mRingerMode 2
08-21 17:00:55.965  3386  3521 V APM::AudioPolicyManager: setOutputDevice() setting same device 0x0000 or null device
08-21 17:00:55.966  3386  3521 V AudioPolicyService: AudioCommandThread() going to sleep
08-21 17:00:56.156  1567  2117 I PhoneWindowManagerEx: [PWM] sIsDimming=true, isDimChanging = false
08-21 17:00:56.156  1567  2117 I PhoneWindowManagerEx: [PWM][updateSystemUiVisibilityLw] tmpColorNavigationBar=0x1
08-21 17:00:56.156  1567  2117 I PhoneWindowManagerEx: [PWM][updateSystemUiVisibilityLw] mLastColorNavigationBar=0xff000000
08-21 17:00:56.156  1567  2117 D kyu     : WindowState::getSystemUiVisibilityLG = 0
08-21 17:00:56.156  1567  2117 I WindowManager: [PWM][updateSystemUiVisibilityLw] diffLG=0
08-21 17:00:56.156  1567  2117 I WindowManager: [PWM][updateSystemUiVisibilityLw] visibilityLG=0x0
08-21 17:00:56.156  1567  2117 I WindowManager: [PWM][updateSystemUiVisibilityLw] mLastSystemUiFlagsLG=0x0
08-21 17:00:56.213  4064  4416 D WfdStateTracker: handleUiStateChangeEvent : 0, 0
08-21 17:00:56.358  1567  3233 D InputDispatcher: notifyMotion - action=ACTION_DOWN(0), id=0, x=383.000, y=1487.000, tooltype=1, deviceId=4, source=0x1002, policyFlags=0x0, flags=0x0, metaState=0x0, buttonState=0x0, edgeFlags=0x0, eventTime=14408470310000, downTime=14408470310000, 
08-21 17:00:56.359  1567  3232 D InputTransport: channel 'a1cdd3a com.lge.hiddenmenu/com.lge.hiddenmenu.SVC.log_service.MainActivity (server)' : action=ACTION_DOWN(0), id=0, x=383.000, y=1487.000, [tooltype=1, deviceId=4, source=0x1002, flags=0x0, edgeFlags=0x0, metaState=0x0, buttonState=0x0, downTime=14408470310000, eventTime=14408470310000, pointerCount=1
08-21 17:00:56.408  1567  3233 D InputDispatcher: notifyMotion - action=ACTION_UP(0), id=0, x=378.000, y=1497.000, tooltype=1, deviceId=4, source=0x1002, policyFlags=0x0, flags=0x0, metaState=0x0, buttonState=0x0, edgeFlags=0x0, eventTime=14408519730000, downTime=14408470310000, 
08-21 17:00:56.408  1567  3232 D InputTransport: channel 'a1cdd3a com.lge.hiddenmenu/com.lge.hiddenmenu.SVC.log_service.MainActivity (server)' : action=ACTION_UP(0), id=0, x=378.000, y=1497.000, [tooltype=1, deviceId=4, source=0x1002, flags=0x0, edgeFlags=0x0, metaState=0x0, buttonState=0x0, downTime=14408470310000, eventTime=14408519730000, pointerCount=1
