08-21 17:00:19.659  5746  7018 D LGMediaProvider: [MediaScanner] insert() completed notifyChange, uri = content://media/external/file
08-21 17:00:19.661  5746  7018 V LGMediaProvider: insertInternal: content://media/, initValues=name=external
08-21 17:00:19.674  6603  6603 I MusicWidget: _mediaDataObserver onChange()
08-21 17:00:19.684  6603  6603 I MusicWidget: category == AppWidgetProviderInfo.WIDGET_CATEGORY_HOME_SCREEN
08-21 17:00:19.684  6603  6603 I MusicWidget: beingMusicWidget_4x2() result::true
08-21 17:00:19.684  6603  6603 I MusicWidget: getFavoriteValue()
08-21 17:00:19.685  6603  6603 I MusicWidget: android.os.DeadObjectException
08-21 17:00:19.685  6603  6603 I MusicWidget: isNeedUpdateByDBChange() result::false
08-21 17:00:19.687  5746  7018 D MediaScannerService: [MediaScanner] scanFile() path = /storage/emulated/0/logger/152330411e7d4_20150821_170017/logger/main.log, volumeName = external
08-21 17:00:19.709  5746  7018 D MediaScannerEx: [MediaScanner] scanSingleFile() path = /storage/emulated/0/logger/152330411e7d4_20150821_170017/logger/main.log, volumeName = external
08-21 17:00:19.713  5746  6629 E DatabaseUtils: Writing exception to parcel
08-21 17:00:19.713  5746  6629 E DatabaseUtils: java.lang.SecurityException: Permission Denial: reading com.android.providers.media.MediaProvider uri content://media/external/fs_id from pid=30501, uid=10112 requires android.permission.READ_EXTERNAL_STORAGE, or grantUriPermission()
08-21 17:00:19.713  5746  6629 E DatabaseUtils: 	at android.content.ContentProvider.enforceReadPermissionInner(ContentProvider.java:605)
08-21 17:00:19.713  5746  6629 E DatabaseUtils: 	at android.content.ContentProvider$Transport.enforceReadPermission(ContentProvider.java:480)
08-21 17:00:19.713  5746  6629 E DatabaseUtils: 	at android.content.ContentProvider$Transport.query(ContentProvider.java:211)
08-21 17:00:19.713  5746  6629 E DatabaseUtils: 	at android.content.ContentProviderNative.onTransact(ContentProviderNative.java:112)
08-21 17:00:19.713  5746  6629 E DatabaseUtils: 	at android.os.Binder.execTransact(Binder.java:453)
08-21 17:00:19.735  1567  4125 I PhoneWindowManagerEx: [PWM] sIsDimming=false, isDimChanging = false
08-21 17:00:19.735  1567  4125 I PhoneWindowManagerEx: [PWM][updateSystemUiVisibilityLw] tmpColorNavigationBar=0x1
08-21 17:00:19.735  1567  4125 I PhoneWindowManagerEx: [PWM][updateSystemUiVisibilityLw] mLastColorNavigationBar=0xff000000
08-21 17:00:19.735  1567  4125 D kyu     : WindowState::getSystemUiVisibilityLG = 0
08-21 17:00:19.735  1567  4125 I WindowManager: [PWM][updateSystemUiVisibilityLw] diffLG=0
08-21 17:00:19.735  1567  4125 I WindowManager: [PWM][updateSystemUiVisibilityLw] visibilityLG=0x0
08-21 17:00:19.735  1567  4125 I WindowManager: [PWM][updateSystemUiVisibilityLw] mLastSystemUiFlagsLG=0x0
08-21 17:00:19.739  1567  4125 D InputDispatcher: Window went away: Window{45efc12 u0 Toast}
08-21 17:00:19.762  5746  7018 D MediaScannerEx: [MediaScanner] beginFile() path = /storage/emulated/0/logger/152330411e7d4_20150821_170017/logger/main.log
08-21 17:00:19.762  5746  7018 D LGMediaProvider: [MediaScanner] insert() uri = content://media/external/file, path = /storage/emulated/0/logger/152330411e7d4_20150821_170017/logger/main.log
08-21 17:00:19.762  5746  7018 V LGMediaProvider: insertInternal: content://media/external/file, initValues=is_hifi=0 mime_type=null _size=408702 title=main _data=/storage/emulated/0/logger/152330411e7d4_20150821_170017/logger/main.log longitude=null is_lock=0 is_drm=false latitude=null protected_type=0 date_modified=1440187217 format=12288
08-21 17:00:19.763  5746  7018 V LGMediaProvider: Returning cached entry for /storage/emulated/0/logger/152330411e7d4_20150821_170017/logger
08-21 17:00:19.777  5746  7018 V LGMediaProvider: insertFile: values=is_hifi=0 bucket_id=1770306029 longitude=null protected_type=0 burst_id=null date_modified=1440187217 bucket_display_name=logger parent=182 format=12288 storage_id=65537 media_type=0 mime_type=null _data=/storage/emulated/0/logger/152330411e7d4_20150821_170017/logger/main.log title=main _size=408702 is_drm=false is_lock=0 date_added=1440187219 latitude=null storage_type=65537 returned: 189
08-21 17:00:19.778  5746  7018 D LGMediaProvider: [MediaScanner] insert() completed notifyChange, uri = content://media/external/file
08-21 17:00:19.782  5746  7018 V LGMediaProvider: insertInternal: content://media/, initValues=name=external
08-21 17:00:19.799  6603  6603 I MusicWidget: _mediaDataObserver onChange()
08-21 17:00:19.803  6603  6603 I MusicWidget: category == AppWidgetProviderInfo.WIDGET_CATEGORY_HOME_SCREEN
08-21 17:00:19.803  6603  6603 I MusicWidget: beingMusicWidget_4x2() result::true
08-21 17:00:19.803  6603  6603 I MusicWidget: getFavoriteValue()
08-21 17:00:19.804  6603  6603 I MusicWidget: android.os.DeadObjectException
08-21 17:00:19.804  6603  6603 I MusicWidget: isNeedUpdateByDBChange() result::false
08-21 17:00:19.817  5746  7018 D MediaScannerService: [MediaScanner] scanFile() path = /storage/emulated/0/logger/152330411e7d4_20150821_170017/logger/events.log, volumeName = external
08-21 17:00:19.832  5746  5763 E DatabaseUtils: Writing exception to parcel
08-21 17:00:19.832  5746  5763 E DatabaseUtils: java.lang.SecurityException: Permission Denial: reading com.android.providers.media.MediaProvider uri content://media/external/fs_id from pid=30501, uid=10112 requires android.permission.READ_EXTERNAL_STORAGE, or grantUriPermission()
08-21 17:00:19.832  5746  5763 E DatabaseUtils: 	at android.content.ContentProvider.enforceReadPermissionInner(ContentProvider.java:605)
08-21 17:00:19.832  5746  5763 E DatabaseUtils: 	at android.content.ContentProvider$Transport.enforceReadPermission(ContentProvider.java:480)
08-21 17:00:19.832  5746  5763 E DatabaseUtils: 	at android.content.ContentProvider$Transport.query(ContentProvider.java:211)
08-21 17:00:19.832  5746  5763 E DatabaseUtils: 	at android.content.ContentProviderNative.onTransact(ContentProviderNative.java:112)
08-21 17:00:19.832  5746  5763 E DatabaseUtils: 	at android.os.Binder.execTransact(Binder.java:453)
08-21 17:00:19.838  5746  7018 D MediaScannerEx: [MediaScanner] scanSingleFile() path = /storage/emulated/0/logger/152330411e7d4_20150821_170017/logger/events.log, volumeName = external
08-21 17:00:19.885  5746  7018 D MediaScannerEx: [MediaScanner] beginFile() path = /storage/emulated/0/logger/152330411e7d4_20150821_170017/logger/events.log
08-21 17:00:19.886  5746  7018 D LGMediaProvider: [MediaScanner] insert() uri = content://media/external/file, path = /storage/emulated/0/logger/152330411e7d4_20150821_170017/logger/events.log
08-21 17:00:19.886  5746  7018 V LGMediaProvider: insertInternal: content://media/external/file, initValues=is_hifi=0 mime_type=null _size=464661 title=events _data=/storage/emulated/0/logger/152330411e7d4_20150821_170017/logger/events.log longitude=null is_lock=0 is_drm=false latitude=null protected_type=0 date_modified=1440187217 format=12288
08-21 17:00:19.886  5746  7018 V LGMediaProvider: Returning cached entry for /storage/emulated/0/logger/152330411e7d4_20150821_170017/logger
08-21 17:00:19.914  3386 21638 D audio_hw_extn: audio_extn_get_parameters: returns 
08-21 17:00:19.914  3386 21638 V msm8974_platform: platform_get_parameters: exit: returns - 
08-21 17:00:19.914  3386 21638 V audio_hw_primary: adev_get_parameters: exit: returns - 
08-21 17:00:19.914  3386 21638 I str_params: key: 'isSwIrrc' value: ''
08-21 17:00:19.920  5746  7018 V LGMediaProvider: insertFile: values=is_hifi=0 bucket_id=1770306029 longitude=null protected_type=0 burst_id=null date_modified=1440187217 bucket_display_name=logger parent=182 format=12288 storage_id=65537 media_type=0 mime_type=null _data=/storage/emulated/0/logger/152330411e7d4_20150821_170017/logger/events.log title=events _size=464661 is_drm=false is_lock=0 date_added=1440187219 latitude=null storage_type=65537 returned: 190
08-21 17:00:19.921  5746  7018 D LGMediaProvider: [MediaScanner] insert() completed notifyChange, uri = content://media/external/file
08-21 17:00:19.923  5746  7018 V LGMediaProvider: insertInternal: content://media/, initValues=name=external
08-21 17:00:19.949  3599  3599 D [SystemUI]VolumeSlider: seekbar maxVolume = 7, volume = 5, plusone = 0
08-21 17:00:19.954  6603  6603 I MusicWidget: _mediaDataObserver onChange()
08-21 17:00:19.974  6603  6603 I MusicWidget: category == AppWidgetProviderInfo.WIDGET_CATEGORY_HOME_SCREEN
08-21 17:00:19.974  6603  6603 I MusicWidget: beingMusicWidget_4x2() result::true
08-21 17:00:19.974  6603  6603 I MusicWidget: getFavoriteValue()
08-21 17:00:19.975  6603  6603 I MusicWidget: android.os.DeadObjectException
08-21 17:00:19.975  6603  6603 I MusicWidget: isNeedUpdateByDBChange() result::false
08-21 17:00:19.987  5746  7018 D MediaScannerService: [MediaScanner] scanFile() path = /storage/emulated/0/logger/152330411e7d4_20150821_170017/logger/kernel.log, volumeName = external
08-21 17:00:20.018  5746  5762 E DatabaseUtils: Writing exception to parcel
08-21 17:00:20.018  5746  5762 E DatabaseUtils: java.lang.SecurityException: Permission Denial: reading com.android.providers.media.MediaProvider uri content://media/external/fs_id from pid=30501, uid=10112 requires android.permission.READ_EXTERNAL_STORAGE, or grantUriPermission()
08-21 17:00:20.018  5746  5762 E DatabaseUtils: 	at android.content.ContentProvider.enforceReadPermissionInner(ContentProvider.java:605)
08-21 17:00:20.018  5746  5762 E DatabaseUtils: 	at android.content.ContentProvider$Transport.enforceReadPermission(ContentProvider.java:480)
08-21 17:00:20.018  5746  5762 E DatabaseUtils: 	at android.content.ContentProvider$Transport.query(ContentProvider.java:211)
08-21 17:00:20.018  5746  5762 E DatabaseUtils: 	at android.content.ContentProviderNative.onTransact(ContentProviderNative.java:112)
08-21 17:00:20.018  5746  5762 E DatabaseUtils: 	at android.os.Binder.execTransact(Binder.java:453)
08-21 17:00:20.018  5746  7018 D MediaScannerEx: [MediaScanner] scanSingleFile() path = /storage/emulated/0/logger/152330411e7d4_20150821_170017/logger/kernel.log, volumeName = external
08-21 17:00:20.072  5746  7018 D MediaScannerEx: [MediaScanner] beginFile() path = /storage/emulated/0/logger/152330411e7d4_20150821_170017/logger/kernel.log
08-21 17:00:20.072  5746  7018 D LGMediaProvider: [MediaScanner] insert() uri = content://media/external/file, path = /storage/emulated/0/logger/152330411e7d4_20150821_170017/logger/kernel.log
08-21 17:00:20.072  5746  7018 V LGMediaProvider: insertInternal: content://media/external/file, initValues=is_hifi=0 mime_type=null _size=344064 title=kernel _data=/storage/emulated/0/logger/152330411e7d4_20150821_170017/logger/kernel.log longitude=null is_lock=0 is_drm=false latitude=null protected_type=0 date_modified=1440187217 format=12288
08-21 17:00:20.073  5746  7018 V LGMediaProvider: Returning cached entry for /storage/emulated/0/logger/152330411e7d4_20150821_170017/logger
08-21 17:00:20.094  5746  7018 V LGMediaProvider: insertFile: values=is_hifi=0 bucket_id=1770306029 longitude=null protected_type=0 burst_id=null date_modified=1440187217 bucket_display_name=logger parent=182 format=12288 storage_id=65537 media_type=0 mime_type=null _data=/storage/emulated/0/logger/152330411e7d4_20150821_170017/logger/kernel.log title=kernel _size=344064 is_drm=false is_lock=0 date_added=1440187220 latitude=null storage_type=65537 returned: 191
08-21 17:00:20.096  5746  7018 D LGMediaProvider: [MediaScanner] insert() completed notifyChange, uri = content://media/external/file
08-21 17:00:20.098  5746  7018 V LGMediaProvider: insertInternal: content://media/, initValues=name=external
08-21 17:00:20.111  6603  6603 I MusicWidget: _mediaDataObserver onChange()
08-21 17:00:20.119  5746  7018 D MediaScannerService: [MediaScanner] scanFile() path = /storage/emulated/0/logger/152330411e7d4_20150821_170017/MediaDB/external.db-wal, volumeName = external
08-21 17:00:20.120  6603  6603 I MusicWidget: category == AppWidgetProviderInfo.WIDGET_CATEGORY_HOME_SCREEN
08-21 17:00:20.121  6603  6603 I MusicWidget: beingMusicWidget_4x2() result::true
08-21 17:00:20.121  6603  6603 I MusicWidget: getFavoriteValue()
08-21 17:00:20.121  6603  6603 I MusicWidget: android.os.DeadObjectException
08-21 17:00:20.121  6603  6603 I MusicWidget: isNeedUpdateByDBChange() result::false
08-21 17:00:20.154  5746  7018 D MediaScannerEx: [MediaScanner] scanSingleFile() path = /storage/emulated/0/logger/152330411e7d4_20150821_170017/MediaDB/external.db-wal, volumeName = external
08-21 17:00:20.162  5746 31618 E DatabaseUtils: Writing exception to parcel
08-21 17:00:20.162  5746 31618 E DatabaseUtils: java.lang.SecurityException: Permission Denial: reading com.android.providers.media.MediaProvider uri content://media/external/fs_id from pid=30501, uid=10112 requires android.permission.READ_EXTERNAL_STORAGE, or grantUriPermission()
08-21 17:00:20.162  5746 31618 E DatabaseUtils: 	at android.content.ContentProvider.enforceReadPermissionInner(ContentProvider.java:605)
08-21 17:00:20.162  5746 31618 E DatabaseUtils: 	at android.content.ContentProvider$Transport.enforceReadPermission(ContentProvider.java:480)
08-21 17:00:20.162  5746 31618 E DatabaseUtils: 	at android.content.ContentProvider$Transport.query(ContentProvider.java:211)
08-21 17:00:20.162  5746 31618 E DatabaseUtils: 	at android.content.ContentProviderNative.onTransact(ContentProviderNative.java:112)
08-21 17:00:20.162  5746 31618 E DatabaseUtils: 	at android.os.Binder.execTransact(Binder.java:453)
08-21 17:00:20.202  5746  7018 D MediaScannerEx: [MediaScanner] beginFile() path = /storage/emulated/0/logger/152330411e7d4_20150821_170017/MediaDB/external.db-wal
08-21 17:00:20.203  5746  7018 D LGMediaProvider: [MediaScanner] insert() uri = content://media/external/file, path = /storage/emulated/0/logger/152330411e7d4_20150821_170017/MediaDB/external.db-wal
08-21 17:00:20.203  5746  7018 V LGMediaProvider: insertInternal: content://media/external/file, initValues=is_hifi=0 mime_type=null _size=469712 title=external _data=/storage/emulated/0/logger/152330411e7d4_20150821_170017/MediaDB/external.db-wal longitude=null is_lock=0 is_drm=false latitude=null protected_type=0 date_modified=1440187217 format=12288
08-21 17:00:20.203  5746  7018 V LGMediaProvider: Returning cached entry for /storage/emulated/0/logger/152330411e7d4_20150821_170017/MediaDB
08-21 17:00:20.223  5746  7018 V LGMediaProvider: insertFile: values=is_hifi=0 bucket_id=-356590939 longitude=null protected_type=0 burst_id=null date_modified=1440187217 bucket_display_name=MediaDB parent=186 format=12288 storage_id=65537 media_type=0 mime_type=null _data=/storage/emulated/0/logger/152330411e7d4_20150821_170017/MediaDB/external.db-wal title=external _size=469712 is_drm=false is_lock=0 date_added=1440187220 latitude=null storage_type=65537 returned: 192
08-21 17:00:20.231  5746  7018 D LGMediaProvider: [MediaScanner] insert() completed notifyChange, uri = content://media/external/file
08-21 17:00:20.233  5746  7018 V LGMediaProvider: insertInternal: content://media/, initValues=name=external
08-21 17:00:20.253  5746  7018 D MediaScannerService: [MediaScanner] scanFile() path = /storage/emulated/0/logger/152330411e7d4_20150821_170017/logger/power.log, volumeName = external
08-21 17:00:20.253  6603  6603 I MusicWidget: _mediaDataObserver onChange()
08-21 17:00:20.257  6603  6603 I MusicWidget: category == AppWidgetProviderInfo.WIDGET_CATEGORY_HOME_SCREEN
08-21 17:00:20.257  6603  6603 I MusicWidget: beingMusicWidget_4x2() result::true
08-21 17:00:20.257  6603  6603 I MusicWidget: getFavoriteValue()
08-21 17:00:20.257  6603  6603 I MusicWidget: android.os.DeadObjectException
08-21 17:00:20.257  6603  6603 I MusicWidget: isNeedUpdateByDBChange() result::false
08-21 17:00:20.282  1567  2117 I PhoneWindowManagerEx: [PWM] sIsDimming=false, isDimChanging = false
08-21 17:00:20.282  1567  2117 I PhoneWindowManagerEx: [PWM][updateSystemUiVisibilityLw] tmpColorNavigationBar=0x1
08-21 17:00:20.282  1567  2117 I PhoneWindowManagerEx: [PWM][updateSystemUiVisibilityLw] mLastColorNavigationBar=0xff000000
08-21 17:00:20.282  1567  2117 D kyu     : WindowState::getSystemUiVisibilityLG = 0
08-21 17:00:20.282  1567  2117 I WindowManager: [PWM][updateSystemUiVisibilityLw] diffLG=0
08-21 17:00:20.282  1567  2117 I WindowManager: [PWM][updateSystemUiVisibilityLw] visibilityLG=0x0
08-21 17:00:20.282  1567  2117 I WindowManager: [PWM][updateSystemUiVisibilityLw] mLastSystemUiFlagsLG=0x0
08-21 17:00:20.292  1567  2117 I PhoneWindowManagerEx: [PWM] sIsDimming=false, isDimChanging = false
08-21 17:00:20.292  1567  2117 I PhoneWindowManagerEx: [PWM][updateSystemUiVisibilityLw] tmpColorNavigationBar=0x1
08-21 17:00:20.292  1567  2117 I PhoneWindowManagerEx: [PWM][updateSystemUiVisibilityLw] mLastColorNavigationBar=0xff000000
08-21 17:00:20.292  1567  2117 D kyu     : WindowState::getSystemUiVisibilityLG = 0
08-21 17:00:20.292  1567  2117 I WindowManager: [PWM][updateSystemUiVisibilityLw] diffLG=0
08-21 17:00:20.292  1567  2117 I WindowManager: [PWM][updateSystemUiVisibilityLw] visibilityLG=0x0
08-21 17:00:20.292  1567  2117 I WindowManager: [PWM][updateSystemUiVisibilityLw] mLastSystemUiFlagsLG=0x0
08-21 17:00:20.299  5746  6633 E DatabaseUtils: Writing exception to parcel
08-21 17:00:20.299  5746  6633 E DatabaseUtils: java.lang.SecurityException: Permission Denial: reading com.android.providers.media.MediaProvider uri content://media/external/fs_id from pid=30501, uid=10112 requires android.permission.READ_EXTERNAL_STORAGE, or grantUriPermission()
08-21 17:00:20.299  5746  6633 E DatabaseUtils: 	at android.content.ContentProvider.enforceReadPermissionInner(ContentProvider.java:605)
08-21 17:00:20.299  5746  6633 E DatabaseUtils: 	at android.content.ContentProvider$Transport.enforceReadPermission(ContentProvider.java:480)
08-21 17:00:20.299  5746  6633 E DatabaseUtils: 	at android.content.ContentProvider$Transport.query(ContentProvider.java:211)
08-21 17:00:20.299  5746  6633 E DatabaseUtils: 	at android.content.ContentProviderNative.onTransact(ContentProviderNative.java:112)
08-21 17:00:20.299  5746  6633 E DatabaseUtils: 	at android.os.Binder.execTransact(Binder.java:453)
08-21 17:00:20.312  5746  7018 D MediaScannerEx: [MediaScanner] scanSingleFile() path = /storage/emulated/0/logger/152330411e7d4_20150821_170017/logger/power.log, volumeName = external
08-21 17:00:20.324  3386  3533 V AudioFlinger: Audio hardware entering standby, mixer 0xf1040000, suspend count 0
08-21 17:00:20.324  3386  3533 D audio_hw_primary: out_standby: enter: stream (0xf1b28080) usecase(1: low-latency-playback)
08-21 17:00:20.350  5746  7018 D MediaScannerEx: [MediaScanner] beginFile() path = /storage/emulated/0/logger/152330411e7d4_20150821_170017/logger/power.log
08-21 17:00:20.351  5746  7018 D LGMediaProvider: [MediaScanner] insert() uri = content://media/external/file, path = /storage/emulated/0/logger/152330411e7d4_20150821_170017/logger/power.log
08-21 17:00:20.351  5746  7018 V LGMediaProvider: insertInternal: content://media/external/file, initValues=is_hifi=0 mime_type=null _size=0 title=power _data=/storage/emulated/0/logger/152330411e7d4_20150821_170017/logger/power.log longitude=null is_lock=0 is_drm=false latitude=null protected_type=0 date_modified=1440187217 format=12288
08-21 17:00:20.351  5746  7018 V LGMediaProvider: Returning cached entry for /storage/emulated/0/logger/152330411e7d4_20150821_170017/logger
08-21 17:00:20.355  3386  3533 V audio_hw_primary: stop_output_stream: enter: usecase(1: low-latency-playback)
08-21 17:00:20.355  3386  3533 V audio_hw_primary: disable_audio_route: enter: usecase(1)
08-21 17:00:20.355  3386  3533 V msm8974_platform_lge: LGE_platform_add_backend_name: enter: 2
08-21 17:00:20.355  3386  3533 V audio_hw_primary: disable_audio_route: reset and update mixer path: low-latency-playback quat-mi2s-speaker
08-21 17:00:20.358  3386  3533 V audio_hw_primary: disable_audio_route: exit
08-21 17:00:20.358  3386  3533 E audio_hw_primary: disable_snd_device: enter 2
08-21 17:00:20.358  3386  3533 D hardware_info: hw_info_append_hw_type : device_name = speaker
08-21 17:00:20.358  3386  3533 V audio_hw_primary: disable_snd_device: snd_device(2: speaker)
08-21 17:00:20.358  3386  3533 V audio_hw_3rdP_spkr_prot: lge_audio_3rdP_spk_prot_disable: Entry
08-21 17:00:20.371  5746  7018 V LGMediaProvider: insertFile: values=is_hifi=0 bucket_id=1770306029 longitude=null protected_type=0 burst_id=null date_modified=1440187217 bucket_display_name=logger parent=182 format=12288 storage_id=65537 media_type=0 mime_type=null _data=/storage/emulated/0/logger/152330411e7d4_20150821_170017/logger/power.log title=power _size=0 is_drm=false is_lock=0 date_added=1440187220 latitude=null storage_type=65537 returned: 193
08-21 17:00:20.372  5746  7018 D LGMediaProvider: [MediaScanner] insert() completed notifyChange, uri = content://media/external/file
08-21 17:00:20.378  5746  7018 V LGMediaProvider: insertInternal: content://media/, initValues=name=external
08-21 17:00:20.384  3386  3533 V audio_hw_3rdP_spkr_prot: lge_audio_3rdP_spk_prot_disable: Exit
08-21 17:00:20.384  3386  3533 V audio_hw_primary: stop_output_stream: exit: status(0)
08-21 17:00:20.384  3386  3533 V audio_hw_primary: out_standby: exit
08-21 17:00:20.384  3386  3533 V AudioFlinger: releaseWakeLock_l() AudioOut_2
08-21 17:00:20.385  3386  3533 V AudioFlinger: thread 0xf1040000 type 0 TID 3533 going to sleep
08-21 17:00:20.389  5746  7018 D MediaScannerService: [MediaScanner] scanFile() path = /storage/emulated/0/logger/152330411e7d4_20150821_170017/MediaDB/external.db-shm, volumeName = external
08-21 17:00:20.389  6603  6603 I MusicWidget: _mediaDataObserver onChange()
08-21 17:00:20.402  6603  6603 I MusicWidget: category == AppWidgetProviderInfo.WIDGET_CATEGORY_HOME_SCREEN
08-21 17:00:20.402  6603  6603 I MusicWidget: beingMusicWidget_4x2() result::true
08-21 17:00:20.402  6603  6603 I MusicWidget: getFavoriteValue()
08-21 17:00:20.402  6603  6603 I MusicWidget: android.os.DeadObjectException
08-21 17:00:20.402  6603  6603 I MusicWidget: isNeedUpdateByDBChange() result::false
08-21 17:00:20.424  5746  7018 D MediaScannerEx: [MediaScanner] scanSingleFile() path = /storage/emulated/0/logger/152330411e7d4_20150821_170017/MediaDB/external.db-shm, volumeName = external
08-21 17:00:20.430  5746  6631 E DatabaseUtils: Writing exception to parcel
08-21 17:00:20.430  5746  6631 E DatabaseUtils: java.lang.SecurityException: Permission Denial: reading com.android.providers.media.MediaProvider uri content://media/external/fs_id from pid=30501, uid=10112 requires android.permission.READ_EXTERNAL_STORAGE, or grantUriPermission()
08-21 17:00:20.430  5746  6631 E DatabaseUtils: 	at android.content.ContentProvider.enforceReadPermissionInner(ContentProvider.java:605)
08-21 17:00:20.430  5746  6631 E DatabaseUtils: 	at android.content.ContentProvider$Transport.enforceReadPermission(ContentProvider.java:480)
08-21 17:00:20.430  5746  6631 E DatabaseUtils: 	at android.content.ContentProvider$Transport.query(ContentProvider.java:211)
08-21 17:00:20.430  5746  6631 E DatabaseUtils: 	at android.content.ContentProviderNative.onTransact(ContentProviderNative.java:112)
08-21 17:00:20.430  5746  6631 E DatabaseUtils: 	at android.os.Binder.execTransact(Binder.java:453)
08-21 17:00:20.463  3386  3386 D audio_hw_extn: audio_extn_get_parameters: returns 
08-21 17:00:20.463  3386  3386 V msm8974_platform: platform_get_parameters: exit: returns - 
08-21 17:00:20.463  3386  3386 V audio_hw_primary: adev_get_parameters: exit: returns - 
08-21 17:00:20.463  3386  3386 I str_params: key: 'isSwIrrc' value: ''
08-21 17:00:20.498  5746  7018 D MediaScannerEx: [MediaScanner] beginFile() path = /storage/emulated/0/logger/152330411e7d4_20150821_170017/MediaDB/external.db-shm
08-21 17:00:20.499  5746  7018 D LGMediaProvider: [MediaScanner] insert() uri = content://media/external/file, path = /storage/emulated/0/logger/152330411e7d4_20150821_170017/MediaDB/external.db-shm
08-21 17:00:20.499  5746  7018 V LGMediaProvider: insertInternal: content://media/external/file, initValues=is_hifi=0 mime_type=null _size=32768 title=external _data=/storage/emulated/0/logger/152330411e7d4_20150821_170017/MediaDB/external.db-shm longitude=null is_lock=0 is_drm=false latitude=null protected_type=0 date_modified=1440187217 format=12288
08-21 17:00:20.499  5746  7018 V LGMediaProvider: Returning cached entry for /storage/emulated/0/logger/152330411e7d4_20150821_170017/MediaDB
08-21 17:00:20.514  3599  3599 D [SystemUI]VolumeSlider: seekbar maxVolume = 7, volume = 5, plusone = 0
08-21 17:00:20.526  5746  7018 V LGMediaProvider: insertFile: values=is_hifi=0 bucket_id=-356590939 longitude=null protected_type=0 burst_id=null date_modified=1440187217 bucket_display_name=MediaDB parent=186 format=12288 storage_id=65537 media_type=0 mime_type=null _data=/storage/emulated/0/logger/152330411e7d4_20150821_170017/MediaDB/external.db-shm title=external _size=32768 is_drm=false is_lock=0 date_added=1440187220 latitude=null storage_type=65537 returned: 194
08-21 17:00:20.530  5746  7018 D LGMediaProvider: [MediaScanner] insert() completed notifyChange, uri = content://media/external/file
08-21 17:00:20.534  5746  7018 V LGMediaProvider: insertInternal: content://media/, initValues=name=external
08-21 17:00:20.551  6603  6603 I MusicWidget: _mediaDataObserver onChange()
08-21 17:00:20.560  6603  6603 I MusicWidget: category == AppWidgetProviderInfo.WIDGET_CATEGORY_HOME_SCREEN
08-21 17:00:20.560  6603  6603 I MusicWidget: beingMusicWidget_4x2() result::true
08-21 17:00:20.560  6603  6603 I MusicWidget: getFavoriteValue()
08-21 17:00:20.560  6603  6603 I MusicWidget: android.os.DeadObjectException
08-21 17:00:20.560  6603  6603 I MusicWidget: isNeedUpdateByDBChange() result::false
08-21 17:00:20.568  5746  7018 D MediaScannerService: [MediaScanner] scanFile() path = /storage/emulated/0/logger/152330411e7d4_20150821_170017/logger/packet.pcap0, volumeName = external
08-21 17:00:20.589  5746  6629 E DatabaseUtils: Writing exception to parcel
08-21 17:00:20.589  5746  6629 E DatabaseUtils: java.lang.SecurityException: Permission Denial: reading com.android.providers.media.MediaProvider uri content://media/external/fs_id from pid=30501, uid=10112 requires android.permission.READ_EXTERNAL_STORAGE, or grantUriPermission()
08-21 17:00:20.589  5746  6629 E DatabaseUtils: 	at android.content.ContentProvider.enforceReadPermissionInner(ContentProvider.java:605)
08-21 17:00:20.589  5746  6629 E DatabaseUtils: 	at android.content.ContentProvider$Transport.enforceReadPermission(ContentProvider.java:480)
08-21 17:00:20.589  5746  6629 E DatabaseUtils: 	at android.content.ContentProvider$Transport.query(ContentProvider.java:211)
08-21 17:00:20.589  5746  6629 E DatabaseUtils: 	at android.content.ContentProviderNative.onTransact(ContentProviderNative.java:112)
08-21 17:00:20.589  5746  6629 E DatabaseUtils: 	at android.os.Binder.execTransact(Binder.java:453)
08-21 17:00:20.589  5746  7018 D MediaScannerEx: [MediaScanner] scanSingleFile() path = /storage/emulated/0/logger/152330411e7d4_20150821_170017/logger/packet.pcap0, volumeName = external
08-21 17:00:20.633  5746  7018 D MediaScannerEx: [MediaScanner] beginFile() path = /storage/emulated/0/logger/152330411e7d4_20150821_170017/logger/packet.pcap0
08-21 17:00:20.634  5746  7018 D LGMediaProvider: [MediaScanner] insert() uri = content://media/external/file, path = /storage/emulated/0/logger/152330411e7d4_20150821_170017/logger/packet.pcap0
08-21 17:00:20.634  5746  7018 V LGMediaProvider: insertInternal: content://media/external/file, initValues=is_hifi=0 mime_type=null _size=0 title=packet _data=/storage/emulated/0/logger/152330411e7d4_20150821_170017/logger/packet.pcap0 longitude=null is_lock=0 is_drm=false latitude=null protected_type=0 date_modified=1440187217 format=12288
08-21 17:00:20.634  5746  7018 V LGMediaProvider: Returning cached entry for /storage/emulated/0/logger/152330411e7d4_20150821_170017/logger
08-21 17:00:20.648  5746  7018 V LGMediaProvider: insertFile: values=is_hifi=0 bucket_id=1770306029 longitude=null protected_type=0 burst_id=null date_modified=1440187217 bucket_display_name=logger parent=182 format=12288 storage_id=65537 media_type=0 mime_type=null _data=/storage/emulated/0/logger/152330411e7d4_20150821_170017/logger/packet.pcap0 title=packet _size=0 is_drm=false is_lock=0 date_added=1440187220 latitude=null storage_type=65537 returned: 195
08-21 17:00:20.650  5746  7018 D LGMediaProvider: [MediaScanner] insert() completed notifyChange, uri = content://media/external/file
08-21 17:00:20.652  5746  7018 V LGMediaProvider: insertInternal: content://media/, initValues=name=external
08-21 17:00:20.669  6603  6603 I MusicWidget: _mediaDataObserver onChange()
08-21 17:00:20.678  6603  6603 I MusicWidget: category == AppWidgetProviderInfo.WIDGET_CATEGORY_HOME_SCREEN
08-21 17:00:20.678  6603  6603 I MusicWidget: beingMusicWidget_4x2() result::true
08-21 17:00:20.678  6603  6603 I MusicWidget: getFavoriteValue()
08-21 17:00:20.678  6603  6603 I MusicWidget: android.os.DeadObjectException
08-21 17:00:20.678  6603  6603 I MusicWidget: isNeedUpdateByDBChange() result::false
08-21 17:00:20.686  5746  7018 D MediaScannerService: [MediaScanner] scanFile() path = /storage/emulated/0/logger/152330411e7d4_20150821_170017/MediaDB/internal.db, volumeName = external
08-21 17:00:20.707  5746  7018 D MediaScannerEx: [MediaScanner] scanSingleFile() path = /storage/emulated/0/logger/152330411e7d4_20150821_170017/MediaDB/internal.db, volumeName = external
08-21 17:00:20.714  5746  5762 E DatabaseUtils: Writing exception to parcel
08-21 17:00:20.714  5746  5762 E DatabaseUtils: java.lang.SecurityException: Permission Denial: reading com.android.providers.media.MediaProvider uri content://media/external/fs_id from pid=30501, uid=10112 requires android.permission.READ_EXTERNAL_STORAGE, or grantUriPermission()
08-21 17:00:20.714  5746  5762 E DatabaseUtils: 	at android.content.ContentProvider.enforceReadPermissionInner(ContentProvider.java:605)
08-21 17:00:20.714  5746  5762 E DatabaseUtils: 	at android.content.ContentProvider$Transport.enforceReadPermission(ContentProvider.java:480)
08-21 17:00:20.714  5746  5762 E DatabaseUtils: 	at android.content.ContentProvider$Transport.query(ContentProvider.java:211)
08-21 17:00:20.714  5746  5762 E DatabaseUtils: 	at android.content.ContentProviderNative.onTransact(ContentProviderNative.java:112)
08-21 17:00:20.714  5746  5762 E DatabaseUtils: 	at android.os.Binder.execTransact(Binder.java:453)
08-21 17:00:20.752   707   707 I MSM-irqbalance: Decided to move IRQ132 from CPU0 to CPU3
08-21 17:00:20.759  5746  7018 D MediaScannerEx: [MediaScanner] beginFile() path = /storage/emulated/0/logger/152330411e7d4_20150821_170017/MediaDB/internal.db
08-21 17:00:20.760  5746  7018 D LGMediaProvider: [MediaScanner] insert() uri = content://media/external/file, path = /storage/emulated/0/logger/152330411e7d4_20150821_170017/MediaDB/internal.db
08-21 17:00:20.760  5746  7018 V LGMediaProvider: insertInternal: content://media/external/file, initValues=is_hifi=0 mime_type=null _size=180224 title=internal _data=/storage/emulated/0/logger/152330411e7d4_20150821_170017/MediaDB/internal.db longitude=null is_lock=0 is_drm=false latitude=null protected_type=0 date_modified=1440187217 format=12288
08-21 17:00:20.760  5746  7018 V LGMediaProvider: Returning cached entry for /storage/emulated/0/logger/152330411e7d4_20150821_170017/MediaDB
08-21 17:00:20.765  1567  3233 D InputDispatcher: notifyMotion - action=ACTION_DOWN(0), id=0, x=705.000, y=402.000, tooltype=1, deviceId=4, source=0x1002, policyFlags=0x0, flags=0x0, metaState=0x0, buttonState=0x0, edgeFlags=0x0, eventTime=14372876312000, downTime=14372876312000, 
08-21 17:00:20.765  1567  3232 D InputTransport: channel '73e0648 StatusBar (server)' : action=ACTION_DOWN(0), id=0, x=705.000, y=402.000, [tooltype=1, deviceId=4, source=0x1002, flags=0x0, edgeFlags=0x0, metaState=0x0, buttonState=0x0, downTime=14372876312000, eventTime=14372876312000, pointerCount=1
08-21 17:00:20.766  3599  3599 D [SystemUI]StatusBarWindowView: onInterceptTouchEvent() ACTION_DOWN MotionEvent { action=ACTION_DOWN, actionButton=0, id[0]=0, x[0]=705.0, y[0]=402.0, toolType[0]=TOOL_TYPE_FINGER, buttonState=0, metaState=0, flags=0x0, edgeFlags=0x0, pointerCount=1, historySize=0, eventTime=14372876, downTime=14372876, deviceId=4, source=0x1002 }
08-21 17:00:20.770  3599  3599 D KeyguardSecurityModel: 0 Phone is READY
08-21 17:00:20.770  3599  3599 D KeyguardUpdateMonitor: ###### current user : 0
08-21 17:00:20.772  3599  3599 D [SystemUI]NotificationPanelView: onQsIntercept ACTION_DOWN shouldQuickSettingsIntercept:false,mQsExpansionAnimator=null
08-21 17:00:20.772  3599  3599 D [SystemUI]PanelView: onInterceptTouchEvent ACTION_DOWN does not cancel heightAnimator mAnimatingOnDown:false,mClosing:false,mPeekAnimator:null
08-21 17:00:20.779  5746  7018 V LGMediaProvider: insertFile: values=is_hifi=0 bucket_id=-356590939 longitude=null protected_type=0 burst_id=null date_modified=1440187217 bucket_display_name=MediaDB parent=186 format=12288 storage_id=65537 media_type=0 mime_type=null _data=/storage/emulated/0/logger/152330411e7d4_20150821_170017/MediaDB/internal.db title=internal _size=180224 is_drm=false is_lock=0 date_added=1440187220 latitude=null storage_type=65537 returned: 196
08-21 17:00:20.784  5746  7018 D LGMediaProvider: [MediaScanner] insert() completed notifyChange, uri = content://media/external/file
08-21 17:00:20.786  5746  7018 V LGMediaProvider: insertInternal: content://media/, initValues=name=external
08-21 17:00:20.812  6603  6603 I MusicWidget: _mediaDataObserver onChange()
08-21 17:00:20.822  6603  6603 I MusicWidget: category == AppWidgetProviderInfo.WIDGET_CATEGORY_HOME_SCREEN
08-21 17:00:20.822  6603  6603 I MusicWidget: beingMusicWidget_4x2() result::true
08-21 17:00:20.822  6603  6603 I MusicWidget: getFavoriteValue()
08-21 17:00:20.823  6603  6603 I MusicWidget: android.os.DeadObjectException
08-21 17:00:20.823  6603  6603 I MusicWidget: isNeedUpdateByDBChange() result::false
08-21 17:00:20.835  5746  7018 D MediaScannerService: [MediaScanner] scanFile() path = /storage/emulated/0/logger/152330411e7d4_20150821_170017/anr/traces.txt.bugreport, volumeName = external
08-21 17:00:20.853  5746  7018 D MediaScannerEx: [MediaScanner] scanSingleFile() path = /storage/emulated/0/logger/152330411e7d4_20150821_170017/anr/traces.txt.bugreport, volumeName = external
08-21 17:00:20.856  5746 31618 E DatabaseUtils: Writing exception to parcel
08-21 17:00:20.856  5746 31618 E DatabaseUtils: java.lang.SecurityException: Permission Denial: reading com.android.providers.media.MediaProvider uri content://media/external/fs_id from pid=30501, uid=10112 requires android.permission.READ_EXTERNAL_STORAGE, or grantUriPermission()
08-21 17:00:20.856  5746 31618 E DatabaseUtils: 	at android.content.ContentProvider.enforceReadPermissionInner(ContentProvider.java:605)
08-21 17:00:20.856  5746 31618 E DatabaseUtils: 	at android.content.ContentProvider$Transport.enforceReadPermission(ContentProvider.java:480)
08-21 17:00:20.856  5746 31618 E DatabaseUtils: 	at android.content.ContentProvider$Transport.query(ContentProvider.java:211)
08-21 17:00:20.856  5746 31618 E DatabaseUtils: 	at android.content.ContentProviderNative.onTransact(ContentProviderNative.java:112)
08-21 17:00:20.856  5746 31618 E DatabaseUtils: 	at android.os.Binder.execTransact(Binder.java:453)
08-21 17:00:20.896  5746  7018 D MediaScannerEx: [MediaScanner] beginFile() path = /storage/emulated/0/logger/152330411e7d4_20150821_170017/anr/traces.txt.bugreport
08-21 17:00:20.897  5746  7018 D LGMediaProvider: [MediaScanner] insert() uri = content://media/external/file, path = /storage/emulated/0/logger/152330411e7d4_20150821_170017/anr/traces.txt.bugreport
08-21 17:00:20.897  5746  7018 V LGMediaProvider: insertInternal: content://media/external/file, initValues=is_hifi=0 mime_type=null _size=2316540 title=traces.txt _data=/storage/emulated/0/logger/152330411e7d4_20150821_170017/anr/traces.txt.bugreport longitude=null is_lock=0 is_drm=false latitude=null protected_type=0 date_modified=1440187217 format=12288
08-21 17:00:20.898  5746  7018 V LGMediaProvider: inserting directory /storage/emulated/0/logger/152330411e7d4_20150821_170017/anr
08-21 17:00:20.898  5746  7018 V LGMediaProvider: Returning cached entry for /storage/emulated/0/logger/152330411e7d4_20150821_170017
08-21 17:00:21.018  5746  7018 V LGMediaProvider: Inserted /storage/emulated/0/logger/152330411e7d4_20150821_170017/anr
08-21 17:00:21.028  3386  3958 D audio_hw_extn: audio_extn_get_parameters: returns 
08-21 17:00:21.028  3386  3958 V msm8974_platform: platform_get_parameters: exit: returns - 
08-21 17:00:21.028  3386  3958 V audio_hw_primary: adev_get_parameters: exit: returns - 
08-21 17:00:21.028  3386  3958 I str_params: key: 'isSwIrrc' value: ''
08-21 17:00:21.033  5746  7018 V LGMediaProvider: insertFile: values=is_hifi=0 bucket_id=-622765400 longitude=null protected_type=0 burst_id=null date_modified=1440187217 bucket_display_name=anr parent=197 format=12288 storage_id=65537 media_type=0 mime_type=null _data=/storage/emulated/0/logger/152330411e7d4_20150821_170017/anr/traces.txt.bugreport title=traces.txt _size=2316540 is_drm=false is_lock=0 date_added=1440187220 latitude=null storage_type=65537 returned: 198
08-21 17:00:21.035  5746  7018 D LGMediaProvider: [MediaScanner] insert() completed notifyChange, uri = content://media/external/file
08-21 17:00:21.037  5746  7018 V LGMediaProvider: insertInternal: content://media/, initValues=name=external
08-21 17:00:21.045  3599  3599 D [SystemUI]VolumeSlider: seekbar maxVolume = 7, volume = 5, plusone = 0
08-21 17:00:21.056  5746  7018 D MediaScannerService: [MediaScanner] scanFile() path = /storage/emulated/0/logger/152330411e7d4_20150821_170017/MediaDB/internal.db-wal, volumeName = external
08-21 17:00:21.056  6603  6603 I MusicWidget: _mediaDataObserver onChange()
08-21 17:00:21.066  6603  6603 I MusicWidget: category == AppWidgetProviderInfo.WIDGET_CATEGORY_HOME_SCREEN
08-21 17:00:21.066  6603  6603 I MusicWidget: beingMusicWidget_4x2() result::true
08-21 17:00:21.067  6603  6603 I MusicWidget: getFavoriteValue()
08-21 17:00:21.067  6603  6603 I MusicWidget: android.os.DeadObjectException
08-21 17:00:21.067  6603  6603 I MusicWidget: isNeedUpdateByDBChange() result::false
08-21 17:00:21.093  5746  7018 D MediaScannerEx: [MediaScanner] scanSingleFile() path = /storage/emulated/0/logger/152330411e7d4_20150821_170017/MediaDB/internal.db-wal, volumeName = external
08-21 17:00:21.093  5746  6633 E DatabaseUtils: Writing exception to parcel
08-21 17:00:21.093  5746  6633 E DatabaseUtils: java.lang.SecurityException: Permission Denial: reading com.android.providers.media.MediaProvider uri content://media/external/fs_id from pid=30501, uid=10112 requires android.permission.READ_EXTERNAL_STORAGE, or grantUriPermission()
08-21 17:00:21.093  5746  6633 E DatabaseUtils: 	at android.content.ContentProvider.enforceReadPermissionInner(ContentProvider.java:605)
08-21 17:00:21.093  5746  6633 E DatabaseUtils: 	at android.content.ContentProvider$Transport.enforceReadPermission(ContentProvider.java:480)
08-21 17:00:21.093  5746  6633 E DatabaseUtils: 	at android.content.ContentProvider$Transport.query(ContentProvider.java:211)
08-21 17:00:21.093  5746  6633 E DatabaseUtils: 	at android.content.ContentProviderNative.onTransact(ContentProviderNative.java:112)
08-21 17:00:21.093  5746  6633 E DatabaseUtils: 	at android.os.Binder.execTransact(Binder.java:453)
08-21 17:00:21.134  5746  7018 D MediaScannerEx: [MediaScanner] beginFile() path = /storage/emulated/0/logger/152330411e7d4_20150821_170017/MediaDB/internal.db-wal
08-21 17:00:21.135  5746  7018 D LGMediaProvider: [MediaScanner] insert() uri = content://media/external/file, path = /storage/emulated/0/logger/152330411e7d4_20150821_170017/MediaDB/internal.db-wal
08-21 17:00:21.135  5746  7018 V LGMediaProvider: insertInternal: content://media/external/file, initValues=is_hifi=0 mime_type=null _size=436752 title=internal _data=/storage/emulated/0/logger/152330411e7d4_20150821_170017/MediaDB/internal.db-wal longitude=null is_lock=0 is_drm=false latitude=null protected_type=0 date_modified=1440187217 format=12288
08-21 17:00:21.135  5746  7018 V LGMediaProvider: Returning cached entry for /storage/emulated/0/logger/152330411e7d4_20150821_170017/MediaDB
08-21 17:00:21.149  5746  7018 V LGMediaProvider: insertFile: values=is_hifi=0 bucket_id=-356590939 longitude=null protected_type=0 burst_id=null date_modified=1440187217 bucket_display_name=MediaDB parent=186 format=12288 storage_id=65537 media_type=0 mime_type=null _data=/storage/emulated/0/logger/152330411e7d4_20150821_170017/MediaDB/internal.db-wal title=internal _size=436752 is_drm=false is_lock=0 date_added=1440187221 latitude=null storage_type=65537 returned: 199
08-21 17:00:21.150  5746  7018 D LGMediaProvider: [MediaScanner] insert() completed notifyChange, uri = content://media/external/file
08-21 17:00:21.152  5746  7018 V LGMediaProvider: insertInternal: content://media/, initValues=name=external
08-21 17:00:21.160  6603  6603 I MusicWidget: _mediaDataObserver onChange()
08-21 17:00:21.163  5746  7018 D MediaScannerService: [MediaScanner] scanFile() path = /storage/emulated/0/logger/152330411e7d4_20150821_170017/MediaDB/internal.db-shm, volumeName = external
08-21 17:00:21.165  6603  6603 I MusicWidget: category == AppWidgetProviderInfo.WIDGET_CATEGORY_HOME_SCREEN
08-21 17:00:21.165  6603  6603 I MusicWidget: beingMusicWidget_4x2() result::true
08-21 17:00:21.165  6603  6603 I MusicWidget: getFavoriteValue()
08-21 17:00:21.165  6603  6603 I MusicWidget: android.os.DeadObjectException
08-21 17:00:21.165  6603  6603 I MusicWidget: isNeedUpdateByDBChange() result::false
08-21 17:00:21.185  5746  7018 D MediaScannerEx: [MediaScanner] scanSingleFile() path = /storage/emulated/0/logger/152330411e7d4_20150821_170017/MediaDB/internal.db-shm, volumeName = external
08-21 17:00:21.189  5746  6629 E DatabaseUtils: Writing exception to parcel
08-21 17:00:21.189  5746  6629 E DatabaseUtils: java.lang.SecurityException: Permission Denial: reading com.android.providers.media.MediaProvider uri content://media/external/fs_id from pid=30501, uid=10112 requires android.permission.READ_EXTERNAL_STORAGE, or grantUriPermission()
08-21 17:00:21.189  5746  6629 E DatabaseUtils: 	at android.content.ContentProvider.enforceReadPermissionInner(ContentProvider.java:605)
08-21 17:00:21.189  5746  6629 E DatabaseUtils: 	at android.content.ContentProvider$Transport.enforceReadPermission(ContentProvider.java:480)
08-21 17:00:21.189  5746  6629 E DatabaseUtils: 	at android.content.ContentProvider$Transport.query(ContentProvider.java:211)
08-21 17:00:21.189  5746  6629 E DatabaseUtils: 	at android.content.ContentProviderNative.onTransact(ContentProviderNative.java:112)
08-21 17:00:21.189  5746  6629 E DatabaseUtils: 	at android.os.Binder.execTransact(Binder.java:453)
08-21 17:00:21.240  5746  7018 D MediaScannerEx: [MediaScanner] beginFile() path = /storage/emulated/0/logger/152330411e7d4_20150821_170017/MediaDB/internal.db-shm
08-21 17:00:21.241  5746  7018 D LGMediaProvider: [MediaScanner] insert() uri = content://media/external/file, path = /storage/emulated/0/logger/152330411e7d4_20150821_170017/MediaDB/internal.db-shm
08-21 17:00:21.241  5746  7018 V LGMediaProvider: insertInternal: content://media/external/file, initValues=is_hifi=0 mime_type=null _size=32768 title=internal _data=/storage/emulated/0/logger/152330411e7d4_20150821_170017/MediaDB/internal.db-shm longitude=null is_lock=0 is_drm=false latitude=null protected_type=0 date_modified=1440187217 format=12288
08-21 17:00:21.241  5746  7018 V LGMediaProvider: Returning cached entry for /storage/emulated/0/logger/152330411e7d4_20150821_170017/MediaDB
08-21 17:00:21.252  5746  7018 V LGMediaProvider: insertFile: values=is_hifi=0 bucket_id=-356590939 longitude=null protected_type=0 burst_id=null date_modified=1440187217 bucket_display_name=MediaDB parent=186 format=12288 storage_id=65537 media_type=0 mime_type=null _data=/storage/emulated/0/logger/152330411e7d4_20150821_170017/MediaDB/internal.db-shm title=internal _size=32768 is_drm=false is_lock=0 date_added=1440187221 latitude=null storage_type=65537 returned: 200
08-21 17:00:21.253  5746  7018 D LGMediaProvider: [MediaScanner] insert() completed notifyChange, uri = content://media/external/file
08-21 17:00:21.287  4064 27317 V SplitWindowPolicy: checkScreen => return. sourceIntent is null or not support SplitWindow component: ComponentInfo{com.lge.wifisettings/com.lge.wifisettings.activity.WifiScreenSettingsActivity}
08-21 17:00:21.288  1567  1680 V SplitWindowManager: checkScreen takes for 6 ms.
08-21 17:00:21.288  1567  1680 D SplitInfo: new ActivitySplitInfo : ActivitySplitInfo [screenZone=0/ flag=0x0/ state=NATIVE/ forceFullScreen=false]
08-21 17:00:21.288  1567  1680 V SplitWindowManager: prepareSplitWindowLocked blank for debug
08-21 17:00:21.288  1567  1680 V SplitWindowManager: findTaskLocked set ActivitySplitInfo [screenZone=0/ flag=0x0/ state=NATIVE/ forceFullScreen=false] to ActivityRecord{87c98f5 u0 com.lge.wifisettings/.activity.WifiScreenSettingsActivity t75}
08-21 17:00:21.288  1567  1680 V SplitWindowManager: bringStackToFront : ActivityRecord{87c98f5 u0 com.lge.wifisettings/.activity.WifiScreenSettingsActivity t75}
08-21 17:00:21.294  1567  1680 I PhoneWindowManagerEx: [PWM] sIsDimming=false, isDimChanging = false
08-21 17:00:21.294  1567  1680 I PhoneWindowManagerEx: [PWM][updateSystemUiVisibilityLw] tmpColorNavigationBar=0x1
08-21 17:00:21.294  1567  1680 I PhoneWindowManagerEx: [PWM][updateSystemUiVisibilityLw] mLastColorNavigationBar=0xff000000
08-21 17:00:21.294  1567  1680 D kyu     : WindowState::getSystemUiVisibilityLG = 0
08-21 17:00:21.294  1567  1680 I WindowManager: [PWM][updateSystemUiVisibilityLw] diffLG=0
08-21 17:00:21.294  1567  1680 I WindowManager: [PWM][updateSystemUiVisibilityLw] visibilityLG=0x0
08-21 17:00:21.294  1567  1680 I WindowManager: [PWM][updateSystemUiVisibilityLw] mLastSystemUiFlagsLG=0x0
08-21 17:00:21.301  1567  1680 D FingerprintProtector: This is not product version.
08-21 17:00:21.352  1567  1680 I SplitWindowManager: updateActivityState: ActivityRecord{47d8006 u0 com.lge.hiddenmenu/.SVC.log_service.MainActivity t54}/ resumed=false
08-21 17:00:21.352  1567  1680 V SplitWindowManager: SplitWindowManager dumpstate.(_mState : NORMAL)
08-21 17:00:21.352  1567  1680 V SplitWindowManager: _mSplitActivityList(1)_______
08-21 17:00:21.352  1567  1680 V SplitWindowManager:  * SplitActivity{14d33f3 com.lge.hiddenmenu/.SVC.log_service.MainActivity t54 s2 PAUSING ActivitySplitInfo [screenZone=0/ flag=0x0/ state=NATIVE/ forceFullScreen=false]
08-21 17:00:21.352  1567  1680 V SplitWindowManager: _mPreparedActivity : 
08-21 17:00:21.353  1567  1955 D SplitWindowManager: SplitWindowManagerHandler:handleMessage: 501
08-21 17:00:21.354  4064  4082 D SplitWindowPolicy: updateActivityStateChanged: resumed=false, screenId=2, isScreenFull=true
08-21 17:00:21.354  4064  4082 D SplitWindowPolicy: topRunningActivity=ActivityInfo{94ce465 com.lge.hiddenmenu.SVC.log_service.MainActivity}, taskId=54, activityType=0, bIsSplit=false
08-21 17:00:21.361  1567  1680 I PhoneWindowManagerEx: [PWM] sIsDimming=false, isDimChanging = false
08-21 17:00:21.361  1567  1680 I PhoneWindowManagerEx: [PWM][updateSystemUiVisibilityLw] tmpColorNavigationBar=0x1
08-21 17:00:21.361  1567  1680 I PhoneWindowManagerEx: [PWM][updateSystemUiVisibilityLw] mLastColorNavigationBar=0xff000000
08-21 17:00:21.361  1567  1680 D kyu     : WindowState::getSystemUiVisibilityLG = 0
08-21 17:00:21.361  1567  1680 I WindowManager: [PWM][updateSystemUiVisibilityLw] diffLG=0
08-21 17:00:21.361  1567  1680 I WindowManager: [PWM][updateSystemUiVisibilityLw] visibilityLG=0x0
08-21 17:00:21.361  1567  1680 I WindowManager: [PWM][updateSystemUiVisibilityLw] mLastSystemUiFlagsLG=0x0
08-21 17:00:21.407  1567  1680 I PhoneWindowManagerEx: [PWM] sIsDimming=false, isDimChanging = false
08-21 17:00:21.407  1567  1680 I PhoneWindowManagerEx: [PWM][updateSystemUiVisibilityLw] tmpColorNavigationBar=0x1
08-21 17:00:21.407  1567  1680 I PhoneWindowManagerEx: [PWM][updateSystemUiVisibilityLw] mLastColorNavigationBar=0xff000000
08-21 17:00:21.407  1567  1680 D kyu     : WindowState::getSystemUiVisibilityLG = 0
08-21 17:00:21.407  1567  1680 I WindowManager: [PWM][updateSystemUiVisibilityLw] diffLG=0
08-21 17:00:21.407  1567  1680 I WindowManager: [PWM][updateSystemUiVisibilityLw] visibilityLG=0x0
08-21 17:00:21.407  1567  1680 I WindowManager: [PWM][updateSystemUiVisibilityLw] mLastSystemUiFlagsLG=0x0
08-21 17:00:21.410  1567  1680 V SplitWindowManager: startActivityLocked has blank for debug ActivityRecord{5fc2555 u0 com.lge.wifisettings/.activity.WifiScreenSettingsActivity t75}
08-21 17:00:21.413  1567  1680 D FingerprintProtector: This is not product version.
08-21 17:00:21.414  1567  1680 I PhoneWindowManagerEx: [PWM] sIsDimming=false, isDimChanging = false
08-21 17:00:21.414  1567  1680 I PhoneWindowManagerEx: [PWM][updateSystemUiVisibilityLw] tmpColorNavigationBar=0x1
08-21 17:00:21.414  1567  1680 I PhoneWindowManagerEx: [PWM][updateSystemUiVisibilityLw] mLastColorNavigationBar=0xff000000
08-21 17:00:21.414  1567  1680 D kyu     : WindowState::getSystemUiVisibilityLG = 0
08-21 17:00:21.414  1567  1680 I WindowManager: [PWM][updateSystemUiVisibilityLw] diffLG=0
08-21 17:00:21.414  1567  1680 I WindowManager: [PWM][updateSystemUiVisibilityLw] visibilityLG=0x0
08-21 17:00:21.414  1567  1680 I WindowManager: [PWM][updateSystemUiVisibilityLw] mLastSystemUiFlagsLG=0x0
