07-16 11:33:24.422  2056  2289 V LGMediaProvider: insertFile: values=is_hifi=0 bucket_id=1176749690 protected_type=0 burst_id=null date_modified=1437057203 bucket_display_name=MediaDB parent=105 format=12288 storage_id=65537 media_type=0 mime_type=null _data=/storage/emulated/0/logger/151410444941a_20150716_113323/MediaDB/external.db-wal title=external _size=469712 is_drm=false is_lock=0 date_added=1437057204 returned: 117
07-16 11:33:24.423  2056  2289 D LGMediaProvider: [MediaScanner] insert() completed notifyChange, uri = content://media/external/file
07-16 11:33:24.424  2056  2289 V LGMediaProvider: insertInternal: content://media/, initValues=name=external
07-16 11:33:24.426  2056  2289 D MediaScannerService: [MediaScanner] scnaFile() path = /storage/emulated/0/logger/151410444941a_20150716_113323/MediaDB/external.db-shm, volumeName = external
07-16 11:33:24.428  2056  2289 D MediaScannerEx: [MediaScanner] scanSingleFile() path = /storage/emulated/0/logger/151410444941a_20150716_113323/MediaDB/external.db-shm, volumeName = external
07-16 11:33:24.437  2056  2289 D MediaScannerEx: [MediaScanner] beginFile() path = /storage/emulated/0/logger/151410444941a_20150716_113323/MediaDB/external.db-shm
07-16 11:33:24.437  2056  2289 V MediaScannerEx: [MediaScanner] endFile() mPath = /storage/emulated/0/logger/151410444941a_20150716_113323/MediaDB/external.db-shm ,entry.mRowId = 0 ,alarms = false ,mDefaultTimerAlertSet = false
07-16 11:33:24.438  2056  2289 D LGMediaProvider: [MediaScanner] insert() uri = content://media/external/file, path = /storage/emulated/0/logger/151410444941a_20150716_113323/MediaDB/external.db-shm
07-16 11:33:24.438  2056  2289 V LGMediaProvider: insertInternal: content://media/external/file, initValues=is_hifi=0 mime_type=null _size=32768 title=external _data=/storage/emulated/0/logger/151410444941a_20150716_113323/MediaDB/external.db-shm is_lock=0 is_drm=false protected_type=0 date_modified=1437057203 format=12288
07-16 11:33:24.438  2056  2289 V LGMediaProvider: Returning cached entry for /storage/emulated/0/logger/151410444941a_20150716_113323/MediaDB
07-16 11:33:24.451  2056  2289 V LGMediaProvider: insertFile: values=is_hifi=0 bucket_id=1176749690 protected_type=0 burst_id=null date_modified=1437057203 bucket_display_name=MediaDB parent=105 format=12288 storage_id=65537 media_type=0 mime_type=null _data=/storage/emulated/0/logger/151410444941a_20150716_113323/MediaDB/external.db-shm title=external _size=32768 is_drm=false is_lock=0 date_added=1437057204 returned: 118
07-16 11:33:24.452  2056  2289 D LGMediaProvider: [MediaScanner] insert() completed notifyChange, uri = content://media/external/file
07-16 11:33:24.453  2056  2289 V LGMediaProvider: insertInternal: content://media/, initValues=name=external
07-16 11:33:24.454  2056  2289 D MediaScannerService: [MediaScanner] scnaFile() path = /storage/emulated/0/logger/151410444941a_20150716_113323/MediaDB/internal.db, volumeName = external
07-16 11:33:24.456  2056  2289 D MediaScannerEx: [MediaScanner] scanSingleFile() path = /storage/emulated/0/logger/151410444941a_20150716_113323/MediaDB/internal.db, volumeName = external
07-16 11:33:24.465  2056  2289 D MediaScannerEx: [MediaScanner] beginFile() path = /storage/emulated/0/logger/151410444941a_20150716_113323/MediaDB/internal.db
07-16 11:33:24.465  2056  2289 V MediaScannerEx: [MediaScanner] endFile() mPath = /storage/emulated/0/logger/151410444941a_20150716_113323/MediaDB/internal.db ,entry.mRowId = 0 ,alarms = false ,mDefaultTimerAlertSet = false
07-16 11:33:24.465  2056  2289 D LGMediaProvider: [MediaScanner] insert() uri = content://media/external/file, path = /storage/emulated/0/logger/151410444941a_20150716_113323/MediaDB/internal.db
07-16 11:33:24.465  2056  2289 V LGMediaProvider: insertInternal: content://media/external/file, initValues=is_hifi=0 mime_type=null _size=167936 title=internal _data=/storage/emulated/0/logger/151410444941a_20150716_113323/MediaDB/internal.db is_lock=0 is_drm=false protected_type=0 date_modified=1437057203 format=12288
07-16 11:33:24.465  2056  2289 V LGMediaProvider: Returning cached entry for /storage/emulated/0/logger/151410444941a_20150716_113323/MediaDB
07-16 11:33:24.471  2056  2289 V LGMediaProvider: insertFile: values=is_hifi=0 bucket_id=1176749690 protected_type=0 burst_id=null date_modified=1437057203 bucket_display_name=MediaDB parent=105 format=12288 storage_id=65537 media_type=0 mime_type=null _data=/storage/emulated/0/logger/151410444941a_20150716_113323/MediaDB/internal.db title=internal _size=167936 is_drm=false is_lock=0 date_added=1437057204 returned: 119
07-16 11:33:24.472  2056  2289 D LGMediaProvider: [MediaScanner] insert() completed notifyChange, uri = content://media/external/file
07-16 11:33:24.473  2056  2289 V LGMediaProvider: insertInternal: content://media/, initValues=name=external
07-16 11:33:24.474  2056  2289 D MediaScannerService: [MediaScanner] scnaFile() path = /storage/emulated/0/logger/151410444941a_20150716_113323/MediaDB/internal.db-wal, volumeName = external
07-16 11:33:24.475  2056  2289 D MediaScannerEx: [MediaScanner] scanSingleFile() path = /storage/emulated/0/logger/151410444941a_20150716_113323/MediaDB/internal.db-wal, volumeName = external
07-16 11:33:24.484  2056  2289 D MediaScannerEx: [MediaScanner] beginFile() path = /storage/emulated/0/logger/151410444941a_20150716_113323/MediaDB/internal.db-wal
07-16 11:33:24.484  2056  2289 V MediaScannerEx: [MediaScanner] endFile() mPath = /storage/emulated/0/logger/151410444941a_20150716_113323/MediaDB/internal.db-wal ,entry.mRowId = 0 ,alarms = false ,mDefaultTimerAlertSet = false
07-16 11:33:24.485  2056  2289 D LGMediaProvider: [MediaScanner] insert() uri = content://media/external/file, path = /storage/emulated/0/logger/151410444941a_20150716_113323/MediaDB/internal.db-wal
07-16 11:33:24.485  2056  2289 V LGMediaProvider: insertInternal: content://media/external/file, initValues=is_hifi=0 mime_type=null _size=449112 title=internal _data=/storage/emulated/0/logger/151410444941a_20150716_113323/MediaDB/internal.db-wal is_lock=0 is_drm=false protected_type=0 date_modified=1437057203 format=12288
07-16 11:33:24.485  2056  2289 V LGMediaProvider: Returning cached entry for /storage/emulated/0/logger/151410444941a_20150716_113323/MediaDB
07-16 11:33:24.489  2056  2289 V LGMediaProvider: insertFile: values=is_hifi=0 bucket_id=1176749690 protected_type=0 burst_id=null date_modified=1437057203 bucket_display_name=MediaDB parent=105 format=12288 storage_id=65537 media_type=0 mime_type=null _data=/storage/emulated/0/logger/151410444941a_20150716_113323/MediaDB/internal.db-wal title=internal _size=449112 is_drm=false is_lock=0 date_added=1437057204 returned: 120
07-16 11:33:24.490  2056  2289 D LGMediaProvider: [MediaScanner] insert() completed notifyChange, uri = content://media/external/file
07-16 11:33:24.491  2056  2289 V LGMediaProvider: insertInternal: content://media/, initValues=name=external
07-16 11:33:24.492  2056  2289 D MediaScannerService: [MediaScanner] scnaFile() path = /storage/emulated/0/logger/151410444941a_20150716_113323/MediaDB/internal.db-shm, volumeName = external
07-16 11:33:24.493  2056  2289 D MediaScannerEx: [MediaScanner] scanSingleFile() path = /storage/emulated/0/logger/151410444941a_20150716_113323/MediaDB/internal.db-shm, volumeName = external
07-16 11:33:24.503  2056  2289 D MediaScannerEx: [MediaScanner] beginFile() path = /storage/emulated/0/logger/151410444941a_20150716_113323/MediaDB/internal.db-shm
07-16 11:33:24.503  2056  2289 V MediaScannerEx: [MediaScanner] endFile() mPath = /storage/emulated/0/logger/151410444941a_20150716_113323/MediaDB/internal.db-shm ,entry.mRowId = 0 ,alarms = false ,mDefaultTimerAlertSet = false
07-16 11:33:24.503  2056  2289 D LGMediaProvider: [MediaScanner] insert() uri = content://media/external/file, path = /storage/emulated/0/logger/151410444941a_20150716_113323/MediaDB/internal.db-shm
07-16 11:33:24.503  2056  2289 V LGMediaProvider: insertInternal: content://media/external/file, initValues=is_hifi=0 mime_type=null _size=32768 title=internal _data=/storage/emulated/0/logger/151410444941a_20150716_113323/MediaDB/internal.db-shm is_lock=0 is_drm=false protected_type=0 date_modified=1437057203 format=12288
07-16 11:33:24.503  2056  2289 V LGMediaProvider: Returning cached entry for /storage/emulated/0/logger/151410444941a_20150716_113323/MediaDB
07-16 11:33:24.508  2056  2289 V LGMediaProvider: insertFile: values=is_hifi=0 bucket_id=1176749690 protected_type=0 burst_id=null date_modified=1437057203 bucket_display_name=MediaDB parent=105 format=12288 storage_id=65537 media_type=0 mime_type=null _data=/storage/emulated/0/logger/151410444941a_20150716_113323/MediaDB/internal.db-shm title=internal _size=32768 is_drm=false is_lock=0 date_added=1437057204 returned: 121
07-16 11:33:24.508  2056  2289 D LGMediaProvider: [MediaScanner] insert() completed notifyChange, uri = content://media/external/file
07-16 11:33:24.509   747  7927 V SoundPool: process 0xb8b50cc4 channel 56 event BUFFER_END
07-16 11:33:24.510   747  1177 V SoundPool: awake
07-16 11:33:24.510   747  1177 V SoundPool: Getting channel from stop list
07-16 11:33:24.510   747  1177 V SoundPool: stop
07-16 11:33:24.510   189   189 V AudioFlinger: stop(4102), calling pid 747
07-16 11:33:24.510   189   189 V AudioFlinger: not stopping/stopped => stopping/stopped (4102) on thread 0xb33b2008
07-16 11:33:24.510   747  1177 V SoundPool: done_l(56)
07-16 11:33:24.510   747  1177 V SoundPool: move to front
07-16 11:33:24.657   747   994 D InputDispatcher: notifyMotion - action=ACTION_DOWN, eventTime=7483867160000, downTime=7483867160000
07-16 11:33:24.658   747   993 D InputTransport: channel '1441ec1 StatusBar (server)' : action=ACTION_DOWN, downTime=7483867160000, eventTime=7483867160000, pointerCount=1
07-16 11:33:24.658   747   993 D InputTransport: channel 'WindowManager (server)' : action=ACTION_DOWN, downTime=7483867160000, eventTime=7483867160000, pointerCount=1
07-16 11:33:24.659  1050  1050 I [SystemUI]StatusBarWindowView: onInterceptTouchEvent() ACTION_DOWN MotionEvent { action=ACTION_DOWN, id[0]=0, x[0]=245.65881, y[0]=25.979704, toolType[0]=TOOL_TYPE_FINGER, buttonState=0, metaState=0, flags=0x0, edgeFlags=0x0, pointerCount=1, historySize=0, eventTime=7483867, downTime=7483867, deviceId=4, source=0x1002 }
07-16 11:33:24.670   747  1674 V NotificationVibrator: cancel()
07-16 11:33:24.670   747  1674 I VolumeVibratorManager: cancel()
07-16 11:33:24.671  1050  1050 D PhoneStatusBar: disable: < expand ICONS* alerts SYSTEM_INFO* back home recent clock search >
07-16 11:33:24.671   747  1604 I LGNativeVibrator: vibrator_off
07-16 11:33:24.702   747   771 I SystemUI[Framework]: PhoneWindowManager.updateSystemUiVisibilityLw() :visibility=0x600, pkg=com.android.systemui
07-16 11:33:24.703   747   771 I SystemUI[Framework]: ==>disabledNaviBtn() what=0x0, token=android.os.Binder@3593faa0,  pkg=WindowManager.LayoutParams
07-16 11:33:24.703   747   771 I SystemUI[Framework]: disableNaviBtn: mDisabledNaviBtn=0x0,  mDisableRecords.size=0
07-16 11:33:24.716   747   763 D InputDispatcher: Focus left window: Window{1b84587 u0 com.lge.hiddenmenu/com.lge.hiddenmenu.SVC.log_service.MainActivity}
07-16 11:33:24.716   747   763 D InputDispatcher: Focus entered window: Window{1441ec1 u0 StatusBar}
07-16 11:33:24.736   170   231 I [MALI][Gralloc]: usage: 0xf02, format: 1 stride: 720 vertical_stride: 1280 size: 3686400
07-16 11:33:24.739  1050  1291 I MaliEGL : [Mali]window_type=1, is_framebuffer=0, errnum = 0
07-16 11:33:24.739  1050  1291 I MaliEGL : [Mali]surface->num_buffers=4, surface->num_frames=3, win_min_undequeued=1
07-16 11:33:24.739  1050  1291 I MaliEGL : [Mali]max_allowed_dequeued_buffers=3
07-16 11:33:24.741   170  1846 I [MALI][Gralloc]: usage: 0xf02, format: 1 stride: 720 vertical_stride: 1280 size: 3686400
07-16 11:33:24.761  1050  1050 I [SystemUI]PanelView: onTrackingStarted 
07-16 11:33:24.763  1050  1050 D PhoneStatusBar: setSystemUiVisibility vis=600 mask=ffffffff oldVal=0 newVal=600 diff=600
07-16 11:33:24.763   170   986 I [MALI][Gralloc]: usage: 0xf02, format: 1 stride: 720 vertical_stride: 1280 size: 3686400
07-16 11:33:24.798   170  1846 I [MALI][Gralloc]: usage: 0xf02, format: 1 stride: 720 vertical_stride: 1280 size: 3686400
07-16 11:33:24.850   747   994 D InputDispatcher: notifyMotion - action=ACTION_UP, eventTime=7484060149000, downTime=7483867160000
07-16 11:33:24.851   747   993 D InputTransport: channel '1441ec1 StatusBar (server)' : action=ACTION_UP, downTime=7483867160000, eventTime=7484060149000, pointerCount=1
07-16 11:33:24.851   747   993 D InputTransport: channel 'WindowManager (server)' : action=ACTION_UP, downTime=7483867160000, eventTime=7484060149000, pointerCount=1
07-16 11:33:24.855  1050  1050 I [SystemUI]StatusBarWindowView: onInterceptTouchEvent() ACTION_UP MotionEvent { action=ACTION_UP, id[0]=0, x[0]=234.55086, y[0]=696.3722, toolType[0]=TOOL_TYPE_FINGER, buttonState=0, metaState=0, flags=0x0, edgeFlags=0x0, pointerCount=1, historySize=0, eventTime=7484060, downTime=7483867, deviceId=4, source=0x1002 }
07-16 11:33:24.858  1050  1050 I [SystemUI]PanelView: onTrackingStopped : true
07-16 11:33:25.034  1050  1050 I [SystemUI]StatusBarExpansionState: status bar expansion is changed to settings_expanded
07-16 11:33:25.042  1050  1050 I [SystemUI]StatusBarExpansionState: sending ACTION_STATUS_BAR_EXPANDED
07-16 11:33:25.044  1448  1448 I Cliptray Service: cliptrayEventReceiver :onReceivecom.lge.statusbar.expanded
07-16 11:33:25.543   189   828 D AudioFlinger: +getParameters(): isSwIrrc
07-16 11:33:25.543   189   828 D bt_audio_a2dp_hw: [A2DP_HW] [adev_get_parameters@1428]
07-16 11:33:25.543   189   828 I str_params: key: 'isSwIrrc' value: ''
07-16 11:33:25.545  1410  5631 D PhoneUtils: getActiveSlotId() : activeSlotId = 0
07-16 11:33:25.547  1410  5631 D PhoneUtils: getSubIdUsingSlotId() slotId:0 -> subId:-1
07-16 11:33:25.733   747   994 D InputDispatcher: notifyMotion - action=ACTION_DOWN, eventTime=7484942513000, downTime=7484942513000
07-16 11:33:25.733   747   993 D InputTransport: channel '1441ec1 StatusBar (server)' : action=ACTION_DOWN, downTime=7484942513000, eventTime=7484942513000, pointerCount=1
07-16 11:33:25.733   747   993 D InputTransport: channel 'WindowManager (server)' : action=ACTION_DOWN, downTime=7484942513000, eventTime=7484942513000, pointerCount=1
07-16 11:33:25.734  1050  1050 I [SystemUI]StatusBarWindowView: onInterceptTouchEvent() ACTION_DOWN MotionEvent { action=ACTION_DOWN, id[0]=0, x[0]=250.65187, y[0]=917.2834, toolType[0]=TOOL_TYPE_FINGER, buttonState=0, metaState=0, flags=0x0, edgeFlags=0x0, pointerCount=1, historySize=0, eventTime=7484942, downTime=7484942, deviceId=4, source=0x1002 }
07-16 11:33:25.784  1050  1050 I [SystemUI]PanelView: onTrackingStarted 
07-16 11:33:25.805   747  1603 D InputDispatcher: Window went away: Window{ab68d1f u0 Toast}
07-16 11:33:25.850   747   994 D InputDispatcher: notifyMotion - action=ACTION_UP, eventTime=7485060127000, downTime=7484942513000
07-16 11:33:25.851   747   993 D InputTransport: channel '1441ec1 StatusBar (server)' : action=ACTION_UP, downTime=7484942513000, eventTime=7485060127000, pointerCount=1
07-16 11:33:25.851   747   993 D InputTransport: channel 'WindowManager (server)' : action=ACTION_UP, downTime=7484942513000, eventTime=7485060127000, pointerCount=1
07-16 11:33:25.852  1050  1050 I [SystemUI]StatusBarWindowView: onInterceptTouchEvent() ACTION_UP MotionEvent { action=ACTION_UP, id[0]=0, x[0]=248.9756, y[0]=537.4935, toolType[0]=TOOL_TYPE_FINGER, buttonState=0, metaState=0, flags=0x0, edgeFlags=0x0, pointerCount=1, historySize=0, eventTime=7485060, downTime=7484942, deviceId=4, source=0x1002 }
07-16 11:33:25.853  1050  1050 I [SystemUI]PanelView: onTrackingStopped : false
07-16 11:33:25.951  1050  1050 I [SystemUI]StatusBarExpansionState: status bar expansion is changed to collapsed
07-16 11:33:25.954  1050  1050 I [SystemUI]StatusBarExpansionState: sending ACTION_STATUS_BAR_COLLAPSED
07-16 11:33:25.961  1410  1410 I TelephonyManager: getDataEnabled() dds : subId=-1000, phone(slot)Id=-1000
07-16 11:33:25.961  1410  1410 I TelephonyManager: getDataEnabledUsingSubId()
07-16 11:33:25.962  1410  1410 D PhoneInterfaceManager: [PhoneIntfMgr] getPhone() - SubscriptionManager.getPhoneId(-1000) = -1000
07-16 11:33:25.974   747  1302 D SplitWindow: check instance of lgWin Window{18570117 u0 SearchPanel}
07-16 11:33:25.977  1050  1050 D PhoneStatusBar: disable: < expand icons* alerts system_info* back home recent clock search >
07-16 11:33:25.978   747   771 I SystemUI[Framework]: PhoneWindowManager.updateSystemUiVisibilityLw() :visibility=0x0, pkg=com.lge.hiddenmenu
07-16 11:33:25.979   747   771 I SystemUI[Framework]: ==>disabledNaviBtn() what=0x0, token=android.os.Binder@3593faa0,  pkg=WindowManager.LayoutParams
07-16 11:33:25.979   747   771 I SystemUI[Framework]: disableNaviBtn: mDisabledNaviBtn=0x0,  mDisableRecords.size=0
07-16 11:33:25.999   747  1304 D InputDispatcher: Focus left window: Window{1441ec1 u0 StatusBar}
07-16 11:33:25.999   747  1304 D InputDispatcher: Focus entered window: Window{1b84587 u0 com.lge.hiddenmenu/com.lge.hiddenmenu.SVC.log_service.MainActivity}
07-16 11:33:26.011   170   228 I [MALI][Gralloc]: usage: 0xf02, format: 1 stride: 720 vertical_stride: 50 size: 144000
07-16 11:33:26.012  1050  1291 I MaliEGL : [Mali]window_type=1, is_framebuffer=0, errnum = 0
07-16 11:33:26.012  1050  1291 I MaliEGL : [Mali]surface->num_buffers=4, surface->num_frames=3, win_min_undequeued=1
07-16 11:33:26.012  1050  1291 I MaliEGL : [Mali]max_allowed_dequeued_buffers=3
07-16 11:33:26.013   170   231 I [MALI][Gralloc]: usage: 0xf02, format: 1 stride: 720 vertical_stride: 50 size: 144000
07-16 11:33:26.042   747  1604 D InputDispatcher: Window went away: Window{b6d4e37 u0 SearchPanel}
07-16 11:33:26.044  1050  1050 D PhoneStatusBar: setSystemUiVisibility vis=0 mask=ffffffff oldVal=600 newVal=0 diff=600
07-16 11:33:26.045   170  5076 I [MALI][Gralloc]: usage: 0xf02, format: 1 stride: 720 vertical_stride: 50 size: 144000
07-16 11:33:26.554   189   812 D AudioSpeechEnhanceInfo: SetOutputStreamRunning 0, SPELayer 0
07-16 11:33:26.554   189   812 E         : AudioCloseDumpPCMFile file== NULL
07-16 11:33:26.554   189   812 E         : AudioCloseDumpPCMFile file== NULL
07-16 11:33:26.554   189   812 E         : AudioCloseDumpPCMFile file== NULL
07-16 11:33:26.554   189   812 E         : AudioCloseDumpPCMFile file== NULL
07-16 11:33:26.561   189   812 D MtkAudioLoud: +ResetBuffer()
07-16 11:33:26.561   189   812 D MtkAudioLoud: -ResetBuffer()
07-16 11:33:28.059   747   747 D WifiServerServiceExt: FCC, hasService: mServiceState=2 1 home null null null  Unknown Unknown CSS not supported 0 0 RoamInd=0 DefRoamInd=0 EmergOnly=truevoice roaming=false Data Roaming=false mIsVoiceSearching=false mIsDataSearching=false mVoiceNetworkName= mDataNetworkName= Check64QAM0 Dual carrier0 Ril Voice Regist state: 0 Ril Data Regist state: 4 mProprietaryDataRadioTechnology: 0 mCdmaNetWorkMode: 0 retVal=false
07-16 11:33:28.059   747   747 W Settings: Setting airplane_mode_on has moved from android.provider.Settings.System to android.provider.Settings.Global, returning read-only value.
07-16 11:33:28.059   747   747 D WifiServerServiceExt: FCC, Set to Check Alarm 1hour for setting Defualt Country Code with no mobile networks
07-16 11:33:28.060  1410  1410 V LGNetworkSettings: Action intent recieved:android.intent.action.SERVICE_STATE
07-16 11:33:28.062  1410  1410 D NetworkSettingsUtils: getDefaultPhoneId() : 0
07-16 11:33:28.063  1410  1410 D NotificationMgr: updateNetworkSelection()...state = 2 new network 
07-16 11:33:28.063  1410  1410 I NotificationManager: com.lge.networksettings: cancel(6) by com.lge.networksettings
07-16 11:33:28.064  1050  1050 I [SystemUI]OperatorTextView: Operator(100) is invalid
07-16 11:33:28.067   747   747 D WifiServerServiceExt: FCC, hasService: mServiceState=2 1 home null null null  Unknown Unknown CSS not supported 0 0 RoamInd=0 DefRoamInd=0 EmergOnly=truevoice roaming=false Data Roaming=false mIsVoiceSearching=false mIsDataSearching=false mVoiceNetworkName= mDataNetworkName= Check64QAM0 Dual carrier0 Ril Voice Regist state: 0 Ril Data Regist state: 4 mProprietaryDataRadioTechnology: 0 mCdmaNetWorkMode: 0 retVal=false
07-16 11:33:28.069  1410  1426 D PhoneInterfaceManager: [PhoneIntfMgr] getPhone() - SubscriptionManager.getPhoneId(-1000) = -1000
07-16 11:33:28.074  1410  1833 D PhoneInterfaceManager: [PhoneIntfMgr] getPhone() - SubscriptionManager.getPhoneId(-1000) = -1000
07-16 11:33:28.075  6927  6927 D PhoneMonitor: onServiceStateChanged state="2 1 home null null null  Unknown Unknown CSS not supported 0 0 RoamInd=0 DefRoamInd=0 EmergOnly=truevoice roaming=false Data Roaming=false mIsVoiceSearching=false mIsDataSearching=false mVoiceNetworkName= mDataNetworkName= Check64QAM0 Dual carrier0 Ril Voice Regist state: 0 Ril Data Regist state: 4 mProprietaryDataRadioTechnology: 0 mCdmaNetWorkMode: 0" SIM_STATE_ABSENT(1) PHONE_TYPE_GSM(1) "UNKNOWN" mcc0mnc0 V:STATE_EMERGENCY_ONLY(2) D:STATE_OUT_OF_SERVICE(1) DATA_DISCONNECTED(0) OTASP_UNKNOWN(1) HFA_ACTIVATED=false
07-16 11:33:28.075  1410  1410 D [W]MultiSim_Widget:   !!display text and button!!
07-16 11:33:28.076  1410  1410 I [W]MultiSim_Utils: getSubIdBySlotId() slotId : 0, subId = -1
07-16 11:33:28.076  1410  1410 I [W]MultiSim_Utils: DualSimUtils : simState = ABSENT
07-16 11:33:28.076  1410  1410 I [W]MultiSim_Widget: sSimState = ABSENT
07-16 11:33:28.077  1410  1410 I [W]MultiSim_Utils: getSubIdBySlotId() slotId : 0, subId = -1
07-16 11:33:28.077  1410  1410 I [W]MultiSim_Utils: DualSimUtils : simState = ABSENT
07-16 11:33:28.077  1050  1050 I [SystemUI]OperatorTextView: Operator(100) is invalid
07-16 11:33:28.077  1410  1410 I [W]MultiSim_Utils: getSubIdBySlotId() slotId : 0, subId = -1
07-16 11:33:28.078  1410  1410 D [W]MultiSim_Utils: [Dwidget]DualSimUtils getSPNName() SimN = 0  networkOpName = 
07-16 11:33:28.078  1410  1410 W [W]MultiSim_Utils: sim networkOpName string not null !!
07-16 11:33:28.078  1410  1410 I [W]MultiSim_Widget: setRemoteViews subscription=0, Widget state=2
07-16 11:33:28.079  1410  1410 I [W]MultiSim_Widget: setIcon simNum :  0   Theme : 0   setIcon 0    simStatus 2
07-16 11:33:28.080  1410  1410 I [W]MultiSim_Utils: getSubIdBySlotId() slotId : 1, subId = -2
07-16 11:33:28.080  1410  1410 I [W]MultiSim_Utils: DualSimUtils : simState = ABSENT
07-16 11:33:28.080  1410  1410 I [W]MultiSim_Widget: sSimState = ABSENT
07-16 11:33:28.081  1410  1410 I [W]MultiSim_Utils: getSubIdBySlotId() slotId : 1, subId = -2
07-16 11:33:28.081  1410  1410 I [W]MultiSim_Utils: DualSimUtils : simState = ABSENT
07-16 11:33:28.082  1410  1410 I [W]MultiSim_Utils: getSubIdBySlotId() slotId : 1, subId = -2
07-16 11:33:28.083  1410  1410 D [W]MultiSim_Utils: [Dwidget]DualSimUtils getSPNName() SimN = 1  networkOpName = 
07-16 11:33:28.083  1410  1410 W [W]MultiSim_Utils: sim networkOpName string not null !!
07-16 11:33:28.083  1410  1410 I [W]MultiSim_Widget: setRemoteViews subscription=1, Widget state=2
07-16 11:33:28.084  1410  1410 I [W]MultiSim_Widget: setIcon simNum :  1   Theme : 0   setIcon 0    simStatus 2
07-16 11:33:28.088  7904  7904 D LGDMClient: [DmDeviceActionReceiver.java] [onReceive()] : [124] : Device Action Receiver com.lge.intent.action.fota_data_change
07-16 11:33:28.088  7904  7904 D LGDMClient: [DmDeviceActionReceiver.java] [doAction()] : [60] : Device Action doAction
07-16 11:33:28.089  1050  1050 D KeyguardUpdateMonitor: ACTION_SERVICE_STATE_CHANGED on phoneId: 0 showSpn:false showPlmn:true mServiceState: 2 1 home null null null  Unknown Unknown CSS not supported 0 0 RoamInd=0 DefRoamInd=0 EmergOnly=truevoice roaming=false Data Roaming=false mIsVoiceSearching=false mIsDataSearching=false mVoiceNetworkName= mDataNetworkName= Check64QAM0 Dual carrier0 Ril Voice Regist state: 0 Ril Data Regist state: 4 mProprietaryDataRadioTechnology: 0 mCdmaNetWorkMode: 0
07-16 11:33:28.090  1050  1050 D KeyguardUpdateMonitor: handleCarrierInfoUpdate: plmn = {-1000=Sin servicio., 1=Sin servicio, 0=Solo llam. de emergencia}, spn = {1=null, 0=null}, phoneId = 0
07-16 11:33:28.090  1050  1050 W Settings: Setting airplane_mode_on has moved from android.provider.Settings.System to android.provider.Settings.Global, returning read-only value.
07-16 11:33:28.097  7904  7935 D LGDMClient: [DmUtil.java] [getServiceTypeBasedOnAgentState()] : [672] : iAgentState=0, isUserType=0
07-16 11:33:28.101  7904  7936 D LGDMClient: [GCMRegisterService.java] [onHandleIntent()] : [47] : Intent : com.lge.intent.action.fota_data_change
07-16 11:33:28.506  1410  1410 D PhoneInterfaceManager: [PhoneIntfMgr] mSigLevel = 5
07-16 11:33:29.024   747   994 D InputDispatcher: notifyMotion - action=ACTION_DOWN, eventTime=7488234104000, downTime=7488234104000
07-16 11:33:29.025   747   993 D InputTransport: channel '1b84587 com.lge.hiddenmenu/com.lge.hiddenmenu.SVC.log_service.MainActivity (server)' : action=ACTION_DOWN, downTime=7488234104000, eventTime=7488234104000, pointerCount=1
07-16 11:33:29.025   747   993 D InputTransport: channel 'WindowManager (server)' : action=ACTION_DOWN, downTime=7488234104000, eventTime=7488234104000, pointerCount=1
07-16 11:33:29.067   747   994 D InputDispatcher: notifyMotion - action=ACTION_UP, eventTime=7488277191000, downTime=7488234104000
07-16 11:33:29.068   747   993 D InputTransport: channel '1b84587 com.lge.hiddenmenu/com.lge.hiddenmenu.SVC.log_service.MainActivity (server)' : action=ACTION_UP, downTime=7488234104000, eventTime=7488277191000, pointerCount=1
07-16 11:33:29.068   747   993 D InputTransport: channel 'WindowManager (server)' : action=ACTION_UP, downTime=7488234104000, eventTime=7488277191000, pointerCount=1
07-16 11:33:29.135   747  1016 V SoundPool: play sampleID=1, leftVolume=1.000000, rightVolume=1.000000, priority=0, loop=0, rate=1.000000
07-16 11:33:29.135   747  1016 V SoundPool: mState = 0 mChannelID=51, mNumChannels=2, mPos = 0, mPriority=-1, mLoop=0
07-16 11:33:29.135   747  1016 V SoundPool: mState = 0 mChannelID=56, mNumChannels=2, mPos = 0, mPriority=-1, mLoop=0
07-16 11:33:29.135   747  1016 V SoundPool: mState = 0 mChannelID=0, mNumChannels=1, mPos = 0, mPriority=-1, mLoop=0
07-16 11:33:29.135   747  1016 V SoundPool: mState = 0 mChannelID=0, mNumChannels=1, mPos = 0, mPriority=-1, mLoop=0
07-16 11:33:29.135   747  1016 V SoundPool: Allocated active channel
07-16 11:33:29.135   747  1016 V SoundPool: play channel 0xb8b50cc4 state = 0
07-16 11:33:29.135   747  1016 V SoundPool: SoundChannel::play 0xb8b50cc4: sampleID=1, channelID=57, leftVolume=1.000000, rightVolume=1.000000, priority=0, loop=0, rate=1.000000
07-16 11:33:29.135   189  5605 V AudioPolicyManager: getOutput() device 2, stream 1, samplingRate 0, format 0, channelMask 3, flags 0
07-16 11:33:29.136   189  5605 V AudioPolicyManagerEx: AudioPolicyManagerEx: getOutputForDevice
07-16 11:33:29.136   189  5605 V AudioPolicyManagerEx: getOutput() returns output 2
07-16 11:33:29.136   747  1016 V AudioSystem: getFrameCount() output 2, frameCount 1024
07-16 11:33:29.136   189   827 V AudioPolicyManager: getOutput() device 2, stream 1, samplingRate 0, format 0, channelMask 3, flags 0
07-16 11:33:29.136   189   827 V AudioPolicyManagerEx: AudioPolicyManagerEx: getOutputForDevice
07-16 11:33:29.136   189   827 V AudioPolicyManagerEx: getOutput() returns output 2
07-16 11:33:29.137   747  1016 V AudioTrack: set(): streamType 1, sampleRate 48000, format 0x1, channelMask 0x3, frameCount 0, flags #4, notificationFrames 0, sessionId 0, transferType 0
07-16 11:33:29.137   747  1016 V AudioTrack: sharedBuffer: 0x9d298000, size: 10640
07-16 11:33:29.137   747  1016 V AudioTrack: set() streamType 1, sampleRate 48000, format 1, frameCount 0, flags 0004
07-16 11:33:29.137   189   189 I AudioFlinger: isAudioPlaybackHookOn() false
07-16 11:33:29.137   747  1016 D AudioTrack: TrackOffload: AudioTrack Offload disabled by property, returning false
07-16 11:33:29.137   189   828 V AudioPolicyManager: getOutputForAttr() usage=13, content=4, tag= flags=00000000
07-16 11:33:29.137   189   828 V AudioPolicyManager: getOutputForAttr() device 2, samplingRate 48000, format 1, channelMask 3, flags 4
07-16 11:33:29.137   189   828 V AudioPolicyManagerEx: AudioPolicyManagerEx: getOutputForDevice
07-16 11:33:29.138   189   828 V AudioPolicyManagerEx: getOutput() returns output 2
07-16 11:33:29.138   747  1016 V AudioSystem: getLatency() output 2, latency 92
07-16 11:33:29.138   747  1016 V AudioSystem: getFrameCount() output 2, frameCount 1024
07-16 11:33:29.138   747  1016 W AudioTrack: AUDIO_OUTPUT_FLAG_FAST denied by client
07-16 11:33:29.138   747  1016 V AudioTrack: createTrack_l() output 2 afLatency 92
07-16 11:33:29.138   747  1016 V AudioTrack: Create normal PCM 0x1 Track
07-16 11:33:29.138   189  5605 V AudioFlinger: sharedBuffer: 0xb1d63000, size: 10640
07-16 11:33:29.138   189  5605 D AudioMixer: getTrackName, n 4 start init
07-16 11:33:29.140   747  1016 V AudioTrack: Flags here  0x0 
07-16 11:33:29.140   747  1016 V SoundPool: setVolume 0xb8cda3c0
07-16 11:33:29.141   189   827 V AudioFlinger: start(4100), calling pid 747 session 110
07-16 11:33:29.141   189   827 V AudioFlinger: ? => ACTIVE (4100) on thread 0xb70ab948
07-16 11:33:29.141   189   827 V AudioPolicyManagerEx: startOutput() output 2, stream 1, session 110
07-16 11:33:29.141   189   827 V AudioPolicyManager: changeRefCount() stream 1, count 1
07-16 11:33:29.141   189   827 V AudioPolicyManagerEx: getNewOutputDevice() selected device 2
07-16 11:33:29.141   189   827 V AudioPolicyManagerEx: AudioPolicyManagerEx::setOutputDevice
07-16 11:33:29.141   189   827 D AudioPolicyManagerEx: startOutput() checkAndSetVolume stream 1 output 2 filtered newDevice 2
07-16 11:33:29.142   189   812 D AudioMixer: downmixerBufferProvider 0
07-16 11:33:29.142   189   812 D AudioMixer: Creating resampler: format(0x1) channels(2) devSampleRate(44100) quality(0) resamplerChannelCount(2)
07-16 11:33:29.142   189   812 V AudioResampler: resampler load 24 -> 30 MHz due to delta +6 MHz from quality 6
07-16 11:33:29.142   189   812 V AudioResampler: Create dynamic Resampler = 6
07-16 11:33:29.145   189   812 D AudioSpeechEnhanceInfo: SetOutputStreamRunning 1, SPELayer 0
07-16 11:33:29.146   189   812 D MtkAudioLoud: +SetWorkMode()
07-16 11:33:29.146   189   812 D MtkAudioLoud: -SetWorkMode()
07-16 11:33:29.146   189   812 D MtkAudioLoud: +Open()
07-16 11:33:29.149   747  1016 V SoundPool: delete oldTrack 0xb8c8ab58
07-16 11:33:29.149   747  1016 V AudioTrack: ~AudioTrack, releasing session id from 747 on behalf of 747
07-16 11:33:29.150   189   189 V AudioResampler: resampler load 30 -> 24 MHz due to delta -6 MHz from quality 6
07-16 11:33:29.150   189   189 D AudioMixer: deinitBliSrc
07-16 11:33:29.151   189   189 V AudioFlinger: PlaybackThread::Track destructor
07-16 11:33:29.169   189   812 D AudioMTKGainController: AudioMTKGainController getMasterVolume
07-16 11:33:29.169   189   812 D AudioMTKGainController: setMasterVolume call setNormalVolume
07-16 11:33:29.169   189   812 D AudioMTKGainController: setSpeakerGain, gain 12, mHwVolume.speaker 12,regIndex:4
07-16 11:33:29.169   189   812 D AudioMTKGainController: ApplyAudioGain  gain = 11 mode= 0 device = 2
07-16 11:33:29.169   189   812 D AudioMTKGainController: setVoiceBufferGain, gain 11, mHwVolume.voiceBuffer 11,regIndex:11
07-16 11:33:29.169   189   812 D AudioMTKGainController: setAMPGain, device 2
07-16 11:33:29.170   189   812 D AudioMTKGainController: ApplyMicGain MicType=0 mode=0 micgain=25 mULTotalGain=172
07-16 11:33:29.170   189   812 D AudioSpeechEnhanceInfo: GetDownlinkIntrStartTime 0
07-16 11:33:29.172   189   812 D AudioResamplerDyn: resample 542, mBuffer.raw == Null
07-16 11:33:29.173   189   812 V AudioFlinger: presentationComplete() mPresentationCompleteFrames 0 framesWritten 3072
07-16 11:33:29.173   189   812 V AudioFlinger: presentationComplete() reset: mPresentationCompleteFrames 7129 audioHalFrames 4057
07-16 11:33:29.184   189   812 V AudioFlinger: presentationComplete() mPresentationCompleteFrames 7129 framesWritten 3072
07-16 11:33:29.185   189   812 V AudioFlinger: presentationComplete() mPresentationCompleteFrames 7129 framesWritten 4096
07-16 11:33:29.196   189   812 V AudioFlinger: presentationComplete() mPresentationCompleteFrames 7129 framesWritten 4096
07-16 11:33:29.197   189   812 V AudioFlinger: presentationComplete() mPresentationCompleteFrames 7129 framesWritten 5120
07-16 11:33:29.208   189   812 V AudioFlinger: presentationComplete() mPresentationCompleteFrames 7129 framesWritten 5120
07-16 11:33:29.216   189   812 V AudioFlinger: presentationComplete() mPresentationCompleteFrames 7129 framesWritten 6144
07-16 11:33:29.228   189   812 V AudioFlinger: presentationComplete() mPresentationCompleteFrames 7129 framesWritten 6144
07-16 11:33:29.240   189   812 V AudioFlinger: presentationComplete() mPresentationCompleteFrames 7129 framesWritten 7168
07-16 11:33:29.252   189   812 D AudioPolicyService: AudioCommandThread() adding stopOutputSamplerateCommand 2
07-16 11:33:29.252   189   806 D AudioPolicyService: AudioCommandThread() processing stopoutputsamplerate 2
07-16 11:33:29.253   189   806 V AudioPolicyManagerEx: stopOutput() output 2, stream 1, session 110
07-16 11:33:29.253   189   806 V AudioPolicyManager: changeRefCount() stream 1, count 0
07-16 11:33:29.253   189   806 V AudioPolicyManagerEx: getNewOutputDevice() selected device 0
07-16 11:33:29.253   189   806 V AudioPolicyManagerEx: AudioPolicyManagerEx::setOutputDevice
07-16 11:33:30.153   747  7937 V SoundPool: process 0xb8b50cc4 channel 57 event BUFFER_END
07-16 11:33:30.153   747  1177 V SoundPool: awake
07-16 11:33:30.153   747  1177 V SoundPool: Getting channel from stop list
07-16 11:33:30.153   747  1177 V SoundPool: stop
07-16 11:33:30.154   189   827 V AudioFlinger: stop(4100), calling pid 747
07-16 11:33:30.154   189   827 V AudioFlinger: not stopping/stopped => stopping/stopped (4100) on thread 0xb33b2008
07-16 11:33:30.154   747  1177 V SoundPool: done_l(57)
07-16 11:33:30.154   747  1177 V SoundPool: move to front
07-16 11:33:30.333   747   994 D InputDispatcher: notifyMotion - action=ACTION_DOWN, eventTime=7489542723000, downTime=7489542723000
07-16 11:33:30.333   747   993 D InputTransport: channel '1441ec1 StatusBar (server)' : action=ACTION_DOWN, downTime=7489542723000, eventTime=7489542723000, pointerCount=1
07-16 11:33:30.333   747   993 D InputTransport: channel 'WindowManager (server)' : action=ACTION_DOWN, downTime=7489542723000, eventTime=7489542723000, pointerCount=1
07-16 11:33:30.334  1050  1050 I [SystemUI]StatusBarWindowView: onInterceptTouchEvent() ACTION_DOWN MotionEvent { action=ACTION_DOWN, id[0]=0, x[0]=229.681, y[0]=29.976582, toolType[0]=TOOL_TYPE_FINGER, buttonState=0, metaState=0, flags=0x0, edgeFlags=0x0, pointerCount=1, historySize=0, eventTime=7489542, downTime=7489542, deviceId=4, source=0x1002 }
07-16 11:33:30.345   747  1604 V NotificationVibrator: cancel()
07-16 11:33:30.345   747  1604 I VolumeVibratorManager: cancel()
07-16 11:33:30.346   747   762 I LGNativeVibrator: vibrator_off
07-16 11:33:30.346  1050  1050 D PhoneStatusBar: disable: < expand ICONS* alerts SYSTEM_INFO* back home recent clock search >
07-16 11:33:30.369   747   771 I SystemUI[Framework]: PhoneWindowManager.updateSystemUiVisibilityLw() :visibility=0x600, pkg=com.android.systemui
07-16 11:33:30.370   747   771 I SystemUI[Framework]: ==>disabledNaviBtn() what=0x0, token=android.os.Binder@3593faa0,  pkg=WindowManager.LayoutParams
07-16 11:33:30.371   747   771 I SystemUI[Framework]: disableNaviBtn: mDisabledNaviBtn=0x0,  mDisableRecords.size=0
07-16 11:33:30.383   747  1673 D InputDispatcher: Focus left window: Window{1b84587 u0 com.lge.hiddenmenu/com.lge.hiddenmenu.SVC.log_service.MainActivity}
07-16 11:33:30.383   747  1673 D InputDispatcher: Focus entered window: Window{1441ec1 u0 StatusBar}
07-16 11:33:30.402   170  1846 I [MALI][Gralloc]: usage: 0xf02, format: 1 stride: 720 vertical_stride: 1280 size: 3686400
07-16 11:33:30.405  1050  1291 I MaliEGL : [Mali]window_type=1, is_framebuffer=0, errnum = 0
07-16 11:33:30.405  1050  1291 I MaliEGL : [Mali]surface->num_buffers=4, surface->num_frames=3, win_min_undequeued=1
07-16 11:33:30.405  1050  1291 I MaliEGL : [Mali]max_allowed_dequeued_buffers=3
07-16 11:33:30.407   170   231 I [MALI][Gralloc]: usage: 0xf02, format: 1 stride: 720 vertical_stride: 1280 size: 3686400
07-16 11:33:30.410   747   994 D InputDispatcher: notifyMotion - action=ACTION_UP, eventTime=7489619498000, downTime=7489542723000
07-16 11:33:30.410   747   993 D InputTransport: channel '1441ec1 StatusBar (server)' : action=ACTION_UP, downTime=7489542723000, eventTime=7489619498000, pointerCount=1
07-16 11:33:30.410   747   993 D InputTransport: channel 'WindowManager (server)' : action=ACTION_UP, downTime=7489542723000, eventTime=7489619498000, pointerCount=1
07-16 11:33:30.425  1050  1050 I [SystemUI]PanelView: onTrackingStarted 
07-16 11:33:30.427  1050  1050 I [SystemUI]StatusBarWindowView: onInterceptTouchEvent() ACTION_UP MotionEvent { action=ACTION_UP, id[0]=0, x[0]=239.66713, y[0]=355.72208, toolType[0]=TOOL_TYPE_FINGER, buttonState=0, metaState=0, flags=0x0, edgeFlags=0x0, pointerCount=1, historySize=0, eventTime=7489619, downTime=7489542, deviceId=4, source=0x1002 }
07-16 11:33:30.431  1050  1050 I [SystemUI]PanelView: onTrackingStopped : true
07-16 11:33:30.444   747  1303 D SplitWindow: check instance of lgWin Window{1f2b5170 u0 SearchPanel}
07-16 11:33:30.449  1050  1050 D PhoneStatusBar: disable: < expand icons* alerts system_info* back home recent clock search >
07-16 11:33:30.451   747   771 I SystemUI[Framework]: PhoneWindowManager.updateSystemUiVisibilityLw() :visibility=0x0, pkg=com.lge.hiddenmenu
07-16 11:33:30.453   747   771 I SystemUI[Framework]: ==>disabledNaviBtn() what=0x0, token=android.os.Binder@3593faa0,  pkg=WindowManager.LayoutParams
07-16 11:33:30.453   747   771 I SystemUI[Framework]: disableNaviBtn: mDisabledNaviBtn=0x0,  mDisableRecords.size=0
07-16 11:33:30.467   747  1679 D InputDispatcher: Focus left window: Window{1441ec1 u0 StatusBar}
07-16 11:33:30.467   747  1679 D InputDispatcher: Focus entered window: Window{1b84587 u0 com.lge.hiddenmenu/com.lge.hiddenmenu.SVC.log_service.MainActivity}
07-16 11:33:30.484   170  1846 I [MALI][Gralloc]: usage: 0xf02, format: 1 stride: 720 vertical_stride: 50 size: 144000
07-16 11:33:30.485  1050  1291 I MaliEGL : [Mali]window_type=1, is_framebuffer=0, errnum = 0
07-16 11:33:30.486  1050  1291 I MaliEGL : [Mali]surface->num_buffers=4, surface->num_frames=3, win_min_undequeued=1
07-16 11:33:30.486  1050  1291 I MaliEGL : [Mali]max_allowed_dequeued_buffers=3
07-16 11:33:30.487   170   231 I [MALI][Gralloc]: usage: 0xf02, format: 1 stride: 720 vertical_stride: 50 size: 144000
07-16 11:33:30.530   747  1605 D InputDispatcher: Window went away: Window{18570117 u0 SearchPanel}
07-16 11:33:30.537   747  1674 V NotificationVibrator: cancel()
07-16 11:33:30.537   747  1674 I VolumeVibratorManager: cancel()
07-16 11:33:30.538   747  1672 I LGNativeVibrator: vibrator_off
07-16 11:33:30.538  1050  1050 D PhoneStatusBar: disable: < expand ICONS* alerts SYSTEM_INFO* back home recent clock search >
07-16 11:33:30.566   747   771 I SystemUI[Framework]: PhoneWindowManager.updateSystemUiVisibilityLw() :visibility=0x600, pkg=com.android.systemui
07-16 11:33:30.567   747   771 I SystemUI[Framework]: ==>disabledNaviBtn() what=0x0, token=android.os.Binder@3593faa0,  pkg=WindowManager.LayoutParams
07-16 11:33:30.567   747   771 I SystemUI[Framework]: disableNaviBtn: mDisabledNaviBtn=0x0,  mDisableRecords.size=0
07-16 11:33:30.583   747   762 D InputDispatcher: Focus left window: Window{1b84587 u0 com.lge.hiddenmenu/com.lge.hiddenmenu.SVC.log_service.MainActivity}
07-16 11:33:30.583   747   762 D InputDispatcher: Focus entered window: Window{1441ec1 u0 StatusBar}
07-16 11:33:30.592   170   986 I [MALI][Gralloc]: usage: 0xf02, format: 1 stride: 720 vertical_stride: 1280 size: 3686400
07-16 11:33:30.594  1050  1291 I MaliEGL : [Mali]window_type=1, is_framebuffer=0, errnum = 0
07-16 11:33:30.594  1050  1291 I MaliEGL : [Mali]surface->num_buffers=4, surface->num_frames=3, win_min_undequeued=1
07-16 11:33:30.594  1050  1291 I MaliEGL : [Mali]max_allowed_dequeued_buffers=3
07-16 11:33:30.595   170   231 I [MALI][Gralloc]: usage: 0xf02, format: 1 stride: 720 vertical_stride: 1280 size: 3686400
07-16 11:33:30.686  1050  1050 D PhoneStatusBar: setSystemUiVisibility vis=600 mask=ffffffff oldVal=0 newVal=600 diff=600
07-16 11:33:30.686   170  1846 I [MALI][Gralloc]: usage: 0xf02, format: 1 stride: 720 vertical_stride: 1280 size: 3686400
07-16 11:33:30.694   170   231 I [MALI][Gralloc]: usage: 0xf02, format: 1 stride: 720 vertical_stride: 1280 size: 3686400
07-16 11:33:30.751  1050  1050 I [SystemUI]StatusBarExpansionState: status bar expansion is changed to settings_expanded
07-16 11:33:30.759  1050  1050 I [SystemUI]StatusBarExpansionState: sending ACTION_STATUS_BAR_EXPANDED
07-16 11:33:30.762  1448  1448 I Cliptray Service: cliptrayEventReceiver :onReceivecom.lge.statusbar.expanded
07-16 11:33:31.036  1050  1050 I [SystemUI]LGPowerUI: onReceive = com.lge.android.intent.action.BATTERYEX
07-16 11:33:31.036  1050  1050 I [SystemUI]LGPowerUI: levelEx = 100, plugTypeEx = 0, WirelessAlignment = 0, chargingCurrent = 0, orientation = PORTRAIT
07-16 11:33:31.036  1050  1050 I [SystemUI]LGPowerUI: On Skip Timer : true
07-16 11:33:31.038  1050  1050 D KeyguardUpdateMonitor: Intent.ACTION_BATTERY_CHANGED status : 3 ,plugged : 0 ,level : 100 ,temperature : 260
07-16 11:33:31.038  1050  1050 I [SystemUI]LGPowerUI: onReceive = android.intent.action.BATTERY_CHANGED
07-16 11:33:31.038  1050  1050 I [SystemUI]LGPowerUI: level = 100, plugType = 0, plugged = false, mCharging = false, temperature = 260
07-16 11:33:31.043  1050  1050 I [SystemUI]BatterySaverHandler: onReceive = android.intent.action.BATTERY_CHANGED
07-16 11:33:31.250   747   994 D InputDispatcher: notifyMotion - action=ACTION_DOWN, eventTime=7490459422000, downTime=7490459422000
07-16 11:33:31.250   747   993 D InputTransport: channel '1441ec1 StatusBar (server)' : action=ACTION_DOWN, downTime=7490459422000, eventTime=7490459422000, pointerCount=1
07-16 11:33:31.250   747   993 D InputTransport: channel 'WindowManager (server)' : action=ACTION_DOWN, downTime=7490459422000, eventTime=7490459422000, pointerCount=1
07-16 11:33:31.251  1050  1050 I [SystemUI]StatusBarWindowView: onInterceptTouchEvent() ACTION_DOWN MotionEvent { action=ACTION_DOWN, id[0]=0, x[0]=221.6921, y[0]=158.87589, toolType[0]=TOOL_TYPE_FINGER, buttonState=0, metaState=0, flags=0x0, edgeFlags=0x0, pointerCount=1, historySize=0, eventTime=7490459, downTime=7490459, deviceId=4, source=0x1002 }
07-16 11:33:31.260   189   189 D AudioFlinger: +getParameters(): isSwIrrc
07-16 11:33:31.261   189   189 D bt_audio_a2dp_hw: [A2DP_HW] [adev_get_parameters@1428]
07-16 11:33:31.261   189   189 I str_params: key: 'isSwIrrc' value: ''
07-16 11:33:31.262  1410  1833 D PhoneUtils: getActiveSlotId() : activeSlotId = 0
07-16 11:33:31.263  1410  1833 D PhoneUtils: getSubIdUsingSlotId() slotId:0 -> subId:-1
07-16 11:33:31.759  1448  1465 E PowerManagerExtJar: Error 12 : It is an invalid Boost ID.
07-16 11:33:31.761   747   773 D ContextHelper: convertTheme. context->name=com.android.settings themeResourceId=2131361939
07-16 11:33:31.762   747   773 I PhoneWindow: [generateLayout] setColorNavigationBar => color=0x ff000001
07-16 11:33:31.765  1448  1621 I PowerManagerExtJar: activity start: com.android.settings/com.android.settings.Settings$WifiSettingsActivity
07-16 11:33:31.768   170  1846 I [MALI][Gralloc]: usage: 0x200333, format: 1 stride: 384 vertical_stride: 384 size: 589824
07-16 11:33:31.775   747   773 D PhoneWindowEx: [PWEx][generateLayout] setNavigationBarColor2 : colors=0xfff5f5f5
07-16 11:33:31.775   747   773 I PhoneWindow: [setNavigationBarColor2] color=0x fff5f5f5
07-16 11:33:31.786   747   773 D SplitWindow: check instance of lgWin Window{3dc106ff u0 Starting com.android.settings}
07-16 11:33:31.798  1448  4285 E PowerManagerExtJar: Error 12 : It is an invalid Boost ID.
07-16 11:33:31.801   189   189 D AudioFlinger: +getParameters(): isSwIrrc
07-16 11:33:31.801   189   189 D bt_audio_a2dp_hw: [A2DP_HW] [adev_get_parameters@1428]
07-16 11:33:31.801   189   189 I str_params: key: 'isSwIrrc' value: ''
07-16 11:33:31.804  1410  1425 D PhoneUtils: getActiveSlotId() : activeSlotId = 0
07-16 11:33:31.806  1410  1425 D PhoneUtils: getSubIdUsingSlotId() slotId:0 -> subId:-1
07-16 11:33:31.836  1448  1621 I PowerManagerExtJar: activity Resume: com.android.settings/com.android.settings.Settings$WifiSettingsActivity
07-16 11:33:31.840   170  5076 I [MALI][Gralloc]: usage: 0x933, format: 1 stride: 720 vertical_stride: 1280 size: 3686400
07-16 11:33:31.845   747  1046 D InputDispatcher: Focus left window: Window{1441ec1 u0 StatusBar}
07-16 11:33:31.853  3578  3578 D ContextHelper: convertTheme. context->name=com.android.settings themeResourceId=2131361939
07-16 11:33:31.876  3578  3578 I PhoneWindow: [generateLayout] setColorNavigationBar => color=0x ff000001
07-16 11:33:31.884  3578  3578 D PhoneWindowEx: [PWEx][generateLayout] setNavigationBarColor2 : colors=0xfff5f5f5
07-16 11:33:31.884  3578  3578 I PhoneWindow: [setNavigationBarColor2] color=0x fff5f5f5
07-16 11:33:31.894   747   771 I SystemUI[Framework]: PhoneWindowManager.updateSystemUiVisibilityLw() :visibility=0x8600, pkg=com.android.settings
07-16 11:33:31.895  1050  1050 D PhoneStatusBar: setSystemUiVisibility vis=8600 mask=ffffffff oldVal=600 newVal=8600 diff=8000
07-16 11:33:31.895   747   771 I SystemUI[Framework]: ==>disabledNaviBtn() what=0x0, token=android.os.Binder@3593faa0,  pkg=WindowManager.LayoutParams
07-16 11:33:31.895   747   771 I SystemUI[Framework]: disableNaviBtn: mDisabledNaviBtn=0x0,  mDisableRecords.size=0
07-16 11:33:31.896  1050  1050 I [SystemUI]NavigationThemeResource: NavigationKey Color is changed(BLACK -> WHITE_WITH_SHADOW)
07-16 11:33:31.896  1050  1050 I [SystemUI]NavigationThemeResource:  BarMode=4, Theme=WHITE, LightBackground=true (NOT Transparent)
07-16 11:33:31.896  1050  1050 I [SystemUI]NavigationThemeResource: , Keyguard show=false, IME shown=false, Panel expanded=true
07-16 11:33:31.943  3578  3578 D WifiSettings: Tethering WPS is false
07-16 11:33:31.944   747  1487 V SettingsProvider: call_put(system:LargeText_Flag=0) for 0 calling package = com.android.settings
07-16 11:33:31.949  3578  3578 D WifiSettings: Tethering WPS is false
07-16 11:33:31.959  3578  3578 E LgeWifiConfig: getMccMncInfo : java.lang.StringIndexOutOfBoundsException: length=0; regionStart=0; regionLength=3
07-16 11:33:31.960  3578  3578 D kimyow  : return local LayoutInflater
07-16 11:33:31.974  3578  3578 D WifiSettings: dip = 113.33, px = 226
07-16 11:33:31.982  3578  3578 D kimyow  : return local LayoutInflater
07-16 11:33:31.986  3578  3578 W WifiSettings: com.android.settings.wifi.WifiSettings :onResume(): , 991, wifi_interactive_help_tips:0
07-16 11:33:31.990  3578  3578 D kjo     : registerReceiver
07-16 11:33:31.996  3578  3578 D WifiSettings: Tethering WPS is false
07-16 11:33:31.998  3578  3578 W WifiSettings: com.android.settings.wifi.WifiSettings :onResume(): , 980, misCalledonCreate:1
07-16 11:33:31.998  3578  3578 W WifiSettings: com.android.settings.wifi.WifiSettings, 988, :onResume(): wifiSettingsAs.getExpandableNotificationYesButton() = false
07-16 11:33:31.998  3578  3578 W WifiSettings: com.android.settings.wifi.WifiSettingsAsActivitygetExpandableNotificationIndex() ,mInterHelpIndex=0
07-16 11:33:31.998  3578  3578 W WifiSettings: com.android.settings.wifi.WifiSettings, 989, :onResume(): wifiSettingsAs.getExpandableNotificationIndex() = 0
07-16 11:33:31.998  3578  3578 W WifiSettings: com.android.settings.wifi.WifiSettings :onResume(): wifiSettingsAs.getExpandableNotificationYesButton() = false
07-16 11:33:31.998  3578  3578 W WifiSettings: com.android.settings.wifi.WifiSettingsAsActivitygetExpandableNotificationIndex() ,mInterHelpIndex=0
07-16 11:33:31.998  3578  3578 W WifiSettings: com.android.settings.wifi.WifiSettings :onResume(): wifiSettingsAs.getExpandableNotificationIndex() = 0, isDialogShowing:false
07-16 11:33:32.016   747  1302 D SplitWindow: check instance of lgWin Window{1dfb637e u0 com.android.settings/com.android.settings.Settings$WifiSettingsActivity}
07-16 11:33:32.083   747  1673 D InputDispatcher: Focus entered window: Window{1dfb637e u0 com.android.settings/com.android.settings.Settings$WifiSettingsActivity}
07-16 11:33:32.096   170   986 I [MALI][Gralloc]: usage: 0xf02, format: 1 stride: 720 vertical_stride: 1280 size: 3686400
07-16 11:33:32.098  3578  4197 I MaliEGL : [Mali]window_type=1, is_framebuffer=0, errnum = 0
07-16 11:33:32.098  3578  4197 I MaliEGL : [Mali]surface->num_buffers=4, surface->num_frames=3, win_min_undequeued=1
07-16 11:33:32.098  3578  4197 I MaliEGL : [Mali]max_allowed_dequeued_buffers=3
07-16 11:33:32.099   170   986 I [MALI][Gralloc]: usage: 0xf02, format: 1 stride: 720 vertical_stride: 1280 size: 3686400
07-16 11:33:32.102   170  5076 I [MALI][Gralloc]: usage: 0xf02, format: 1 stride: 720 vertical_stride: 1280 size: 3686400
07-16 11:33:32.103   170  5076 I [MALI][Gralloc]: usage: 0xf02, format: 1 stride: 720 vertical_stride: 1280 size: 3686400
07-16 11:33:32.103   170  5076 I [MALI][Gralloc]: usage: 0xf02, format: 1 stride: 720 vertical_stride: 1280 size: 3686400
07-16 11:33:32.116  3578  3578 W Utils   : checkPackage() : package is not found(com.kddi.android.au_setting_menu)
07-16 11:33:32.117  3578  3578 I Settings: Remove au settings category
