08-21 17:00:03.328  1529  1529 V LIA_SmartSetting(4.70.1.2)_DeviceLogger: DeviceLogger.log: DeviceSettingProfile [profileId=-1, timestamp=1440187203328, , settingStatus=Wi-Fi off, deviceTypeOrdinal=0]
08-21 17:00:03.329  1529  1529 I CAPP_DB_LOG: opened database address/path : 0xf518c700, /data/user/0/com.lge.ia.task.smartsetting/databases/smartsetting.db
08-21 17:00:03.331 21264 21264 E Dialer-DialerCmdBtnManager: getCarrier() : Fail GLOBAL is not a constant in com.android.contacts.dialpad.DialerCmdBtnManager$CarrierConfig$Carrier
08-21 17:00:03.331 21264 21264 D Dialer-DialerCmdBtnManager: Current conditions : OPEN, 
08-21 17:00:03.331 21264 21264 I Dialer-DialerCmdBtnManager: cond :OPEN, 
08-21 17:00:03.331  1529  1529 I CAPP_DB_LOG:   database address : 0xf518c700, pragma journal_mode = PERSIST
08-21 17:00:03.331 21264 21264 W SystemConfig: isQSlideSupported :true
08-21 17:00:03.331  1529  1529 I CAPP_DB_LOG:   database address : 0xf518c700, pragma journal_size_limit = 524288
08-21 17:00:03.331  1529  1529 I CAPP_DB_LOG:   database address : 0xf518c700, pragma wal_autocheckpoint = 100
08-21 17:00:03.332  4907  5235 W Settings: Setting airplane_mode_on has moved from android.provider.Settings.System to android.provider.Settings.Global, returning read-only value.
08-21 17:00:03.333  1529  1529 D LIA_SmartSetting(4.70.1.2)_LocationDBManagerDBAdapter: insert start
08-21 17:00:03.336  3956  3956 D BubblePopupHelper: BubblePopupHelper has no instance. Hence we cannot call setShowingBubblePopup : false
08-21 17:00:03.340  1529  1529 D LIA_SmartSetting(4.70.1.2)_LocationDBManager: insertSettingInfo ID = 28
08-21 17:00:03.340  1529  1529 I CAPP_DB_LOG: closed database address/path : 0xf518c700, /data/user/0/com.lge.ia.task.smartsetting/databases/smartsetting.db
08-21 17:00:03.403 21264  2235 V ToneGenerator: Cbk Stopping
08-21 17:00:03.408 21264  2235 V ToneGenerator: Stopped Cbk
08-21 17:00:03.408 21264  2235 V ToneGenerator: Cbk Stopped track
08-21 17:00:03.421  3599  3599 D [SystemUI]SystemServicesProxy: RecentApps has 25 item(s).
08-21 17:00:03.540 21264 21264 D Dialer.DialerConfig: getRingerModeSound getRingerModeInternal
08-21 17:00:03.540 21264 21264 V ToneGenerator: getToneForRegion, tone 11, region 2, regionTone 11
08-21 17:00:03.540 21264 21264 V ToneGenerator: startTone
08-21 17:00:03.540 21264 21264 V ToneGenerator: Clearing mWaveGens:
08-21 17:00:03.540 21264 21264 V ToneGenerator: prepareWave, duration limited to 150 ms
08-21 17:00:03.540 21264 21264 V ToneGenerator: WaveGenerator init, mA1_Q14: 32157, mS2_0: -6148, mAmplitude_Q15: 10065
08-21 17:00:03.540 21264 21264 V ToneGenerator: WaveGenerator init, mA1_Q14: 32519, mS2_0: -3931, mAmplitude_Q15: 10065
08-21 17:00:03.540 21264 21264 V ToneGenerator: Immediate start, time 14355652
08-21 17:00:03.555 21264  2235 V ToneGenerator: Starting Cbk
08-21 17:00:03.555 21264  2235 V ToneGenerator: Cbk starting track
08-21 17:00:03.555 21264 21264 V ToneGenerator: Tone started, time 14355667
08-21 17:00:03.564 21264 21264 I Dialer.SearchDialController: searchAllCondition. searchSize : 0
08-21 17:00:03.568 21264 21264 I Dialer.SearchDialController: searchAllCondition. searchSize : 0
08-21 17:00:03.570 21264 21264 I Dialer.DialpadFragment: onLayoutChange() - mDigits
08-21 17:00:03.570 21264 21264 I Dialer.SearchDialController: searchAllCondition. searchSize : 0
08-21 17:00:03.578  3956  3956 D BubblePopupHelper: BubblePopupHelper has no instance. Hence we cannot call setShowingBubblePopup : false
08-21 17:00:03.708 21264  2235 V ToneGenerator: Cbk Stopping
08-21 17:00:03.708 21264  2235 V ToneGenerator: Stopped Cbk
08-21 17:00:03.708 21264  2235 V ToneGenerator: Cbk Stopped track
08-21 17:00:03.906  4284  4768 D [LGHome]LGBroadCastCountRecord: [LGBroadCastCountRecord.java:68:loadLatestCountRecord()]loadLatestCountRecord ArrayList<LGBroadCastData> = [com.lge.launcher2.numberbadge.impl.LGBroadCastData@f52ba4, com.lge.launcher2.numberbadge.impl.LGBroadCastData@87bd0d, com.lge.launcher2.numberbadge.impl.LGBroadCastData@a73a4c2, com.lge.launcher2.numberbadge.impl.LGBroadCastData@f7c72d3]
08-21 17:00:03.906  4284  4768 I [LGHome]NumberBadge.LGUnreadLgeEmailsBadge: [LGUnreadLgeEmailsBadge.java:86:countUnreadItems()]setTotalCount : 0
08-21 17:00:03.906  4284  4768 I [LGHome]NumberBadge.LGUnreadLgeEmailsBadge: [LGUnreadLgeEmailsBadge.java:87:countUnreadItems()]countUnreadItems() ended..
08-21 17:00:03.907  4284  4768 D [LGHome]LGBroadCastCountRecord: [LGBroadCastCountRecord.java:68:loadLatestCountRecord()]loadLatestCountRecord ArrayList<LGBroadCastData> = [com.lge.launcher2.numberbadge.impl.LGBroadCastData@52b5e10, com.lge.launcher2.numberbadge.impl.LGBroadCastData@a801d09, com.lge.launcher2.numberbadge.impl.LGBroadCastData@f5b4b0e, com.lge.launcher2.numberbadge.impl.LGBroadCastData@591692f]
08-21 17:00:03.907  4284  4768 I [LGHome]NumberBadge.LGBroadCastBadge: [LGBroadCastBadge.java:53:updateBadgeIcon()][updateClassList : com.lge.message.ui.ConversationList = 0
08-21 17:00:03.907  4284  4768 I [LGHome]NumberBadge.LGBroadCastBadge: [LGBroadCastBadge.java:53:updateBadgeIcon()][updateClassList : com.lge.message.activity.MainMenuActivity = 0
08-21 17:00:03.907  4284  4768 I [LGHome]NumberBadge.LGBroadCastBadge: [LGBroadCastBadge.java:53:updateBadgeIcon()][updateClassList : com.android.mms.ui.ConversationList = 0
08-21 17:00:03.908  4284  4768 I [LGHome]NumberBadge.LGBroadCastBadge: [LGBroadCastBadge.java:53:updateBadgeIcon()][updateClassList : com.lge.updatecenter.UpdateCenterPrfActivity = 1
08-21 17:00:04.033 21264 21264 D Dialer.DialerConfig: getRingerModeSound getRingerModeInternal
08-21 17:00:04.033 21264 21264 V ToneGenerator: getToneForRegion, tone 5, region 2, regionTone 5
08-21 17:00:04.033 21264 21264 V ToneGenerator: startTone
08-21 17:00:04.033 21264 21264 V ToneGenerator: Clearing mWaveGens:
08-21 17:00:04.033 21264 21264 V ToneGenerator: prepareWave, duration limited to 150 ms
08-21 17:00:04.033 21264 21264 V ToneGenerator: WaveGenerator init, mA1_Q14: 32268, mS2_0: -5567, mAmplitude_Q15: 10065
08-21 17:00:04.033 21264 21264 V ToneGenerator: WaveGenerator init, mA1_Q14: 32601, mS2_0: -3219, mAmplitude_Q15: 10065
08-21 17:00:04.033 21264 21264 V ToneGenerator: Immediate start, time 14356145
08-21 17:00:04.055 21264  2235 V ToneGenerator: Starting Cbk
08-21 17:00:04.055 21264  2235 V ToneGenerator: Cbk starting track
08-21 17:00:04.055 21264 21264 V ToneGenerator: Tone started, time 14356166
08-21 17:00:04.062 21264 21264 I Dialer.SearchDialController: searchAllCondition. searchSize : 0
08-21 17:00:04.067 21264 21264 I Dialer.SearchDialController: searchAllCondition. searchSize : 0
08-21 17:00:04.071  3956  3956 D BubblePopupHelper: BubblePopupHelper has no instance. Hence we cannot call setShowingBubblePopup : false
08-21 17:00:04.208 21264  2235 V ToneGenerator: Cbk Stopping
08-21 17:00:04.213 21264  2235 V ToneGenerator: Stopped Cbk
08-21 17:00:04.213 21264  2235 V ToneGenerator: Cbk Stopped track
08-21 17:00:04.225 21264 21264 D Dialer.DialerConfig: getRingerModeSound getRingerModeInternal
08-21 17:00:04.225 21264 21264 V ToneGenerator: getToneForRegion, tone 4, region 2, regionTone 4
08-21 17:00:04.225 21264 21264 V ToneGenerator: startTone
08-21 17:00:04.225 21264 21264 V ToneGenerator: Clearing mWaveGens:
08-21 17:00:04.225 21264 21264 V ToneGenerator: prepareWave, duration limited to 150 ms
08-21 17:00:04.225 21264 21264 V ToneGenerator: WaveGenerator init, mA1_Q14: 32358, mS2_0: -5043, mAmplitude_Q15: 10065
08-21 17:00:04.225 21264 21264 V ToneGenerator: WaveGenerator init, mA1_Q14: 32601, mS2_0: -3219, mAmplitude_Q15: 10065
08-21 17:00:04.225 21264 21264 V ToneGenerator: Immediate start, time 14356336
08-21 17:00:04.225 21264  2235 V ToneGenerator: Starting Cbk
08-21 17:00:04.225 21264  2235 V ToneGenerator: Cbk starting track
08-21 17:00:04.225 21264 21264 V ToneGenerator: Tone started, time 14356337
08-21 17:00:04.235 21264 21264 I Dialer.SearchDialController: searchAllCondition. searchSize : 0
08-21 17:00:04.238 21264 21264 I Dialer.SearchDialController: searchAllCondition. searchSize : 0
08-21 17:00:04.242  3956  3956 D BubblePopupHelper: BubblePopupHelper has no instance. Hence we cannot call setShowingBubblePopup : false
08-21 17:00:04.368 21264  2235 V ToneGenerator: Cbk Stopping
08-21 17:00:04.368 21264  2235 V ToneGenerator: Stopped Cbk
08-21 17:00:04.368 21264  2235 V ToneGenerator: Cbk Stopped track
08-21 17:00:04.551 21264 21264 D Dialer.DialerConfig: getRingerModeSound getRingerModeInternal
08-21 17:00:04.551 21264 21264 V ToneGenerator: getToneForRegion, tone 6, region 2, regionTone 6
08-21 17:00:04.551 21264 21264 V ToneGenerator: startTone
08-21 17:00:04.551 21264 21264 V ToneGenerator: Clearing mWaveGens:
08-21 17:00:04.551 21264 21264 V ToneGenerator: prepareWave, duration limited to 150 ms
08-21 17:00:04.551 21264 21264 V ToneGenerator: WaveGenerator init, mA1_Q14: 32157, mS2_0: -6148, mAmplitude_Q15: 10065
08-21 17:00:04.551 21264 21264 V ToneGenerator: WaveGenerator init, mA1_Q14: 32601, mS2_0: -3219, mAmplitude_Q15: 10065
08-21 17:00:04.551 21264 21264 V ToneGenerator: Immediate start, time 14356662
08-21 17:00:04.575 21264 21264 V ToneGenerator: Wait for start callback
08-21 17:00:04.575 21264  2235 V ToneGenerator: Starting Cbk
08-21 17:00:04.575 21264  2235 V ToneGenerator: Cbk starting track
08-21 17:00:04.575 21264 21264 V ToneGenerator: Tone started, time 14356687
08-21 17:00:04.583 21264 21264 I Dialer.SearchDialController: searchAllCondition. searchSize : 0
08-21 17:00:04.587 21264 21264 I Dialer.SearchDialController: searchAllCondition. searchSize : 0
08-21 17:00:04.592  3956  3956 D BubblePopupHelper: BubblePopupHelper has no instance. Hence we cannot call setShowingBubblePopup : false
08-21 17:00:04.728 21264  2235 V ToneGenerator: Cbk Stopping
08-21 17:00:04.733 21264  2235 V ToneGenerator: Stopped Cbk
08-21 17:00:04.733 21264  2235 V ToneGenerator: Cbk Stopped track
08-21 17:00:04.776 21264 21264 D Dialer.DialerConfig: getRingerModeSound getRingerModeInternal
08-21 17:00:04.776 21264 21264 V ToneGenerator: getToneForRegion, tone 3, region 2, regionTone 3
08-21 17:00:04.776 21264 21264 V ToneGenerator: startTone
08-21 17:00:04.776 21264 21264 V ToneGenerator: Clearing mWaveGens:
08-21 17:00:04.776 21264 21264 V ToneGenerator: prepareWave, duration limited to 150 ms
08-21 17:00:04.776 21264 21264 V ToneGenerator: WaveGenerator init, mA1_Q14: 32157, mS2_0: -6148, mAmplitude_Q15: 10065
08-21 17:00:04.776 21264 21264 V ToneGenerator: WaveGenerator init, mA1_Q14: 32631, mS2_0: -2915, mAmplitude_Q15: 10065
08-21 17:00:04.776 21264 21264 V ToneGenerator: Immediate start, time 14356888
08-21 17:00:04.778 21264 21264 V ToneGenerator: Wait for start callback
08-21 17:00:04.778 21264  2235 V ToneGenerator: Starting Cbk
08-21 17:00:04.778 21264  2235 V ToneGenerator: Cbk starting track
08-21 17:00:04.779 21264 21264 V ToneGenerator: Tone started, time 14356890
08-21 17:00:04.787 21264 21264 I Dialer.SearchDialController: searchAllCondition. searchSize : 0
08-21 17:00:04.791 21264 21264 I Dialer.SearchDialController: searchAllCondition. searchSize : 0
08-21 17:00:04.830  3956  3956 D BubblePopupHelper: BubblePopupHelper has no instance. Hence we cannot call setShowingBubblePopup : false
08-21 17:00:04.924 21264  2235 V ToneGenerator: Cbk Stopping
08-21 17:00:04.924 21264  2235 V ToneGenerator: Stopped Cbk
08-21 17:00:04.924 21264  2235 V ToneGenerator: Cbk Stopped track
08-21 17:00:05.089 21264 21264 D Dialer.DialerConfig: getRingerModeSound getRingerModeInternal
08-21 17:00:05.089 21264 21264 V ToneGenerator: getToneForRegion, tone 6, region 2, regionTone 6
08-21 17:00:05.089 21264 21264 V ToneGenerator: startTone
08-21 17:00:05.089 21264 21264 V ToneGenerator: Clearing mWaveGens:
08-21 17:00:05.089 21264 21264 V ToneGenerator: prepareWave, duration limited to 150 ms
08-21 17:00:05.089 21264 21264 V ToneGenerator: WaveGenerator init, mA1_Q14: 32157, mS2_0: -6148, mAmplitude_Q15: 10065
08-21 17:00:05.089 21264 21264 V ToneGenerator: WaveGenerator init, mA1_Q14: 32601, mS2_0: -3219, mAmplitude_Q15: 10065
08-21 17:00:05.089 21264 21264 V ToneGenerator: Immediate start, time 14357201
08-21 17:00:05.118 21264 21264 V ToneGenerator: Wait for start callback
08-21 17:00:05.118 21264  2235 V ToneGenerator: Starting Cbk
08-21 17:00:05.118 21264  2235 V ToneGenerator: Cbk starting track
08-21 17:00:05.119 21264 21264 V ToneGenerator: Tone started, time 14357230
08-21 17:00:05.142 21264 21264 I Dialer.SearchDialController: searchAllCondition. searchSize : 0
08-21 17:00:05.166 21264 21264 I Dialer.SearchDialController: searchAllCondition. searchSize : 0
08-21 17:00:05.181  3956  3956 D BubblePopupHelper: BubblePopupHelper has no instance. Hence we cannot call setShowingBubblePopup : false
08-21 17:00:05.269 21264  2235 V ToneGenerator: Cbk Stopping
08-21 17:00:05.274 21264  2235 V ToneGenerator: Stopped Cbk
08-21 17:00:05.274 21264  2235 V ToneGenerator: Cbk Stopped track
08-21 17:00:05.397 21264 21264 D Dialer.DialerConfig: getRingerModeSound getRingerModeInternal
08-21 17:00:05.398 21264 21264 V ToneGenerator: getToneForRegion, tone 8, region 2, regionTone 8
08-21 17:00:05.398 21264 21264 V ToneGenerator: startTone
08-21 17:00:05.398 21264 21264 V ToneGenerator: Clearing mWaveGens:
08-21 17:00:05.398 21264 21264 V ToneGenerator: prepareWave, duration limited to 150 ms
08-21 17:00:05.398 21264 21264 V ToneGenerator: WaveGenerator init, mA1_Q14: 32268, mS2_0: -5567, mAmplitude_Q15: 10065
08-21 17:00:05.398 21264 21264 V ToneGenerator: WaveGenerator init, mA1_Q14: 32564, mS2_0: -3561, mAmplitude_Q15: 10065
08-21 17:00:05.398 21264 21264 V ToneGenerator: Immediate start, time 14357510
08-21 17:00:05.417 21264 21264 V ToneGenerator: Wait for start callback
08-21 17:00:05.417 21264  2235 V ToneGenerator: Starting Cbk
08-21 17:00:05.417 21264  2235 V ToneGenerator: Cbk starting track
08-21 17:00:05.417 21264 21264 V ToneGenerator: Tone started, time 14357529
08-21 17:00:05.439 21264 21264 I Dialer.SearchDialController: searchAllCondition. searchSize : 0
08-21 17:00:05.459 21264 21264 I Dialer.SearchDialController: searchAllCondition. searchSize : 0
08-21 17:00:05.476  3956  3956 D BubblePopupHelper: BubblePopupHelper has no instance. Hence we cannot call setShowingBubblePopup : false
08-21 17:00:05.563 21264  2235 V ToneGenerator: Cbk Stopping
08-21 17:00:05.563 21264  2235 V ToneGenerator: Stopped Cbk
08-21 17:00:05.563 21264  2235 V ToneGenerator: Cbk Stopped track
08-21 17:00:05.705 21264 21264 I Dialer.SearchDialController: searchAllCondition. searchSize : 0
08-21 17:00:05.728 21264 21264 I Dialer.SearchDialController: searchAllCondition. searchSize : 0
08-21 17:00:05.750  3956  3956 D BubblePopupHelper: BubblePopupHelper has no instance. Hence we cannot call setShowingBubblePopup : false
08-21 17:00:05.752   707   707 I MSM-irqbalance: Decided to move IRQ137 from CPU1 to CPU3
08-21 17:00:06.728  1567  3954 I chatty  : uid=1000(system) Binder_5 expire 16 lines
08-21 17:00:08.394 21264 21264 D Dialer.DialerConfig: getRingerModeSound getRingerModeInternal
08-21 17:00:08.394 21264 21264 V ToneGenerator: getToneForRegion, tone 8, region 2, regionTone 8
08-21 17:00:08.394 21264 21264 V ToneGenerator: startTone
08-21 17:00:08.394 21264 21264 V ToneGenerator: Clearing mWaveGens:
08-21 17:00:08.394 21264 21264 V ToneGenerator: prepareWave, duration limited to 150 ms
08-21 17:00:08.394 21264 21264 V ToneGenerator: WaveGenerator init, mA1_Q14: 32268, mS2_0: -5567, mAmplitude_Q15: 10065
08-21 17:00:08.394 21264 21264 V ToneGenerator: WaveGenerator init, mA1_Q14: 32564, mS2_0: -3561, mAmplitude_Q15: 10065
08-21 17:00:08.394 21264 21264 V ToneGenerator: Immediate start, time 14360506
08-21 17:00:08.416 21264  2235 V ToneGenerator: Starting Cbk
08-21 17:00:08.416 21264  2235 V ToneGenerator: Cbk starting track
08-21 17:00:08.416 21264 21264 V ToneGenerator: Tone started, time 14360528
08-21 17:00:08.434 21264 21264 I Dialer.SearchDialController: searchAllCondition. searchSize : 0
08-21 17:00:08.449 21264 21264 I Dialer.SearchDialController: searchAllCondition. searchSize : 0
08-21 17:00:08.461  3956  3956 D BubblePopupHelper: BubblePopupHelper has no instance. Hence we cannot call setShowingBubblePopup : false
08-21 17:00:08.565 21264  2235 V ToneGenerator: Cbk Stopping
08-21 17:00:08.569 21264  2235 V ToneGenerator: Stopped Cbk
08-21 17:00:08.569 21264  2235 V ToneGenerator: Cbk Stopped track
08-21 17:00:09.289 21264 21264 D Dialer.DialerConfig: getRingerModeSound getRingerModeInternal
08-21 17:00:09.289 21264 21264 V ToneGenerator: getToneForRegion, tone 11, region 2, regionTone 11
08-21 17:00:09.289 21264 21264 V ToneGenerator: startTone
08-21 17:00:09.289 21264 21264 V ToneGenerator: Clearing mWaveGens:
08-21 17:00:09.290 21264 21264 V ToneGenerator: prepareWave, duration limited to 150 ms
08-21 17:00:09.290 21264 21264 V ToneGenerator: WaveGenerator init, mA1_Q14: 32157, mS2_0: -6148, mAmplitude_Q15: 10065
08-21 17:00:09.290 21264 21264 V ToneGenerator: WaveGenerator init, mA1_Q14: 32519, mS2_0: -3931, mAmplitude_Q15: 10065
08-21 17:00:09.290 21264 21264 V ToneGenerator: Immediate start, time 14361401
08-21 17:00:09.313 21264  2235 V ToneGenerator: Starting Cbk
08-21 17:00:09.313 21264  2235 V ToneGenerator: Cbk starting track
08-21 17:00:09.313 21264 21264 V ToneGenerator: Tone started, time 14361425
08-21 17:00:09.335 21264 21264 I Dialer.SearchDialController: searchAllCondition. searchSize : 0
08-21 17:00:09.351 21264 21264 I Dialer.SearchDialController: searchAllCondition. searchSize : 0
08-21 17:00:09.376  3956  3956 D BubblePopupHelper: BubblePopupHelper has no instance. Hence we cannot call setShowingBubblePopup : false
08-21 17:00:09.453 21264  2235 V ToneGenerator: Cbk Stopping
08-21 17:00:09.453 21264  2235 V ToneGenerator: Stopped Cbk
08-21 17:00:09.453 21264  2235 V ToneGenerator: Cbk Stopped track
08-21 17:00:09.598 21264 21264 D Dialer.DialerConfig: getRingerModeSound getRingerModeInternal
08-21 17:00:09.598 21264 21264 V ToneGenerator: getToneForRegion, tone 10, region 2, regionTone 10
08-21 17:00:09.598 21264 21264 V ToneGenerator: startTone
08-21 17:00:09.598 21264 21264 V ToneGenerator: Clearing mWaveGens:
08-21 17:00:09.598 21264 21264 V ToneGenerator: prepareWave, duration limited to 150 ms
08-21 17:00:09.598 21264 21264 V ToneGenerator: WaveGenerator init, mA1_Q14: 32358, mS2_0: -5043, mAmplitude_Q15: 10065
08-21 17:00:09.598 21264 21264 V ToneGenerator: WaveGenerator init, mA1_Q14: 32519, mS2_0: -3931, mAmplitude_Q15: 10065
08-21 17:00:09.598 21264 21264 V ToneGenerator: Immediate start, time 14361709
08-21 17:00:09.617 21264 21264 V ToneGenerator: Wait for start callback
08-21 17:00:09.617 21264  2235 V ToneGenerator: Starting Cbk
08-21 17:00:09.617 21264  2235 V ToneGenerator: Cbk starting track
08-21 17:00:09.617 21264 21264 V ToneGenerator: Tone started, time 14361728
08-21 17:00:09.634 21264 21264 I Dialer.SearchDialController: searchAllCondition. searchSize : 0
08-21 17:00:09.653 21264 21264 I Dialer.SearchDialController: searchAllCondition. searchSize : 0
08-21 17:00:09.668  3956  3956 D BubblePopupHelper: BubblePopupHelper has no instance. Hence we cannot call setShowingBubblePopup : false
08-21 17:00:09.764 21264  2235 V ToneGenerator: Cbk Stopping
08-21 17:00:09.769 21264  2235 V ToneGenerator: Stopped Cbk
08-21 17:00:09.769 21264  2235 V ToneGenerator: Cbk Stopped track
08-21 17:00:09.889 21264 21264 D Dialer.DialerConfig: getRingerModeSound getRingerModeInternal
08-21 17:00:09.889 21264 21264 V ToneGenerator: getToneForRegion, tone 8, region 2, regionTone 8
08-21 17:00:09.889 21264 21264 V ToneGenerator: startTone
08-21 17:00:09.889 21264 21264 V ToneGenerator: Clearing mWaveGens:
08-21 17:00:09.889 21264 21264 V ToneGenerator: prepareWave, duration limited to 150 ms
08-21 17:00:09.889 21264 21264 V ToneGenerator: WaveGenerator init, mA1_Q14: 32268, mS2_0: -5567, mAmplitude_Q15: 10065
08-21 17:00:09.889 21264 21264 V ToneGenerator: WaveGenerator init, mA1_Q14: 32564, mS2_0: -3561, mAmplitude_Q15: 10065
08-21 17:00:09.889 21264 21264 V ToneGenerator: Immediate start, time 14362001
08-21 17:00:09.910 21264  2235 V ToneGenerator: Starting Cbk
08-21 17:00:09.910 21264  2235 V ToneGenerator: Cbk starting track
08-21 17:00:09.910 21264 21264 V ToneGenerator: Tone started, time 14362022
08-21 17:00:09.948 21264 21264 I Dialer.SearchDialController: searchAllCondition. searchSize : 0
08-21 17:00:09.973 21264 21264 I Dialer.SearchDialController: searchAllCondition. searchSize : 0
08-21 17:00:09.985  3956  3956 D BubblePopupHelper: BubblePopupHelper has no instance. Hence we cannot call setShowingBubblePopup : false
08-21 17:00:10.053 21264  2235 V ToneGenerator: Cbk Stopping
08-21 17:00:10.054 21264  2235 V ToneGenerator: Stopped Cbk
08-21 17:00:10.054 21264  2235 V ToneGenerator: Cbk Stopped track
08-21 17:00:10.092 21264 21264 D Dialer.DialerConfig: getRingerModeSound getRingerModeInternal
08-21 17:00:10.092 21264 21264 V ToneGenerator: getToneForRegion, tone 1, region 2, regionTone 1
08-21 17:00:10.092 21264 21264 V ToneGenerator: startTone
08-21 17:00:10.092 21264 21264 V ToneGenerator: Clearing mWaveGens:
08-21 17:00:10.092 21264 21264 V ToneGenerator: prepareWave, duration limited to 150 ms
08-21 17:00:10.092 21264 21264 V ToneGenerator: WaveGenerator init, mA1_Q14: 32358, mS2_0: -5043, mAmplitude_Q15: 10065
08-21 17:00:10.092 21264 21264 V ToneGenerator: WaveGenerator init, mA1_Q14: 32631, mS2_0: -2915, mAmplitude_Q15: 10065
08-21 17:00:10.092 21264 21264 V ToneGenerator: Immediate start, time 14362204
08-21 17:00:10.094 21264  2235 V ToneGenerator: Starting Cbk
08-21 17:00:10.094 21264  2235 V ToneGenerator: Cbk starting track
08-21 17:00:10.094 21264 21264 V ToneGenerator: Tone started, time 14362206
08-21 17:00:10.120 21264 21264 I Dialer.SearchDialController: searchAllCondition. searchSize : 0
08-21 17:00:10.139 21264 21264 I Dialer.SearchDialController: searchAllCondition. searchSize : 0
08-21 17:00:10.152  3956  3956 D BubblePopupHelper: BubblePopupHelper has no instance. Hence we cannot call setShowingBubblePopup : false
08-21 17:00:10.239 21264  2235 V ToneGenerator: Cbk Stopping
08-21 17:00:10.244 21264  2235 V ToneGenerator: Stopped Cbk
08-21 17:00:10.244 21264  2235 V ToneGenerator: Cbk Stopped track
08-21 17:00:10.293 21264 21264 D Dialer.DialerConfig: getRingerModeSound getRingerModeInternal
08-21 17:00:10.293 21264 21264 V ToneGenerator: getToneForRegion, tone 8, region 2, regionTone 8
08-21 17:00:10.293 21264 21264 V ToneGenerator: startTone
08-21 17:00:10.293 21264 21264 V ToneGenerator: Clearing mWaveGens:
08-21 17:00:10.293 21264 21264 V ToneGenerator: prepareWave, duration limited to 150 ms
08-21 17:00:10.293 21264 21264 V ToneGenerator: WaveGenerator init, mA1_Q14: 32268, mS2_0: -5567, mAmplitude_Q15: 10065
08-21 17:00:10.293 21264 21264 V ToneGenerator: WaveGenerator init, mA1_Q14: 32564, mS2_0: -3561, mAmplitude_Q15: 10065
08-21 17:00:10.293 21264 21264 V ToneGenerator: Immediate start, time 14362404
08-21 17:00:10.297 21264  2235 V ToneGenerator: Starting Cbk
08-21 17:00:10.297 21264  2235 V ToneGenerator: Cbk starting track
08-21 17:00:10.297 21264 21264 V ToneGenerator: Tone started, time 14362409
08-21 17:00:10.326 21264 21264 I Dialer.SearchDialController: searchAllCondition. searchSize : 0
08-21 17:00:10.347 21264 21264 I Dialer.SearchDialController: searchAllCondition. searchSize : 0
08-21 17:00:10.376  3956  3956 D BubblePopupHelper: BubblePopupHelper has no instance. Hence we cannot call setShowingBubblePopup : false
08-21 17:00:10.449 21264  2235 V ToneGenerator: Cbk Stopping
08-21 17:00:10.449 21264  2235 V ToneGenerator: Stopped Cbk
08-21 17:00:10.449 21264  2235 V ToneGenerator: Cbk Stopped track
08-21 17:00:10.559 21264 21264 D Dialer.DialerConfig: getRingerModeSound getRingerModeInternal
08-21 17:00:10.559 21264 21264 V ToneGenerator: getToneForRegion, tone 11, region 2, regionTone 11
08-21 17:00:10.559 21264 21264 V ToneGenerator: startTone
08-21 17:00:10.559 21264 21264 V ToneGenerator: Clearing mWaveGens:
08-21 17:00:10.559 21264 21264 V ToneGenerator: prepareWave, duration limited to 150 ms
08-21 17:00:10.559 21264 21264 V ToneGenerator: WaveGenerator init, mA1_Q14: 32157, mS2_0: -6148, mAmplitude_Q15: 10065
08-21 17:00:10.559 21264 21264 V ToneGenerator: WaveGenerator init, mA1_Q14: 32519, mS2_0: -3931, mAmplitude_Q15: 10065
08-21 17:00:10.559 21264 21264 V ToneGenerator: Immediate start, time 14362671
08-21 17:00:10.577 21264 21264 V ToneGenerator: Wait for start callback
08-21 17:00:10.577 21264  2235 V ToneGenerator: Starting Cbk
08-21 17:00:10.577 21264  2235 V ToneGenerator: Cbk starting track
08-21 17:00:10.577 21264 21264 V ToneGenerator: Tone started, time 14362689
08-21 17:00:10.606 21264 21264 I Dialer.SearchDialController: searchAllCondition. searchSize : 0
08-21 17:00:10.631 21264 21264 I Dialer.SearchDialController: searchAllCondition. searchSize : 0
08-21 17:00:10.649  3956  3956 D BubblePopupHelper: BubblePopupHelper has no instance. Hence we cannot call setShowingBubblePopup : false
08-21 17:00:10.723 21264  2235 V ToneGenerator: Cbk Stopping
08-21 17:00:10.728 21264  2235 V ToneGenerator: Stopped Cbk
08-21 17:00:10.728 21264  2235 V ToneGenerator: Cbk Stopped track
08-21 17:00:10.752   707   707 I MSM-irqbalance: Decided to move IRQ215 from CPU1 to CPU3
08-21 17:00:11.034   516   761 E ThermalEngine: [GPU_MON] ACTION: GPU - [GPU_MON] Setting GPU[0] to 600000000
08-21 17:00:12.294 21264 21264 I Dialer.SearchDialController: searchAllCondition. searchSize : 0
08-21 17:00:12.295  3386  3533 I chatty  : uid=1013(media) AudioOut_2 expire 42 lines
08-21 17:00:12.296  3386  3520 I chatty  : uid=1013(media) ApmAudio expire 11 lines
08-21 17:00:12.309 21264 21264 I Dialer.SearchDialController: searchAllCondition. searchSize : 0
08-21 17:00:12.318  3956  3956 D BubblePopupHelper: BubblePopupHelper has no instance. Hence we cannot call setShowingBubblePopup : false
08-21 17:00:12.363  1567  3920 I chatty  : uid=1000(system) SoundPool expire 25 lines
08-21 17:00:12.376  1567  3232 I chatty  : uid=1000(system) InputDispatcher expire 14 lines
08-21 17:00:12.415  3386  4208 I chatty  : uid=1013(media) Binder_5 expire 2 lines
08-21 17:00:12.417  1567  3268 I chatty  : uid=1000(system) AudioService expire 44 lines
08-21 17:00:12.420  3386  3958 I chatty  : uid=1013(media) Binder_4 expire 2 lines
08-21 17:00:12.424  3386  3541 I chatty  : uid=1013(media) Binder_3 expire 3 lines
08-21 17:00:12.427  3386  3521 I chatty  : uid=1013(media) ApmOutput expire 22 lines
08-21 17:00:12.456 21264 21264 I Dialer.SearchDialController: searchAllCondition. searchSize : 0
08-21 17:00:12.492 21264 21264 I Dialer.SearchDialController: searchAllCondition. searchSize : 0
08-21 17:00:12.504  3956  3956 D BubblePopupHelper: BubblePopupHelper has no instance. Hence we cannot call setShowingBubblePopup : false
08-21 17:00:13.051 21264 21264 D Dialer.DialerConfig: getRingerModeSound getRingerModeInternal
08-21 17:00:13.051 21264 21264 V ToneGenerator: getToneForRegion, tone 5, region 2, regionTone 5
08-21 17:00:13.051 21264 21264 V ToneGenerator: startTone
08-21 17:00:13.051 21264 21264 V ToneGenerator: Clearing mWaveGens:
08-21 17:00:13.051 21264 21264 V ToneGenerator: prepareWave, duration limited to 150 ms
08-21 17:00:13.051 21264 21264 V ToneGenerator: WaveGenerator init, mA1_Q14: 32268, mS2_0: -5567, mAmplitude_Q15: 10065
08-21 17:00:13.051 21264 21264 V ToneGenerator: WaveGenerator init, mA1_Q14: 32601, mS2_0: -3219, mAmplitude_Q15: 10065
08-21 17:00:13.051 21264 21264 V ToneGenerator: Immediate start, time 14365163
08-21 17:00:13.052  3386 20685 I chatty  : uid=1013(media) Binder_7 expire 13 lines
08-21 17:00:13.079 21264 21264 V ToneGenerator: Wait for start callback
08-21 17:00:13.079 21264  2235 V ToneGenerator: Starting Cbk
08-21 17:00:13.079 21264  2235 V ToneGenerator: Cbk starting track
08-21 17:00:13.079 21264 21264 V ToneGenerator: Tone started, time 14365191
08-21 17:00:13.087  3386  3532 I chatty  : uid=1013(media) FastMixer expire 17 lines
08-21 17:00:13.110 21264 21264 I Dialer.SearchDialController: searchAllCondition. searchSize : 0
08-21 17:00:13.141 21264 21264 I Dialer.SearchDialController: searchAllCondition. searchSize : 0
08-21 17:00:13.161  3956  3956 D BubblePopupHelper: BubblePopupHelper has no instance. Hence we cannot call setShowingBubblePopup : false
08-21 17:00:13.168  3386  3532 V AudioTrackShared: mAvailToClient=0 stepCount=240 minimum=240
08-21 17:00:13.173  3386  3532 V AudioTrackShared: mAvailToClient=16 stepCount=224 minimum=240
08-21 17:00:13.178  3386  3532 V AudioTrackShared: mAvailToClient=0 stepCount=240 minimum=240
08-21 17:00:13.184  3386  3532 V AudioTrackShared: mAvailToClient=48 stepCount=192 minimum=240
08-21 17:00:13.189  3386  3532 V AudioTrackShared: mAvailToClient=0 stepCount=240 minimum=240
08-21 17:00:13.194  3386  3532 V AudioTrackShared: mAvailToClient=80 stepCount=160 minimum=240
08-21 17:00:13.198  3386  3532 V AudioTrackShared: mAvailToClient=0 stepCount=240 minimum=240
08-21 17:00:13.203  3386  3532 V AudioTrackShared: mAvailToClient=112 stepCount=128 minimum=240
08-21 17:00:13.209  3386  3532 V AudioTrackShared: mAvailToClient=0 stepCount=240 minimum=240
08-21 17:00:13.213  3386  3532 V AudioTrackShared: mAvailToClient=144 stepCount=96 minimum=240
08-21 17:00:13.219  3386  3532 V AudioTrackShared: mAvailToClient=0 stepCount=240 minimum=240
08-21 17:00:13.223  3386  3532 V AudioTrackShared: mAvailToClient=176 stepCount=64 minimum=240
08-21 17:00:13.224 21264  2235 V ToneGenerator: Cbk Stopping
08-21 17:00:13.224 21264  2235 V ToneGenerator: Stopped Cbk
08-21 17:00:13.224 21264  2235 V ToneGenerator: Cbk Stopped track
08-21 17:00:13.228  3386  3532 V AudioTrackShared: mAvailToClient=32 stepCount=240 minimum=240
08-21 17:00:13.233  3386  3532 V AudioTrackShared: mAvailToClient=272 stepCount=208 minimum=240
08-21 17:00:13.272  3386  3533 V audio_hw_primary: out_get_latency: Latency 10
08-21 17:00:13.292  3386  3533 V audio_hw_primary: out_get_latency: Latency 10
08-21 17:00:13.296  3386  3533 V AudioFlinger: removeTracks_l removing track on session 951
08-21 17:00:13.296  3386  3533 V AudioFlinger: acquireWakeLock_l() AudioOut_2 status 0
08-21 17:00:13.307  3386  3533 V AudioPolicyService: AudioCommandThread() adding stop output 2
08-21 17:00:13.307  3386  3533 V AudioPolicyService: inserting command: 5 at index 0, num commands 0
08-21 17:00:13.307  3386  3521 V AudioPolicyService: AudioCommandThread() waking up
08-21 17:00:13.308  3386  3521 V AudioPolicyService: AudioCommandThread() processing stop output 2
08-21 17:00:13.308  3386  3521 V APM::AudioPolicyManager: stopOutput() output 2, stream 1, session 951
08-21 17:00:13.308  3386  3521 V APM::AudioPolicyManager: setBeaconMute(1) mBeaconMuteRefCount=0 mBeaconPlayingRefCount=0
08-21 17:00:13.308  3386  3521 V APM::AudioPolicyManager: getNewOutputDevice() selected device 0
08-21 17:00:13.308  3386  3521 V APM::AudioPolicyManager: setOutputDevice() device 0000 delayMs 100
08-21 17:00:13.308  3386  3521 V APM::AudioPolicyManager: setOutputDevice() prevDevice 0x0002
08-21 17:00:13.308  3386  3521 V APM::AudioPolicyManager: AudioPolicyManagerEx::getRingerMode() mRingerMode 2
08-21 17:00:13.308  3386  3521 V APM::AudioPolicyManager: AudioPolicyManagerEx::getRingerMode() mRingerMode 2
08-21 17:00:13.308  3386  3521 V APM::AudioPolicyManager: AudioPolicyManagerEx::getRingerMode() mRingerMode 2
08-21 17:00:13.308  3386  3521 V APM::AudioPolicyManager: AudioPolicyManagerEx::getRingerMode() mRingerMode 2
08-21 17:00:13.308  3386  3521 V APM::AudioPolicyManager: AudioPolicyManagerEx::getRingerMode() mRingerMode 2
08-21 17:00:13.309  3386  3521 V APM::AudioPolicyManager: setOutputDevice() setting same device 0x0000 or null device
08-21 17:00:13.309  3386  3521 V AudioPolicyService: AudioCommandThread() going to sleep
08-21 17:00:13.399 21264 21264 D Dialer.DialerConfig: getRingerModeSound getRingerModeInternal
08-21 17:00:13.399 21264 21264 V ToneGenerator: getToneForRegion, tone 11, region 2, regionTone 11
08-21 17:00:13.399 21264 21264 V ToneGenerator: startTone
08-21 17:00:13.399 21264 21264 V ToneGenerator: Clearing mWaveGens:
08-21 17:00:13.399 21264 21264 V ToneGenerator: prepareWave, duration limited to 150 ms
08-21 17:00:13.399 21264 21264 V ToneGenerator: WaveGenerator init, mA1_Q14: 32157, mS2_0: -6148, mAmplitude_Q15: 10065
08-21 17:00:13.399 21264 21264 V ToneGenerator: WaveGenerator init, mA1_Q14: 32519, mS2_0: -3931, mAmplitude_Q15: 10065
08-21 17:00:13.399 21264 21264 V ToneGenerator: Immediate start, time 14365511
08-21 17:00:13.400  3386 21638 V APM::AudioPolicyManager: startOutput() output 2, stream 1, session 951
08-21 17:00:13.400  3386 21638 V APM::AudioPolicyManager: setBeaconMute(1) mBeaconMuteRefCount=1 mBeaconPlayingRefCount=0
08-21 17:00:13.400  3386 21638 V APM::AudioPolicyManager: getNewOutputDevice() selected device 2
08-21 17:00:13.400  3386 21638 V APM::AudioPolicyManager: setOutputDevice() device 0002 delayMs 0
08-21 17:00:13.400  3386 21638 V APM::AudioPolicyManager: setOutputDevice() prevDevice 0x0002
08-21 17:00:13.400  3386 21638 V APM::AudioPolicyManager: AudioPolicyManagerEx::getRingerMode() mRingerMode 2
08-21 17:00:13.400  3386 21638 V APM::AudioPolicyManager: AudioPolicyManagerEx::getRingerMode() mRingerMode 2
08-21 17:00:13.400  3386 21638 V APM::AudioPolicyManager: AudioPolicyManagerEx::getRingerMode() mRingerMode 2
08-21 17:00:13.400  3386 21638 V APM::AudioPolicyManager: AudioPolicyManagerEx::getRingerMode() mRingerMode 2
08-21 17:00:13.400  3386 21638 V APM::AudioPolicyManager: AudioPolicyManagerEx::getRingerMode() mRingerMode 2
08-21 17:00:13.400  3386 21638 V APM::AudioPolicyManager: setOutputDevice() changing device
08-21 17:00:13.400  3386 21638 V AudioPolicyService: AudioCommandThread() adding create patch delay 0
08-21 17:00:13.400  3386 21638 V AudioPolicyService: inserting command: 7 at index 0, num commands 0
08-21 17:00:13.401  3386  3520 V AudioPolicyService: AudioCommandThread() waking up
08-21 17:00:13.401  3386  3520 V AudioPolicyService: AudioCommandThread() processing create audio patch
08-21 17:00:13.401  3386  3520 V AudioFlinger: sendConfigEvent_l() num events 1 event 3
08-21 17:00:13.402  3386  3533 V AudioFlinger: processConfigEvents_l() remaining events 1
08-21 17:00:13.405  3386  3533 D audio_hw_primary: out_set_parameters: enter: usecase(1: low-latency-playback) kvpairs: routing=2
08-21 17:00:13.405  3386  3533 E audio_hw_primary: select_devices: enter and usecase(1)
08-21 17:00:13.405  3386  3533 D msm8974_platform_lge: LGE_platform_get_output_snd_device: enter(0:2)
08-21 17:00:13.405  3386  3533 V msm8974_platform: platform_get_output_snd_device: enter: output devices(0x2)
08-21 17:00:13.405  3386  3533 V msm8974_platform: platform_get_output_snd_device: exit: snd_device(speaker)
08-21 17:00:13.405  3386  3533 V platform_apt: lge_get_output_in_mandatory_depth: enter and devices(2)
08-21 17:00:13.405  3386  3533 D msm8974_platform_lge: LGE_platform_get_output_snd_device: exit: out_snd_device(speaker)
08-21 17:00:13.405  3386  3533 V audio_hw_primary: out_set_parameters: exit: code(0)
08-21 17:00:13.405  3386  3533 V AudioFlinger: processConfigEvents_l() DONE thread 0xf1040000
08-21 17:00:13.406  3386  3520 V AudioPolicyService: AudioCommandThread() going to sleep
08-21 17:00:13.406  3386 21638 V APM::AudioPolicyManager: setOutputDevice() createAudioPatch returned 0 patchHandle 966num_sources 1 num_sinks 1
08-21 17:00:13.406  3386 21638 V AudioPolicyService: AudioCommandThread() adding update audio patch list
08-21 17:00:13.406  3386 21638 V AudioPolicyService: inserting command: 10 at index 0, num commands 0
08-21 17:00:13.406  3386 21638 V APM::AudioPolicyManager: checkAndSetVolume setParameters volume, volume=:0.180406 delay=:0
08-21 17:00:13.406  3386 21638 V AudioPolicyService: AudioCommandThread() adding set parameter string fm_volume=0.1804062873, io 2 ,delay 0
08-21 17:00:13.406  3386 21638 V AudioPolicyService: inserting command: 3 at index 0, num commands 0
08-21 17:00:13.406  3386  3521 V AudioPolicyService: AudioCommandThread() waking up
08-21 17:00:13.406  3386  3521 V AudioPolicyService: AudioCommandThread() processing update audio patch list
08-21 17:00:13.406  3386  3521 V AudioPolicyService: AudioCommandThread() going to sleep
08-21 17:00:13.407  3386  3520 V AudioPolicyService: AudioCommandThread() waking up
08-21 17:00:13.407  3386  3520 V AudioPolicyService: AudioCommandThread() processing set parameters string fm_volume=0.1804062873, io 2
08-21 17:00:13.407  3386  3520 V AudioFlinger: setParameters(): io 2, keyvalue fm_volume=0.1804062873, calling pid 3386
08-21 17:00:13.407  3386  3520 V AudioFlinger: ThreadBase::setParameters() fm_volume=0.1804062873
08-21 17:00:13.407  3386  3520 V AudioFlinger: sendConfigEvent_l() num events 1 event 2
08-21 17:00:13.412  3386  3533 V AudioFlinger: processConfigEvents_l() remaining events 1
08-21 17:00:13.415  3386  3533 D audio_hw_primary: out_set_parameters: enter: usecase(1: low-latency-playback) kvpairs: fm_volume=0.1804062873
08-21 17:00:13.415  3386  3533 D audio_hw_fm: audio_extn_fm_set_parameters: set_fm_volume usecase
08-21 17:00:13.415  3386  3533 D audio_hw_fm: fm_set_volume: device=2 (0.180406)
08-21 17:00:13.415  3386  3533 V audio_hw_primary: out_set_parameters: exit: code(0)
08-21 17:00:13.415  3386  3533 V AudioFlinger: processConfigEvents_l() DONE thread 0xf1040000
08-21 17:00:13.415  3386  3520 V AudioPolicyService: AudioCommandThread() going to sleep
08-21 17:00:13.416  3386 21638 V APM::AudioPolicyManager: checkAndSetVolume() cannot set stream 6 volume with force use = 0 for comm
08-21 17:00:13.416  3386 21638 V AudioFlinger: signal playback thread
08-21 17:00:13.416 21264 21264 V ToneGenerator: Wait for start callback
08-21 17:00:13.417 21264  2235 V ToneGenerator: Starting Cbk
08-21 17:00:13.417 21264  2235 V ToneGenerator: Cbk starting track
08-21 17:00:13.417 21264 21264 V ToneGenerator: Tone started, time 14365529
08-21 17:00:13.426  3386  3533 V AudioFlinger: acquireWakeLock_l() AudioOut_2 status 0
08-21 17:00:13.426  3386  3532 V AudioTrackShared: mAvailToClient=0 stepCount=240 minimum=240
08-21 17:00:13.428  3386  3532 V AudioTrackShared: mAvailToClient=0 stepCount=240 minimum=240
08-21 17:00:13.433  3386  3532 V AudioTrackShared: mAvailToClient=32 stepCount=208 minimum=240
08-21 17:00:13.437  3386  3533 V AudioFlinger: mixer(0xf1040000) throttle begin: ret(7680) deltaMs(5) requires sleep 5 ms
08-21 17:00:13.438  3386  3532 V AudioTrackShared: mAvailToClient=0 stepCount=240 minimum=240
08-21 17:00:13.443  3386  3532 V AudioTrackShared: mAvailToClient=64 stepCount=176 minimum=240
08-21 17:00:13.448  3386  3532 V AudioTrackShared: mAvailToClient=0 stepCount=240 minimum=240
08-21 17:00:13.451  1567  4114 I chatty  : uid=1000(system) Binder_9 expire 24 lines
08-21 17:00:13.452  3386  3533 D AudioFlinger: mixer(0xf1040000) throttle end: throttle time(5)
08-21 17:00:13.453  3386  3532 V AudioTrackShared: mAvailToClient=96 stepCount=144 minimum=240
08-21 17:00:13.458  3386  3532 V AudioTrackShared: mAvailToClient=0 stepCount=240 minimum=240
08-21 17:00:13.463  3386  3532 V AudioTrackShared: mAvailToClient=128 stepCount=112 minimum=240
08-21 17:00:13.468  3386  3532 V AudioTrackShared: mAvailToClient=0 stepCount=240 minimum=240
08-21 17:00:13.474  3386  3532 V AudioTrackShared: mAvailToClient=160 stepCount=80 minimum=240
08-21 17:00:13.478  3386  3532 V AudioTrackShared: mAvailToClient=0 stepCount=240 minimum=240
08-21 17:00:13.484  3386  3532 V AudioTrackShared: mAvailToClient=192 stepCount=48 minimum=240
08-21 17:00:13.488  3386  3532 V AudioTrackShared: mAvailToClient=0 stepCount=240 minimum=240
08-21 17:00:13.494  3386  3532 V AudioTrackShared: mAvailToClient=224 stepCount=16 minimum=240
08-21 17:00:13.498  3386  3532 V AudioTrackShared: mAvailToClient=0 stepCount=240 minimum=240
08-21 17:00:13.503  3386  3532 V AudioTrackShared: mAvailToClient=0 stepCount=240 minimum=240
08-21 17:00:13.508  3386  3532 V AudioTrackShared: mAvailToClient=16 stepCount=224 minimum=240
08-21 17:00:13.513  3386  3532 V AudioTrackShared: mAvailToClient=0 stepCount=240 minimum=240
08-21 17:00:13.518  3386  3532 V AudioTrackShared: mAvailToClient=48 stepCount=192 minimum=240
08-21 17:00:13.524  3386  3532 V AudioTrackShared: mAvailToClient=0 stepCount=240 minimum=240
08-21 17:00:13.528  3386  3532 V AudioTrackShared: mAvailToClient=80 stepCount=160 minimum=240
08-21 17:00:13.533  3386  3532 V AudioTrackShared: mAvailToClient=0 stepCount=240 minimum=240
08-21 17:00:13.536 21264 21264 I Dialer.SearchDialController: searchDBData. keyword null data
08-21 17:00:13.536 21264 21264 I Dialer.SearchDialController: searchAllCondition. searchSize : 0
08-21 17:00:13.537 21264 21264 E SpannableStringBuilder: SPAN_EXCLUSIVE_EXCLUSIVE spans cannot have a zero length
08-21 17:00:13.538 21264 21264 I Dialer.SearchDialController: searchDBData. keyword null data
08-21 17:00:13.538 21264 21264 I Dialer.SearchDialController: searchAllCondition. searchSize : 0
08-21 17:00:13.538  3386  3532 V AudioTrackShared: mAvailToClient=112 stepCount=128 minimum=240
08-21 17:00:13.539 21264 21264 E SpannableStringBuilder: SPAN_EXCLUSIVE_EXCLUSIVE spans cannot have a zero length
08-21 17:00:13.541 21264 21264 I Dialer.DialpadFragment: onLayoutChange() - mDigits
08-21 17:00:13.542 21264 21264 I Dialer.SearchDialController: searchDBData. keyword null data
08-21 17:00:13.542 21264 21264 I Dialer.SearchDialController: searchAllCondition. searchSize : 0
08-21 17:00:13.542  3956  3956 D BubblePopupHelper: BubblePopupHelper has no instance. Hence we cannot call setShowingBubblePopup : false
08-21 17:00:13.542  3956  3956 E LgeImeInputHelper: [LgeImeInputHelper.java:407:LgeImeInputHelper.cancelInputComposingWord()] spellList or input is null
08-21 17:00:13.543  3386  3532 V AudioTrackShared: mAvailToClient=0 stepCount=240 minimum=240
08-21 17:00:13.547 21264 21264 I Dialer.DialpadFragment: onWindowFocusChanged. hasFocus : false
08-21 17:00:13.547 21264 21264 W SplitWindow: update focus... 
08-21 17:00:13.547 21264 21264 E Editor  : hideClipTrayIfNeeded() TextView is focused!! hideClipTray()
08-21 17:00:13.548  3386  3532 V AudioTrackShared: mAvailToClient=144 stepCount=96 minimum=240
08-21 17:00:13.551 21264 21264 I Dialer.DialpadFragment: DialpadFragment - onPause
08-21 17:00:13.553  3386  3532 V AudioTrackShared: mAvailToClient=0 stepCount=240 minimum=240
08-21 17:00:13.554 21264 21264 V ToneGenerator: ToneGenerator destructor
08-21 17:00:13.554 21264 21264 V ToneGenerator: stopTone
08-21 17:00:13.554 21264 21264 V ToneGenerator: stopTone() forcing mMaxSmp to 7392, total for far 6960
08-21 17:00:13.554 21264 21264 V ToneGenerator: waiting cond
08-21 17:00:13.558  3386  3532 V AudioTrackShared: mAvailToClient=176 stepCount=64 minimum=240
08-21 17:00:13.563  3386  3532 V AudioTrackShared: mAvailToClient=0 stepCount=240 minimum=240
08-21 17:00:13.564 21264  2235 V ToneGenerator: Cbk Stopping
08-21 17:00:13.569  3386  3532 V AudioTrackShared: mAvailToClient=208 stepCount=32 minimum=240
08-21 17:00:13.569 21264  2235 V ToneGenerator: Stopped Cbk
08-21 17:00:13.569 21264  2235 V ToneGenerator: Cbk Stopped track
08-21 17:00:13.570 21264 21264 V ToneGenerator: track stop complete, time 14365682
08-21 17:00:13.570 21264 21264 V ToneGenerator: Clearing mWaveGens:
08-21 17:00:13.570 21264 21264 V ToneGenerator: Delete Track: 0x7f8c156e80
08-21 17:00:13.572  3386 20520 V AudioFlinger: releasing 951 from 21264 for 21264
08-21 17:00:13.572  3386 20520 V AudioFlinger:  decremented refcount to 0
08-21 17:00:13.572  3386 20520 V AudioFlinger: purging stale effects
08-21 17:00:13.573  3386  3532 V AudioTrackShared: mAvailToClient=240 stepCount=240 minimum=240
08-21 17:00:13.573 21264 21264 I LGE_CallLogFragment: onPause()
08-21 17:00:13.574 21264 21264 I LGE_CallLogAdapter: setThreadPause true
08-21 17:00:13.575 21264 21264 D PeopleActivity: onPause()
08-21 17:00:13.594  4148  5144 D ForegroundUtils: Foreground changed, PID: 26637 UID: 1000 foreground: true
08-21 17:00:13.594  4148  5144 D ForegroundUtils: Foreground UID/PID combinations:
08-21 17:00:13.594  4148  5144 D ForegroundUtils: UID: 1000 PID: 26637
08-21 17:00:13.594  4148  5144 D ForegroundUtils: UID: 10017 PID: 21264
08-21 17:00:13.612  3386  3533 V audio_hw_primary: out_get_latency: Latency 10
08-21 17:00:13.613  8709 10630 I chatty  : uid=1000(system) Binder_3 expire 12 lines
08-21 17:00:13.632  3386  3533 V audio_hw_primary: out_get_latency: Latency 10
08-21 17:00:13.632  1567  3641 I chatty  : uid=1000(system) Binder_4 expire 32 lines
08-21 17:00:13.635  3386  3533 V AudioFlinger: removeTracks_l removing track on session 951
08-21 17:00:13.635  3386  3533 V AudioFlinger: remove track (4098) and delete from mixer
08-21 17:00:13.635  3386  3533 V AudioFlinger: acquireWakeLock_l() AudioOut_2 status 0
08-21 17:00:13.643  3599  3599 D PhoneStatusBar: setSystemUiVisibility vis=8000 mask=ffffffff oldVal=8600 newVal=8000 diff=600
08-21 17:00:13.643  1567  1963 I chatty  : uid=1000(system) android.ui expire 6 lines
08-21 17:00:13.645  3386  3533 V AudioPolicyService: AudioCommandThread() adding stop output 2
08-21 17:00:13.646  3386  3533 V AudioPolicyService: inserting command: 5 at index 0, num commands 0
08-21 17:00:13.646  3386  3533 V AudioPolicyService: AudioCommandThread() adding release output 2
08-21 17:00:13.646  3386  3521 V AudioPolicyService: AudioCommandThread() waking up
08-21 17:00:13.646  3386  3521 V AudioPolicyService: AudioCommandThread() processing stop output 2
08-21 17:00:13.646  3386  3521 V APM::AudioPolicyManager: stopOutput() output 2, stream 1, session 951
08-21 17:00:13.646  3386  3521 V APM::AudioPolicyManager: setBeaconMute(1) mBeaconMuteRefCount=0 mBeaconPlayingRefCount=0
08-21 17:00:13.646  3386  3521 V APM::AudioPolicyManager: getNewOutputDevice() selected device 0
08-21 17:00:13.646  3386  3521 V APM::AudioPolicyManager: setOutputDevice() device 0000 delayMs 100
08-21 17:00:13.646  3386  3521 V APM::AudioPolicyManager: setOutputDevice() prevDevice 0x0002
08-21 17:00:13.646  3386  3521 V APM::AudioPolicyManager: AudioPolicyManagerEx::getRingerMode() mRingerMode 2
08-21 17:00:13.646  3386  3521 V APM::AudioPolicyManager: AudioPolicyManagerEx::getRingerMode() mRingerMode 2
08-21 17:00:13.646  3386  3521 V APM::AudioPolicyManager: AudioPolicyManagerEx::getRingerMode() mRingerMode 2
08-21 17:00:13.646  3386  3521 V APM::AudioPolicyManager: AudioPolicyManagerEx::getRingerMode() mRingerMode 2
08-21 17:00:13.646  3386  3521 V APM::AudioPolicyManager: AudioPolicyManagerEx::getRingerMode() mRingerMode 2
08-21 17:00:13.646  3386  3521 V APM::AudioPolicyManager: setOutputDevice() setting same device 0x0000 or null device
08-21 17:00:13.646  3386  3521 V AudioPolicyService: AudioCommandThread() going to sleep
08-21 17:00:13.646  3386  3533 V AudioPolicyService: inserting command: 6 at index 0, num commands 0
08-21 17:00:13.646  3386  3521 V AudioPolicyService: AudioCommandThread() waking up
08-21 17:00:13.646  3386  3533 V AudioFlinger: removeClient_l() pid 21264, calling pid 3386
08-21 17:00:13.646  3386  3521 V AudioPolicyService: AudioCommandThread() processing release output 2
08-21 17:00:13.646  3386  3521 V APM::AudioPolicyManager: releaseOutput() 2
08-21 17:00:13.646  3386  3521 V AudioPolicyService: AudioCommandThread() going to sleep
08-21 17:00:13.722 26637 26637 I chatty  : uid=1000(system) com.lge.hiddenmenu expire 9 lines
08-21 17:00:13.725  1567  2117 I chatty  : uid=1000(system) android.display expire 114 lines
08-21 17:00:13.736  3599  3599 D PhoneStatusBar: setSystemUiVisibility vis=0 mask=ffffffff oldVal=8000 newVal=0 diff=8000
08-21 17:00:13.736  3599  3599 D [SystemUI]PhoneStatusBar: StatusBarMode is changed (MODE_TRANSPARENT -> MODE_OPAQUE)
08-21 17:00:13.736  3599  3599 D [SystemUI]PhoneStatusBar: NavigationBarMode is changed (MODE_TRANSPARENT -> MODE_OPAQUE)
08-21 17:00:13.738  3599  3599 D [SystemUI]NavigationThemeResource: Bar mode is changed (4 -> 0)
08-21 17:00:13.750  3599  3599 D BarTransitions: draw background and invalidate : color = 11000000
08-21 17:00:13.751  3599  3599 D BarTransitions: draw background and invalidate : color = 10000000
08-21 17:00:13.752 21264 21285 D OpenGLRenderer: endAllStagingAnimators on 0x7f6fcda400 (RippleDrawable) with handle 0x7f6f9195e0
08-21 17:00:13.752 21264 21285 D OpenGLRenderer: endAllStagingAnimators on 0x7f6faf5800 (RippleDrawable) with handle 0x7f6f523ea0
08-21 17:00:13.756  1567  4172 I chatty  : uid=1000(system) Binder_D expire 7 lines
08-21 17:00:13.801  3956  3956 D LgeImeImpl: [LgeImeImpl.java:4330:LgeImeImpl.onFinishInput()] [IN]onFinishInput
08-21 17:00:13.801  3956  3956 D LgeImeImpl: [LgeImeImpl.java:4359:LgeImeImpl.onFinishInput()] [OUT]onFinishInput
08-21 17:00:13.801  3956  3956 D LgeImeImpl: [LgeImeImpl.java:1515:LgeImeImpl.onStartInput()] [IN] onStartInput[false]
08-21 17:00:13.801  3956  3956 D LgeImeImpl: [LgeImeImpl.java:1532:LgeImeImpl.onStartInput()] [OUT] onStartInput
08-21 17:00:14.454 21264 21264 I ActionBarAdapter: mTabList.size()=5, index=0
08-21 17:00:14.454 21264 21264 I ActionBarAdapter: mTabList.size()=5, index=0
08-21 17:00:14.454 21264 21264 I Dialer.DialpadFragment: DialpadFragment - onStop
08-21 17:00:14.454 21264 21264 W SystemConfig: isQSlideSupported :true
08-21 17:00:14.459 21264 21264 I LGE_CallLogFragment: [moo] onStop()
08-21 17:00:14.459 21264 21264 I LGE_CallLogFragment: [moo] updateOnExit()
08-21 17:00:14.486  4148  4162 D ForegroundUtils: Foreground changed, PID: 21264 UID: 10017 foreground: false
08-21 17:00:14.486  4148  4162 D ForegroundUtils: Foreground UID/PID combinations:
08-21 17:00:14.486  4148  4162 D ForegroundUtils: UID: 1000 PID: 26637
08-21 17:00:14.529 14281 14281 D wpa_supplicant: wlan0: Control interface command 'SCAN TYPE=ONLY'
